[replay options] 2026-09-03 -- config ccd00ac71f8243e9 -- history-backed, no outages; NOT the prospective record
[lab] warmup QQQ: 25 prior sessions, stretch=2.0213799999999877
[lab] warmup SPY: 25 prior sessions, stretch=1.4557400000000142
[replay] six-lines QQQ: R1=709.80  R2=710.74  R3=711.87  S1=705.90  S2=705.10  S3=702.95
[replay] six-lines SPY: R1=763.26  R2=766.43  R3=768.00  S1=762.35  S2=761.73  S3=759.26
[lab] 09:35 TTM_Squeeze                SPY long  K=769.0 ask=1.27
[lab] 09:35 PDH_PDL_Breakout           SPY long  K=769.0 ask=1.27
[lab] 09:38 Crabel_Stretch             SPY long  K=769.0 ask=1.53
[lab] 09:39 Six_Lines                  QQQ long  K=713.0 ask=1.67
[lab] 09:39 Six_Lines_NoCap            QQQ long  K=713.0 ask=1.67
[lab] 09:40 PDH_PDL_Breakout           QQQ long  K=713.0 ask=1.67
[lab] 09:39 Six_Lines                  SPY long  K=770.0 ask=1.12
[lab] 09:39 Six_Lines_NoCap            SPY long  K=770.0 ask=1.12
[lab] 09:41 Crabel_Stretch             QQQ long  K=713.0 ask=1.94
[lab] 09:45 CLOSE TTM_Squeeze                ATM   bars     net=+35.92
[lab] 09:45 CLOSE TTM_Squeeze                ATM-1 bars     net=+46.92
[lab] 09:45 CLOSE TTM_Squeeze                ATM+1 bars     net=+24.92
[lab] 09:49 ORB_5min                   SPY long  K=770.0 ask=0.98
[lab] 09:50 ORB_5min                   QQQ long  K=714.0 ask=1.38
[lab] 09:50 ORB_15min                  QQQ long  K=714.0 ask=1.38
[lab] 09:50 ORB_15min                  SPY long  K=770.0 ask=1.10
[lab] 10:01 CLOSE ORB_15min                  ATM   stop     net=-54.08
[lab] 10:01 CLOSE ORB_15min                  ATM-1 stop     net=-73.08
[lab] 10:01 CLOSE ORB_15min                  ATM+1 stop     net=-36.08
[lab] 10:00 VWAP_Reclaim               SPY short K=769.0 ask=1.21
[lab] 10:02 CLOSE ORB_15min                  ATM   stop     net=-86.08
[lab] 10:02 CLOSE ORB_15min                  ATM-1 stop     net=-112.08
[lab] 10:02 CLOSE ORB_15min                  ATM+1 stop     net=-62.08
[lab] 10:08 CLOSE PDH_PDL_Breakout           ATM   stop     net=-63.08
[lab] 10:08 CLOSE PDH_PDL_Breakout           ATM-1 stop     net=-79.08
[lab] 10:08 CLOSE PDH_PDL_Breakout           ATM+1 stop     net=-46.08
[lab] 10:08 CLOSE ORB_5min                   ATM   stop     net=-64.08
[lab] 10:08 CLOSE ORB_5min                   ATM-1 stop     net=-92.08
[lab] 10:08 CLOSE ORB_5min                   ATM+1 stop     net=-40.08
[lab] 10:10 CLOSE Six_Lines                  ATM   failed   net=-87.08
[lab] 10:10 CLOSE Six_Lines                  ATM-1 failed   net=-104.08
[lab] 10:10 CLOSE Six_Lines                  ATM+1 failed   net=-69.08
[lab] 10:10 CLOSE Six_Lines_NoCap            ATM   failed   net=-87.08
[lab] 10:10 CLOSE Six_Lines_NoCap            ATM-1 failed   net=-104.08
[lab] 10:10 CLOSE Six_Lines_NoCap            ATM+1 failed   net=-69.08
[lab] 10:10 CLOSE Six_Lines                  ATM   failed   net=-78.08
[lab] 10:10 CLOSE Six_Lines                  ATM-1 failed   net=-106.08
[lab] 10:10 CLOSE Six_Lines                  ATM+1 failed   net=-51.08
[lab] 10:10 CLOSE Six_Lines_NoCap            ATM   failed   net=-78.08
[lab] 10:10 CLOSE Six_Lines_NoCap            ATM-1 failed   net=-106.08
[lab] 10:10 CLOSE Six_Lines_NoCap            ATM+1 failed   net=-51.08
[lab] 10:30 IntradayMomentumBoundary   QQQ long  K=713.0 ask=1.53
[lab] 10:32 CLOSE IntradayMomentumBoundary   ATM   trail_imb net=-34.08
[lab] 10:32 CLOSE IntradayMomentumBoundary   ATM-1 trail_imb net=-43.08
[lab] 10:32 CLOSE IntradayMomentumBoundary   ATM+1 trail_imb net=-25.08
[lab] 10:34 VWAP_Reclaim               QQQ short K=712.0 ask=1.54
[lab] 11:00 CLOSE VWAP_Reclaim               ATM   stop     net=-86.08
[lab] 11:00 CLOSE VWAP_Reclaim               ATM-1 stop     net=-65.08
[lab] 11:00 CLOSE VWAP_Reclaim               ATM+1 stop     net=-110.08
[lab] 11:00 IntradayMomentumBoundary   QQQ long  K=714.0 ask=1.23
[lab] 11:00 IntradayMomentumBoundary   SPY long  K=769.0 ask=1.19
[lab] 11:02 CLOSE VWAP_Reclaim               ATM   stop     net=-48.08
[lab] 11:02 CLOSE VWAP_Reclaim               ATM-1 stop     net=-36.08
[lab] 11:02 CLOSE VWAP_Reclaim               ATM+1 stop     net=-61.08
[lab] 11:05 MOMO_CHASE                 QQQ long  K=715.0 ask=1.44
[lab] 11:05 MOMO_CHASE                 SPY long  K=770.0 ask=1.18
[lab] 11:30 CLOSE MOMO_CHASE                 ATM   time     net=+184.92
[lab] 11:30 CLOSE MOMO_CHASE                 ATM-1 time     net=+203.92
[lab] 11:30 CLOSE MOMO_CHASE                 ATM+1 time     net=+159.92
[lab] 11:30 MOMO_CHASE                 QQQ long  K=718.0 ask=1.33
[lab] 11:30 CLOSE MOMO_CHASE                 ATM   time     net=+204.92
[lab] 11:30 CLOSE MOMO_CHASE                 ATM-1 time     net=+223.92
[lab] 11:30 CLOSE MOMO_CHASE                 ATM+1 time     net=+173.92
[lab] 11:30 MOMO_CHASE                 SPY long  K=773.0 ask=1.08
[lab] 11:55 CLOSE MOMO_CHASE                 ATM   time     net=-37.08
[lab] 11:55 CLOSE MOMO_CHASE                 ATM-1 time     net=-39.08
[lab] 11:55 CLOSE MOMO_CHASE                 ATM+1 time     net=-30.08
[lab] 11:55 CLOSE MOMO_CHASE                 ATM   time     net=-4.08
[lab] 11:55 CLOSE MOMO_CHASE                 ATM-1 time     net=-0.08
[lab] 11:55 CLOSE MOMO_CHASE                 ATM+1 time     net=-7.08
[lab] 11:55 MOMO_CHASE                 SPY long  K=773.0 ask=1.05
[lab] 12:20 CLOSE MOMO_CHASE                 ATM   time     net=-34.08
[lab] 12:20 CLOSE MOMO_CHASE                 ATM-1 time     net=-40.08
[lab] 12:20 CLOSE MOMO_CHASE                 ATM+1 time     net=-24.08
[lab] 14:02 CLOSE ORB_5min                   ATM   target   net=+317.92
[lab] 14:02 CLOSE ORB_5min                   ATM-1 target   net=+362.92
[lab] 14:02 CLOSE ORB_5min                   ATM+1 target   net=+265.92
[lab] 14:05 MOMO_CHASE                 QQQ long  K=719.0 ask=0.57
[lab] 14:30 CLOSE MOMO_CHASE                 ATM   time     net=-16.08
[lab] 14:30 CLOSE MOMO_CHASE                 ATM-1 time     net=-18.08
[lab] 14:30 CLOSE MOMO_CHASE                 ATM+1 time     net=-11.08
[lab] 15:55 CLOSE PDH_PDL_Breakout           ATM   eod      net=+280.92
[lab] 15:55 CLOSE PDH_PDL_Breakout           ATM-1 eod      net=+326.92
[lab] 15:55 CLOSE PDH_PDL_Breakout           ATM+1 eod      net=+228.92
[lab] 15:55 CLOSE Crabel_Stretch             ATM   eod      net=+253.92
[lab] 15:55 CLOSE Crabel_Stretch             ATM-1 eod      net=+294.92
[lab] 15:55 CLOSE Crabel_Stretch             ATM+1 eod      net=+206.92
[lab] 15:55 CLOSE IntradayMomentumBoundary   ATM   eod      net=+224.92
[lab] 15:55 CLOSE IntradayMomentumBoundary   ATM-1 eod      net=+264.92
[lab] 15:55 CLOSE IntradayMomentumBoundary   ATM+1 eod      net=+170.92
[lab] 15:55 CLOSE Crabel_Stretch             ATM   eod      net=+264.92
[lab] 15:55 CLOSE Crabel_Stretch             ATM-1 eod      net=+298.92
[lab] 15:55 CLOSE Crabel_Stretch             ATM+1 eod      net=+219.92
[lab] 15:55 CLOSE IntradayMomentumBoundary   ATM   eod      net=+298.92
[lab] 15:55 CLOSE IntradayMomentumBoundary   ATM-1 eod      net=+327.92
[lab] 15:55 CLOSE IntradayMomentumBoundary   ATM+1 eod      net=+252.92
[lab] daily: {"date": "2026-09-03", "config_hash": "ccd00ac71f8243e9", "symbols": ["QQQ", "SPY"], "signals_decided": 24, "signals_skipped": 151, "fills_skipped": 0, "trades_closed": 72, "degraded_bars": {}, "atm_net": 1210.06, "feed": {"source": "HISTORY_BACKFILL", "calls": 0, "retries": 0, "bar_cache_hits": 0, "bar_cache_misses": 0, "outage_episodes": 0, "upstream_down_now": false}}
