[replay options] 2026-09-29 -- config ccd00ac71f8243e9 -- history-backed, no outages; NOT the prospective record
[lab] warmup QQQ: 24 prior sessions, stretch=1.4598999999999933
[lab] warmup SPY: 24 prior sessions, stretch=0.954400000000021
[replay] six-lines QQQ: R1=740.40  R2=741.42  R3=745.13  S1=736.03  S2=732.14  S3=731.63
[replay] six-lines SPY: R1=767.95  R2=769.54  R3=771.35  S1=766.82  S2=763.72  S3=762.69
[lab] 09:32 Crabel_Stretch             SPY short K=766.0 ask=1.64
[lab] 09:33 Crabel_Stretch             QQQ short K=738.0 ask=2.13
[lab] 09:39 Six_Lines                  SPY short K=766.0 ask=1.58
[lab] 09:39 Six_Lines_NoCap            SPY short K=766.0 ask=1.58
[lab] 09:46 ORB_5min                   QQQ short K=737.0 ask=2.06
[lab] 09:47 ORB_5min                   SPY short K=765.0 ask=1.49
[lab] 09:48 ORB_15min                  SPY short K=765.0 ask=1.59
[lab] 10:00 VWAP_Reclaim               QQQ long  K=738.0 ask=2.14
[lab] 10:12 CLOSE VWAP_Reclaim               ATM   stop     net=-59.08
[lab] 10:12 CLOSE VWAP_Reclaim               ATM-1 stop     net=-67.08
[lab] 10:12 CLOSE VWAP_Reclaim               ATM+1 stop     net=-49.08
[lab] 10:11 VWAP_Reclaim               QQQ short K=737.0 ask=1.58
[lab] 10:14 CLOSE VWAP_Reclaim               ATM   stop     net=-30.08
[lab] 10:14 CLOSE VWAP_Reclaim               ATM-1 stop     net=-24.08
[lab] 10:14 CLOSE VWAP_Reclaim               ATM+1 stop     net=-36.08
[lab] 10:30 MOMO_CHASE                 QQQ long  K=739.0 ask=1.86
[lab] 10:55 CLOSE MOMO_CHASE                 ATM   time     net=+23.92
[lab] 10:55 CLOSE MOMO_CHASE                 ATM-1 time     net=+30.92
[lab] 10:55 CLOSE MOMO_CHASE                 ATM+1 time     net=+16.92
[lab] 11:03 CLOSE Six_Lines                  ATM   target   net=+63.92
[lab] 11:03 CLOSE Six_Lines                  ATM-1 target   net=+45.92
[lab] 11:03 CLOSE Six_Lines                  ATM+1 target   net=+83.92
[lab] 11:20 MOMO_CHASE                 QQQ short K=737.0 ask=1.47
[lab] 11:20 TTM_Squeeze                SPY short K=763.0 ask=1.16
[lab] 11:20 PDH_PDL_Breakout           SPY short K=763.0 ask=1.16
[lab] 11:25 CLOSE ORB_15min                  ATM   target   net=+99.92
[lab] 11:25 CLOSE ORB_15min                  ATM-1 target   net=+74.92
[lab] 11:25 CLOSE ORB_15min                  ATM+1 target   net=+123.92
[lab] 11:30 CLOSE TTM_Squeeze                ATM   bars     net=+17.92
[lab] 11:30 CLOSE TTM_Squeeze                ATM-1 bars     net=+14.92
[lab] 11:30 CLOSE TTM_Squeeze                ATM+1 bars     net=+22.92
[lab] 11:30 MOMO_CHASE                 SPY short K=763.0 ask=1.35
[lab] 11:30 IntradayMomentumBoundary   SPY short K=763.0 ask=1.32
[lab] 11:35 CLOSE IntradayMomentumBoundary   ATM   trail_imb net=-41.08
[lab] 11:35 CLOSE IntradayMomentumBoundary   ATM-1 trail_imb net=-31.08
[lab] 11:35 CLOSE IntradayMomentumBoundary   ATM+1 trail_imb net=-52.08
[lab] 11:35 PDH_PDL_FailedBreak        SPY long  K=764.0 ask=1.16
[lab] 11:45 CLOSE MOMO_CHASE                 ATM   time     net=+0.92
[lab] 11:45 CLOSE MOMO_CHASE                 ATM-1 time     net=-2.08
[lab] 11:45 CLOSE MOMO_CHASE                 ATM+1 time     net=+2.92
[lab] 11:55 CLOSE MOMO_CHASE                 ATM   time     net=-16.08
[lab] 11:55 CLOSE MOMO_CHASE                 ATM-1 time     net=-14.08
[lab] 11:55 CLOSE MOMO_CHASE                 ATM+1 time     net=-17.08
[lab] 12:00 IntradayMomentumBoundary   SPY short K=763.0 ask=1.16
[lab] 12:46 CLOSE PDH_PDL_FailedBreak        ATM   stop     net=-68.08
[lab] 12:46 CLOSE PDH_PDL_FailedBreak        ATM-1 stop     net=-87.08
[lab] 12:46 CLOSE PDH_PDL_FailedBreak        ATM+1 stop     net=-49.08
[lab] 13:09 Six_Lines                  QQQ short K=736.0 ask=1.15
[lab] 13:09 Six_Lines_NoCap            QQQ short K=736.0 ask=1.15
[lab] 13:17 CLOSE ORB_5min                   ATM   target   net=+118.92
[lab] 13:17 CLOSE ORB_5min                   ATM-1 target   net=+77.92
[lab] 13:17 CLOSE ORB_5min                   ATM+1 target   net=+158.92
[lab] 13:30 CLOSE Six_Lines                  ATM   failed   net=-51.08
[lab] 13:30 CLOSE Six_Lines                  ATM-1 failed   net=-36.08
[lab] 13:30 CLOSE Six_Lines                  ATM+1 failed   net=-65.08
[lab] 13:30 CLOSE Six_Lines_NoCap            ATM   failed   net=-51.08
[lab] 13:30 CLOSE Six_Lines_NoCap            ATM-1 failed   net=-36.08
[lab] 13:30 CLOSE Six_Lines_NoCap            ATM+1 failed   net=-65.08
[lab] 14:01 CLOSE IntradayMomentumBoundary   ATM   trail_imb net=-59.08
[lab] 14:01 CLOSE IntradayMomentumBoundary   ATM-1 trail_imb net=-49.08
[lab] 14:01 CLOSE IntradayMomentumBoundary   ATM+1 trail_imb net=-65.08
[lab] 14:20 TTM_Squeeze                QQQ long  K=737.0 ask=1.06
[lab] 14:20 TTM_Squeeze                SPY long  K=764.0 ask=0.63
[lab] 14:23 CLOSE PDH_PDL_Breakout           ATM   stop     net=-92.08
[lab] 14:23 CLOSE PDH_PDL_Breakout           ATM-1 stop     net=-67.08
[lab] 14:23 CLOSE PDH_PDL_Breakout           ATM+1 stop     net=-109.08
[lab] 14:30 CLOSE TTM_Squeeze                ATM   bars     net=+7.92
[lab] 14:30 CLOSE TTM_Squeeze                ATM-1 bars     net=+8.92
[lab] 14:30 CLOSE TTM_Squeeze                ATM+1 bars     net=+4.92
[lab] 14:30 CLOSE TTM_Squeeze                ATM   bars     net=-2.08
[lab] 14:30 CLOSE TTM_Squeeze                ATM-1 bars     net=+0.92
[lab] 14:30 CLOSE TTM_Squeeze                ATM+1 bars     net=-2.08
[lab] 15:55 CLOSE Crabel_Stretch             ATM   eod      net=-192.08
[lab] 15:55 CLOSE Crabel_Stretch             ATM-1 eod      net=-164.08
[lab] 15:55 CLOSE Crabel_Stretch             ATM+1 eod      net=-191.08
[lab] 15:55 CLOSE ORB_5min                   ATM   eod      net=-201.08
[lab] 15:55 CLOSE ORB_5min                   ATM-1 eod      net=-161.08
[lab] 15:55 CLOSE ORB_5min                   ATM+1 eod      net=-238.08
[lab] 15:55 CLOSE Crabel_Stretch             ATM   eod      net=-34.08
[lab] 15:55 CLOSE Crabel_Stretch             ATM-1 eod      net=-70.08
[lab] 15:55 CLOSE Crabel_Stretch             ATM+1 eod      net=-9.08
[lab] 15:55 CLOSE Six_Lines_NoCap            ATM   eod      net=-28.08
[lab] 15:55 CLOSE Six_Lines_NoCap            ATM-1 eod      net=-65.08
[lab] 15:55 CLOSE Six_Lines_NoCap            ATM+1 eod      net=-2.08
[lab] daily: {"date": "2026-09-29", "config_hash": "ccd00ac71f8243e9", "symbols": ["QQQ", "SPY"], "signals_decided": 21, "signals_skipped": 179, "fills_skipped": 0, "trades_closed": 63, "degraded_bars": {}, "atm_net": -591.7, "feed": {"source": "HISTORY_BACKFILL", "calls": 0, "retries": 0, "bar_cache_hits": 0, "bar_cache_misses": 0, "outage_episodes": 0, "upstream_down_now": false}}
