[replay options] 2026-09-17 -- config ccd00ac71f8243e9 -- history-backed, no outages; NOT the prospective record
[lab] warmup QQQ: 24 prior sessions, stretch=1.6871899999999982
[lab] warmup SPY: 24 prior sessions, stretch=0.9013000000000033
[replay] six-lines QQQ: R1=709.48  R2=711.88  R3=716.78  S1=703.97  S2=701.63  S3=700.00
[replay] six-lines SPY: R1=760.55  R2=761.65  R3=764.00  S1=756.69  S2=752.34  S3=749.60
[lab] 09:31 Crabel_Stretch             SPY short K=762.0 ask=1.41
[lab] 09:34 Crabel_Stretch             QQQ short K=714.0 ask=1.81
[lab] 09:35 PDH_PDL_Breakout           QQQ long  K=714.0 ask=1.87
[lab] 09:36 CLOSE PDH_PDL_Breakout           ATM   target   net=+14.92
[lab] 09:36 CLOSE PDH_PDL_Breakout           ATM-1 target   net=+15.92
[lab] 09:36 CLOSE PDH_PDL_Breakout           ATM+1 target   net=+12.92
[lab] 09:45 Gap_Fade                   QQQ short K=714.0 ask=1.60
[lab] 09:45 PDH_PDL_FailedBreak        SPY short K=761.0 ask=1.38
[lab] 09:45 Gap_Fade                   SPY short K=761.0 ask=1.38
[lab] 09:45 ORB_5min                   SPY short K=761.0 ask=1.44
[lab] 10:07 ORB_15min                  SPY short K=760.0 ask=1.29
[lab] 10:23 CLOSE ORB_15min                  ATM   stop     net=-73.08
[lab] 10:23 CLOSE ORB_15min                  ATM-1 stop     net=-55.08
[lab] 10:23 CLOSE ORB_15min                  ATM+1 stop     net=-94.08
[lab] 10:25 PDH_PDL_Breakout           SPY long  K=762.0 ask=1.11
[lab] 10:28 CLOSE Gap_Fade                   ATM   stop     net=-101.08
[lab] 10:28 CLOSE Gap_Fade                   ATM-1 stop     net=-79.08
[lab] 10:28 CLOSE Gap_Fade                   ATM+1 stop     net=-126.08
[lab] 10:27 ORB_15min                  QQQ long  K=717.0 ask=1.13
[lab] 10:35 ORB_5min                   QQQ long  K=716.0 ask=1.62
[lab] 10:48 CLOSE PDH_PDL_Breakout           ATM   stop     net=-42.08
[lab] 10:48 CLOSE PDH_PDL_Breakout           ATM-1 stop     net=-52.08
[lab] 10:48 CLOSE PDH_PDL_Breakout           ATM+1 stop     net=-30.08
[lab] 11:06 CLOSE ORB_15min                  ATM   stop     net=-69.08
[lab] 11:06 CLOSE ORB_15min                  ATM-1 stop     net=-94.08
[lab] 11:06 CLOSE ORB_15min                  ATM+1 stop     net=-47.08
[lab] 12:29 Six_Lines                  QQQ long  K=717.0 ask=0.82
[lab] 12:29 Six_Lines_NoCap            QQQ long  K=717.0 ask=0.82
[lab] 12:50 CLOSE Six_Lines                  ATM   failed   net=-11.08
[lab] 12:50 CLOSE Six_Lines                  ATM-1 failed   net=-12.08
[lab] 12:50 CLOSE Six_Lines                  ATM+1 failed   net=-9.08
[lab] 12:50 CLOSE Six_Lines_NoCap            ATM   failed   net=-11.08
[lab] 12:50 CLOSE Six_Lines_NoCap            ATM-1 failed   net=-12.08
[lab] 12:50 CLOSE Six_Lines_NoCap            ATM+1 failed   net=-9.08
[lab] 13:25 MOMO_CHASE                 QQQ short K=716.0 ask=0.68
[lab] 13:50 CLOSE MOMO_CHASE                 ATM   time     net=-24.08
[lab] 13:50 CLOSE MOMO_CHASE                 ATM-1 time     net=-17.08
[lab] 13:50 CLOSE MOMO_CHASE                 ATM+1 time     net=-29.08
[lab] 15:52 CLOSE Crabel_Stretch             ATM   stop     net=-181.08
[lab] 15:52 CLOSE Crabel_Stretch             ATM-1 stop     net=-142.08
[lab] 15:52 CLOSE Crabel_Stretch             ATM+1 stop     net=-228.08
[lab] 15:54 CLOSE PDH_PDL_FailedBreak        ATM   stop     net=-137.08
[lab] 15:54 CLOSE PDH_PDL_FailedBreak        ATM-1 stop     net=-97.08
[lab] 15:54 CLOSE PDH_PDL_FailedBreak        ATM+1 stop     net=-188.08
[lab] 15:54 CLOSE Gap_Fade                   ATM   stop     net=-137.08
[lab] 15:54 CLOSE Gap_Fade                   ATM-1 stop     net=-97.08
[lab] 15:54 CLOSE Gap_Fade                   ATM+1 stop     net=-188.08
[lab] 15:54 CLOSE ORB_5min                   ATM   stop     net=-143.08
[lab] 15:54 CLOSE ORB_5min                   ATM-1 stop     net=-102.08
[lab] 15:54 CLOSE ORB_5min                   ATM+1 stop     net=-196.08
[lab] 15:55 CLOSE ORB_5min                   ATM   eod      net=-16.08
[lab] 15:55 CLOSE ORB_5min                   ATM-1 eod      net=+14.92
[lab] 15:55 CLOSE ORB_5min                   ATM+1 eod      net=-51.08
[lab] 15:55 CLOSE Crabel_Stretch             ATM   eod      net=-138.08
[lab] 15:55 CLOSE Crabel_Stretch             ATM-1 eod      net=-102.08
[lab] 15:55 CLOSE Crabel_Stretch             ATM+1 eod      net=-169.08
[lab] daily: {"date": "2026-09-17", "config_hash": "ccd00ac71f8243e9", "symbols": ["QQQ", "SPY"], "signals_decided": 14, "signals_skipped": 212, "fills_skipped": 0, "trades_closed": 42, "degraded_bars": {}, "atm_net": -1069.13, "feed": {"source": "HISTORY_BACKFILL", "calls": 0, "retries": 0, "bar_cache_hits": 0, "bar_cache_misses": 0, "outage_episodes": 0, "upstream_down_now": false}}
