[replay options] 2026-09-22 -- config ccd00ac71f8243e9 -- history-backed, no outages; NOT the prospective record
[lab] warmup QQQ: 24 prior sessions, stretch=1.6267000000000054
[lab] warmup SPY: 24 prior sessions, stretch=0.8314000000000192
[replay] six-lines QQQ: R1=729.14  R2=743.22  R3=743.61  S1=738.68  S2=727.81  S3=716.46
[replay] six-lines SPY: R1=767.26  R2=774.67  R3=774.89  S1=771.38  S2=766.03  S3=759.11
[lab] 09:31 Crabel_Stretch             QQQ long  K=743.0 ask=1.68
[lab] 09:31 Crabel_Stretch             SPY long  K=775.0 ask=1.19
[lab] 09:35 PDH_PDL_Breakout           QQQ long  K=743.0 ask=1.93
[lab] 09:39 Six_Lines                  QQQ long  K=744.0 ask=1.79
[lab] 09:39 Six_Lines_NoCap            QQQ long  K=744.0 ask=1.79
[lab] 09:39 Six_Lines                  SPY long  K=775.0 ask=1.16
[lab] 09:39 Six_Lines_NoCap            SPY long  K=775.0 ask=1.16
[lab] 09:45 PDH_PDL_FailedBreak        SPY short K=775.0 ask=1.33
[lab] 09:45 ORB_5min                   QQQ long  K=744.0 ask=1.90
[lab] 09:50 ORB_15min                  QQQ long  K=745.0 ask=1.77
[lab] 09:56 ORB_15min                  SPY short K=774.0 ask=1.23
[lab] 10:00 CLOSE Six_Lines                  ATM   failed   net=-56.08
[lab] 10:00 CLOSE Six_Lines                  ATM-1 failed   net=-71.08
[lab] 10:00 CLOSE Six_Lines                  ATM+1 failed   net=-40.08
[lab] 10:00 CLOSE Six_Lines_NoCap            ATM   failed   net=-56.08
[lab] 10:00 CLOSE Six_Lines_NoCap            ATM-1 failed   net=-71.08
[lab] 10:00 CLOSE Six_Lines_NoCap            ATM+1 failed   net=-40.08
[lab] 10:00 IntradayMomentumBoundary   QQQ long  K=745.0 ask=1.46
[lab] 10:12 CLOSE Six_Lines                  ATM   target   net=+60.92
[lab] 10:12 CLOSE Six_Lines                  ATM-1 target   net=+78.92
[lab] 10:12 CLOSE Six_Lines                  ATM+1 target   net=+42.92
[lab] 10:14 CLOSE ORB_15min                  ATM   stop     net=-42.08
[lab] 10:14 CLOSE ORB_15min                  ATM-1 stop     net=-31.08
[lab] 10:14 CLOSE ORB_15min                  ATM+1 stop     net=-53.08
[lab] 10:19 CLOSE PDH_PDL_FailedBreak        ATM   target   net=+45.92
[lab] 10:19 CLOSE PDH_PDL_FailedBreak        ATM-1 target   net=+31.92
[lab] 10:19 CLOSE PDH_PDL_FailedBreak        ATM+1 target   net=+59.92
[lab] 10:35 MOMO_CHASE                 QQQ long  K=746.0 ask=1.55
[lab] 10:42 CLOSE IntradayMomentumBoundary   ATM   trail_imb net=-32.08
[lab] 10:42 CLOSE IntradayMomentumBoundary   ATM-1 trail_imb net=-33.08
[lab] 10:42 CLOSE IntradayMomentumBoundary   ATM+1 trail_imb net=-30.08
[lab] 10:42 CLOSE Crabel_Stretch             ATM   stop     net=-84.08
[lab] 10:42 CLOSE Crabel_Stretch             ATM-1 stop     net=-108.08
[lab] 10:42 CLOSE Crabel_Stretch             ATM+1 stop     net=-60.08
[lab] 11:00 CLOSE MOMO_CHASE                 ATM   time     net=-82.08
[lab] 11:00 CLOSE MOMO_CHASE                 ATM-1 time     net=-99.08
[lab] 11:00 CLOSE MOMO_CHASE                 ATM+1 time     net=-62.08
[lab] 11:00 IntradayMomentumBoundary   QQQ long  K=745.0 ask=1.14
[lab] 11:04 CLOSE IntradayMomentumBoundary   ATM   trail_imb net=-4.08
[lab] 11:04 CLOSE IntradayMomentumBoundary   ATM-1 trail_imb net=-5.08
[lab] 11:04 CLOSE IntradayMomentumBoundary   ATM+1 trail_imb net=-3.08
[lab] 11:14 VWAP_Reclaim               QQQ long  K=745.0 ask=1.26
[lab] 11:35 MOMO_CHASE                 SPY short K=773.0 ask=0.84
[lab] 11:38 CLOSE VWAP_Reclaim               ATM   stop     net=-44.08
[lab] 11:38 CLOSE VWAP_Reclaim               ATM-1 stop     net=-52.08
[lab] 11:38 CLOSE VWAP_Reclaim               ATM+1 stop     net=-33.08
[lab] 11:45 MOMO_CHASE                 QQQ short K=744.0 ask=0.92
[lab] 11:45 TTM_Squeeze                SPY short K=773.0 ask=0.90
[lab] 11:55 CLOSE TTM_Squeeze                ATM   bars     net=-4.08
[lab] 11:55 CLOSE TTM_Squeeze                ATM-1 bars     net=-3.08
[lab] 11:55 CLOSE TTM_Squeeze                ATM+1 bars     net=-2.08
[lab] 12:00 CLOSE MOMO_CHASE                 ATM   time     net=-13.08
[lab] 12:00 CLOSE MOMO_CHASE                 ATM-1 time     net=-11.08
[lab] 12:00 CLOSE MOMO_CHASE                 ATM+1 time     net=-12.08
[lab] 12:10 CLOSE MOMO_CHASE                 ATM   time     net=-37.08
[lab] 12:10 CLOSE MOMO_CHASE                 ATM-1 time     net=-27.08
[lab] 12:10 CLOSE MOMO_CHASE                 ATM+1 time     net=-47.08
[lab] 12:25 MOMO_CHASE                 QQQ short K=744.0 ask=0.76
[lab] 12:50 CLOSE MOMO_CHASE                 ATM   time     net=-40.08
[lab] 12:50 CLOSE MOMO_CHASE                 ATM-1 time     net=-25.08
[lab] 12:50 CLOSE MOMO_CHASE                 ATM+1 time     net=-60.08
[lab] 12:55 TTM_Squeeze                SPY long  K=774.0 ask=0.44
[lab] 13:00 IntradayMomentumBoundary   QQQ long  K=745.0 ask=0.92
[lab] 13:05 TTM_Squeeze                QQQ long  K=745.0 ask=0.90
[lab] 13:05 CLOSE TTM_Squeeze                ATM   bars     net=-10.08
[lab] 13:05 CLOSE TTM_Squeeze                ATM-1 bars     net=-15.08
[lab] 13:05 CLOSE TTM_Squeeze                ATM+1 bars     net=-6.08
[lab] 13:15 CLOSE TTM_Squeeze                ATM   bars     net=-1.08
[lab] 13:15 CLOSE TTM_Squeeze                ATM-1 bars     net=-2.08
[lab] 13:15 CLOSE TTM_Squeeze                ATM+1 bars     net=-3.08
[lab] 13:52 VWAP_Reclaim               SPY long  K=774.0 ask=0.62
[lab] 15:55 CLOSE Crabel_Stretch             ATM   eod      net=+291.92
[lab] 15:55 CLOSE Crabel_Stretch             ATM-1 eod      net=+338.92
[lab] 15:55 CLOSE Crabel_Stretch             ATM+1 eod      net=+241.92
[lab] 15:55 CLOSE PDH_PDL_Breakout           ATM   eod      net=+266.92
[lab] 15:55 CLOSE PDH_PDL_Breakout           ATM-1 eod      net=+305.92
[lab] 15:55 CLOSE PDH_PDL_Breakout           ATM+1 eod      net=+223.92
[lab] 15:55 CLOSE Six_Lines_NoCap            ATM   eod      net=+188.92
[lab] 15:55 CLOSE Six_Lines_NoCap            ATM-1 eod      net=+222.92
[lab] 15:55 CLOSE Six_Lines_NoCap            ATM+1 eod      net=+128.92
[lab] 15:55 CLOSE ORB_5min                   ATM   eod      net=+177.92
[lab] 15:55 CLOSE ORB_5min                   ATM-1 eod      net=+206.92
[lab] 15:55 CLOSE ORB_5min                   ATM+1 eod      net=+121.92
[lab] 15:55 CLOSE ORB_15min                  ATM   eod      net=+84.92
[lab] 15:55 CLOSE ORB_15min                  ATM-1 eod      net=+130.92
[lab] 15:55 CLOSE ORB_15min                  ATM+1 eod      net=+37.92
[lab] 15:55 CLOSE IntradayMomentumBoundary   ATM   eod      net=+169.92
[lab] 15:55 CLOSE IntradayMomentumBoundary   ATM-1 eod      net=+206.92
[lab] 15:55 CLOSE IntradayMomentumBoundary   ATM+1 eod      net=+119.92
[lab] 15:55 CLOSE VWAP_Reclaim               ATM   eod      net=-2.08
[lab] 15:55 CLOSE VWAP_Reclaim               ATM-1 eod      net=+10.92
[lab] 15:55 CLOSE VWAP_Reclaim               ATM+1 eod      net=-9.08
[lab] daily: {"date": "2026-09-22", "config_hash": "ccd00ac71f8243e9", "symbols": ["QQQ", "SPY"], "signals_decided": 23, "signals_skipped": 215, "fills_skipped": 0, "trades_closed": 69, "degraded_bars": {}, "atm_net": 779.14, "feed": {"source": "HISTORY_BACKFILL", "calls": 0, "retries": 0, "bar_cache_hits": 0, "bar_cache_misses": 0, "outage_episodes": 0, "upstream_down_now": false}}
