[replay options] 2026-08-28 -- config ccd00ac71f8243e9 -- history-backed, no outages; NOT the prospective record
[lab] warmup QQQ: 25 prior sessions, stretch=1.472869999999989
[lab] warmup SPY: 25 prior sessions, stretch=1.0955000000000155
[replay] six-lines QQQ: R1=720.18  R2=721.11  R3=721.35  S1=718.25  S2=714.52  S3=709.35
[replay] six-lines SPY: R1=770.29  R2=772.36  R3=772.55  S1=769.55  S2=767.16  S3=765.62
[lab] 09:39 Six_Lines                  QQQ long  K=720.0 ask=2.43
[lab] 09:39 Six_Lines_NoCap            QQQ long  K=720.0 ask=2.43
[lab] 09:40 Crabel_Stretch             QQQ long  K=721.0 ask=2.43
[lab] 09:49 ORB_5min                   QQQ long  K=720.0 ask=2.46
[lab] 09:50 PDH_PDL_FailedBreak        QQQ short K=720.0 ask=1.99
[lab] 09:50 PDH_PDL_FailedBreak        SPY short K=772.0 ask=1.62
[lab] 10:00 CLOSE Six_Lines                  ATM   failed   net=-36.08
[lab] 10:00 CLOSE Six_Lines                  ATM-1 failed   net=-50.08
[lab] 10:00 CLOSE Six_Lines                  ATM+1 failed   net=-31.08
[lab] 10:00 CLOSE Six_Lines_NoCap            ATM   failed   net=-36.08
[lab] 10:00 CLOSE Six_Lines_NoCap            ATM-1 failed   net=-50.08
[lab] 10:00 CLOSE Six_Lines_NoCap            ATM+1 failed   net=-31.08
[lab] 10:00 EMA_9_20_Pullback          SPY long  K=772.0 ask=1.66
[lab] 10:01 CLOSE PDH_PDL_FailedBreak        ATM   stop     net=-46.08
[lab] 10:01 CLOSE PDH_PDL_FailedBreak        ATM-1 stop     net=-40.08
[lab] 10:01 CLOSE PDH_PDL_FailedBreak        ATM+1 stop     net=-53.08
[lab] 10:00 VWAP_Reclaim               QQQ long  K=721.0 ask=2.14
[lab] 10:01 CLOSE PDH_PDL_FailedBreak        ATM   stop     net=-34.08
[lab] 10:01 CLOSE PDH_PDL_FailedBreak        ATM-1 stop     net=-28.08
[lab] 10:01 CLOSE PDH_PDL_FailedBreak        ATM+1 stop     net=-41.08
[lab] 10:00 VWAP_Reclaim               SPY long  K=773.0 ask=1.50
[lab] 10:00 IntradayMomentumBoundary   SPY long  K=773.0 ask=1.50
[lab] 10:02 CLOSE IntradayMomentumBoundary   ATM   trail_imb net=-41.08
[lab] 10:02 CLOSE IntradayMomentumBoundary   ATM-1 trail_imb net=-48.08
[lab] 10:02 CLOSE IntradayMomentumBoundary   ATM+1 trail_imb net=-31.08
[lab] 10:03 CLOSE VWAP_Reclaim               ATM   stop     net=-50.08
[lab] 10:03 CLOSE VWAP_Reclaim               ATM-1 stop     net=-61.08
[lab] 10:03 CLOSE VWAP_Reclaim               ATM+1 stop     net=-45.08
[lab] 10:03 VWAP_Reclaim               QQQ short K=719.0 ask=1.94
[lab] 10:04 CLOSE VWAP_Reclaim               ATM   stop     net=-64.08
[lab] 10:04 CLOSE VWAP_Reclaim               ATM-1 stop     net=-79.08
[lab] 10:04 CLOSE VWAP_Reclaim               ATM+1 stop     net=-48.08
[lab] 10:03 ORB_15min                  SPY short K=771.0 ask=1.40
[lab] 10:03 VWAP_Reclaim               SPY short K=771.0 ask=1.40
[lab] 10:06 CLOSE EMA_9_20_Pullback          ATM   stop     net=-50.08
[lab] 10:06 CLOSE EMA_9_20_Pullback          ATM-1 stop     net=-64.08
[lab] 10:06 CLOSE EMA_9_20_Pullback          ATM+1 stop     net=-43.08
[lab] 10:09 CLOSE Crabel_Stretch             ATM   stop     net=-125.08
[lab] 10:09 CLOSE Crabel_Stretch             ATM-1 stop     net=-142.08
[lab] 10:09 CLOSE Crabel_Stretch             ATM+1 stop     net=-106.08
[lab] 10:09 CLOSE ORB_5min                   ATM   stop     net=-85.08
[lab] 10:09 CLOSE ORB_5min                   ATM-1 stop     net=-95.08
[lab] 10:09 CLOSE ORB_5min                   ATM+1 stop     net=-74.08
[lab] 10:10 Crabel_Stretch             SPY short K=771.0 ask=1.72
[lab] 10:11 ORB_15min                  QQQ short K=718.0 ask=1.98
[lab] 10:14 CLOSE ORB_15min                  ATM   target   net=+65.92
[lab] 10:14 CLOSE ORB_15min                  ATM-1 target   net=+51.92
[lab] 10:14 CLOSE ORB_15min                  ATM+1 target   net=+80.92
[lab] 10:21 CLOSE ORB_15min                  ATM   stop     net=-79.08
[lab] 10:21 CLOSE ORB_15min                  ATM-1 stop     net=-74.08
[lab] 10:21 CLOSE ORB_15min                  ATM+1 stop     net=-93.08
[lab] 10:39 CLOSE VWAP_Reclaim               ATM   stop     net=-117.08
[lab] 10:39 CLOSE VWAP_Reclaim               ATM-1 stop     net=-99.08
[lab] 10:39 CLOSE VWAP_Reclaim               ATM+1 stop     net=-137.08
[lab] 10:42 CLOSE Crabel_Stretch             ATM   stop     net=-113.08
[lab] 10:42 CLOSE Crabel_Stretch             ATM-1 stop     net=-89.08
[lab] 10:42 CLOSE Crabel_Stretch             ATM+1 stop     net=-137.08
[lab] 10:45 PDH_PDL_Breakout           QQQ long  K=722.5 ask=1.39
[lab] 10:45 CLOSE VWAP_Reclaim               ATM   stop     net=-98.08
[lab] 10:45 CLOSE VWAP_Reclaim               ATM-1 stop     net=-76.08
[lab] 10:45 CLOSE VWAP_Reclaim               ATM+1 stop     net=-122.08
[lab] 10:45 MOMO_CHASE                 SPY long  K=773.0 ask=1.34
[lab] 10:45 PDH_PDL_Breakout           SPY long  K=773.0 ask=1.34
[lab] 10:49 Six_Lines                  SPY long  K=774.0 ask=0.99
[lab] 10:49 Six_Lines_NoCap            SPY long  K=774.0 ask=0.99
[lab] 11:00 MOMO_CHASE                 QQQ long  K=724.0 ask=1.27
[lab] 11:00 IntradayMomentumBoundary   QQQ long  K=724.0 ask=1.43
[lab] 11:00 IntradayMomentumBoundary   SPY long  K=775.0 ask=1.18
[lab] 11:09 CLOSE IntradayMomentumBoundary   ATM   trail_imb net=-56.08
[lab] 11:09 CLOSE IntradayMomentumBoundary   ATM-1 trail_imb net=-68.08
[lab] 11:09 CLOSE IntradayMomentumBoundary   ATM+1 trail_imb net=-43.08
[lab] 11:10 CLOSE MOMO_CHASE                 ATM   time     net=+48.92
[lab] 11:10 CLOSE MOMO_CHASE                 ATM-1 time     net=+58.92
[lab] 11:10 CLOSE MOMO_CHASE                 ATM+1 time     net=+35.92
[lab] 11:25 CLOSE MOMO_CHASE                 ATM   time     net=-51.08
[lab] 11:25 CLOSE MOMO_CHASE                 ATM-1 time     net=-62.08
[lab] 11:25 CLOSE MOMO_CHASE                 ATM+1 time     net=-40.08
[lab] 11:30 MOMO_CHASE                 SPY long  K=775.0 ask=0.85
[lab] 11:41 CLOSE PDH_PDL_Breakout           ATM   stop     net=-83.08
[lab] 11:41 CLOSE PDH_PDL_Breakout           ATM-1 stop     net=-92.08
[lab] 11:41 CLOSE PDH_PDL_Breakout           ATM+1 stop     net=-73.08
[lab] 11:41 CLOSE IntradayMomentumBoundary   ATM   trail_imb net=-95.08
[lab] 11:41 CLOSE IntradayMomentumBoundary   ATM-1 trail_imb net=-132.08
[lab] 11:41 CLOSE IntradayMomentumBoundary   ATM+1 trail_imb net=-60.08
[lab] 11:45 MOMO_CHASE                 QQQ short K=721.0 ask=1.36
[lab] 11:49 CLOSE PDH_PDL_Breakout           ATM   stop     net=-58.08
[lab] 11:49 CLOSE PDH_PDL_Breakout           ATM-1 stop     net=-72.08
[lab] 11:49 CLOSE PDH_PDL_Breakout           ATM+1 stop     net=-43.08
[lab] 11:50 CLOSE Six_Lines                  ATM   failed   net=-64.08
[lab] 11:50 CLOSE Six_Lines                  ATM-1 failed   net=-89.08
[lab] 11:50 CLOSE Six_Lines                  ATM+1 failed   net=-38.08
[lab] 11:50 CLOSE Six_Lines_NoCap            ATM   failed   net=-64.08
[lab] 11:50 CLOSE Six_Lines_NoCap            ATM-1 failed   net=-89.08
[lab] 11:50 CLOSE Six_Lines_NoCap            ATM+1 failed   net=-38.08
[lab] 11:55 CLOSE MOMO_CHASE                 ATM   time     net=-71.08
[lab] 11:55 CLOSE MOMO_CHASE                 ATM-1 time     net=-118.08
[lab] 11:55 CLOSE MOMO_CHASE                 ATM+1 time     net=-35.08
[lab] 11:55 MOMO_CHASE                 SPY short K=772.0 ask=1.02
[lab] 12:00 IntradayMomentumBoundary   QQQ short K=717.5 ask=1.47
[lab] 12:04 CLOSE IntradayMomentumBoundary   ATM   trail_imb net=-12.08
[lab] 12:04 CLOSE IntradayMomentumBoundary   ATM-1 trail_imb net=-10.08
[lab] 12:04 CLOSE IntradayMomentumBoundary   ATM+1 trail_imb net=-12.08
[lab] 12:10 CLOSE MOMO_CHASE                 ATM   time     net=+137.92
[lab] 12:10 CLOSE MOMO_CHASE                 ATM-1 time     net=+113.92
[lab] 12:10 CLOSE MOMO_CHASE                 ATM+1 time     net=+150.92
[lab] 12:20 CLOSE MOMO_CHASE                 ATM   time     net=+125.92
[lab] 12:20 CLOSE MOMO_CHASE                 ATM-1 time     net=+98.92
[lab] 12:20 CLOSE MOMO_CHASE                 ATM+1 time     net=+151.92
[lab] 12:25 MOMO_CHASE                 QQQ short K=716.0 ask=1.62
[lab] 12:30 IntradayMomentumBoundary   QQQ short K=717.0 ask=1.74
[lab] 12:30 IntradayMomentumBoundary   SPY short K=770.0 ask=1.20
[lab] 12:32 CLOSE IntradayMomentumBoundary   ATM   trail_imb net=-8.08
[lab] 12:32 CLOSE IntradayMomentumBoundary   ATM-1 trail_imb net=-7.08
[lab] 12:32 CLOSE IntradayMomentumBoundary   ATM+1 trail_imb net=-12.08
[lab] 12:50 CLOSE MOMO_CHASE                 ATM   time     net=-82.08
[lab] 12:50 CLOSE MOMO_CHASE                 ATM-1 time     net=-68.08
[lab] 12:50 CLOSE MOMO_CHASE                 ATM+1 time     net=-94.08
[lab] 12:53 CLOSE IntradayMomentumBoundary   ATM   trail_imb net=-74.08
[lab] 12:53 CLOSE IntradayMomentumBoundary   ATM-1 trail_imb net=-62.08
[lab] 12:53 CLOSE IntradayMomentumBoundary   ATM+1 trail_imb net=-81.08
[lab] 13:00 IntradayMomentumBoundary   QQQ short K=716.0 ask=1.67
[lab] 13:00 IntradayMomentumBoundary   SPY short K=769.0 ask=1.22
[lab] 15:55 CLOSE IntradayMomentumBoundary   ATM   eod      net=-145.08
[lab] 15:55 CLOSE IntradayMomentumBoundary   ATM-1 eod      net=-117.08
[lab] 15:55 CLOSE IntradayMomentumBoundary   ATM+1 eod      net=-150.08
[lab] 15:55 CLOSE IntradayMomentumBoundary   ATM   eod      net=-104.08
[lab] 15:55 CLOSE IntradayMomentumBoundary   ATM-1 eod      net=-80.08
[lab] 15:55 CLOSE IntradayMomentumBoundary   ATM+1 eod      net=-103.08
[lab] daily: {"date": "2026-08-28", "config_hash": "ccd00ac71f8243e9", "symbols": ["QQQ", "SPY"], "signals_decided": 32, "signals_skipped": 178, "fills_skipped": 0, "trades_closed": 96, "degraded_bars": {}, "atm_net": -1564.59, "feed": {"source": "HISTORY_BACKFILL", "calls": 0, "retries": 0, "bar_cache_hits": 0, "bar_cache_misses": 0, "outage_episodes": 0, "upstream_down_now": false}}
