[replay options] 2026-09-14 -- config ccd00ac71f8243e9 -- history-backed, no outages; NOT the prospective record
[lab] warmup QQQ: 24 prior sessions, stretch=2.0801999999999907
[lab] warmup SPY: 24 prior sessions, stretch=1.2207399999999893
[replay] six-lines QQQ: R1=716.12  R2=717.63  R3=717.69  S1=713.63  S2=706.56  S3=701.15
[replay] six-lines SPY: R1=766.18  R2=766.38  R3=766.56  S1=763.60  S2=757.83  S3=757.77
[lab] 09:35 PDH_PDL_Breakout           SPY short K=759.0 ask=1.45
[lab] 09:43 CLOSE PDH_PDL_Breakout           ATM   stop     net=-36.08
[lab] 09:43 CLOSE PDH_PDL_Breakout           ATM-1 stop     net=-29.08
[lab] 09:43 CLOSE PDH_PDL_Breakout           ATM+1 stop     net=-42.08
[lab] 09:45 PDH_PDL_Breakout           QQQ short K=704.0 ask=1.54
[lab] 09:45 Gap_Fade                   QQQ long  K=704.0 ask=2.03
[lab] 09:45 Gap_Fade                   SPY long  K=759.0 ask=1.44
[lab] 09:46 CLOSE PDH_PDL_Breakout           ATM   stop     net=-14.08
[lab] 09:46 CLOSE PDH_PDL_Breakout           ATM-1 stop     net=-12.08
[lab] 09:46 CLOSE PDH_PDL_Breakout           ATM+1 stop     net=-18.08
[lab] 09:45 ORB_5min                   QQQ long  K=705.0 ask=1.70
[lab] 09:46 ORB_15min                  QQQ long  K=705.0 ask=1.90
[lab] 09:46 ORB_15min                  SPY long  K=760.0 ask=1.00
[lab] 09:47 Crabel_Stretch             QQQ long  K=706.0 ask=1.60
[lab] 09:49 Crabel_Stretch             SPY long  K=760.0 ask=1.40
[lab] 10:07 CLOSE ORB_15min                  ATM   target   net=+55.92
[lab] 10:07 CLOSE ORB_15min                  ATM-1 target   net=+70.92
[lab] 10:07 CLOSE ORB_15min                  ATM+1 target   net=+38.92
[lab] 10:27 CLOSE Gap_Fade                   ATM   stop     net=-54.08
[lab] 10:27 CLOSE Gap_Fade                   ATM-1 stop     net=-67.08
[lab] 10:27 CLOSE Gap_Fade                   ATM+1 stop     net=-38.08
[lab] 10:30 MOMO_CHASE                 SPY short K=759.0 ask=1.19
[lab] 10:55 CLOSE MOMO_CHASE                 ATM   time     net=+23.92
[lab] 10:55 CLOSE MOMO_CHASE                 ATM-1 time     net=+13.92
[lab] 10:55 CLOSE MOMO_CHASE                 ATM+1 time     net=+35.92
[lab] 11:30 MOMO_CHASE                 QQQ long  K=708.0 ask=0.90
[lab] 11:33 CLOSE ORB_5min                   ATM   target   net=+210.92
[lab] 11:33 CLOSE ORB_5min                   ATM-1 target   net=+237.92
[lab] 11:33 CLOSE ORB_5min                   ATM+1 target   net=+170.92
[lab] 11:33 CLOSE ORB_15min                  ATM   target   net=+190.92
[lab] 11:33 CLOSE ORB_15min                  ATM-1 target   net=+214.92
[lab] 11:33 CLOSE ORB_15min                  ATM+1 target   net=+153.92
[lab] 11:35 MOMO_CHASE                 SPY long  K=761.0 ask=0.85
[lab] 11:55 CLOSE MOMO_CHASE                 ATM   time     net=+160.92
[lab] 11:55 CLOSE MOMO_CHASE                 ATM-1 time     net=+187.92
[lab] 11:55 CLOSE MOMO_CHASE                 ATM+1 time     net=+125.92
[lab] 12:00 CLOSE MOMO_CHASE                 ATM   time     net=+49.92
[lab] 12:00 CLOSE MOMO_CHASE                 ATM-1 time     net=+68.92
[lab] 12:00 CLOSE MOMO_CHASE                 ATM+1 time     net=+30.92
[lab] 12:20 MOMO_CHASE                 QQQ long  K=711.0 ask=1.04
[lab] 12:20 MOMO_CHASE                 SPY long  K=762.0 ask=1.09
[lab] 12:45 CLOSE MOMO_CHASE                 ATM   time     net=-6.08
[lab] 12:45 CLOSE MOMO_CHASE                 ATM-1 time     net=-4.08
[lab] 12:45 CLOSE MOMO_CHASE                 ATM+1 time     net=-6.08
[lab] 12:45 CLOSE MOMO_CHASE                 ATM   time     net=-10.08
[lab] 12:45 CLOSE MOMO_CHASE                 ATM-1 time     net=-10.08
[lab] 12:45 CLOSE MOMO_CHASE                 ATM+1 time     net=-9.08
[lab] 12:50 MOMO_CHASE                 QQQ long  K=712.0 ask=1.08
[lab] 13:15 CLOSE MOMO_CHASE                 ATM   time     net=-24.08
[lab] 13:15 CLOSE MOMO_CHASE                 ATM-1 time     net=-26.08
[lab] 13:15 CLOSE MOMO_CHASE                 ATM+1 time     net=-20.08
[lab] 15:55 CLOSE Gap_Fade                   ATM   eod      net=+414.92
[lab] 15:55 CLOSE Gap_Fade                   ATM-1 eod      net=+452.92
[lab] 15:55 CLOSE Gap_Fade                   ATM+1 eod      net=+366.92
[lab] 15:55 CLOSE Crabel_Stretch             ATM   eod      net=+258.92
[lab] 15:55 CLOSE Crabel_Stretch             ATM-1 eod      net=+299.92
[lab] 15:55 CLOSE Crabel_Stretch             ATM+1 eod      net=+204.92
[lab] 15:55 CLOSE Crabel_Stretch             ATM   eod      net=-8.08
[lab] 15:55 CLOSE Crabel_Stretch             ATM-1 eod      net=+23.92
[lab] 15:55 CLOSE Crabel_Stretch             ATM+1 eod      net=-41.08
[lab] daily: {"date": "2026-09-14", "config_hash": "ccd00ac71f8243e9", "symbols": ["QQQ", "SPY"], "signals_decided": 15, "signals_skipped": 277, "fills_skipped": 0, "trades_closed": 45, "degraded_bars": {}, "atm_net": 1213.79, "feed": {"source": "HISTORY_BACKFILL", "calls": 0, "retries": 0, "bar_cache_hits": 0, "bar_cache_misses": 0, "outage_episodes": 0, "upstream_down_now": false}}
