[replay options] 2026-09-25 -- config ccd00ac71f8243e9 -- history-backed, no outages; NOT the prospective record
[lab] warmup QQQ: 24 prior sessions, stretch=1.3094000000000166
[lab] warmup SPY: 24 prior sessions, stretch=0.8094000000000279
[replay] six-lines QQQ: R1=742.29  R2=742.66  R3=747.06  S1=737.11  S2=734.62  S3=731.67
[replay] six-lines SPY: R1=768.95  R2=769.20  R3=771.01  S1=764.48  S2=763.25  S3=761.57
[lab] 09:35 TTM_Squeeze                QQQ long  K=744.0 ask=1.80
[lab] 09:38 Crabel_Stretch             SPY long  K=770.0 ask=1.10
[lab] 09:40 PDH_PDL_Breakout           QQQ long  K=744.0 ask=1.89
[lab] 09:39 Six_Lines                  SPY long  K=770.0 ask=1.15
[lab] 09:39 Six_Lines_NoCap            SPY long  K=770.0 ask=1.15
[lab] 09:40 TTM_Squeeze                SPY long  K=770.0 ask=1.15
[lab] 09:40 PDH_PDL_Breakout           SPY long  K=770.0 ask=1.15
[lab] 09:40 Crabel_Stretch             QQQ long  K=744.0 ask=1.99
[lab] 09:45 CLOSE TTM_Squeeze                ATM   bars     net=+8.92
[lab] 09:45 CLOSE TTM_Squeeze                ATM-1 bars     net=+15.92
[lab] 09:45 CLOSE TTM_Squeeze                ATM+1 bars     net=+1.92
[lab] 09:47 CLOSE PDH_PDL_Breakout           ATM   stop     net=-16.08
[lab] 09:47 CLOSE PDH_PDL_Breakout           ATM-1 stop     net=-20.08
[lab] 09:47 CLOSE PDH_PDL_Breakout           ATM+1 stop     net=-12.08
[lab] 09:50 CLOSE TTM_Squeeze                ATM   bars     net=-17.08
[lab] 09:50 CLOSE TTM_Squeeze                ATM-1 bars     net=-21.08
[lab] 09:50 CLOSE TTM_Squeeze                ATM+1 bars     net=-14.08
[lab] 09:50 ORB_5min                   SPY long  K=770.0 ask=1.02
[lab] 09:52 ORB_15min                  QQQ long  K=745.0 ask=1.52
[lab] 09:54 ORB_5min                   QQQ long  K=745.0 ask=1.70
[lab] 09:54 ORB_15min                  SPY long  K=770.0 ask=1.28
[lab] 09:56 CLOSE PDH_PDL_Breakout           ATM   target   net=+52.92
[lab] 09:56 CLOSE PDH_PDL_Breakout           ATM-1 target   net=+63.92
[lab] 09:56 CLOSE PDH_PDL_Breakout           ATM+1 target   net=+41.92
[lab] 10:02 CLOSE ORB_15min                  ATM   stop     net=-53.08
[lab] 10:02 CLOSE ORB_15min                  ATM-1 stop     net=-71.08
[lab] 10:02 CLOSE ORB_15min                  ATM+1 stop     net=-36.08
[lab] 10:03 CLOSE ORB_15min                  ATM   stop     net=-47.08
[lab] 10:03 CLOSE ORB_15min                  ATM-1 stop     net=-59.08
[lab] 10:03 CLOSE ORB_15min                  ATM+1 stop     net=-36.08
[lab] 10:05 PDH_PDL_FailedBreak        QQQ short K=743.0 ask=2.12
[lab] 10:05 CLOSE Crabel_Stretch             ATM   stop     net=-58.08
[lab] 10:05 CLOSE Crabel_Stretch             ATM-1 stop     net=-80.08
[lab] 10:05 CLOSE Crabel_Stretch             ATM+1 stop     net=-39.08
[lab] 10:05 CLOSE ORB_5min                   ATM   stop     net=-50.08
[lab] 10:05 CLOSE ORB_5min                   ATM-1 stop     net=-71.08
[lab] 10:05 CLOSE ORB_5min                   ATM+1 stop     net=-32.08
[lab] 10:05 PDH_PDL_FailedBreak        SPY short K=768.0 ask=1.66
[lab] 10:06 CLOSE Crabel_Stretch             ATM   stop     net=-110.08
[lab] 10:06 CLOSE Crabel_Stretch             ATM-1 stop     net=-133.08
[lab] 10:06 CLOSE Crabel_Stretch             ATM+1 stop     net=-87.08
[lab] 10:06 CLOSE ORB_5min                   ATM   stop     net=-109.08
[lab] 10:06 CLOSE ORB_5min                   ATM-1 stop     net=-139.08
[lab] 10:06 CLOSE ORB_5min                   ATM+1 stop     net=-81.08
[lab] 10:10 CLOSE Six_Lines                  ATM   failed   net=-61.08
[lab] 10:10 CLOSE Six_Lines                  ATM-1 failed   net=-85.08
[lab] 10:10 CLOSE Six_Lines                  ATM+1 failed   net=-41.08
[lab] 10:10 CLOSE Six_Lines_NoCap            ATM   failed   net=-61.08
[lab] 10:10 CLOSE Six_Lines_NoCap            ATM-1 failed   net=-85.08
[lab] 10:10 CLOSE Six_Lines_NoCap            ATM+1 failed   net=-41.08
[lab] 11:00 MOMO_CHASE                 QQQ long  K=743.0 ask=1.50
[lab] 11:25 CLOSE MOMO_CHASE                 ATM   time     net=-27.08
[lab] 11:25 CLOSE MOMO_CHASE                 ATM-1 time     net=-30.08
[lab] 11:25 CLOSE MOMO_CHASE                 ATM+1 time     net=-23.08
[lab] 12:01 CLOSE PDH_PDL_FailedBreak        ATM   stop     net=-126.08
[lab] 12:01 CLOSE PDH_PDL_FailedBreak        ATM-1 stop     net=-96.08
[lab] 12:01 CLOSE PDH_PDL_FailedBreak        ATM+1 stop     net=-159.08
[lab] 12:05 TTM_Squeeze                QQQ long  K=745.0 ask=1.47
[lab] 12:06 CLOSE PDH_PDL_FailedBreak        ATM   stop     net=-153.08
[lab] 12:06 CLOSE PDH_PDL_FailedBreak        ATM-1 stop     net=-126.08
[lab] 12:06 CLOSE PDH_PDL_FailedBreak        ATM+1 stop     net=-181.08
[lab] 12:15 CLOSE TTM_Squeeze                ATM   bars     net=+4.92
[lab] 12:15 CLOSE TTM_Squeeze                ATM-1 bars     net=+8.92
[lab] 12:15 CLOSE TTM_Squeeze                ATM+1 bars     net=+1.92
[lab] 12:15 MOMO_CHASE                 SPY long  K=772.0 ask=0.89
[lab] 12:30 IntradayMomentumBoundary   SPY long  K=771.0 ask=1.35
[lab] 12:35 CLOSE IntradayMomentumBoundary   ATM   trail_imb net=-40.08
[lab] 12:35 CLOSE IntradayMomentumBoundary   ATM-1 trail_imb net=-52.08
[lab] 12:35 CLOSE IntradayMomentumBoundary   ATM+1 trail_imb net=-29.08
[lab] 12:40 CLOSE MOMO_CHASE                 ATM   time     net=-28.08
[lab] 12:40 CLOSE MOMO_CHASE                 ATM-1 time     net=-37.08
[lab] 12:40 CLOSE MOMO_CHASE                 ATM+1 time     net=-21.08
[lab] 13:30 IntradayMomentumBoundary   SPY long  K=771.0 ask=0.96
[lab] 13:32 CLOSE IntradayMomentumBoundary   ATM   trail_imb net=-20.08
[lab] 13:32 CLOSE IntradayMomentumBoundary   ATM-1 trail_imb net=-27.08
[lab] 13:32 CLOSE IntradayMomentumBoundary   ATM+1 trail_imb net=-14.08
[lab] 14:00 IntradayMomentumBoundary   SPY long  K=771.0 ask=0.69
[lab] 14:28 CLOSE IntradayMomentumBoundary   ATM   trail_imb net=-25.08
[lab] 14:28 CLOSE IntradayMomentumBoundary   ATM-1 trail_imb net=-35.08
[lab] 14:28 CLOSE IntradayMomentumBoundary   ATM+1 trail_imb net=-14.08
[lab] 14:30 IntradayMomentumBoundary   SPY long  K=771.0 ask=0.68
[lab] 14:38 CLOSE IntradayMomentumBoundary   ATM   trail_imb net=-21.08
[lab] 14:38 CLOSE IntradayMomentumBoundary   ATM-1 trail_imb net=-31.08
[lab] 14:38 CLOSE IntradayMomentumBoundary   ATM+1 trail_imb net=-10.08
[lab] daily: {"date": "2026-09-25", "config_hash": "ccd00ac71f8243e9", "symbols": ["QQQ", "SPY"], "signals_decided": 21, "signals_skipped": 236, "fills_skipped": 0, "trades_closed": 63, "degraded_bars": {}, "atm_net": -956.7, "feed": {"source": "HISTORY_BACKFILL", "calls": 0, "retries": 0, "bar_cache_hits": 0, "bar_cache_misses": 0, "outage_episodes": 0, "upstream_down_now": false}}
