[replay options] 2026-09-23 -- config ccd00ac71f8243e9 -- history-backed, no outages; NOT the prospective record
[lab] warmup QQQ: 24 prior sessions, stretch=1.5340000000000145
[lab] warmup SPY: 24 prior sessions, stretch=0.879400000000021
[replay] six-lines QQQ: R1=743.61  R2=748.35  R3=749.08  S1=744.69  S2=740.93  S3=738.68
[replay] six-lines SPY: R1=774.67  R2=774.74  R3=775.14  S1=772.57  S2=772.29  S3=771.38
[lab] 09:32 Crabel_Stretch             QQQ short K=745.0 ask=1.43
[lab] 09:35 PDH_PDL_Breakout           SPY short K=772.0 ask=0.78
[lab] 09:39 Six_Lines                  SPY short K=772.0 ask=0.90
[lab] 09:39 Six_Lines_NoCap            SPY short K=772.0 ask=0.90
[lab] 09:40 ORB_5min                   QQQ short K=745.0 ask=1.64
[lab] 09:45 Crabel_Stretch             SPY short K=772.0 ask=1.17
[lab] 09:46 ORB_15min                  QQQ short K=744.0 ask=1.65
[lab] 09:46 ORB_15min                  SPY short K=771.0 ask=0.88
[lab] 09:48 CLOSE PDH_PDL_Breakout           ATM   target   net=+62.92
[lab] 09:48 CLOSE PDH_PDL_Breakout           ATM-1 target   net=+45.92
[lab] 09:48 CLOSE PDH_PDL_Breakout           ATM+1 target   net=+80.92
[lab] 09:49 Six_Lines                  QQQ short K=744.0 ask=1.61
[lab] 09:49 Six_Lines_NoCap            QQQ short K=744.0 ask=1.61
[lab] 09:56 CLOSE Six_Lines                  ATM   target   net=+91.92
[lab] 09:56 CLOSE Six_Lines                  ATM-1 target   net=+66.92
[lab] 09:56 CLOSE Six_Lines                  ATM+1 target   net=+114.92
[lab] 10:00 IntradayMomentumBoundary   QQQ short K=744.0 ask=1.65
[lab] 10:00 IntradayMomentumBoundary   SPY short K=771.0 ask=1.01
[lab] 10:07 CLOSE Six_Lines                  ATM   target   net=+89.92
[lab] 10:07 CLOSE Six_Lines                  ATM-1 target   net=+69.92
[lab] 10:07 CLOSE Six_Lines                  ATM+1 target   net=+106.92
[lab] 10:11 CLOSE ORB_5min                   ATM   target   net=+283.92
[lab] 10:11 CLOSE ORB_5min                   ATM-1 target   net=+243.92
[lab] 10:11 CLOSE ORB_5min                   ATM+1 target   net=+314.92
[lab] 10:12 CLOSE ORB_15min                  ATM   target   net=+229.92
[lab] 10:12 CLOSE ORB_15min                  ATM-1 target   net=+196.92
[lab] 10:12 CLOSE ORB_15min                  ATM+1 target   net=+257.92
[lab] 10:15 PDH_PDL_Breakout           QQQ short K=740.0 ask=1.69
[lab] 10:21 CLOSE ORB_15min                  ATM   target   net=+137.92
[lab] 10:21 CLOSE ORB_15min                  ATM-1 target   net=+103.92
[lab] 10:21 CLOSE ORB_15min                  ATM+1 target   net=+167.92
[lab] 10:30 MOMO_CHASE                 QQQ short K=739.0 ask=1.68
[lab] 10:30 MOMO_CHASE                 SPY short K=769.0 ask=1.24
[lab] 10:40 EMA_9_20_Pullback          SPY short K=769.0 ask=1.22
[lab] 10:54 CLOSE IntradayMomentumBoundary   ATM   trail_imb net=+73.92
[lab] 10:54 CLOSE IntradayMomentumBoundary   ATM-1 trail_imb net=+56.92
[lab] 10:54 CLOSE IntradayMomentumBoundary   ATM+1 trail_imb net=+86.92
[lab] 10:54 CLOSE PDH_PDL_Breakout           ATM   stop     net=-107.08
[lab] 10:54 CLOSE PDH_PDL_Breakout           ATM-1 stop     net=-85.08
[lab] 10:54 CLOSE PDH_PDL_Breakout           ATM+1 stop     net=-131.08
[lab] 10:53 VWAP_Reclaim               QQQ long  K=742.0 ask=1.64
[lab] 10:54 CLOSE IntradayMomentumBoundary   ATM   trail_imb net=+36.92
[lab] 10:54 CLOSE IntradayMomentumBoundary   ATM-1 trail_imb net=+25.92
[lab] 10:54 CLOSE IntradayMomentumBoundary   ATM+1 trail_imb net=+46.92
[lab] 10:55 CLOSE MOMO_CHASE                 ATM   time     net=-124.08
[lab] 10:55 CLOSE MOMO_CHASE                 ATM-1 time     net=-97.08
[lab] 10:55 CLOSE MOMO_CHASE                 ATM+1 time     net=-157.08
[lab] 10:55 PDH_PDL_FailedBreak        QQQ long  K=742.0 ask=1.58
[lab] 10:55 CLOSE MOMO_CHASE                 ATM   time     net=-71.08
[lab] 10:55 CLOSE MOMO_CHASE                 ATM-1 time     net=-51.08
[lab] 10:55 CLOSE MOMO_CHASE                 ATM+1 time     net=-92.08
[lab] 11:00 IntradayMomentumBoundary   SPY short K=770.0 ask=1.01
[lab] 11:30 IntradayMomentumBoundary   QQQ short K=741.0 ask=1.12
[lab] 12:42 CLOSE VWAP_Reclaim               ATM   stop     net=-134.08
[lab] 12:42 CLOSE VWAP_Reclaim               ATM-1 stop     net=-171.08
[lab] 12:42 CLOSE VWAP_Reclaim               ATM+1 stop     net=-97.08
[lab] 12:45 MOMO_CHASE                 QQQ short K=739.0 ask=0.89
[lab] 12:50 MOMO_CHASE                 SPY short K=768.0 ask=1.05
[lab] 13:10 CLOSE MOMO_CHASE                 ATM   time     net=+21.92
[lab] 13:10 CLOSE MOMO_CHASE                 ATM-1 time     net=+14.92
[lab] 13:10 CLOSE MOMO_CHASE                 ATM+1 time     net=+30.92
[lab] 13:15 CLOSE MOMO_CHASE                 ATM   time     net=+31.92
[lab] 13:15 CLOSE MOMO_CHASE                 ATM-1 time     net=+20.92
[lab] 13:15 CLOSE MOMO_CHASE                 ATM+1 time     net=+39.92
[lab] 13:45 MOMO_CHASE                 QQQ long  K=741.0 ask=0.84
[lab] 13:45 MOMO_CHASE                 SPY long  K=768.0 ask=1.10
[lab] 13:58 CLOSE IntradayMomentumBoundary   ATM   trail_imb net=-23.08
[lab] 13:58 CLOSE IntradayMomentumBoundary   ATM-1 trail_imb net=-26.08
[lab] 13:58 CLOSE IntradayMomentumBoundary   ATM+1 trail_imb net=-16.08
[lab] 14:10 CLOSE MOMO_CHASE                 ATM   time     net=-21.08
[lab] 14:10 CLOSE MOMO_CHASE                 ATM-1 time     net=-24.08
[lab] 14:10 CLOSE MOMO_CHASE                 ATM+1 time     net=-16.08
[lab] 14:10 CLOSE MOMO_CHASE                 ATM   time     net=-15.08
[lab] 14:10 CLOSE MOMO_CHASE                 ATM-1 time     net=-14.08
[lab] 14:10 CLOSE MOMO_CHASE                 ATM+1 time     net=-14.08
[lab] 14:30 IntradayMomentumBoundary   QQQ short K=741.0 ask=0.91
[lab] 14:50 CLOSE IntradayMomentumBoundary   ATM   trail_imb net=-27.08
[lab] 14:50 CLOSE IntradayMomentumBoundary   ATM-1 trail_imb net=-19.08
[lab] 14:50 CLOSE IntradayMomentumBoundary   ATM+1 trail_imb net=-35.08
[lab] 15:30 IntradayMomentumBoundary   QQQ short K=741.0 ask=0.64
[lab] 15:34 CLOSE IntradayMomentumBoundary   ATM   trail_imb net=-20.08
[lab] 15:34 CLOSE IntradayMomentumBoundary   ATM-1 trail_imb net=-9.08
[lab] 15:34 CLOSE IntradayMomentumBoundary   ATM+1 trail_imb net=-35.08
[lab] 15:50 VWAP_Reclaim               QQQ short K=740.0 ask=0.33
[lab] 15:55 CLOSE Crabel_Stretch             ATM   eod      net=+349.92
[lab] 15:55 CLOSE Crabel_Stretch             ATM-1 eod      net=+291.92
[lab] 15:55 CLOSE Crabel_Stretch             ATM+1 eod      net=+403.92
[lab] 15:55 CLOSE Six_Lines_NoCap            ATM   eod      net=+233.92
[lab] 15:55 CLOSE Six_Lines_NoCap            ATM-1 eod      net=+174.92
[lab] 15:55 CLOSE Six_Lines_NoCap            ATM+1 eod      net=+278.92
[lab] 15:55 CLOSE PDH_PDL_FailedBreak        ATM   eod      net=-156.08
[lab] 15:55 CLOSE PDH_PDL_FailedBreak        ATM-1 eod      net=-211.08
[lab] 15:55 CLOSE PDH_PDL_FailedBreak        ATM+1 eod      net=-109.08
[lab] 15:55 CLOSE VWAP_Reclaim               ATM   eod      net=+9.92
[lab] 15:55 CLOSE VWAP_Reclaim               ATM-1 eod      net=-0.08
[lab] 15:55 CLOSE VWAP_Reclaim               ATM+1 eod      net=+18.92
[lab] 15:55 CLOSE Six_Lines_NoCap            ATM   eod      net=+419.92
[lab] 15:55 CLOSE Six_Lines_NoCap            ATM-1 eod      net=+354.92
[lab] 15:55 CLOSE Six_Lines_NoCap            ATM+1 eod      net=+466.92
[lab] 15:55 CLOSE Crabel_Stretch             ATM   eod      net=+392.92
[lab] 15:55 CLOSE Crabel_Stretch             ATM-1 eod      net=+335.92
[lab] 15:55 CLOSE Crabel_Stretch             ATM+1 eod      net=+431.92
[lab] 15:55 CLOSE EMA_9_20_Pullback          ATM   eod      net=+88.92
[lab] 15:55 CLOSE EMA_9_20_Pullback          ATM-1 eod      net=+36.92
[lab] 15:55 CLOSE EMA_9_20_Pullback          ATM+1 eod      net=+135.92
[lab] 15:55 CLOSE IntradayMomentumBoundary   ATM   eod      net=+212.92
[lab] 15:55 CLOSE IntradayMomentumBoundary   ATM-1 eod      net=+148.92
[lab] 15:55 CLOSE IntradayMomentumBoundary   ATM+1 eod      net=+252.92
[lab] daily: {"date": "2026-09-23", "config_hash": "ccd00ac71f8243e9", "symbols": ["QQQ", "SPY"], "signals_decided": 27, "signals_skipped": 356, "fills_skipped": 0, "trades_closed": 81, "degraded_bars": {}, "atm_net": 2070.82, "feed": {"source": "HISTORY_BACKFILL", "calls": 0, "retries": 0, "bar_cache_hits": 0, "bar_cache_misses": 0, "outage_episodes": 0, "upstream_down_now": false}}
