[replay options] 2026-09-21 -- config ccd00ac71f8243e9 -- history-backed, no outages; NOT the prospective record
[lab] warmup QQQ: 24 prior sessions, stretch=1.8701999999999999
[lab] warmup SPY: 24 prior sessions, stretch=0.8953000000000202
[replay] six-lines QQQ: R1=721.73  R2=722.42  R3=729.14  S1=716.46  S2=715.98  S3=715.08
[replay] six-lines SPY: R1=762.00  R2=764.16  R3=767.26  S1=759.59  S2=759.11  S3=757.97
[lab] 09:35 PDH_PDL_Breakout           QQQ long  K=729.0 ask=1.03
[lab] 09:39 Crabel_Stretch             QQQ long  K=730.0 ask=1.08
[lab] 09:39 Six_Lines                  QQQ long  K=730.0 ask=1.08
[lab] 09:39 Six_Lines_NoCap            QQQ long  K=730.0 ask=1.08
[lab] 09:40 PDH_PDL_Breakout           SPY long  K=767.0 ask=0.68
[lab] 09:44 CLOSE PDH_PDL_Breakout           ATM   target   net=+100.92
[lab] 09:44 CLOSE PDH_PDL_Breakout           ATM-1 target   net=+120.92
[lab] 09:44 CLOSE PDH_PDL_Breakout           ATM+1 target   net=+73.92
[lab] 09:46 CLOSE Six_Lines                  ATM   target   net=+103.92
[lab] 09:46 CLOSE Six_Lines                  ATM-1 target   net=+122.92
[lab] 09:46 CLOSE Six_Lines                  ATM+1 target   net=+80.92
[lab] 09:46 ORB_15min                  QQQ long  K=731.0 ask=1.46
[lab] 09:46 ORB_15min                  SPY long  K=767.0 ask=0.90
[lab] 09:53 CLOSE PDH_PDL_Breakout           ATM   target   net=+31.92
[lab] 09:53 CLOSE PDH_PDL_Breakout           ATM-1 target   net=+44.92
[lab] 09:53 CLOSE PDH_PDL_Breakout           ATM+1 target   net=+18.92
[lab] 09:52 Crabel_Stretch             SPY long  K=767.0 ask=1.01
[lab] 09:59 Six_Lines                  SPY long  K=768.0 ask=0.68
[lab] 09:59 Six_Lines_NoCap            SPY long  K=768.0 ask=0.68
[lab] 10:00 IntradayMomentumBoundary   QQQ long  K=733.0 ask=1.07
[lab] 10:00 IntradayMomentumBoundary   SPY long  K=768.0 ask=0.61
[lab] 10:06 CLOSE IntradayMomentumBoundary   ATM   trail_imb net=-14.08
[lab] 10:06 CLOSE IntradayMomentumBoundary   ATM-1 trail_imb net=-21.08
[lab] 10:06 CLOSE IntradayMomentumBoundary   ATM+1 trail_imb net=-6.08
[lab] 10:19 CLOSE ORB_15min                  ATM   target   net=+82.92
[lab] 10:19 CLOSE ORB_15min                  ATM-1 target   net=+102.92
[lab] 10:19 CLOSE ORB_15min                  ATM+1 target   net=+56.92
[lab] 10:29 CLOSE Six_Lines                  ATM   target   net=+85.92
[lab] 10:29 CLOSE Six_Lines                  ATM-1 target   net=+108.92
[lab] 10:29 CLOSE Six_Lines                  ATM+1 target   net=+56.92
[lab] 10:30 MOMO_CHASE                 QQQ long  K=735.0 ask=1.24
[lab] 10:30 MOMO_CHASE                 SPY long  K=769.0 ask=0.84
[lab] 10:30 IntradayMomentumBoundary   SPY long  K=769.0 ask=0.88
[lab] 10:37 CLOSE ORB_15min                  ATM   target   net=+339.92
[lab] 10:37 CLOSE ORB_15min                  ATM-1 target   net=+368.92
[lab] 10:37 CLOSE ORB_15min                  ATM+1 target   net=+300.92
[lab] 10:55 CLOSE MOMO_CHASE                 ATM   time     net=-5.08
[lab] 10:55 CLOSE MOMO_CHASE                 ATM-1 time     net=-1.08
[lab] 10:55 CLOSE MOMO_CHASE                 ATM+1 time     net=-7.08
[lab] 10:55 CLOSE MOMO_CHASE                 ATM   time     net=+0.92
[lab] 10:55 CLOSE MOMO_CHASE                 ATM-1 time     net=+6.92
[lab] 10:55 CLOSE MOMO_CHASE                 ATM+1 time     net=-4.08
[lab] 14:25 MOMO_CHASE                 QQQ long  K=741.0 ask=0.48
[lab] 14:25 MOMO_CHASE                 SPY long  K=774.0 ask=0.54
[lab] 14:50 CLOSE MOMO_CHASE                 ATM   time     net=+13.92
[lab] 14:50 CLOSE MOMO_CHASE                 ATM-1 time     net=+25.92
[lab] 14:50 CLOSE MOMO_CHASE                 ATM+1 time     net=+2.92
[lab] 14:50 CLOSE MOMO_CHASE                 ATM   time     net=+23.92
[lab] 14:50 CLOSE MOMO_CHASE                 ATM-1 time     net=+38.92
[lab] 14:50 CLOSE MOMO_CHASE                 ATM+1 time     net=+9.92
[lab] 15:55 CLOSE Crabel_Stretch             ATM   eod      net=+1040.92
[lab] 15:55 CLOSE Crabel_Stretch             ATM-1 eod      net=+1083.92
[lab] 15:55 CLOSE Crabel_Stretch             ATM+1 eod      net=+982.92
[lab] 15:55 CLOSE Six_Lines_NoCap            ATM   eod      net=+1040.92
[lab] 15:55 CLOSE Six_Lines_NoCap            ATM-1 eod      net=+1083.92
[lab] 15:55 CLOSE Six_Lines_NoCap            ATM+1 eod      net=+982.92
[lab] 15:55 CLOSE IntradayMomentumBoundary   ATM   eod      net=+752.92
[lab] 15:55 CLOSE IntradayMomentumBoundary   ATM-1 eod      net=+796.92
[lab] 15:55 CLOSE IntradayMomentumBoundary   ATM+1 eod      net=+691.92
[lab] 15:55 CLOSE Crabel_Stretch             ATM   eod      net=+562.92
[lab] 15:55 CLOSE Crabel_Stretch             ATM-1 eod      net=+593.92
[lab] 15:55 CLOSE Crabel_Stretch             ATM+1 eod      net=+517.92
[lab] 15:55 CLOSE Six_Lines_NoCap            ATM   eod      net=+501.92
[lab] 15:55 CLOSE Six_Lines_NoCap            ATM-1 eod      net=+539.92
[lab] 15:55 CLOSE Six_Lines_NoCap            ATM+1 eod      net=+438.92
[lab] 15:55 CLOSE IntradayMomentumBoundary   ATM   eod      net=+384.92
[lab] 15:55 CLOSE IntradayMomentumBoundary   ATM-1 eod      net=+418.92
[lab] 15:55 CLOSE IntradayMomentumBoundary   ATM+1 eod      net=+324.92
[lab] daily: {"date": "2026-09-21", "config_hash": "ccd00ac71f8243e9", "symbols": ["QQQ", "SPY"], "signals_decided": 17, "signals_skipped": 327, "fills_skipped": 0, "trades_closed": 51, "degraded_bars": {}, "atm_net": 5049.63, "feed": {"source": "HISTORY_BACKFILL", "calls": 0, "retries": 0, "bar_cache_hits": 0, "bar_cache_misses": 0, "outage_episodes": 0, "upstream_down_now": false}}
