[replay options] 2026-09-09 -- config ccd00ac71f8243e9 -- history-backed, no outages; NOT the prospective record
[lab] warmup QQQ: 24 prior sessions, stretch=2.144199999999978
[lab] warmup SPY: 24 prior sessions, stretch=1.2067400000000021
[replay] six-lines QQQ: R1=720.78  R2=721.89  R3=723.76  S1=716.88  S2=715.57  S3=713.45
[replay] six-lines SPY: R1=767.79  R2=769.70  R3=770.49  S1=765.14  S2=762.49  S3=761.78
[lab] 09:40 PDH_PDL_Breakout           SPY short K=764.0 ask=1.32
[lab] 09:45 PDH_PDL_FailedBreak        QQQ long  K=717.0 ask=1.68
[lab] 09:49 ORB_5min                   QQQ long  K=717.0 ask=1.92
[lab] 09:50 CLOSE PDH_PDL_Breakout           ATM   stop     net=-8.08
[lab] 09:50 CLOSE PDH_PDL_Breakout           ATM-1 stop     net=-7.08
[lab] 09:50 CLOSE PDH_PDL_Breakout           ATM+1 stop     net=-9.08
[lab] 09:52 ORB_15min                  QQQ long  K=718.0 ask=1.38
[lab] 09:58 Crabel_Stretch             QQQ long  K=719.0 ask=1.38
[lab] 10:18 ORB_5min                   SPY short K=763.0 ask=1.09
[lab] 10:18 ORB_15min                  SPY short K=763.0 ask=1.09
[lab] 10:23 Crabel_Stretch             SPY short K=763.0 ask=1.20
[lab] 10:25 CLOSE ORB_15min                  ATM   stop     net=-52.08
[lab] 10:25 CLOSE ORB_15min                  ATM-1 stop     net=-65.08
[lab] 10:25 CLOSE ORB_15min                  ATM+1 stop     net=-40.08
[lab] 10:29 CLOSE ORB_15min                  ATM   stop     net=-36.08
[lab] 10:29 CLOSE ORB_15min                  ATM-1 stop     net=-25.08
[lab] 10:29 CLOSE ORB_15min                  ATM+1 stop     net=-48.08
[lab] 11:01 CLOSE ORB_5min                   ATM   stop     net=-51.08
[lab] 11:01 CLOSE ORB_5min                   ATM-1 stop     net=-36.08
[lab] 11:01 CLOSE ORB_5min                   ATM+1 stop     net=-68.08
[lab] 11:05 MOMO_CHASE                 QQQ short K=717.0 ask=1.21
[lab] 11:09 Six_Lines                  SPY short K=762.0 ask=0.95
[lab] 11:09 Six_Lines_NoCap            SPY short K=762.0 ask=0.95
[lab] 11:12 CLOSE PDH_PDL_FailedBreak        ATM   stop     net=-102.08
[lab] 11:12 CLOSE PDH_PDL_FailedBreak        ATM-1 stop     net=-125.08
[lab] 11:12 CLOSE PDH_PDL_FailedBreak        ATM+1 stop     net=-80.08
[lab] 11:12 CLOSE ORB_5min                   ATM   stop     net=-126.08
[lab] 11:12 CLOSE ORB_5min                   ATM-1 stop     net=-154.08
[lab] 11:12 CLOSE ORB_5min                   ATM+1 stop     net=-99.08
[lab] 11:15 PDH_PDL_Breakout           QQQ short K=715.0 ask=1.43
[lab] 11:15 MOMO_CHASE                 SPY short K=762.0 ask=1.30
[lab] 11:20 CLOSE PDH_PDL_Breakout           ATM   stop     net=-55.08
[lab] 11:20 CLOSE PDH_PDL_Breakout           ATM-1 stop     net=-42.08
[lab] 11:20 CLOSE PDH_PDL_Breakout           ATM+1 stop     net=-68.08
[lab] 11:25 CLOSE Crabel_Stretch             ATM   stop     net=-126.08
[lab] 11:25 CLOSE Crabel_Stretch             ATM-1 stop     net=-174.08
[lab] 11:25 CLOSE Crabel_Stretch             ATM+1 stop     net=-87.08
[lab] 11:30 CLOSE MOMO_CHASE                 ATM   time     net=+141.92
[lab] 11:30 CLOSE MOMO_CHASE                 ATM-1 time     net=+108.92
[lab] 11:30 CLOSE MOMO_CHASE                 ATM+1 time     net=+171.92
[lab] 11:29 Six_Lines                  QQQ short K=715.0 ask=1.39
[lab] 11:29 Six_Lines_NoCap            QQQ short K=715.0 ask=1.39
[lab] 11:30 IntradayMomentumBoundary   SPY short K=762.0 ask=1.10
[lab] 11:40 CLOSE Six_Lines                  ATM   failed   net=-33.08
[lab] 11:40 CLOSE Six_Lines                  ATM-1 failed   net=-21.08
[lab] 11:40 CLOSE Six_Lines                  ATM+1 failed   net=-42.08
[lab] 11:40 CLOSE Six_Lines_NoCap            ATM   failed   net=-33.08
[lab] 11:40 CLOSE Six_Lines_NoCap            ATM-1 failed   net=-21.08
[lab] 11:40 CLOSE Six_Lines_NoCap            ATM+1 failed   net=-42.08
[lab] 11:40 CLOSE MOMO_CHASE                 ATM   time     net=-68.08
[lab] 11:40 CLOSE MOMO_CHASE                 ATM-1 time     net=-47.08
[lab] 11:40 CLOSE MOMO_CHASE                 ATM+1 time     net=-86.08
[lab] 11:40 CLOSE IntradayMomentumBoundary   ATM   trail_imb net=-48.08
[lab] 11:40 CLOSE IntradayMomentumBoundary   ATM-1 trail_imb net=-29.08
[lab] 11:40 CLOSE IntradayMomentumBoundary   ATM+1 trail_imb net=-66.08
[lab] 11:50 CLOSE Six_Lines                  ATM   failed   net=-64.08
[lab] 11:50 CLOSE Six_Lines                  ATM-1 failed   net=-49.08
[lab] 11:50 CLOSE Six_Lines                  ATM+1 failed   net=-80.08
[lab] 11:50 CLOSE Six_Lines_NoCap            ATM   failed   net=-64.08
[lab] 11:50 CLOSE Six_Lines_NoCap            ATM-1 failed   net=-49.08
[lab] 11:50 CLOSE Six_Lines_NoCap            ATM+1 failed   net=-80.08
[lab] 12:00 IntradayMomentumBoundary   SPY short K=762.0 ask=0.79
[lab] 12:45 CLOSE IntradayMomentumBoundary   ATM   trail_imb net=-23.08
[lab] 12:45 CLOSE IntradayMomentumBoundary   ATM-1 trail_imb net=-18.08
[lab] 12:45 CLOSE IntradayMomentumBoundary   ATM+1 trail_imb net=-27.08
[lab] 13:00 IntradayMomentumBoundary   SPY short K=763.0 ask=0.99
[lab] 13:03 CLOSE IntradayMomentumBoundary   ATM   trail_imb net=-15.08
[lab] 13:03 CLOSE IntradayMomentumBoundary   ATM-1 trail_imb net=-9.08
[lab] 13:03 CLOSE IntradayMomentumBoundary   ATM+1 trail_imb net=-22.08
[lab] 13:15 TTM_Squeeze                QQQ long  K=717.0 ask=0.80
[lab] 13:15 MOMO_CHASE                 SPY long  K=763.0 ask=0.79
[lab] 13:25 CLOSE TTM_Squeeze                ATM   bars     net=-14.08
[lab] 13:25 CLOSE TTM_Squeeze                ATM-1 bars     net=-16.08
[lab] 13:25 CLOSE TTM_Squeeze                ATM+1 bars     net=-10.08
[lab] 13:40 CLOSE MOMO_CHASE                 ATM   time     net=-39.08
[lab] 13:40 CLOSE MOMO_CHASE                 ATM-1 time     net=-54.08
[lab] 13:40 CLOSE MOMO_CHASE                 ATM+1 time     net=-23.08
[lab] 13:55 MOMO_CHASE                 SPY long  K=763.0 ask=0.74
[lab] 14:20 CLOSE MOMO_CHASE                 ATM   time     net=-40.08
[lab] 14:20 CLOSE MOMO_CHASE                 ATM-1 time     net=-57.08
[lab] 14:20 CLOSE MOMO_CHASE                 ATM+1 time     net=-19.08
[lab] 15:50 VWAP_Reclaim               SPY short K=762.0 ask=0.16
[lab] 15:55 CLOSE Crabel_Stretch             ATM   eod      net=-59.08
[lab] 15:55 CLOSE Crabel_Stretch             ATM-1 eod      net=-69.08
[lab] 15:55 CLOSE Crabel_Stretch             ATM+1 eod      net=-32.08
[lab] 15:55 CLOSE VWAP_Reclaim               ATM   eod      net=-6.08
[lab] 15:55 CLOSE VWAP_Reclaim               ATM+1 eod      net=-10.08
[lab] daily: {"date": "2026-09-09", "config_hash": "ccd00ac71f8243e9", "symbols": ["QQQ", "SPY"], "signals_decided": 22, "signals_skipped": 135, "fills_skipped": 0, "trades_closed": 65, "degraded_bars": {}, "atm_net": -921.78, "feed": {"source": "HISTORY_BACKFILL", "calls": 0, "retries": 0, "bar_cache_hits": 0, "bar_cache_misses": 0, "outage_episodes": 0, "upstream_down_now": false}}
