[replay options] 2026-09-08 -- config ccd00ac71f8243e9 -- history-backed, no outages; NOT the prospective record
[lab] warmup QQQ: 24 prior sessions, stretch=2.05949999999998
[lab] warmup SPY: 24 prior sessions, stretch=1.187740000000008
[replay] six-lines QQQ: R1=721.86  R2=722.08  R3=723.76  S1=716.88  S2=716.56  S3=711.25
[replay] six-lines SPY: R1=770.49  R2=772.87  R3=774.27  S1=769.00  S2=768.19  S3=761.78
[lab] 09:35 TTM_Squeeze                SPY short K=769.0 ask=1.21
[lab] 09:39 Six_Lines                  SPY short K=768.0 ask=1.04
[lab] 09:39 Six_Lines_NoCap            SPY short K=768.0 ask=1.04
[lab] 09:40 PDH_PDL_Breakout           SPY short K=768.0 ask=1.04
[lab] 09:40 Crabel_Stretch             QQQ short K=718.0 ask=1.57
[lab] 09:40 Crabel_Stretch             SPY short K=768.0 ask=1.32
[lab] 09:42 CLOSE TTM_Squeeze                ATM   target   net=+81.92
[lab] 09:42 CLOSE TTM_Squeeze                ATM-1 target   net=+62.92
[lab] 09:42 CLOSE TTM_Squeeze                ATM+1 target   net=+98.92
[lab] 09:42 ORB_5min                   QQQ short K=717.0 ask=1.78
[lab] 09:52 ORB_15min                  SPY short K=767.0 ask=1.11
[lab] 09:53 ORB_15min                  QQQ short K=717.0 ask=1.91
[lab] 10:00 PDH_PDL_FailedBreak        QQQ long  K=717.0 ask=1.82
[lab] 10:00 IntradayMomentumBoundary   QQQ short K=717.0 ask=1.47
[lab] 10:00 IntradayMomentumBoundary   SPY short K=767.0 ask=0.87
[lab] 10:03 CLOSE PDH_PDL_FailedBreak        ATM   stop     net=-51.08
[lab] 10:03 CLOSE PDH_PDL_FailedBreak        ATM-1 stop     net=-63.08
[lab] 10:03 CLOSE PDH_PDL_FailedBreak        ATM+1 stop     net=-41.08
[lab] 10:03 CLOSE Six_Lines                  ATM   target   net=+68.92
[lab] 10:03 CLOSE Six_Lines                  ATM-1 target   net=+48.92
[lab] 10:03 CLOSE Six_Lines                  ATM+1 target   net=+88.92
[lab] 10:03 CLOSE PDH_PDL_Breakout           ATM   target   net=+68.92
[lab] 10:03 CLOSE PDH_PDL_Breakout           ATM-1 target   net=+48.92
[lab] 10:03 CLOSE PDH_PDL_Breakout           ATM+1 target   net=+88.92
[lab] 10:09 Six_Lines                  QQQ short K=716.0 ask=1.44
[lab] 10:09 Six_Lines_NoCap            QQQ short K=716.0 ask=1.44
[lab] 10:10 PDH_PDL_Breakout           QQQ short K=716.0 ask=1.44
[lab] 10:17 CLOSE PDH_PDL_Breakout           ATM   stop     net=-38.08
[lab] 10:17 CLOSE PDH_PDL_Breakout           ATM-1 stop     net=-30.08
[lab] 10:17 CLOSE PDH_PDL_Breakout           ATM+1 stop     net=-47.08
[lab] 10:21 CLOSE IntradayMomentumBoundary   ATM   trail_imb net=-22.08
[lab] 10:21 CLOSE IntradayMomentumBoundary   ATM-1 trail_imb net=-21.08
[lab] 10:21 CLOSE IntradayMomentumBoundary   ATM+1 trail_imb net=-26.08
[lab] 10:30 CLOSE Six_Lines                  ATM   failed   net=-76.08
[lab] 10:30 CLOSE Six_Lines                  ATM-1 failed   net=-59.08
[lab] 10:30 CLOSE Six_Lines                  ATM+1 failed   net=-95.08
[lab] 10:30 CLOSE Six_Lines_NoCap            ATM   failed   net=-76.08
[lab] 10:30 CLOSE Six_Lines_NoCap            ATM-1 failed   net=-59.08
[lab] 10:30 CLOSE Six_Lines_NoCap            ATM+1 failed   net=-95.08
[lab] 10:30 EMA_9_20_Pullback          SPY short K=767.0 ask=1.13
[lab] 10:51 CLOSE IntradayMomentumBoundary   ATM   trail_imb net=-22.08
[lab] 10:51 CLOSE IntradayMomentumBoundary   ATM-1 trail_imb net=-20.08
[lab] 10:51 CLOSE IntradayMomentumBoundary   ATM+1 trail_imb net=-21.08
[lab] 10:56 CLOSE EMA_9_20_Pullback          ATM   stop     net=-60.08
[lab] 10:56 CLOSE EMA_9_20_Pullback          ATM-1 stop     net=-41.08
[lab] 10:56 CLOSE EMA_9_20_Pullback          ATM+1 stop     net=-80.08
[lab] 11:11 CLOSE ORB_15min                  ATM   stop     net=-154.08
[lab] 11:11 CLOSE ORB_15min                  ATM-1 stop     net=-122.08
[lab] 11:11 CLOSE ORB_15min                  ATM+1 stop     net=-189.08
[lab] 11:45 MOMO_CHASE                 QQQ long  K=721.0 ask=0.93
[lab] 12:00 IntradayMomentumBoundary   SPY short K=767.0 ask=0.62
[lab] 12:05 CLOSE IntradayMomentumBoundary   ATM   trail_imb net=-16.08
[lab] 12:05 CLOSE IntradayMomentumBoundary   ATM-1 trail_imb net=-8.08
[lab] 12:05 CLOSE IntradayMomentumBoundary   ATM+1 trail_imb net=-26.08
[lab] 12:10 CLOSE MOMO_CHASE                 ATM   time     net=-55.08
[lab] 12:10 CLOSE MOMO_CHASE                 ATM-1 time     net=-77.08
[lab] 12:10 CLOSE MOMO_CHASE                 ATM+1 time     net=-33.08
[lab] 12:20 MOMO_CHASE                 SPY short K=767.0 ask=0.76
[lab] 12:30 IntradayMomentumBoundary   SPY short K=767.0 ask=0.67
[lab] 12:40 TTM_Squeeze                SPY short K=767.0 ask=0.66
[lab] 12:45 CLOSE MOMO_CHASE                 ATM   time     net=-13.08
[lab] 12:45 CLOSE MOMO_CHASE                 ATM-1 time     net=-10.08
[lab] 12:45 CLOSE MOMO_CHASE                 ATM+1 time     net=-12.08
[lab] 12:50 CLOSE TTM_Squeeze                ATM   bars     net=-13.08
[lab] 12:50 CLOSE TTM_Squeeze                ATM-1 bars     net=-8.08
[lab] 12:50 CLOSE TTM_Squeeze                ATM+1 bars     net=-19.08
[lab] 13:02 CLOSE IntradayMomentumBoundary   ATM   trail_imb net=-30.08
[lab] 13:02 CLOSE IntradayMomentumBoundary   ATM-1 trail_imb net=-17.08
[lab] 13:02 CLOSE IntradayMomentumBoundary   ATM+1 trail_imb net=-47.08
[lab] 14:47 VWAP_Reclaim               SPY short K=767.0 ask=0.48
[lab] 14:48 VWAP_Reclaim               QQQ short K=718.0 ask=0.69
[lab] 14:49 CLOSE VWAP_Reclaim               ATM   target   net=+73.92
[lab] 14:49 CLOSE VWAP_Reclaim               ATM-1 target   net=+47.92
[lab] 14:49 CLOSE VWAP_Reclaim               ATM+1 target   net=+84.92
[lab] 15:00 IntradayMomentumBoundary   SPY short K=767.0 ask=0.69
[lab] 15:55 CLOSE Crabel_Stretch             ATM   eod      net=-97.08
[lab] 15:55 CLOSE Crabel_Stretch             ATM-1 eod      net=-103.08
[lab] 15:55 CLOSE Crabel_Stretch             ATM+1 eod      net=-65.08
[lab] 15:55 CLOSE ORB_5min                   ATM   eod      net=-162.08
[lab] 15:55 CLOSE ORB_5min                   ATM-1 eod      net=-135.08
[lab] 15:55 CLOSE ORB_5min                   ATM+1 eod      net=-168.08
[lab] 15:55 CLOSE VWAP_Reclaim               ATM   eod      net=-9.08
[lab] 15:55 CLOSE VWAP_Reclaim               ATM-1 eod      net=-23.08
[lab] 15:55 CLOSE VWAP_Reclaim               ATM+1 eod      net=+16.92
[lab] 15:55 CLOSE Six_Lines_NoCap            ATM   eod      net=+112.92
[lab] 15:55 CLOSE Six_Lines_NoCap            ATM-1 eod      net=+50.92
[lab] 15:55 CLOSE Six_Lines_NoCap            ATM+1 eod      net=+163.92
[lab] 15:55 CLOSE Crabel_Stretch             ATM   eod      net=+84.92
[lab] 15:55 CLOSE Crabel_Stretch             ATM-1 eod      net=+29.92
[lab] 15:55 CLOSE Crabel_Stretch             ATM+1 eod      net=+130.92
[lab] 15:55 CLOSE ORB_15min                  ATM   eod      net=+8.92
[lab] 15:55 CLOSE ORB_15min                  ATM-1 eod      net=-27.08
[lab] 15:55 CLOSE ORB_15min                  ATM+1 eod      net=+53.92
[lab] 15:55 CLOSE IntradayMomentumBoundary   ATM   eod      net=+50.92
[lab] 15:55 CLOSE IntradayMomentumBoundary   ATM-1 eod      net=+16.92
[lab] 15:55 CLOSE IntradayMomentumBoundary   ATM+1 eod      net=+75.92
[lab] daily: {"date": "2026-09-08", "config_hash": "ccd00ac71f8243e9", "symbols": ["QQQ", "SPY"], "signals_decided": 24, "signals_skipped": 253, "fills_skipped": 0, "trades_closed": 72, "degraded_bars": {}, "atm_net": -343.94, "feed": {"source": "HISTORY_BACKFILL", "calls": 0, "retries": 0, "bar_cache_hits": 0, "bar_cache_misses": 0, "outage_episodes": 0, "upstream_down_now": false}}
