[replay options] 2026-09-04 -- config ccd00ac71f8243e9 -- history-backed, no outages; NOT the prospective record
[lab] warmup QQQ: 25 prior sessions, stretch=1.8523799999999824
[lab] warmup SPY: 25 prior sessions, stretch=1.2817400000000134
[replay] six-lines QQQ: R1=711.87  R2=718.91  R3=722.08  S1=711.25  S2=709.69  S3=705.90
[replay] six-lines SPY: R1=768.00  R2=774.03  R3=774.27  S1=768.19  S2=767.45  S3=762.35
[lab] 09:35 PDH_PDL_Breakout           QQQ long  K=720.0 ask=2.14
[lab] 09:43 ORB_5min                   QQQ long  K=721.0 ask=1.55
[lab] 09:50 EMA_9_20_Pullback          QQQ long  K=720.0 ask=1.91
[lab] 09:53 ORB_15min                  QQQ long  K=721.0 ask=1.52
[lab] 09:55 Crabel_Stretch             QQQ long  K=721.0 ask=1.83
[lab] 10:00 IntradayMomentumBoundary   QQQ long  K=722.0 ask=1.33
[lab] 10:02 CLOSE IntradayMomentumBoundary   ATM   trail_imb net=-29.08
[lab] 10:02 CLOSE IntradayMomentumBoundary   ATM-1 trail_imb net=-35.08
[lab] 10:02 CLOSE IntradayMomentumBoundary   ATM+1 trail_imb net=-25.08
[lab] 10:08 ORB_15min                  SPY short K=772.0 ask=1.19
[lab] 10:13 CLOSE ORB_15min                  ATM   stop     net=-55.08
[lab] 10:13 CLOSE ORB_15min                  ATM-1 stop     net=-66.08
[lab] 10:13 CLOSE ORB_15min                  ATM+1 stop     net=-43.08
[lab] 10:30 MOMO_CHASE                 QQQ short K=720.0 ask=1.58
[lab] 10:30 MOMO_CHASE                 SPY short K=771.0 ask=0.95
[lab] 10:32 CLOSE EMA_9_20_Pullback          ATM   stop     net=-103.08
[lab] 10:32 CLOSE EMA_9_20_Pullback          ATM-1 stop     net=-120.08
[lab] 10:32 CLOSE EMA_9_20_Pullback          ATM+1 stop     net=-83.08
[lab] 10:35 PDH_PDL_FailedBreak        QQQ short K=719.0 ask=1.54
[lab] 10:43 CLOSE PDH_PDL_Breakout           ATM   stop     net=-148.08
[lab] 10:43 CLOSE PDH_PDL_Breakout           ATM-1 stop     net=-170.08
[lab] 10:43 CLOSE PDH_PDL_Breakout           ATM+1 stop     net=-121.08
[lab] 10:43 CLOSE ORB_5min                   ATM   stop     net=-116.08
[lab] 10:43 CLOSE ORB_5min                   ATM-1 stop     net=-143.08
[lab] 10:43 CLOSE ORB_5min                   ATM+1 stop     net=-86.08
[lab] 10:43 CLOSE ORB_15min                  ATM   target   net=+70.92
[lab] 10:43 CLOSE ORB_15min                  ATM-1 target   net=+49.92
[lab] 10:43 CLOSE ORB_15min                  ATM+1 target   net=+91.92
[lab] 10:42 Crabel_Stretch             SPY short K=770.0 ask=0.83
[lab] 10:55 CLOSE MOMO_CHASE                 ATM   time     net=+117.92
[lab] 10:55 CLOSE MOMO_CHASE                 ATM-1 time     net=+93.92
[lab] 10:55 CLOSE MOMO_CHASE                 ATM+1 time     net=+139.92
[lab] 10:55 MOMO_CHASE                 QQQ short K=717.5 ask=1.29
[lab] 10:55 CLOSE MOMO_CHASE                 ATM   time     net=+89.92
[lab] 10:55 CLOSE MOMO_CHASE                 ATM-1 time     net=+64.92
[lab] 10:55 CLOSE MOMO_CHASE                 ATM+1 time     net=+116.92
[lab] 10:55 MOMO_CHASE                 SPY short K=770.0 ask=1.26
[lab] 10:57 CLOSE Crabel_Stretch             ATM   stop     net=-161.08
[lab] 10:57 CLOSE Crabel_Stretch             ATM-1 stop     net=-210.08
[lab] 10:57 CLOSE Crabel_Stretch             ATM+1 stop     net=-117.08
[lab] 11:00 IntradayMomentumBoundary   SPY short K=770.0 ask=1.28
[lab] 11:20 CLOSE MOMO_CHASE                 ATM   time     net=-3.08
[lab] 11:20 CLOSE MOMO_CHASE                 ATM-1 time     net=-4.08
[lab] 11:20 CLOSE MOMO_CHASE                 ATM+1 time     net=-1.08
[lab] 11:20 CLOSE MOMO_CHASE                 ATM   time     net=+2.92
[lab] 11:20 CLOSE MOMO_CHASE                 ATM-1 time     net=-3.08
[lab] 11:20 CLOSE MOMO_CHASE                 ATM+1 time     net=+9.92
[lab] 11:25 MOMO_CHASE                 SPY short K=769.0 ask=0.80
[lab] 11:30 MOMO_CHASE                 QQQ short K=717.5 ask=1.12
[lab] 11:50 CLOSE MOMO_CHASE                 ATM   time     net=-27.08
[lab] 11:50 CLOSE MOMO_CHASE                 ATM-1 time     net=-19.08
[lab] 11:50 CLOSE MOMO_CHASE                 ATM+1 time     net=-35.08
[lab] 11:55 CLOSE MOMO_CHASE                 ATM   time     net=-10.08
[lab] 11:55 CLOSE MOMO_CHASE                 ATM-1 time     net=-10.08
[lab] 11:55 CLOSE MOMO_CHASE                 ATM+1 time     net=-8.08
[lab] 12:12 CLOSE IntradayMomentumBoundary   ATM   trail_imb net=-72.08
[lab] 12:12 CLOSE IntradayMomentumBoundary   ATM-1 trail_imb net=-53.08
[lab] 12:12 CLOSE IntradayMomentumBoundary   ATM+1 trail_imb net=-85.08
[lab] 12:30 IntradayMomentumBoundary   SPY short K=771.0 ask=0.96
[lab] 12:35 CLOSE IntradayMomentumBoundary   ATM   trail_imb net=-18.08
[lab] 12:35 CLOSE IntradayMomentumBoundary   ATM-1 trail_imb net=-11.08
[lab] 12:35 CLOSE IntradayMomentumBoundary   ATM+1 trail_imb net=-24.08
[lab] 13:30 IntradayMomentumBoundary   SPY short K=770.0 ask=0.84
[lab] 14:50 CLOSE IntradayMomentumBoundary   ATM   trail_imb net=-52.08
[lab] 14:50 CLOSE IntradayMomentumBoundary   ATM-1 trail_imb net=-32.08
[lab] 14:50 CLOSE IntradayMomentumBoundary   ATM+1 trail_imb net=-60.08
[lab] 15:30 IntradayMomentumBoundary   SPY short K=770.0 ask=0.33
[lab] 15:51 CLOSE IntradayMomentumBoundary   ATM   trail_imb net=-18.08
[lab] 15:51 CLOSE IntradayMomentumBoundary   ATM-1 trail_imb net=-5.08
[lab] 15:51 CLOSE IntradayMomentumBoundary   ATM+1 trail_imb net=-33.08
[lab] 15:55 CLOSE PDH_PDL_FailedBreak        ATM   eod      net=-133.08
[lab] 15:55 CLOSE PDH_PDL_FailedBreak        ATM-1 eod      net=-106.08
[lab] 15:55 CLOSE PDH_PDL_FailedBreak        ATM+1 eod      net=-127.08
[lab] 15:55 CLOSE Crabel_Stretch             ATM   eod      net=-72.08
[lab] 15:55 CLOSE Crabel_Stretch             ATM-1 eod      net=-50.08
[lab] 15:55 CLOSE Crabel_Stretch             ATM+1 eod      net=-63.08
[lab] daily: {"date": "2026-09-04", "config_hash": "ccd00ac71f8243e9", "symbols": ["QQQ", "SPY"], "signals_decided": 19, "signals_skipped": 131, "fills_skipped": 0, "trades_closed": 57, "degraded_bars": {}, "atm_net": -736.54, "feed": {"source": "HISTORY_BACKFILL", "calls": 0, "retries": 0, "bar_cache_hits": 0, "bar_cache_misses": 0, "outage_episodes": 0, "upstream_down_now": false}}
