[replay options] 2026-09-24 -- config ccd00ac71f8243e9 -- history-backed, no outages; NOT the prospective record
[lab] warmup QQQ: 24 prior sessions, stretch=1.3120000000000118
[lab] warmup SPY: 24 prior sessions, stretch=0.8664000000000215
[replay] six-lines QQQ: R1=742.29  R2=747.13  R3=749.08  S1=744.69  S2=738.19  S3=731.67
[replay] six-lines SPY: R1=769.20  R2=773.05  R3=774.74  S1=772.29  S2=766.50  S3=761.57
[lab] 09:35 TTM_Squeeze                QQQ short K=736.0 ask=2.12
[lab] 09:35 TTM_Squeeze                SPY short K=765.0 ask=1.59
[lab] 09:35 PDH_PDL_Breakout           SPY short K=765.0 ask=1.59
[lab] 09:36 CLOSE PDH_PDL_Breakout           ATM   stop     net=+2.92
[lab] 09:36 CLOSE PDH_PDL_Breakout           ATM-1 stop     net=+1.92
[lab] 09:36 CLOSE PDH_PDL_Breakout           ATM+1 stop     net=+3.92
[lab] 09:36 Crabel_Stretch             QQQ long  K=737.0 ask=1.92
[lab] 09:36 Crabel_Stretch             SPY long  K=765.0 ask=1.44
[lab] 09:39 CLOSE TTM_Squeeze                ATM   stop     net=-66.08
[lab] 09:39 CLOSE TTM_Squeeze                ATM-1 stop     net=-53.08
[lab] 09:39 CLOSE TTM_Squeeze                ATM+1 stop     net=-80.08
[lab] 09:40 PDH_PDL_Breakout           QQQ short K=737.0 ask=1.95
[lab] 09:42 CLOSE PDH_PDL_Breakout           ATM   target   net=+30.92
[lab] 09:42 CLOSE PDH_PDL_Breakout           ATM-1 target   net=+24.92
[lab] 09:42 CLOSE PDH_PDL_Breakout           ATM+1 target   net=+35.92
[lab] 09:45 Gap_Fade                   QQQ long  K=737.0 ask=1.87
[lab] 09:45 CLOSE TTM_Squeeze                ATM   bars     net=-5.08
[lab] 09:45 CLOSE TTM_Squeeze                ATM-1 bars     net=-5.08
[lab] 09:45 CLOSE TTM_Squeeze                ATM+1 bars     net=-4.08
[lab] 09:46 ORB_15min                  SPY long  K=765.0 ask=1.43
[lab] 09:47 ORB_15min                  QQQ long  K=738.0 ask=1.72
[lab] 09:48 ORB_5min                   QQQ long  K=737.0 ask=1.84
[lab] 09:55 CLOSE ORB_15min                  ATM   stop     net=-78.08
[lab] 09:55 CLOSE ORB_15min                  ATM-1 stop     net=-93.08
[lab] 09:55 CLOSE ORB_15min                  ATM+1 stop     net=-62.08
[lab] 09:59 ORB_5min                   SPY long  K=765.0 ask=1.55
[lab] 10:10 EMA_9_20_Pullback          QQQ short K=737.0 ask=1.62
[lab] 10:55 MOMO_CHASE                 SPY short K=765.0 ask=1.24
[lab] 10:59 CLOSE ORB_15min                  ATM   stop     net=-53.08
[lab] 10:59 CLOSE ORB_15min                  ATM-1 stop     net=-61.08
[lab] 10:59 CLOSE ORB_15min                  ATM+1 stop     net=-44.08
[lab] 11:00 MOMO_CHASE                 QQQ short K=736.0 ask=1.58
[lab] 11:14 CLOSE ORB_5min                   ATM   stop     net=-94.08
[lab] 11:14 CLOSE ORB_5min                   ATM-1 stop     net=-118.08
[lab] 11:14 CLOSE ORB_5min                   ATM+1 stop     net=-70.08
[lab] 11:20 CLOSE MOMO_CHASE                 ATM   time     net=+59.92
[lab] 11:20 CLOSE MOMO_CHASE                 ATM-1 time     net=+44.92
[lab] 11:20 CLOSE MOMO_CHASE                 ATM+1 time     net=+73.92
[lab] 11:20 MOMO_CHASE                 SPY short K=764.0 ask=1.30
[lab] 11:25 CLOSE MOMO_CHASE                 ATM   time     net=-23.08
[lab] 11:25 CLOSE MOMO_CHASE                 ATM-1 time     net=-20.08
[lab] 11:25 CLOSE MOMO_CHASE                 ATM+1 time     net=-26.08
[lab] 11:45 CLOSE MOMO_CHASE                 ATM   time     net=-24.08
[lab] 11:45 CLOSE MOMO_CHASE                 ATM-1 time     net=-19.08
[lab] 11:45 CLOSE MOMO_CHASE                 ATM+1 time     net=-26.08
[lab] 12:15 VWAP_Reclaim               QQQ long  K=738.0 ask=1.19
[lab] 12:15 VWAP_Reclaim               SPY long  K=766.0 ask=1.12
[lab] 12:17 CLOSE EMA_9_20_Pullback          ATM   stop     net=-108.08
[lab] 12:17 CLOSE EMA_9_20_Pullback          ATM-1 stop     net=-85.08
[lab] 12:17 CLOSE EMA_9_20_Pullback          ATM+1 stop     net=-131.08
[lab] 12:19 CLOSE ORB_5min                   ATM   target   net=+109.92
[lab] 12:19 CLOSE ORB_5min                   ATM-1 target   net=+131.92
[lab] 12:19 CLOSE ORB_5min                   ATM+1 target   net=+88.92
[lab] 12:20 MOMO_CHASE                 QQQ long  K=739.0 ask=1.58
[lab] 12:20 PDH_PDL_FailedBreak        QQQ long  K=739.0 ask=1.58
[lab] 12:20 MOMO_CHASE                 SPY long  K=767.0 ask=1.20
[lab] 12:20 PDH_PDL_FailedBreak        SPY long  K=767.0 ask=1.20
[lab] 12:41 CLOSE Gap_Fade                   ATM   target   net=+275.92
[lab] 12:41 CLOSE Gap_Fade                   ATM-1 target   net=+308.92
[lab] 12:41 CLOSE Gap_Fade                   ATM+1 target   net=+239.92
[lab] 12:43 CLOSE VWAP_Reclaim               ATM   target   net=+335.92
[lab] 12:43 CLOSE VWAP_Reclaim               ATM-1 target   net=+368.92
[lab] 12:43 CLOSE VWAP_Reclaim               ATM+1 target   net=+289.92
[lab] 12:45 CLOSE MOMO_CHASE                 ATM   time     net=+88.92
[lab] 12:45 CLOSE MOMO_CHASE                 ATM-1 time     net=+105.92
[lab] 12:45 CLOSE MOMO_CHASE                 ATM+1 time     net=+69.92
[lab] 12:45 MOMO_CHASE                 QQQ long  K=741.0 ask=1.32
[lab] 12:45 CLOSE MOMO_CHASE                 ATM   time     net=+34.92
[lab] 12:45 CLOSE MOMO_CHASE                 ATM-1 time     net=+46.92
[lab] 12:45 CLOSE MOMO_CHASE                 ATM+1 time     net=+22.92
[lab] 13:10 CLOSE MOMO_CHASE                 ATM   time     net=+46.92
[lab] 13:10 CLOSE MOMO_CHASE                 ATM-1 time     net=+60.92
[lab] 13:10 CLOSE MOMO_CHASE                 ATM+1 time     net=+32.92
[lab] 15:55 CLOSE Crabel_Stretch             ATM   eod      net=+257.92
[lab] 15:55 CLOSE Crabel_Stretch             ATM-1 eod      net=+301.92
[lab] 15:55 CLOSE Crabel_Stretch             ATM+1 eod      net=+203.92
[lab] 15:55 CLOSE PDH_PDL_FailedBreak        ATM   eod      net=+93.92
[lab] 15:55 CLOSE PDH_PDL_FailedBreak        ATM-1 eod      net=+136.92
[lab] 15:55 CLOSE PDH_PDL_FailedBreak        ATM+1 eod      net=+44.92
[lab] 15:55 CLOSE Crabel_Stretch             ATM   eod      net=+151.92
[lab] 15:55 CLOSE Crabel_Stretch             ATM-1 eod      net=+180.92
[lab] 15:55 CLOSE Crabel_Stretch             ATM+1 eod      net=+95.92
[lab] 15:55 CLOSE VWAP_Reclaim               ATM   eod      net=+80.92
[lab] 15:55 CLOSE VWAP_Reclaim               ATM-1 eod      net=+125.92
[lab] 15:55 CLOSE VWAP_Reclaim               ATM+1 eod      net=+37.92
[lab] 15:55 CLOSE PDH_PDL_FailedBreak        ATM   eod      net=-12.08
[lab] 15:55 CLOSE PDH_PDL_FailedBreak        ATM-1 eod      net=+17.92
[lab] 15:55 CLOSE PDH_PDL_FailedBreak        ATM+1 eod      net=-40.08
[lab] daily: {"date": "2026-09-24", "config_hash": "ccd00ac71f8243e9", "symbols": ["QQQ", "SPY"], "signals_decided": 22, "signals_skipped": 317, "fills_skipped": 0, "trades_closed": 66, "degraded_bars": {}, "atm_net": 1107.22, "feed": {"source": "HISTORY_BACKFILL", "calls": 0, "retries": 0, "bar_cache_hits": 0, "bar_cache_misses": 0, "outage_episodes": 0, "upstream_down_now": false}}
