[replay options] 2026-08-31 -- config ccd00ac71f8243e9 -- history-backed, no outages; NOT the prospective record
[lab] warmup QQQ: 25 prior sessions, stretch=1.8133699999999862
[lab] warmup SPY: 25 prior sessions, stretch=1.4147400000000174
[replay] six-lines QQQ: R1=721.11  R2=723.05  R3=724.12  S1=718.25  S2=715.09  S3=712.68
[replay] six-lines SPY: R1=769.35  R2=772.55  R3=775.30  S1=769.55  S2=768.31  S3=766.29
[lab] 09:32 VWAP_Reclaim               SPY short K=767.0 ask=1.41
[lab] 09:35 TTM_Squeeze                SPY short K=766.0 ask=1.14
[lab] 09:35 PDH_PDL_Breakout           SPY short K=766.0 ask=1.14
[lab] 09:35 VWAP_Reclaim               QQQ short K=714.0 ask=1.76
[lab] 09:35 Crabel_Stretch             SPY short K=766.0 ask=1.40
[lab] 09:39 Six_Lines                  QQQ short K=714.0 ask=1.74
[lab] 09:39 Six_Lines_NoCap            QQQ short K=714.0 ask=1.74
[lab] 09:40 PDH_PDL_Breakout           QQQ short K=714.0 ask=1.74
[lab] 09:39 Six_Lines                  SPY short K=766.0 ask=1.16
[lab] 09:39 Six_Lines_NoCap            SPY short K=766.0 ask=1.16
[lab] 09:45 TTM_Squeeze                QQQ short K=714.0 ask=1.59
[lab] 09:45 CLOSE TTM_Squeeze                ATM   bars     net=+17.92
[lab] 09:45 CLOSE TTM_Squeeze                ATM-1 bars     net=+12.92
[lab] 09:45 CLOSE TTM_Squeeze                ATM+1 bars     net=+25.92
[lab] 09:48 CLOSE PDH_PDL_Breakout           ATM   stop     net=-70.08
[lab] 09:48 CLOSE PDH_PDL_Breakout           ATM-1 stop     net=-56.08
[lab] 09:48 CLOSE PDH_PDL_Breakout           ATM+1 stop     net=-86.08
[lab] 09:48 CLOSE TTM_Squeeze                ATM   stop     net=-55.08
[lab] 09:48 CLOSE TTM_Squeeze                ATM-1 stop     net=-43.08
[lab] 09:48 CLOSE TTM_Squeeze                ATM+1 stop     net=-69.08
[lab] 09:50 PDH_PDL_FailedBreak        QQQ long  K=715.0 ask=1.83
[lab] 10:00 CLOSE Six_Lines                  ATM   failed   net=-68.08
[lab] 10:00 CLOSE Six_Lines                  ATM-1 failed   net=-58.08
[lab] 10:00 CLOSE Six_Lines                  ATM+1 failed   net=-78.08
[lab] 10:00 CLOSE Six_Lines_NoCap            ATM   failed   net=-68.08
[lab] 10:00 CLOSE Six_Lines_NoCap            ATM-1 failed   net=-58.08
[lab] 10:00 CLOSE Six_Lines_NoCap            ATM+1 failed   net=-78.08
[lab] 10:00 IntradayMomentumBoundary   SPY short K=766.0 ask=1.12
[lab] 10:02 ORB_5min                   QQQ short K=714.0 ask=1.42
[lab] 10:05 TTM_Squeeze                QQQ short K=714.0 ask=1.39
[lab] 10:07 CLOSE PDH_PDL_FailedBreak        ATM   stop     net=-85.08
[lab] 10:07 CLOSE PDH_PDL_FailedBreak        ATM-1 stop     net=-99.08
[lab] 10:07 CLOSE PDH_PDL_FailedBreak        ATM+1 stop     net=-69.08
[lab] 10:06 ORB_15min                  QQQ short K=714.0 ask=1.65
[lab] 10:06 ORB_5min                   SPY short K=765.0 ask=0.94
[lab] 10:06 ORB_15min                  SPY short K=765.0 ask=0.94
[lab] 10:11 CLOSE VWAP_Reclaim               ATM   target   net=+48.92
[lab] 10:11 CLOSE VWAP_Reclaim               ATM-1 target   net=+32.92
[lab] 10:11 CLOSE VWAP_Reclaim               ATM+1 target   net=+65.92
[lab] 10:15 CLOSE TTM_Squeeze                ATM   bars     net=+0.92
[lab] 10:15 CLOSE TTM_Squeeze                ATM-1 bars     net=-1.08
[lab] 10:15 CLOSE TTM_Squeeze                ATM+1 bars     net=+4.92
[lab] 10:25 Crabel_Stretch             QQQ short K=713.0 ask=1.36
[lab] 10:26 CLOSE Six_Lines                  ATM   target   net=+59.92
[lab] 10:26 CLOSE Six_Lines                  ATM-1 target   net=+40.92
[lab] 10:26 CLOSE Six_Lines                  ATM+1 target   net=+81.92
[lab] 10:30 MOMO_CHASE                 SPY short K=765.0 ask=1.11
[lab] 10:55 CLOSE MOMO_CHASE                 ATM   time     net=-47.08
[lab] 10:55 CLOSE MOMO_CHASE                 ATM-1 time     net=-34.08
[lab] 10:55 CLOSE MOMO_CHASE                 ATM+1 time     net=-61.08
[lab] 10:57 CLOSE IntradayMomentumBoundary   ATM   trail_imb net=-20.08
[lab] 10:57 CLOSE IntradayMomentumBoundary   ATM-1 trail_imb net=-17.08
[lab] 10:57 CLOSE IntradayMomentumBoundary   ATM+1 trail_imb net=-20.08
[lab] 11:30 IntradayMomentumBoundary   SPY short K=766.0 ask=1.07
[lab] 11:51 CLOSE IntradayMomentumBoundary   ATM   trail_imb net=-28.08
[lab] 11:51 CLOSE IntradayMomentumBoundary   ATM-1 trail_imb net=-21.08
[lab] 11:51 CLOSE IntradayMomentumBoundary   ATM+1 trail_imb net=-37.08
[lab] 12:00 IntradayMomentumBoundary   SPY short K=765.0 ask=0.75
[lab] 12:10 MOMO_CHASE                 SPY short K=765.0 ask=0.77
[lab] 12:35 CLOSE MOMO_CHASE                 ATM   time     net=-34.08
[lab] 12:35 CLOSE MOMO_CHASE                 ATM-1 time     net=-22.08
[lab] 12:35 CLOSE MOMO_CHASE                 ATM+1 time     net=-48.08
[lab] 12:58 CLOSE IntradayMomentumBoundary   ATM   trail_imb net=-37.08
[lab] 12:58 CLOSE IntradayMomentumBoundary   ATM-1 trail_imb net=-25.08
[lab] 12:58 CLOSE IntradayMomentumBoundary   ATM+1 trail_imb net=-52.08
[lab] 13:00 IntradayMomentumBoundary   SPY short K=766.0 ask=0.85
[lab] 13:15 CLOSE IntradayMomentumBoundary   ATM   trail_imb net=-16.08
[lab] 13:15 CLOSE IntradayMomentumBoundary   ATM-1 trail_imb net=-10.08
[lab] 13:15 CLOSE IntradayMomentumBoundary   ATM+1 trail_imb net=-19.08
[lab] 13:50 CLOSE Six_Lines_NoCap            ATM   failed   net=-63.08
[lab] 13:50 CLOSE Six_Lines_NoCap            ATM-1 failed   net=-57.08
[lab] 13:50 CLOSE Six_Lines_NoCap            ATM+1 failed   net=-58.08
[lab] 13:51 CLOSE ORB_15min                  ATM   stop     net=-139.08
[lab] 13:51 CLOSE ORB_15min                  ATM-1 stop     net=-110.08
[lab] 13:51 CLOSE ORB_15min                  ATM+1 stop     net=-164.08
[lab] 13:52 CLOSE ORB_15min                  ATM   stop     net=-77.08
[lab] 13:52 CLOSE ORB_15min                  ATM-1 stop     net=-55.08
[lab] 13:52 CLOSE ORB_15min                  ATM+1 stop     net=-99.08
[lab] 13:55 TTM_Squeeze                SPY long  K=767.0 ask=0.56
[lab] 14:05 CLOSE TTM_Squeeze                ATM   bars     net=-12.08
[lab] 14:05 CLOSE TTM_Squeeze                ATM-1 bars     net=-18.08
[lab] 14:05 CLOSE TTM_Squeeze                ATM+1 bars     net=-7.08
[lab] 15:51 CLOSE VWAP_Reclaim               ATM   stop     net=-176.08
[lab] 15:51 CLOSE VWAP_Reclaim               ATM-1 stop     net=-138.08
[lab] 15:51 CLOSE VWAP_Reclaim               ATM+1 stop     net=-221.08
[lab] 15:51 CLOSE ORB_5min                   ATM   stop     net=-142.08
[lab] 15:51 CLOSE ORB_5min                   ATM-1 stop     net=-104.08
[lab] 15:51 CLOSE ORB_5min                   ATM+1 stop     net=-188.08
[lab] 15:51 CLOSE Crabel_Stretch             ATM   stop     net=-136.08
[lab] 15:51 CLOSE Crabel_Stretch             ATM-1 stop     net=-99.08
[lab] 15:51 CLOSE Crabel_Stretch             ATM+1 stop     net=-185.08
[lab] 15:51 CLOSE PDH_PDL_Breakout           ATM   stop     net=-105.08
[lab] 15:51 CLOSE PDH_PDL_Breakout           ATM-1 stop     net=-76.08
[lab] 15:51 CLOSE PDH_PDL_Breakout           ATM+1 stop     net=-128.08
[lab] 15:51 CLOSE ORB_5min                   ATM   stop     net=-92.08
[lab] 15:51 CLOSE ORB_5min                   ATM-1 stop     net=-61.08
[lab] 15:51 CLOSE ORB_5min                   ATM+1 stop     net=-131.08
[lab] 15:55 CLOSE Crabel_Stretch             ATM   eod      net=-135.08
[lab] 15:55 CLOSE Crabel_Stretch             ATM-1 eod      net=-97.08
[lab] 15:55 CLOSE Crabel_Stretch             ATM+1 eod      net=-173.08
[lab] daily: {"date": "2026-08-31", "config_hash": "ccd00ac71f8243e9", "symbols": ["QQQ", "SPY"], "signals_decided": 25, "signals_skipped": 163, "fills_skipped": 0, "trades_closed": 75, "degraded_bars": {}, "atm_net": -1479.02, "feed": {"source": "HISTORY_BACKFILL", "calls": 0, "retries": 0, "bar_cache_hits": 0, "bar_cache_misses": 0, "outage_episodes": 0, "upstream_down_now": false}}
