[replay options] 2026-09-02 -- config ccd00ac71f8243e9 -- history-backed, no outages; NOT the prospective record
[lab] warmup QQQ: 25 prior sessions, stretch=1.9323699999999917
[lab] warmup SPY: 25 prior sessions, stretch=1.594740000000013
[replay] six-lines QQQ: R1=710.74  R2=712.30  R3=718.38  S1=706.69  S2=704.66  S3=702.95
[replay] six-lines SPY: R1=763.26  R2=764.67  R3=767.86  S1=761.41  S2=759.48  S3=759.26
[lab] 09:49 Six_Lines                  QQQ short K=706.0 ask=1.84
[lab] 09:49 Six_Lines_NoCap            QQQ short K=706.0 ask=1.84
[lab] 09:54 ORB_15min                  QQQ short K=705.0 ask=1.54
[lab] 09:59 ORB_15min                  SPY long  K=763.0 ask=1.20
[lab] 10:00 EMA_9_20_Pullback          SPY long  K=763.0 ask=1.20
[lab] 10:05 CLOSE ORB_15min                  ATM   stop     net=-61.08
[lab] 10:05 CLOSE ORB_15min                  ATM-1 stop     net=-50.08
[lab] 10:05 CLOSE ORB_15min                  ATM+1 stop     net=-74.08
[lab] 10:04 VWAP_Reclaim               QQQ long  K=707.0 ask=1.43
[lab] 10:07 ORB_5min                   QQQ long  K=707.0 ask=1.70
[lab] 10:07 Crabel_Stretch             SPY long  K=764.0 ask=1.21
[lab] 10:10 CLOSE Six_Lines                  ATM   failed   net=-68.08
[lab] 10:10 CLOSE Six_Lines                  ATM-1 failed   net=-55.08
[lab] 10:10 CLOSE Six_Lines                  ATM+1 failed   net=-80.08
[lab] 10:10 CLOSE Six_Lines_NoCap            ATM   failed   net=-68.08
[lab] 10:10 CLOSE Six_Lines_NoCap            ATM-1 failed   net=-55.08
[lab] 10:10 CLOSE Six_Lines_NoCap            ATM+1 failed   net=-80.08
[lab] 10:09 Six_Lines                  SPY long  K=764.0 ask=1.03
[lab] 10:09 Six_Lines_NoCap            SPY long  K=764.0 ask=1.03
[lab] 10:19 CLOSE ORB_15min                  ATM   target   net=+102.92
[lab] 10:19 CLOSE ORB_15min                  ATM-1 target   net=+120.92
[lab] 10:19 CLOSE ORB_15min                  ATM+1 target   net=+80.92
[lab] 10:20 CLOSE VWAP_Reclaim               ATM   target   net=+108.92
[lab] 10:20 CLOSE VWAP_Reclaim               ATM-1 target   net=+126.92
[lab] 10:20 CLOSE VWAP_Reclaim               ATM+1 target   net=+89.92
[lab] 10:20 PDH_PDL_Breakout           SPY long  K=765.0 ask=1.11
[lab] 10:23 CLOSE Six_Lines                  ATM   target   net=+91.92
[lab] 10:23 CLOSE Six_Lines                  ATM-1 target   net=+109.92
[lab] 10:23 CLOSE Six_Lines                  ATM+1 target   net=+70.92
[lab] 10:23 Crabel_Stretch             QQQ long  K=709.0 ask=1.69
[lab] 10:30 MOMO_CHASE                 SPY long  K=765.0 ask=1.35
[lab] 10:30 IntradayMomentumBoundary   SPY long  K=765.0 ask=1.28
[lab] 10:35 CLOSE ORB_5min                   ATM   target   net=+165.92
[lab] 10:35 CLOSE ORB_5min                   ATM-1 target   net=+184.92
[lab] 10:35 CLOSE ORB_5min                   ATM+1 target   net=+143.92
[lab] 10:35 MOMO_CHASE                 QQQ long  K=710.0 ask=1.45
[lab] 10:55 CLOSE MOMO_CHASE                 ATM   time     net=+2.92
[lab] 10:55 CLOSE MOMO_CHASE                 ATM-1 time     net=+5.92
[lab] 10:55 CLOSE MOMO_CHASE                 ATM+1 time     net=-0.08
[lab] 11:00 CLOSE MOMO_CHASE                 ATM   time     net=-94.08
[lab] 11:00 CLOSE MOMO_CHASE                 ATM-1 time     net=-117.08
[lab] 11:00 CLOSE MOMO_CHASE                 ATM+1 time     net=-72.08
[lab] 11:31 CLOSE PDH_PDL_Breakout           ATM   target   net=+63.92
[lab] 11:31 CLOSE PDH_PDL_Breakout           ATM-1 target   net=+81.92
[lab] 11:31 CLOSE PDH_PDL_Breakout           ATM+1 target   net=+43.92
[lab] 12:25 MOMO_CHASE                 SPY short K=765.0 ask=1.00
[lab] 12:45 TTM_Squeeze                QQQ short K=708.0 ask=1.13
[lab] 12:50 CLOSE MOMO_CHASE                 ATM   time     net=-2.08
[lab] 12:50 CLOSE MOMO_CHASE                 ATM-1 time     net=-3.08
[lab] 12:50 CLOSE MOMO_CHASE                 ATM+1 time     net=+1.92
[lab] 12:55 CLOSE TTM_Squeeze                ATM   bars     net=-33.08
[lab] 12:55 CLOSE TTM_Squeeze                ATM-1 bars     net=-23.08
[lab] 12:55 CLOSE TTM_Squeeze                ATM+1 bars     net=-44.08
[lab] 13:20 TTM_Squeeze                QQQ short K=708.0 ask=1.14
[lab] 13:20 PDH_PDL_FailedBreak        SPY short K=765.0 ask=1.10
[lab] 13:30 CLOSE TTM_Squeeze                ATM   bars     net=-24.08
[lab] 13:30 CLOSE TTM_Squeeze                ATM-1 bars     net=-17.08
[lab] 13:30 CLOSE TTM_Squeeze                ATM+1 bars     net=-32.08
[lab] 13:35 CLOSE IntradayMomentumBoundary   ATM   trail_imb net=-69.08
[lab] 13:35 CLOSE IntradayMomentumBoundary   ATM-1 trail_imb net=-79.08
[lab] 13:35 CLOSE IntradayMomentumBoundary   ATM+1 trail_imb net=-52.08
[lab] 14:00 IntradayMomentumBoundary   SPY long  K=765.0 ask=0.70
[lab] 14:20 TTM_Squeeze                SPY long  K=766.0 ask=0.56
[lab] 14:25 MOMO_CHASE                 SPY long  K=765.0 ask=0.99
[lab] 14:30 CLOSE TTM_Squeeze                ATM   bars     net=-15.08
[lab] 14:30 CLOSE TTM_Squeeze                ATM-1 bars     net=-21.08
[lab] 14:30 CLOSE TTM_Squeeze                ATM+1 bars     net=-8.08
[lab] 14:47 CLOSE IntradayMomentumBoundary   ATM   trail_imb net=-14.08
[lab] 14:47 CLOSE IntradayMomentumBoundary   ATM-1 trail_imb net=-18.08
[lab] 14:47 CLOSE IntradayMomentumBoundary   ATM+1 trail_imb net=-9.08
[lab] 14:50 CLOSE MOMO_CHASE                 ATM   time     net=-33.08
[lab] 14:50 CLOSE MOMO_CHASE                 ATM-1 time     net=-45.08
[lab] 14:50 CLOSE MOMO_CHASE                 ATM+1 time     net=-19.08
[lab] 15:00 IntradayMomentumBoundary   SPY long  K=765.0 ask=0.57
[lab] 15:55 CLOSE Crabel_Stretch             ATM   eod      net=-81.08
[lab] 15:55 CLOSE Crabel_Stretch             ATM-1 eod      net=-77.08
[lab] 15:55 CLOSE Crabel_Stretch             ATM+1 eod      net=-80.08
[lab] 15:55 CLOSE EMA_9_20_Pullback          ATM   eod      net=+100.92
[lab] 15:55 CLOSE EMA_9_20_Pullback          ATM-1 eod      net=+138.92
[lab] 15:55 CLOSE EMA_9_20_Pullback          ATM+1 eod      net=+65.92
[lab] 15:55 CLOSE Crabel_Stretch             ATM   eod      net=+18.92
[lab] 15:55 CLOSE Crabel_Stretch             ATM-1 eod      net=+38.92
[lab] 15:55 CLOSE Crabel_Stretch             ATM+1 eod      net=-2.08
[lab] 15:55 CLOSE Six_Lines_NoCap            ATM   eod      net=+36.92
[lab] 15:55 CLOSE Six_Lines_NoCap            ATM-1 eod      net=+60.92
[lab] 15:55 CLOSE Six_Lines_NoCap            ATM+1 eod      net=+9.92
[lab] 15:55 CLOSE PDH_PDL_FailedBreak        ATM   eod      net=-61.08
[lab] 15:55 CLOSE PDH_PDL_FailedBreak        ATM-1 eod      net=-48.08
[lab] 15:55 CLOSE PDH_PDL_FailedBreak        ATM+1 eod      net=-69.08
[lab] 15:55 CLOSE IntradayMomentumBoundary   ATM   eod      net=+14.92
[lab] 15:55 CLOSE IntradayMomentumBoundary   ATM-1 eod      net=+24.92
[lab] 15:55 CLOSE IntradayMomentumBoundary   ATM+1 eod      net=+3.92
[lab] daily: {"date": "2026-09-02", "config_hash": "ccd00ac71f8243e9", "symbols": ["QQQ", "SPY"], "signals_decided": 23, "signals_skipped": 155, "fills_skipped": 0, "trades_closed": 69, "degraded_bars": {}, "atm_net": 84.14, "feed": {"source": "HISTORY_BACKFILL", "calls": 0, "retries": 0, "bar_cache_hits": 0, "bar_cache_misses": 0, "outage_episodes": 0, "upstream_down_now": false}}
