[replay options] 2026-09-01 -- config ccd00ac71f8243e9 -- history-backed, no outages; NOT the prospective record
[lab] warmup QQQ: 25 prior sessions, stretch=1.8513699999999857
[lab] warmup SPY: 25 prior sessions, stretch=1.421740000000011
[replay] six-lines QQQ: R1=717.58  R2=718.38  R3=723.05  S1=713.16  S2=712.68  S3=706.69
[replay] six-lines SPY: R1=767.86  R2=768.00  R3=769.35  S1=766.29  S2=764.72  S3=761.41
[lab] 09:38 VWAP_Reclaim               QQQ short K=706.0 ask=1.82
[lab] 09:39 Six_Lines                  QQQ short K=706.0 ask=1.78
[lab] 09:39 Six_Lines_NoCap            QQQ short K=706.0 ask=1.78
[lab] 09:40 ORB_5min                   QQQ short K=706.0 ask=1.87
[lab] 09:47 CLOSE ORB_5min                   ATM   stop     net=-62.08
[lab] 09:47 CLOSE ORB_5min                   ATM-1 stop     net=-50.08
[lab] 09:47 CLOSE ORB_5min                   ATM+1 stop     net=-73.08
[lab] 09:48 CLOSE VWAP_Reclaim               ATM   stop     net=-68.08
[lab] 09:48 CLOSE VWAP_Reclaim               ATM-1 stop     net=-56.08
[lab] 09:48 CLOSE VWAP_Reclaim               ATM+1 stop     net=-80.08
[lab] 09:49 ORB_15min                  QQQ long  K=708.0 ask=1.83
[lab] 09:50 PDH_PDL_Breakout           QQQ short K=708.0 ask=1.71
[lab] 09:50 Gap_Fade                   QQQ long  K=708.0 ask=1.83
[lab] 09:51 CLOSE PDH_PDL_Breakout           ATM   stop     net=-5.08
[lab] 09:51 CLOSE PDH_PDL_Breakout           ATM-1 stop     net=-5.08
[lab] 09:51 CLOSE PDH_PDL_Breakout           ATM+1 stop     net=-5.08
[lab] 10:00 CLOSE Six_Lines                  ATM   failed   net=-70.08
[lab] 10:00 CLOSE Six_Lines                  ATM-1 failed   net=-64.08
[lab] 10:00 CLOSE Six_Lines                  ATM+1 failed   net=-80.08
[lab] 10:00 CLOSE Six_Lines_NoCap            ATM   failed   net=-70.08
[lab] 10:00 CLOSE Six_Lines_NoCap            ATM-1 failed   net=-64.08
[lab] 10:00 CLOSE Six_Lines_NoCap            ATM+1 failed   net=-80.08
[lab] 10:01 ORB_15min                  SPY long  K=763.0 ask=0.89
[lab] 10:03 CLOSE ORB_15min                  ATM   stop     net=-71.08
[lab] 10:03 CLOSE ORB_15min                  ATM-1 stop     net=-83.08
[lab] 10:03 CLOSE ORB_15min                  ATM+1 stop     net=-58.08
[lab] 10:10 PDH_PDL_Breakout           SPY short K=763.0 ask=1.11
[lab] 10:10 Gap_Fade                   SPY long  K=763.0 ask=0.99
[lab] 10:11 CLOSE PDH_PDL_Breakout           ATM   stop     net=-0.08
[lab] 10:11 CLOSE PDH_PDL_Breakout           ATM-1 stop     net=-0.08
[lab] 10:11 CLOSE PDH_PDL_Breakout           ATM+1 stop     net=-1.08
[lab] 10:16 Crabel_Stretch             SPY long  K=763.0 ask=1.31
[lab] 10:31 CLOSE ORB_15min                  ATM   target   net=+82.92
[lab] 10:31 CLOSE ORB_15min                  ATM-1 target   net=+105.92
[lab] 10:31 CLOSE ORB_15min                  ATM+1 target   net=+58.92
[lab] 10:31 Crabel_Stretch             QQQ long  K=709.0 ask=1.57
[lab] 10:35 MOMO_CHASE                 SPY long  K=764.0 ask=1.24
[lab] 10:50 MOMO_CHASE                 QQQ long  K=711.0 ask=1.07
[lab] 11:00 CLOSE MOMO_CHASE                 ATM   time     net=-55.08
[lab] 11:00 CLOSE MOMO_CHASE                 ATM-1 time     net=-69.08
[lab] 11:00 CLOSE MOMO_CHASE                 ATM+1 time     net=-39.08
[lab] 11:15 CLOSE MOMO_CHASE                 ATM   time     net=-61.08
[lab] 11:15 CLOSE MOMO_CHASE                 ATM-1 time     net=-83.08
[lab] 11:15 CLOSE MOMO_CHASE                 ATM+1 time     net=-42.08
[lab] 12:30 VWAP_Reclaim               QQQ short K=708.0 ask=1.09
[lab] 12:40 MOMO_CHASE                 QQQ short K=709.0 ask=1.29
[lab] 12:45 MOMO_CHASE                 SPY short K=762.0 ask=1.08
[lab] 13:05 CLOSE MOMO_CHASE                 ATM   time     net=+11.92
[lab] 13:05 CLOSE MOMO_CHASE                 ATM-1 time     net=+6.92
[lab] 13:05 CLOSE MOMO_CHASE                 ATM+1 time     net=+16.92
[lab] 13:10 CLOSE MOMO_CHASE                 ATM   time     net=-10.08
[lab] 13:10 CLOSE MOMO_CHASE                 ATM-1 time     net=-10.08
[lab] 13:10 CLOSE MOMO_CHASE                 ATM+1 time     net=-8.08
[lab] 13:15 MOMO_CHASE                 QQQ short K=708.0 ask=0.78
[lab] 13:26 CLOSE Gap_Fade                   ATM   stop     net=-77.08
[lab] 13:26 CLOSE Gap_Fade                   ATM-1 stop     net=-106.08
[lab] 13:26 CLOSE Gap_Fade                   ATM+1 stop     net=-48.08
[lab] 13:40 CLOSE MOMO_CHASE                 ATM   time     net=+2.92
[lab] 13:40 CLOSE MOMO_CHASE                 ATM-1 time     net=-2.08
[lab] 13:40 CLOSE MOMO_CHASE                 ATM+1 time     net=+8.92
[lab] 14:29 Six_Lines                  SPY short K=761.0 ask=0.54
[lab] 14:29 Six_Lines_NoCap            SPY short K=761.0 ask=0.54
[lab] 14:35 CLOSE VWAP_Reclaim               ATM   target   net=+72.92
[lab] 14:35 CLOSE VWAP_Reclaim               ATM-1 target   net=+38.92
[lab] 14:35 CLOSE VWAP_Reclaim               ATM+1 target   net=+102.92
[lab] 14:40 CLOSE Crabel_Stretch             ATM   stop     net=-124.08
[lab] 14:40 CLOSE Crabel_Stretch             ATM-1 stop     net=-178.08
[lab] 14:40 CLOSE Crabel_Stretch             ATM+1 stop     net=-76.08
[lab] 14:40 TTM_Squeeze                SPY short K=761.0 ask=0.94
[lab] 14:43 CLOSE Gap_Fade                   ATM   stop     net=-170.08
[lab] 14:43 CLOSE Gap_Fade                   ATM-1 stop     net=-213.08
[lab] 14:43 CLOSE Gap_Fade                   ATM+1 stop     net=-127.08
[lab] 14:43 CLOSE Crabel_Stretch             ATM   stop     net=-151.08
[lab] 14:43 CLOSE Crabel_Stretch             ATM-1 stop     net=-207.08
[lab] 14:43 CLOSE Crabel_Stretch             ATM+1 stop     net=-103.08
[lab] 14:46 CLOSE Six_Lines                  ATM   target   net=+117.92
[lab] 14:46 CLOSE Six_Lines                  ATM-1 target   net=+79.92
[lab] 14:46 CLOSE Six_Lines                  ATM+1 target   net=+144.92
[lab] 14:50 CLOSE TTM_Squeeze                ATM   bars     net=+19.92
[lab] 14:50 CLOSE TTM_Squeeze                ATM-1 bars     net=+12.92
[lab] 14:50 CLOSE TTM_Squeeze                ATM+1 bars     net=+27.92
[lab] 15:55 CLOSE Six_Lines_NoCap            ATM   eod      net=-11.08
[lab] 15:55 CLOSE Six_Lines_NoCap            ATM-1 eod      net=-14.08
[lab] 15:55 CLOSE Six_Lines_NoCap            ATM+1 eod      net=+3.92
[lab] daily: {"date": "2026-09-01", "config_hash": "ccd00ac71f8243e9", "symbols": ["QQQ", "SPY"], "signals_decided": 21, "signals_skipped": 233, "fills_skipped": 0, "trades_closed": 63, "degraded_bars": {}, "atm_net": -697.7, "feed": {"source": "HISTORY_BACKFILL", "calls": 0, "retries": 0, "bar_cache_hits": 0, "bar_cache_misses": 0, "outage_episodes": 0, "upstream_down_now": false}}
