[replay options] 2026-09-15 -- config ccd00ac71f8243e9 -- history-backed, no outages; NOT the prospective record
[lab] warmup QQQ: 24 prior sessions, stretch=1.7001999999999953
[lab] warmup SPY: 24 prior sessions, stretch=0.9824999999999932
[replay] six-lines QQQ: R1=712.52  R2=712.95  R3=716.12  S1=703.21  S2=702.74  S3=701.15
[replay] six-lines SPY: R1=762.34  R2=763.52  R3=766.18  S1=757.93  S2=757.77  S3=756.18
[lab] 09:33 Crabel_Stretch             SPY short K=759.0 ask=1.37
[lab] 09:45 ORB_5min                   QQQ long  K=709.0 ask=1.56
[lab] 10:00 IntradayMomentumBoundary   SPY short K=759.0 ask=1.01
[lab] 10:06 ORB_15min                  SPY short K=759.0 ask=1.28
[lab] 10:08 ORB_5min                   SPY short K=759.0 ask=1.33
[lab] 10:11 CLOSE ORB_5min                   ATM   stop     net=-87.08
[lab] 10:11 CLOSE ORB_5min                   ATM-1 stop     net=-105.08
[lab] 10:11 CLOSE ORB_5min                   ATM+1 stop     net=-66.08
[lab] 10:10 ORB_15min                  QQQ short K=707.0 ask=1.20
[lab] 10:13 Crabel_Stretch             QQQ short K=707.0 ask=1.47
[lab] 10:29 Six_Lines                  SPY short K=757.0 ask=0.94
[lab] 10:29 Six_Lines_NoCap            SPY short K=757.0 ask=0.94
[lab] 10:30 PDH_PDL_Breakout           SPY short K=757.0 ask=0.94
[lab] 10:30 IntradayMomentumBoundary   QQQ short K=706.0 ask=1.29
[lab] 10:35 MOMO_CHASE                 QQQ short K=706.0 ask=1.29
[lab] 10:35 MOMO_CHASE                 SPY short K=757.0 ask=1.01
[lab] 10:41 CLOSE ORB_15min                  ATM   target   net=+108.92
[lab] 10:41 CLOSE ORB_15min                  ATM-1 target   net=+82.92
[lab] 10:41 CLOSE ORB_15min                  ATM+1 target   net=+132.92
[lab] 10:41 CLOSE ORB_15min                  ATM   target   net=+110.92
[lab] 10:41 CLOSE ORB_15min                  ATM-1 target   net=+85.92
[lab] 10:41 CLOSE ORB_15min                  ATM+1 target   net=+134.92
[lab] 10:41 CLOSE PDH_PDL_Breakout           ATM   target   net=+21.92
[lab] 10:41 CLOSE PDH_PDL_Breakout           ATM-1 target   net=+14.92
[lab] 10:41 CLOSE PDH_PDL_Breakout           ATM+1 target   net=+29.92
[lab] 11:00 CLOSE MOMO_CHASE                 ATM   time     net=+92.92
[lab] 11:00 CLOSE MOMO_CHASE                 ATM-1 time     net=+70.92
[lab] 11:00 CLOSE MOMO_CHASE                 ATM+1 time     net=+111.92
[lab] 11:00 MOMO_CHASE                 QQQ short K=704.0 ask=1.15
[lab] 11:00 CLOSE MOMO_CHASE                 ATM   time     net=+39.92
[lab] 11:00 CLOSE MOMO_CHASE                 ATM-1 time     net=+26.92
[lab] 11:00 CLOSE MOMO_CHASE                 ATM+1 time     net=+55.92
[lab] 11:00 MOMO_CHASE                 SPY short K=756.0 ask=0.95
[lab] 11:25 CLOSE MOMO_CHASE                 ATM   time     net=-54.08
[lab] 11:25 CLOSE MOMO_CHASE                 ATM-1 time     net=-41.08
[lab] 11:25 CLOSE MOMO_CHASE                 ATM+1 time     net=-69.08
[lab] 11:25 CLOSE MOMO_CHASE                 ATM   time     net=-46.08
[lab] 11:25 CLOSE MOMO_CHASE                 ATM-1 time     net=-33.08
[lab] 11:25 CLOSE MOMO_CHASE                 ATM+1 time     net=-61.08
[lab] 12:45 TTM_Squeeze                SPY long  K=758.0 ask=0.63
[lab] 12:53 CLOSE IntradayMomentumBoundary   ATM   trail_imb net=+48.92
[lab] 12:53 CLOSE IntradayMomentumBoundary   ATM-1 trail_imb net=+20.92
[lab] 12:53 CLOSE IntradayMomentumBoundary   ATM+1 trail_imb net=+79.92
[lab] 12:55 CLOSE TTM_Squeeze                ATM   bars     net=+12.92
[lab] 12:55 CLOSE TTM_Squeeze                ATM-1 bars     net=+19.92
[lab] 12:55 CLOSE TTM_Squeeze                ATM+1 bars     net=+5.92
[lab] 12:55 MOMO_CHASE                 SPY long  K=758.0 ask=0.77
[lab] 12:55 TTM_Squeeze                SPY long  K=758.0 ask=0.77
[lab] 12:55 PDH_PDL_FailedBreak        SPY long  K=758.0 ask=0.77
[lab] 13:00 IntradayMomentumBoundary   SPY short K=758.0 ask=0.93
[lab] 13:02 VWAP_Reclaim               SPY short K=757.0 ask=0.61
[lab] 13:05 CLOSE TTM_Squeeze                ATM   stop     net=-35.08
[lab] 13:05 CLOSE TTM_Squeeze                ATM-1 stop     net=-52.08
[lab] 13:05 CLOSE TTM_Squeeze                ATM+1 stop     net=-19.08
[lab] 13:15 MOMO_CHASE                 QQQ short K=705.0 ask=0.88
[lab] 13:20 CLOSE MOMO_CHASE                 ATM   time     net=-47.08
[lab] 13:20 CLOSE MOMO_CHASE                 ATM-1 time     net=-67.08
[lab] 13:20 CLOSE MOMO_CHASE                 ATM+1 time     net=-26.08
[lab] 13:23 CLOSE VWAP_Reclaim               ATM   target   net=+19.92
[lab] 13:23 CLOSE VWAP_Reclaim               ATM-1 target   net=+10.92
[lab] 13:23 CLOSE VWAP_Reclaim               ATM+1 target   net=+32.92
[lab] 13:40 CLOSE MOMO_CHASE                 ATM   time     net=-10.08
[lab] 13:40 CLOSE MOMO_CHASE                 ATM-1 time     net=-9.08
[lab] 13:40 CLOSE MOMO_CHASE                 ATM+1 time     net=-7.08
[lab] 13:50 TTM_Squeeze                QQQ short K=705.0 ask=0.82
[lab] 14:00 CLOSE TTM_Squeeze                ATM   bars     net=-19.08
[lab] 14:00 CLOSE TTM_Squeeze                ATM-1 bars     net=-11.08
[lab] 14:00 CLOSE TTM_Squeeze                ATM+1 bars     net=-28.08
[lab] 14:12 CLOSE IntradayMomentumBoundary   ATM   trail_imb net=-21.08
[lab] 14:12 CLOSE IntradayMomentumBoundary   ATM-1 trail_imb net=-19.08
[lab] 14:12 CLOSE IntradayMomentumBoundary   ATM+1 trail_imb net=-17.08
[lab] 14:30 IntradayMomentumBoundary   SPY short K=757.0 ask=0.36
[lab] 15:01 CLOSE IntradayMomentumBoundary   ATM   trail_imb net=-11.08
[lab] 15:01 CLOSE IntradayMomentumBoundary   ATM-1 trail_imb net=-6.08
[lab] 15:01 CLOSE IntradayMomentumBoundary   ATM+1 trail_imb net=-15.08
[lab] 15:30 IntradayMomentumBoundary   SPY short K=757.0 ask=0.37
[lab] 15:55 CLOSE Crabel_Stretch             ATM   eod      net=+113.92
[lab] 15:55 CLOSE Crabel_Stretch             ATM-1 eod      net=+56.92
[lab] 15:55 CLOSE Crabel_Stretch             ATM+1 eod      net=+160.92
[lab] 15:55 CLOSE IntradayMomentumBoundary   ATM   eod      net=+32.92
[lab] 15:55 CLOSE IntradayMomentumBoundary   ATM-1 eod      net=-24.08
[lab] 15:55 CLOSE IntradayMomentumBoundary   ATM+1 eod      net=+79.92
[lab] 15:55 CLOSE Crabel_Stretch             ATM   eod      net=+62.92
[lab] 15:55 CLOSE Crabel_Stretch             ATM-1 eod      net=+8.92
[lab] 15:55 CLOSE Crabel_Stretch             ATM+1 eod      net=+107.92
[lab] 15:55 CLOSE ORB_5min                   ATM   eod      net=+66.92
[lab] 15:55 CLOSE ORB_5min                   ATM-1 eod      net=+16.92
[lab] 15:55 CLOSE ORB_5min                   ATM+1 eod      net=+105.92
[lab] 15:55 CLOSE Six_Lines                  ATM   eod      net=-65.08
[lab] 15:55 CLOSE Six_Lines                  ATM-1 eod      net=-57.08
[lab] 15:55 CLOSE Six_Lines                  ATM+1 eod      net=-36.08
[lab] 15:55 CLOSE Six_Lines_NoCap            ATM   eod      net=-65.08
[lab] 15:55 CLOSE Six_Lines_NoCap            ATM-1 eod      net=-57.08
[lab] 15:55 CLOSE Six_Lines_NoCap            ATM+1 eod      net=-36.08
[lab] 15:55 CLOSE PDH_PDL_FailedBreak        ATM   eod      net=-73.08
[lab] 15:55 CLOSE PDH_PDL_FailedBreak        ATM-1 eod      net=-110.08
[lab] 15:55 CLOSE PDH_PDL_FailedBreak        ATM+1 eod      net=-36.08
[lab] 15:55 CLOSE IntradayMomentumBoundary   ATM   eod      net=-8.08
[lab] 15:55 CLOSE IntradayMomentumBoundary   ATM-1 eod      net=-5.08
[lab] 15:55 CLOSE IntradayMomentumBoundary   ATM+1 eod      net=-4.08
[lab] daily: {"date": "2026-09-15", "config_hash": "ccd00ac71f8243e9", "symbols": ["QQQ", "SPY"], "signals_decided": 25, "signals_skipped": 202, "fills_skipped": 0, "trades_closed": 75, "degraded_bars": {}, "atm_net": 190.98, "feed": {"source": "HISTORY_BACKFILL", "calls": 0, "retries": 0, "bar_cache_hits": 0, "bar_cache_misses": 0, "outage_episodes": 0, "upstream_down_now": false}}
