[replay options] 2026-09-10 -- config ccd00ac71f8243e9 -- history-backed, no outages; NOT the prospective record
[lab] warmup QQQ: 24 prior sessions, stretch=2.100199999999984
[lab] warmup SPY: 24 prior sessions, stretch=1.1837400000000002
[replay] six-lines QQQ: R1=717.60  R2=719.70  R3=720.78  S1=714.02  S2=713.45  S3=706.50
[replay] six-lines SPY: R1=764.47  R2=764.72  R3=767.79  S1=762.49  S2=760.94  S3=757.67
[lab] 09:32 VWAP_Reclaim               QQQ short K=707.0 ask=2.16
[lab] 09:35 TTM_Squeeze                QQQ short K=708.0 ask=2.34
[lab] 09:35 TTM_Squeeze                SPY short K=758.0 ask=1.66
[lab] 09:36 CLOSE VWAP_Reclaim               ATM   stop     net=-46.08
[lab] 09:36 CLOSE VWAP_Reclaim               ATM-1 stop     net=-38.08
[lab] 09:36 CLOSE VWAP_Reclaim               ATM+1 stop     net=-53.08
[lab] 09:40 CLOSE TTM_Squeeze                ATM   stop     net=-93.08
[lab] 09:40 CLOSE TTM_Squeeze                ATM-1 stop     net=-79.08
[lab] 09:40 CLOSE TTM_Squeeze                ATM+1 stop     net=-109.08
[lab] 09:39 Crabel_Stretch             QQQ long  K=710.0 ask=1.99
[lab] 09:40 PDH_PDL_Breakout           QQQ short K=710.0 ask=2.24
[lab] 09:40 PDH_PDL_Breakout           SPY short K=758.0 ask=1.32
[lab] 09:41 CLOSE PDH_PDL_Breakout           ATM   stop     net=-13.08
[lab] 09:41 CLOSE PDH_PDL_Breakout           ATM-1 stop     net=-11.08
[lab] 09:41 CLOSE PDH_PDL_Breakout           ATM+1 stop     net=-15.08
[lab] 09:41 CLOSE TTM_Squeeze                ATM   stop     net=-37.08
[lab] 09:41 CLOSE TTM_Squeeze                ATM-1 stop     net=-31.08
[lab] 09:41 CLOSE TTM_Squeeze                ATM+1 stop     net=-45.08
[lab] 09:41 CLOSE PDH_PDL_Breakout           ATM   stop     net=-3.08
[lab] 09:41 CLOSE PDH_PDL_Breakout           ATM-1 stop     net=-3.08
[lab] 09:41 CLOSE PDH_PDL_Breakout           ATM+1 stop     net=-4.08
[lab] 09:45 Gap_Fade                   QQQ long  K=709.0 ask=1.93
[lab] 09:46 ORB_15min                  SPY long  K=759.0 ask=1.31
[lab] 09:49 ORB_5min                   QQQ long  K=710.0 ask=1.97
[lab] 09:50 Gap_Fade                   SPY long  K=759.0 ask=1.28
[lab] 09:51 CLOSE ORB_15min                  ATM   stop     net=-27.08
[lab] 09:51 CLOSE ORB_15min                  ATM-1 stop     net=-36.08
[lab] 09:51 CLOSE ORB_15min                  ATM+1 stop     net=-19.08
[lab] 09:51 VWAP_Reclaim               QQQ short K=708.0 ask=2.05
[lab] 09:52 CLOSE Gap_Fade                   ATM   stop     net=-43.08
[lab] 09:52 CLOSE Gap_Fade                   ATM-1 stop     net=-56.08
[lab] 09:52 CLOSE Gap_Fade                   ATM+1 stop     net=-30.08
[lab] 09:58 Crabel_Stretch             SPY short K=757.0 ask=1.55
[lab] 09:59 Six_Lines                  SPY short K=757.0 ask=1.56
[lab] 09:59 Six_Lines_NoCap            SPY short K=757.0 ask=1.56
[lab] 10:00 IntradayMomentumBoundary   SPY short K=757.0 ask=1.42
[lab] 10:02 CLOSE IntradayMomentumBoundary   ATM   trail_imb net=-26.08
[lab] 10:02 CLOSE IntradayMomentumBoundary   ATM-1 trail_imb net=-21.08
[lab] 10:02 CLOSE IntradayMomentumBoundary   ATM+1 trail_imb net=-33.08
[lab] 10:20 CLOSE Six_Lines                  ATM   failed   net=-63.08
[lab] 10:20 CLOSE Six_Lines                  ATM-1 failed   net=-49.08
[lab] 10:20 CLOSE Six_Lines                  ATM+1 failed   net=-77.08
[lab] 10:20 CLOSE Six_Lines_NoCap            ATM   failed   net=-63.08
[lab] 10:20 CLOSE Six_Lines_NoCap            ATM-1 failed   net=-49.08
[lab] 10:20 CLOSE Six_Lines_NoCap            ATM+1 failed   net=-77.08
[lab] 10:25 CLOSE VWAP_Reclaim               ATM   stop     net=-133.08
[lab] 10:25 CLOSE VWAP_Reclaim               ATM-1 stop     net=-110.08
[lab] 10:25 CLOSE VWAP_Reclaim               ATM+1 stop     net=-158.08
[lab] 10:24 ORB_15min                  QQQ long  K=711.0 ask=1.71
[lab] 10:25 CLOSE Crabel_Stretch             ATM   stop     net=-98.08
[lab] 10:25 CLOSE Crabel_Stretch             ATM-1 stop     net=-73.08
[lab] 10:25 CLOSE Crabel_Stretch             ATM+1 stop     net=-125.08
[lab] 12:25 TTM_Squeeze                QQQ short K=710.0 ask=1.32
[lab] 12:25 TTM_Squeeze                SPY short K=758.0 ask=1.00
[lab] 12:35 CLOSE TTM_Squeeze                ATM   bars     net=+38.92
[lab] 12:35 CLOSE TTM_Squeeze                ATM-1 bars     net=+29.92
[lab] 12:35 CLOSE TTM_Squeeze                ATM+1 bars     net=+43.92
[lab] 12:35 CLOSE TTM_Squeeze                ATM   bars     net=+29.92
[lab] 12:35 CLOSE TTM_Squeeze                ATM-1 bars     net=+21.92
[lab] 12:35 CLOSE TTM_Squeeze                ATM+1 bars     net=+36.92
[lab] 15:53 CLOSE ORB_15min                  ATM   stop     net=-169.08
[lab] 15:53 CLOSE ORB_15min                  ATM-1 stop     net=-222.08
[lab] 15:53 CLOSE ORB_15min                  ATM+1 stop     net=-123.08
[lab] 15:55 CLOSE Crabel_Stretch             ATM   eod      net=-195.08
[lab] 15:55 CLOSE Crabel_Stretch             ATM-1 eod      net=-230.08
[lab] 15:55 CLOSE Crabel_Stretch             ATM+1 eod      net=-150.08
[lab] 15:55 CLOSE Gap_Fade                   ATM   eod      net=-169.08
[lab] 15:55 CLOSE Gap_Fade                   ATM-1 eod      net=-165.08
[lab] 15:55 CLOSE Gap_Fade                   ATM+1 eod      net=-142.08
[lab] 15:55 CLOSE ORB_5min                   ATM   eod      net=-193.08
[lab] 15:55 CLOSE ORB_5min                   ATM-1 eod      net=-230.08
[lab] 15:55 CLOSE ORB_5min                   ATM+1 eod      net=-147.08
[lab] daily: {"date": "2026-09-10", "config_hash": "ccd00ac71f8243e9", "symbols": ["QQQ", "SPY"], "signals_decided": 18, "signals_skipped": 185, "fills_skipped": 0, "trades_closed": 54, "degraded_bars": {}, "atm_net": -1303.45, "feed": {"source": "HISTORY_BACKFILL", "calls": 0, "retries": 0, "bar_cache_hits": 0, "bar_cache_misses": 0, "outage_episodes": 0, "upstream_down_now": false}}
