[replay options] 2026-09-28 -- config ccd00ac71f8243e9 -- history-backed, no outages; NOT the prospective record
[lab] warmup QQQ: 24 prior sessions, stretch=1.421900000000005
[lab] warmup SPY: 24 prior sessions, stretch=0.9454000000000292
[replay] six-lines QQQ: R1=745.13  R2=745.91  R3=747.06  S1=739.64  S2=737.11  S3=736.03
[replay] six-lines SPY: R1=771.01  R2=771.35  R3=772.28  S1=766.82  S2=766.29  S3=764.48
[lab] 09:35 TTM_Squeeze                QQQ short K=739.0 ask=1.72
[lab] 09:35 Crabel_Stretch             QQQ short K=738.0 ask=1.84
[lab] 09:35 Crabel_Stretch             SPY short K=767.0 ask=1.38
[lab] 09:39 Six_Lines                  QQQ short K=739.0 ask=2.08
[lab] 09:39 Six_Lines_NoCap            QQQ short K=739.0 ask=2.08
[lab] 09:40 PDH_PDL_Breakout           QQQ short K=739.0 ask=2.08
[lab] 09:45 CLOSE TTM_Squeeze                ATM   bars     net=+67.92
[lab] 09:45 CLOSE TTM_Squeeze                ATM-1 bars     net=+53.92
[lab] 09:45 CLOSE TTM_Squeeze                ATM+1 bars     net=+81.92
[lab] 09:51 ORB_15min                  QQQ short K=737.0 ask=1.64
[lab] 10:06 CLOSE Six_Lines                  ATM   target   net=+69.92
[lab] 10:06 CLOSE Six_Lines                  ATM-1 target   net=+52.92
[lab] 10:06 CLOSE Six_Lines                  ATM+1 target   net=+84.92
[lab] 10:06 CLOSE PDH_PDL_Breakout           ATM   target   net=+69.92
[lab] 10:06 CLOSE PDH_PDL_Breakout           ATM-1 target   net=+52.92
[lab] 10:06 CLOSE PDH_PDL_Breakout           ATM+1 target   net=+84.92
[lab] 10:05 ORB_5min                   QQQ short K=737.0 ask=1.66
[lab] 10:30 IntradayMomentumBoundary   QQQ short K=736.0 ask=1.43
[lab] 10:40 MOMO_CHASE                 QQQ short K=735.0 ask=1.52
[lab] 10:39 Six_Lines                  SPY short K=766.0 ask=0.98
[lab] 10:39 Six_Lines_NoCap            SPY short K=766.0 ask=0.98
[lab] 10:40 MOMO_CHASE                 SPY short K=766.0 ask=0.98
[lab] 10:45 PDH_PDL_Breakout           SPY short K=765.0 ask=1.15
[lab] 10:46 CLOSE ORB_15min                  ATM   target   net=+284.92
[lab] 10:46 CLOSE ORB_15min                  ATM-1 target   net=+242.92
[lab] 10:46 CLOSE ORB_15min                  ATM+1 target   net=+322.92
[lab] 10:46 CLOSE Six_Lines                  ATM   target   net=+95.92
[lab] 10:46 CLOSE Six_Lines                  ATM-1 target   net=+73.92
[lab] 10:46 CLOSE Six_Lines                  ATM+1 target   net=+117.92
[lab] 11:00 IntradayMomentumBoundary   SPY short K=764.0 ask=1.18
[lab] 11:05 CLOSE MOMO_CHASE                 ATM   time     net=+82.92
[lab] 11:05 CLOSE MOMO_CHASE                 ATM-1 time     net=+67.92
[lab] 11:05 CLOSE MOMO_CHASE                 ATM+1 time     net=+97.92
[lab] 11:05 CLOSE MOMO_CHASE                 ATM   time     net=+110.92
[lab] 11:05 CLOSE MOMO_CHASE                 ATM-1 time     net=+82.92
[lab] 11:05 CLOSE MOMO_CHASE                 ATM+1 time     net=+136.92
[lab] 11:39 CLOSE IntradayMomentumBoundary   ATM   trail_imb net=+14.92
[lab] 11:39 CLOSE IntradayMomentumBoundary   ATM-1 trail_imb net=+7.92
[lab] 11:39 CLOSE IntradayMomentumBoundary   ATM+1 trail_imb net=+23.92
[lab] 12:00 IntradayMomentumBoundary   QQQ short K=735.0 ask=1.13
[lab] 12:09 CLOSE IntradayMomentumBoundary   ATM   trail_imb net=-13.08
[lab] 12:09 CLOSE IntradayMomentumBoundary   ATM-1 trail_imb net=-10.08
[lab] 12:09 CLOSE IntradayMomentumBoundary   ATM+1 trail_imb net=-16.08
[lab] 12:17 CLOSE PDH_PDL_Breakout           ATM   stop     net=-63.08
[lab] 12:17 CLOSE PDH_PDL_Breakout           ATM-1 stop     net=-47.08
[lab] 12:17 CLOSE PDH_PDL_Breakout           ATM+1 stop     net=-78.08
[lab] 12:17 CLOSE IntradayMomentumBoundary   ATM   trail_imb net=-88.08
[lab] 12:17 CLOSE IntradayMomentumBoundary   ATM-1 trail_imb net=-62.08
[lab] 12:17 CLOSE IntradayMomentumBoundary   ATM+1 trail_imb net=-117.08
[lab] 12:20 MOMO_CHASE                 QQQ long  K=737.0 ask=1.26
[lab] 12:20 MOMO_CHASE                 SPY long  K=767.0 ask=0.89
[lab] 12:20 PDH_PDL_FailedBreak        SPY long  K=767.0 ask=0.89
[lab] 12:27 CLOSE Crabel_Stretch             ATM   stop     net=-89.08
[lab] 12:27 CLOSE Crabel_Stretch             ATM-1 stop     net=-70.08
[lab] 12:27 CLOSE Crabel_Stretch             ATM+1 stop     net=-108.08
[lab] 12:30 CLOSE Six_Lines_NoCap            ATM   failed   net=-63.08
[lab] 12:30 CLOSE Six_Lines_NoCap            ATM-1 failed   net=-42.08
[lab] 12:30 CLOSE Six_Lines_NoCap            ATM+1 failed   net=-88.08
[lab] 12:45 CLOSE MOMO_CHASE                 ATM   time     net=+42.92
[lab] 12:45 CLOSE MOMO_CHASE                 ATM-1 time     net=+50.92
[lab] 12:45 CLOSE MOMO_CHASE                 ATM+1 time     net=+32.92
[lab] 12:45 CLOSE MOMO_CHASE                 ATM   time     net=+25.92
[lab] 12:45 CLOSE MOMO_CHASE                 ATM-1 time     net=+33.92
[lab] 12:45 CLOSE MOMO_CHASE                 ATM+1 time     net=+17.92
[lab] 13:15 MOMO_CHASE                 QQQ long  K=740.0 ask=1.27
[lab] 13:15 PDH_PDL_FailedBreak        QQQ long  K=740.0 ask=1.27
[lab] 13:15 MOMO_CHASE                 SPY long  K=769.0 ask=1.16
[lab] 13:40 CLOSE MOMO_CHASE                 ATM   time     net=-78.08
[lab] 13:40 CLOSE MOMO_CHASE                 ATM-1 time     net=-98.08
[lab] 13:40 CLOSE MOMO_CHASE                 ATM+1 time     net=-57.08
[lab] 13:40 CLOSE MOMO_CHASE                 ATM   time     net=-79.08
[lab] 13:40 CLOSE MOMO_CHASE                 ATM-1 time     net=-106.08
[lab] 13:40 CLOSE MOMO_CHASE                 ATM+1 time     net=-54.08
[lab] 14:35 TTM_Squeeze                SPY short K=767.0 ask=0.91
[lab] 14:40 TTM_Squeeze                QQQ short K=737.0 ask=0.91
[lab] 14:45 CLOSE TTM_Squeeze                ATM   bars     net=-19.08
[lab] 14:45 CLOSE TTM_Squeeze                ATM-1 bars     net=-11.08
[lab] 14:45 CLOSE TTM_Squeeze                ATM+1 bars     net=-26.08
[lab] 14:50 CLOSE TTM_Squeeze                ATM   bars     net=-51.08
[lab] 14:50 CLOSE TTM_Squeeze                ATM-1 bars     net=-33.08
[lab] 14:50 CLOSE TTM_Squeeze                ATM+1 bars     net=-70.08
[lab] 15:55 CLOSE Crabel_Stretch             ATM   eod      net=+24.92
[lab] 15:55 CLOSE Crabel_Stretch             ATM-1 eod      net=-27.08
[lab] 15:55 CLOSE Crabel_Stretch             ATM+1 eod      net=+74.92
[lab] 15:55 CLOSE Six_Lines_NoCap            ATM   eod      net=+98.92
[lab] 15:55 CLOSE Six_Lines_NoCap            ATM-1 eod      net=+45.92
[lab] 15:55 CLOSE Six_Lines_NoCap            ATM+1 eod      net=+142.92
[lab] 15:55 CLOSE ORB_5min                   ATM   eod      net=-50.08
[lab] 15:55 CLOSE ORB_5min                   ATM-1 eod      net=-78.08
[lab] 15:55 CLOSE ORB_5min                   ATM+1 eod      net=-8.08
[lab] 15:55 CLOSE PDH_PDL_FailedBreak        ATM   eod      net=-126.08
[lab] 15:55 CLOSE PDH_PDL_FailedBreak        ATM-1 eod      net=-177.08
[lab] 15:55 CLOSE PDH_PDL_FailedBreak        ATM+1 eod      net=-87.08
[lab] 15:55 CLOSE PDH_PDL_FailedBreak        ATM   eod      net=-86.08
[lab] 15:55 CLOSE PDH_PDL_FailedBreak        ATM-1 eod      net=-132.08
[lab] 15:55 CLOSE PDH_PDL_FailedBreak        ATM+1 eod      net=-52.08
[lab] daily: {"date": "2026-09-28", "config_hash": "ccd00ac71f8243e9", "symbols": ["QQQ", "SPY"], "signals_decided": 24, "signals_skipped": 234, "fills_skipped": 0, "trades_closed": 72, "degraded_bars": {}, "atm_net": 184.06, "feed": {"source": "HISTORY_BACKFILL", "calls": 0, "retries": 0, "bar_cache_hits": 0, "bar_cache_misses": 0, "outage_episodes": 0, "upstream_down_now": false}}
