[replay options] 2026-09-11 -- config ccd00ac71f8243e9 -- history-backed, no outages; NOT the prospective record
[lab] warmup QQQ: 24 prior sessions, stretch=2.1256999999999833
[lab] warmup SPY: 24 prior sessions, stretch=1.242739999999992
[replay] six-lines QQQ: R1=712.06  R2=717.60  R3=717.69  S1=706.86  S2=706.56  S3=706.50
[replay] six-lines SPY: R1=760.11  R2=764.72  R3=766.56  S1=757.83  S2=757.67  S3=756.64
[lab] 09:33 VWAP_Reclaim               QQQ long  K=715.0 ask=2.23
[lab] 09:35 TTM_Squeeze                QQQ long  K=716.0 ask=1.81
[lab] 09:35 TTM_Squeeze                SPY long  K=766.0 ask=1.38
[lab] 09:35 PDH_PDL_Breakout           SPY long  K=766.0 ask=1.38
[lab] 09:41 CLOSE TTM_Squeeze                ATM   stop     net=-37.08
[lab] 09:41 CLOSE TTM_Squeeze                ATM-1 stop     net=-42.08
[lab] 09:41 CLOSE TTM_Squeeze                ATM+1 stop     net=-32.08
[lab] 09:45 CLOSE TTM_Squeeze                ATM   bars     net=-23.08
[lab] 09:45 CLOSE TTM_Squeeze                ATM-1 bars     net=-26.08
[lab] 09:45 CLOSE TTM_Squeeze                ATM+1 bars     net=-19.08
[lab] 09:46 ORB_5min                   QQQ long  K=716.0 ask=1.98
[lab] 09:46 ORB_15min                  QQQ long  K=716.0 ask=1.98
[lab] 09:53 CLOSE ORB_15min                  ATM   stop     net=-63.08
[lab] 09:53 CLOSE ORB_15min                  ATM-1 stop     net=-73.08
[lab] 09:53 CLOSE ORB_15min                  ATM+1 stop     net=-52.08
[lab] 10:00 PDH_PDL_Breakout           QQQ long  K=717.0 ask=1.66
[lab] 09:59 ORB_5min                   SPY long  K=766.0 ask=1.47
[lab] 09:59 ORB_15min                  SPY long  K=766.0 ask=1.47
[lab] 09:59 Crabel_Stretch             SPY long  K=766.0 ask=1.47
[lab] 10:00 IntradayMomentumBoundary   SPY long  K=766.0 ask=1.23
[lab] 10:04 CLOSE PDH_PDL_Breakout           ATM   stop     net=-71.08
[lab] 10:04 CLOSE PDH_PDL_Breakout           ATM-1 stop     net=-89.08
[lab] 10:04 CLOSE PDH_PDL_Breakout           ATM+1 stop     net=-55.08
[lab] 10:05 Gap_Fade                   QQQ short K=715.0 ask=1.69
[lab] 10:05 CLOSE IntradayMomentumBoundary   ATM   trail_imb net=-21.08
[lab] 10:05 CLOSE IntradayMomentumBoundary   ATM-1 trail_imb net=-26.08
[lab] 10:05 CLOSE IntradayMomentumBoundary   ATM+1 trail_imb net=-16.08
[lab] 10:07 CLOSE ORB_15min                  ATM   stop     net=-58.08
[lab] 10:07 CLOSE ORB_15min                  ATM-1 stop     net=-73.08
[lab] 10:07 CLOSE ORB_15min                  ATM+1 stop     net=-41.08
[lab] 10:10 EMA_9_20_Pullback          QQQ long  K=715.0 ask=1.72
[lab] 10:30 MOMO_CHASE                 QQQ long  K=716.0 ask=1.69
[lab] 10:39 CLOSE PDH_PDL_Breakout           ATM   stop     net=-85.08
[lab] 10:39 CLOSE PDH_PDL_Breakout           ATM-1 stop     net=-105.08
[lab] 10:39 CLOSE PDH_PDL_Breakout           ATM+1 stop     net=-64.08
[lab] 10:39 CLOSE ORB_5min                   ATM   stop     net=-94.08
[lab] 10:39 CLOSE ORB_5min                   ATM-1 stop     net=-120.08
[lab] 10:39 CLOSE ORB_5min                   ATM+1 stop     net=-66.08
[lab] 10:40 Gap_Fade                   SPY short K=764.0 ask=1.15
[lab] 10:48 CLOSE VWAP_Reclaim               ATM   stop     net=-123.08
[lab] 10:48 CLOSE VWAP_Reclaim               ATM-1 stop     net=-136.08
[lab] 10:48 CLOSE VWAP_Reclaim               ATM+1 stop     net=-107.08
[lab] 10:48 CLOSE ORB_5min                   ATM   stop     net=-135.08
[lab] 10:48 CLOSE ORB_5min                   ATM-1 stop     net=-159.08
[lab] 10:48 CLOSE ORB_5min                   ATM+1 stop     net=-108.08
[lab] 10:55 CLOSE MOMO_CHASE                 ATM   time     net=-96.08
[lab] 10:55 CLOSE MOMO_CHASE                 ATM-1 time     net=-120.08
[lab] 10:55 CLOSE MOMO_CHASE                 ATM+1 time     net=-71.08
[lab] 11:15 VWAP_Reclaim               QQQ long  K=716.0 ask=1.17
[lab] 11:27 CLOSE Gap_Fade                   ATM   stop     net=-118.08
[lab] 11:27 CLOSE Gap_Fade                   ATM-1 stop     net=-95.08
[lab] 11:27 CLOSE Gap_Fade                   ATM+1 stop     net=-142.08
[lab] 11:30 MOMO_CHASE                 QQQ long  K=717.0 ask=1.33
[lab] 11:55 CLOSE MOMO_CHASE                 ATM   time     net=-60.08
[lab] 11:55 CLOSE MOMO_CHASE                 ATM-1 time     net=-73.08
[lab] 11:55 CLOSE MOMO_CHASE                 ATM+1 time     net=-44.08
[lab] 13:35 TTM_Squeeze                QQQ long  K=717.0 ask=0.54
[lab] 13:45 CLOSE TTM_Squeeze                ATM   bars     net=-4.08
[lab] 13:45 CLOSE TTM_Squeeze                ATM-1 bars     net=-5.08
[lab] 13:45 CLOSE TTM_Squeeze                ATM+1 bars     net=-3.08
[lab] 13:55 TTM_Squeeze                SPY long  K=766.0 ask=0.44
[lab] 14:05 CLOSE TTM_Squeeze                ATM   bars     net=-3.08
[lab] 14:05 CLOSE TTM_Squeeze                ATM-1 bars     net=-2.08
[lab] 14:05 CLOSE TTM_Squeeze                ATM+1 bars     net=-1.08
[lab] 15:55 CLOSE EMA_9_20_Pullback          ATM   eod      net=-117.08
[lab] 15:55 CLOSE EMA_9_20_Pullback          ATM-1 eod      net=-87.08
[lab] 15:55 CLOSE EMA_9_20_Pullback          ATM+1 eod      net=-113.08
[lab] 15:55 CLOSE VWAP_Reclaim               ATM   eod      net=-110.08
[lab] 15:55 CLOSE VWAP_Reclaim               ATM-1 eod      net=-122.08
[lab] 15:55 CLOSE VWAP_Reclaim               ATM+1 eod      net=-71.08
[lab] 15:55 CLOSE Crabel_Stretch             ATM   eod      net=-145.08
[lab] 15:55 CLOSE Crabel_Stretch             ATM-1 eod      net=-201.08
[lab] 15:55 CLOSE Crabel_Stretch             ATM+1 eod      net=-93.08
[lab] 15:55 CLOSE Gap_Fade                   ATM   eod      net=-109.08
[lab] 15:55 CLOSE Gap_Fade                   ATM-1 eod      net=-79.08
[lab] 15:55 CLOSE Gap_Fade                   ATM+1 eod      net=-122.08
[lab] daily: {"date": "2026-09-11", "config_hash": "ccd00ac71f8243e9", "symbols": ["QQQ", "SPY"], "signals_decided": 19, "signals_skipped": 98, "fills_skipped": 0, "trades_closed": 57, "degraded_bars": {}, "atm_net": -1473.54, "feed": {"source": "HISTORY_BACKFILL", "calls": 0, "retries": 0, "bar_cache_hits": 0, "bar_cache_misses": 0, "outage_episodes": 0, "upstream_down_now": false}}
