[replay options] 2026-09-16 -- config ccd00ac71f8243e9 -- history-backed, no outages; NOT the prospective record
[lab] warmup QQQ: 24 prior sessions, stretch=1.5721900000000004
[lab] warmup SPY: 24 prior sessions, stretch=0.9393000000000029
[replay] six-lines QQQ: R1=709.48  R2=709.53  R3=712.52  S1=703.97  S2=703.63  S3=703.21
[replay] six-lines SPY: R1=760.35  R2=760.55  R3=762.34  S1=756.69  S2=756.18  S3=756.15
[lab] 09:35 TTM_Squeeze                SPY long  K=759.0 ask=2.49
[lab] 09:46 CLOSE TTM_Squeeze                ATM   bars     net=+1.92
[lab] 09:46 CLOSE TTM_Squeeze                ATM-1 bars     net=+3.92
[lab] 09:46 CLOSE TTM_Squeeze                ATM+1 bars     net=+1.92
[lab] 09:46 ORB_15min                  QQQ long  K=709.0 ask=2.88
[lab] 09:47 ORB_15min                  SPY long  K=760.0 ask=2.23
[lab] 09:49 Crabel_Stretch             QQQ long  K=710.0 ask=2.46
[lab] 09:49 Six_Lines                  QQQ long  K=710.0 ask=2.46
[lab] 09:49 Six_Lines_NoCap            QQQ long  K=710.0 ask=2.46
[lab] 09:50 PDH_PDL_Breakout           QQQ long  K=710.0 ask=2.46
[lab] 10:00 PDH_PDL_FailedBreak        SPY short K=760.0 ask=2.15
[lab] 10:00 IntradayMomentumBoundary   QQQ long  K=710.0 ask=2.65
[lab] 10:03 CLOSE IntradayMomentumBoundary   ATM   trail_imb net=-48.08
[lab] 10:03 CLOSE IntradayMomentumBoundary   ATM-1 trail_imb net=-53.08
[lab] 10:03 CLOSE IntradayMomentumBoundary   ATM+1 trail_imb net=-41.08
[lab] 10:04 CLOSE PDH_PDL_FailedBreak        ATM   target   net=+18.92
[lab] 10:04 CLOSE PDH_PDL_FailedBreak        ATM-1 target   net=+15.92
[lab] 10:04 CLOSE PDH_PDL_FailedBreak        ATM+1 target   net=+21.92
[lab] 10:05 PDH_PDL_FailedBreak        QQQ short K=709.0 ask=2.56
[lab] 10:14 CLOSE ORB_15min                  ATM   stop     net=-31.08
[lab] 10:14 CLOSE ORB_15min                  ATM-1 stop     net=-37.08
[lab] 10:14 CLOSE ORB_15min                  ATM+1 stop     net=-26.08
[lab] 10:40 CLOSE Six_Lines                  ATM   failed   net=-16.08
[lab] 10:40 CLOSE Six_Lines                  ATM-1 failed   net=-21.08
[lab] 10:40 CLOSE Six_Lines                  ATM+1 failed   net=-11.08
[lab] 10:40 CLOSE Six_Lines_NoCap            ATM   failed   net=-16.08
[lab] 10:40 CLOSE Six_Lines_NoCap            ATM-1 failed   net=-21.08
[lab] 10:40 CLOSE Six_Lines_NoCap            ATM+1 failed   net=-11.08
[lab] 11:00 CLOSE PDH_PDL_FailedBreak        ATM   stop     net=-44.08
[lab] 11:00 CLOSE PDH_PDL_FailedBreak        ATM-1 stop     net=-36.08
[lab] 11:00 CLOSE PDH_PDL_FailedBreak        ATM+1 stop     net=-52.08
[lab] 11:00 IntradayMomentumBoundary   QQQ long  K=711.0 ask=2.82
[lab] 11:00 Crabel_Stretch             SPY long  K=761.0 ask=2.16
[lab] 11:05 MOMO_CHASE                 SPY long  K=761.0 ask=2.16
[lab] 11:05 PDH_PDL_Breakout           SPY long  K=761.0 ask=2.16
[lab] 11:09 Six_Lines                  SPY long  K=761.0 ask=2.38
[lab] 11:09 Six_Lines_NoCap            SPY long  K=761.0 ask=2.38
[lab] 11:15 MOMO_CHASE                 QQQ long  K=711.0 ask=3.02
[lab] 11:30 CLOSE MOMO_CHASE                 ATM   time     net=-14.08
[lab] 11:30 CLOSE MOMO_CHASE                 ATM-1 time     net=-15.08
[lab] 11:30 CLOSE MOMO_CHASE                 ATM+1 time     net=-12.08
[lab] 11:30 CLOSE Six_Lines                  ATM   failed   net=-36.08
[lab] 11:30 CLOSE Six_Lines                  ATM-1 failed   net=-40.08
[lab] 11:30 CLOSE Six_Lines                  ATM+1 failed   net=-32.08
[lab] 11:30 CLOSE Six_Lines_NoCap            ATM   failed   net=-36.08
[lab] 11:30 CLOSE Six_Lines_NoCap            ATM-1 failed   net=-40.08
[lab] 11:30 CLOSE Six_Lines_NoCap            ATM+1 failed   net=-32.08
[lab] 11:32 CLOSE PDH_PDL_Breakout           ATM   stop     net=-23.08
[lab] 11:32 CLOSE PDH_PDL_Breakout           ATM-1 stop     net=-24.08
[lab] 11:32 CLOSE PDH_PDL_Breakout           ATM+1 stop     net=-20.08
[lab] 11:40 CLOSE MOMO_CHASE                 ATM   time     net=-51.08
[lab] 11:40 CLOSE MOMO_CHASE                 ATM-1 time     net=-55.08
[lab] 11:40 CLOSE MOMO_CHASE                 ATM+1 time     net=-46.08
[lab] 11:48 CLOSE ORB_15min                  ATM   target   net=+134.92
[lab] 11:48 CLOSE ORB_15min                  ATM-1 target   net=+145.92
[lab] 11:48 CLOSE ORB_15min                  ATM+1 target   net=+124.92
[lab] 12:04 CLOSE IntradayMomentumBoundary   ATM   trail_imb net=-48.08
[lab] 12:04 CLOSE IntradayMomentumBoundary   ATM-1 trail_imb net=-54.08
[lab] 12:04 CLOSE IntradayMomentumBoundary   ATM+1 trail_imb net=-41.08
[lab] 12:30 IntradayMomentumBoundary   QQQ long  K=710.0 ask=2.98
[lab] 12:32 CLOSE IntradayMomentumBoundary   ATM   trail_imb net=-10.08
[lab] 12:32 CLOSE IntradayMomentumBoundary   ATM-1 trail_imb net=-10.08
[lab] 12:32 CLOSE IntradayMomentumBoundary   ATM+1 trail_imb net=-9.08
[lab] 13:05 MOMO_CHASE                 QQQ short K=709.0 ask=2.56
[lab] 13:05 MOMO_CHASE                 SPY short K=759.0 ask=2.24
[lab] 13:30 CLOSE MOMO_CHASE                 ATM   time     net=-13.08
[lab] 13:30 CLOSE MOMO_CHASE                 ATM-1 time     net=-12.08
[lab] 13:30 CLOSE MOMO_CHASE                 ATM+1 time     net=-16.08
[lab] 13:30 CLOSE MOMO_CHASE                 ATM   time     net=-27.08
[lab] 13:30 CLOSE MOMO_CHASE                 ATM-1 time     net=-24.08
[lab] 13:30 CLOSE MOMO_CHASE                 ATM+1 time     net=-32.08
[lab] 14:05 VWAP_2sigma_Fade           SPY long  K=760.0 ask=2.15
[lab] 14:06 CLOSE VWAP_2sigma_Fade           ATM   target   net=+12.92
[lab] 14:06 CLOSE VWAP_2sigma_Fade           ATM-1 target   net=+14.92
[lab] 14:06 CLOSE VWAP_2sigma_Fade           ATM+1 target   net=+10.92
[lab] 14:33 CLOSE PDH_PDL_Breakout           ATM   stop     net=-118.08
[lab] 14:33 CLOSE PDH_PDL_Breakout           ATM-1 stop     net=-133.08
[lab] 14:33 CLOSE PDH_PDL_Breakout           ATM+1 stop     net=-101.08
[lab] 14:33 CLOSE Crabel_Stretch             ATM   stop     net=-134.08
[lab] 14:33 CLOSE Crabel_Stretch             ATM-1 stop     net=-154.08
[lab] 14:33 CLOSE Crabel_Stretch             ATM+1 stop     net=-112.08
[lab] 14:35 TTM_Squeeze                SPY short K=758.0 ask=2.16
[lab] 14:37 CLOSE Crabel_Stretch             ATM   stop     net=-180.08
[lab] 14:37 CLOSE Crabel_Stretch             ATM-1 stop     net=-210.08
[lab] 14:37 CLOSE Crabel_Stretch             ATM+1 stop     net=-149.08
[lab] 14:42 CLOSE TTM_Squeeze                ATM   stop     net=-83.08
[lab] 14:42 CLOSE TTM_Squeeze                ATM-1 stop     net=-71.08
[lab] 14:42 CLOSE TTM_Squeeze                ATM+1 stop     net=-95.08
[lab] 14:42 VWAP_Reclaim               QQQ long  K=710.0 ask=2.13
[lab] 14:55 CLOSE VWAP_Reclaim               ATM   stop     net=-174.08
[lab] 14:55 CLOSE VWAP_Reclaim               ATM-1 stop     net=-213.08
[lab] 14:55 CLOSE VWAP_Reclaim               ATM+1 stop     net=-135.08
[lab] 14:55 PDH_PDL_Breakout           SPY short K=755.0 ask=1.64
[lab] 15:00 IntradayMomentumBoundary   SPY short K=755.0 ask=1.61
[lab] 15:26 CLOSE PDH_PDL_Breakout           ATM   target   net=+356.92
[lab] 15:26 CLOSE PDH_PDL_Breakout           ATM-1 target   net=+303.92
[lab] 15:26 CLOSE PDH_PDL_Breakout           ATM+1 target   net=+403.92
[lab] 15:55 CLOSE IntradayMomentumBoundary   ATM+1 eod      net=+13.92
[lab] 15:59 CLOSE IntradayMomentumBoundary   ATM   eod      net=-47.08
[lab] 15:59 CLOSE IntradayMomentumBoundary   ATM-1 eod      net=-69.08
[lab] daily: {"date": "2026-09-16", "config_hash": "ccd00ac71f8243e9", "symbols": ["QQQ", "SPY"], "signals_decided": 25, "signals_skipped": 190, "fills_skipped": 0, "trades_closed": 75, "degraded_bars": {}, "atm_net": -625.02, "feed": {"source": "HISTORY_BACKFILL", "calls": 0, "retries": 0, "bar_cache_hits": 0, "bar_cache_misses": 0, "outage_episodes": 0, "upstream_down_now": false}}
