[replay options] 2026-09-18 -- config ccd00ac71f8243e9 -- history-backed, no outages; NOT the prospective record
[lab] warmup QQQ: 24 prior sessions, stretch=1.6961999999999988
[lab] warmup SPY: 24 prior sessions, stretch=0.871300000000008
[replay] six-lines QQQ: R1=716.78  R2=718.04  R3=722.42  S1=715.98  S2=713.32  S3=701.63
[replay] six-lines SPY: R1=763.57  R2=764.00  R3=764.16  S1=759.96  S2=759.59  S3=752.34
[lab] 09:35 TTM_Squeeze                SPY short K=761.0 ask=1.29
[lab] 09:40 PDH_PDL_Breakout           QQQ long  K=719.0 ask=1.63
[lab] 09:45 CLOSE TTM_Squeeze                ATM   bars     net=-5.08
[lab] 09:45 CLOSE TTM_Squeeze                ATM-1 bars     net=-6.08
[lab] 09:45 CLOSE TTM_Squeeze                ATM+1 bars     net=-1.08
[lab] 09:49 CLOSE PDH_PDL_Breakout           ATM   stop     net=-61.08
[lab] 09:49 CLOSE PDH_PDL_Breakout           ATM-1 stop     net=-70.08
[lab] 09:49 CLOSE PDH_PDL_Breakout           ATM+1 stop     net=-48.08
[lab] 09:48 ORB_15min                  QQQ short K=718.0 ask=1.14
[lab] 09:49 ORB_15min                  SPY short K=760.0 ask=0.94
[lab] 09:50 Crabel_Stretch             SPY short K=760.0 ask=1.03
[lab] 10:00 PDH_PDL_FailedBreak        QQQ short K=718.0 ask=1.41
[lab] 09:59 Six_Lines                  SPY short K=760.0 ask=1.31
[lab] 09:59 Six_Lines_NoCap            SPY short K=760.0 ask=1.31
[lab] 10:00 IntradayMomentumBoundary   SPY short K=760.0 ask=1.26
[lab] 10:03 CLOSE ORB_15min                  ATM   target   net=+93.92
[lab] 10:03 CLOSE ORB_15min                  ATM-1 target   net=+74.92
[lab] 10:03 CLOSE ORB_15min                  ATM+1 target   net=+111.92
[lab] 10:02 Crabel_Stretch             QQQ short K=717.0 ask=1.56
[lab] 10:03 CLOSE ORB_15min                  ATM   target   net=+81.92
[lab] 10:03 CLOSE ORB_15min                  ATM-1 target   net=+61.92
[lab] 10:03 CLOSE ORB_15min                  ATM+1 target   net=+101.92
[lab] 10:05 PDH_PDL_Breakout           SPY short K=759.0 ask=1.22
[lab] 10:53 CLOSE PDH_PDL_Breakout           ATM   stop     net=-51.08
[lab] 10:53 CLOSE PDH_PDL_Breakout           ATM-1 stop     net=-42.08
[lab] 10:53 CLOSE PDH_PDL_Breakout           ATM+1 stop     net=-61.08
[lab] 11:27 CLOSE IntradayMomentumBoundary   ATM   trail_imb net=-27.08
[lab] 11:27 CLOSE IntradayMomentumBoundary   ATM-1 trail_imb net=-27.08
[lab] 11:27 CLOSE IntradayMomentumBoundary   ATM+1 trail_imb net=-24.08
[lab] 11:30 CLOSE Six_Lines                  ATM   failed   net=-35.08
[lab] 11:30 CLOSE Six_Lines                  ATM-1 failed   net=-32.08
[lab] 11:30 CLOSE Six_Lines                  ATM+1 failed   net=-35.08
[lab] 11:30 CLOSE Six_Lines_NoCap            ATM   failed   net=-35.08
[lab] 11:30 CLOSE Six_Lines_NoCap            ATM-1 failed   net=-32.08
[lab] 11:30 CLOSE Six_Lines_NoCap            ATM+1 failed   net=-35.08
[lab] 11:30 PDH_PDL_FailedBreak        SPY long  K=760.0 ask=0.92
[lab] 12:01 CLOSE PDH_PDL_FailedBreak        ATM   stop     net=-53.08
[lab] 12:01 CLOSE PDH_PDL_FailedBreak        ATM-1 stop     net=-75.08
[lab] 12:01 CLOSE PDH_PDL_FailedBreak        ATM+1 stop     net=-33.08
[lab] 12:00 IntradayMomentumBoundary   SPY short K=759.0 ask=0.97
[lab] 12:15 TTM_Squeeze                QQQ short K=716.0 ask=0.77
[lab] 12:25 CLOSE TTM_Squeeze                ATM   bars     net=+46.92
[lab] 12:25 CLOSE TTM_Squeeze                ATM-1 bars     net=+31.92
[lab] 12:25 CLOSE TTM_Squeeze                ATM+1 bars     net=+60.92
[lab] 12:25 MOMO_CHASE                 SPY short K=758.0 ask=0.76
[lab] 12:50 CLOSE MOMO_CHASE                 ATM   time     net=-42.08
[lab] 12:50 CLOSE MOMO_CHASE                 ATM-1 time     net=-26.08
[lab] 12:50 CLOSE MOMO_CHASE                 ATM+1 time     net=-58.08
[lab] 12:52 CLOSE IntradayMomentumBoundary   ATM   trail_imb net=-34.08
[lab] 12:52 CLOSE IntradayMomentumBoundary   ATM-1 trail_imb net=-25.08
[lab] 12:52 CLOSE IntradayMomentumBoundary   ATM+1 trail_imb net=-40.08
[lab] 13:00 IntradayMomentumBoundary   SPY short K=759.0 ask=0.61
[lab] 13:15 TTM_Squeeze                QQQ long  K=717.0 ask=0.73
[lab] 13:25 CLOSE TTM_Squeeze                ATM   bars     net=+2.92
[lab] 13:25 CLOSE TTM_Squeeze                ATM-1 bars     net=+6.92
[lab] 13:25 CLOSE TTM_Squeeze                ATM+1 bars     net=-0.08
[lab] 13:25 CLOSE IntradayMomentumBoundary   ATM   trail_imb net=-18.08
[lab] 13:25 CLOSE IntradayMomentumBoundary   ATM-1 trail_imb net=-10.08
[lab] 13:25 CLOSE IntradayMomentumBoundary   ATM+1 trail_imb net=-25.08
[lab] 13:30 IntradayMomentumBoundary   SPY short K=759.0 ask=0.48
[lab] 13:35 CLOSE IntradayMomentumBoundary   ATM   trail_imb net=-6.08
[lab] 13:35 CLOSE IntradayMomentumBoundary   ATM-1 trail_imb net=-4.08
[lab] 13:35 CLOSE IntradayMomentumBoundary   ATM+1 trail_imb net=-7.08
[lab] 14:54 CLOSE PDH_PDL_FailedBreak        ATM   stop     net=-127.08
[lab] 14:54 CLOSE PDH_PDL_FailedBreak        ATM-1 stop     net=-94.08
[lab] 14:54 CLOSE PDH_PDL_FailedBreak        ATM+1 stop     net=-155.08
[lab] 15:51 CLOSE Crabel_Stretch             ATM   stop     net=-155.08
[lab] 15:51 CLOSE Crabel_Stretch             ATM-1 stop     net=-114.08
[lab] 15:51 CLOSE Crabel_Stretch             ATM+1 stop     net=-208.08
[lab] 15:55 CLOSE Crabel_Stretch             ATM   eod      net=-96.08
[lab] 15:55 CLOSE Crabel_Stretch             ATM-1 eod      net=-64.08
[lab] 15:55 CLOSE Crabel_Stretch             ATM+1 eod      net=-132.08
[lab] daily: {"date": "2026-09-18", "config_hash": "ccd00ac71f8243e9", "symbols": ["QQQ", "SPY"], "signals_decided": 18, "signals_skipped": 238, "fills_skipped": 0, "trades_closed": 54, "degraded_bars": {}, "atm_net": -520.45, "feed": {"source": "HISTORY_BACKFILL", "calls": 0, "retries": 0, "bar_cache_hits": 0, "bar_cache_misses": 0, "outage_episodes": 0, "upstream_down_now": false}}
