[replay shares] 2026-09-08 -- config 7c6414fc549315f3 -- history-backed, no outages; NOT the prospective record
[shares] warmup SPY: 24 prior sessions, stretch=1.187740000000008
[shares] warmup QQQ: 24 prior sessions, stretch=2.05949999999998
[shares] warmup IWM: 24 prior sessions, stretch=0.42999999999999544
[shares] warmup DIA: 24 prior sessions, stretch=0.703999999999985
[shares] warmup XLK: 24 prior sessions, stretch=0.6194199999999995
[shares] warmup XLY: 24 prior sessions, stretch=0.21999999999999886
[shares] warmup XLI: 24 prior sessions, stretch=0.28050000000000636
[shares] warmup XLV: 24 prior sessions, stretch=0.41101999999999633
[shares] warmup XLP: 24 prior sessions, stretch=0.18149999999999977
[shares] warmup XLE: 24 prior sessions, stretch=0.2911999999999978
[shares] warmup XLF: 24 prior sessions, stretch=0.12299999999999969
[shares] warmup NVDA: 24 prior sessions, stretch=1.2910000000000026
[shares] warmup AAPL: 24 prior sessions, stretch=1.4924400000000049
[shares] warmup GOOGL: 24 prior sessions, stretch=0.8260000000000047
[shares] warmup WMT: 24 prior sessions, stretch=0.4280000000000001
[replay] six-lines SPY: R1=770.49  R2=772.87  R3=774.27  S1=769.00  S2=768.19  S3=761.78
[replay] six-lines QQQ: R1=721.86  R2=722.08  R3=723.76  S1=716.88  S2=716.56  S3=711.25
[replay] six-lines IWM: R1=295.92  R2=296.01  R3=296.18  S1=293.56  S2=293.24  S3=290.57
[replay] six-lines DIA: R1=534.33  R2=536.37  R3=537.25  S1=534.90  S2=532.93  S3=529.02
[replay] six-lines XLK: R1=187.60  R2=188.20  R3=190.26  S1=187.09  S2=186.42  S3=185.94
[replay] six-lines XLY: R1=115.26  R2=115.74  R3=116.86  S1=115.24  S2=114.46  S3=114.01
[replay] six-lines XLI: R1=175.52  R2=175.78  R3=175.96  S1=174.40  S2=174.18  S3=174.10
[replay] six-lines XLV: R1=171.56  R2=172.53  R3=174.40  S1=171.27  S2=171.24  S3=168.20
[replay] six-lines XLP: R1=84.58  R2=85.30  R3=85.44  S1=84.77  S2=84.53  S3=84.01
[replay] six-lines XLE: R1=64.33  R2=65.03  R3=65.09  S1=64.06  S2=64.05  S3=63.38
[replay] six-lines XLF: R1=58.32  R2=58.38  R3=58.60  S1=58.00  S2=57.91  S3=57.46
[replay] six-lines NVDA: R1=232.49  R2=233.28  R3=234.76  S1=230.28  S2=229.63  S3=228.45
[replay] six-lines AAPL: R1=321.62  R2=328.93  R3=329.00  S1=324.82  S2=317.86  S3=316.59
[replay] six-lines GOOGL: R1=339.27  R2=343.53  R3=343.95  S1=340.64  S2=337.09  S3=335.03
[replay] six-lines WMT: R1=107.58  R2=108.92  R3=109.23  S1=106.93  S2=106.74  S3=106.50
[shares] 09:32 Crabel_Stretch            IWM short 294.45 x34.0sh spread=1.02bp
[shares] 09:32 Crabel_Stretch            DIA short 528.86 x18.9sh spread=0.95bp
[shares] 09:32 Crabel_Stretch            XLI short 174.61 x57.3sh spread=2.86bp
[shares] 09:32 Crabel_Stretch            XLV short 167.75 x59.6sh spread=4.17bp
[shares] 09:32 Crabel_Stretch            XLF short 57.48 x174.0sh spread=1.74bp
[shares] 09:32 Crabel_Stretch            AAPL long  319.84 x31.3sh spread=3.13bp
[shares] 09:33 VWAP_Reclaim              XLV short 167.28 x59.8sh spread=7.77bp
[shares] 09:33 Crabel_Stretch            XLP long  84.49 x118.4sh spread=2.37bp
[shares] 09:33 VWAP_Reclaim              XLE long  64.99 x153.9sh spread=4.62bp
[shares] 09:33 VWAP_Reclaim              AAPL short 318.31 x31.4sh spread=6.28bp
[shares] 09:34 CLOSE Crabel_Stretch            XLI short stop    net=-60.13
[shares] 09:34 VWAP_Reclaim              XLP short 84.28 x118.7sh spread=1.19bp
[shares] 09:34 Crabel_Stretch            WMT short 106.09 x94.3sh spread=4.71bp
[shares] 09:35 TTM_Squeeze               SPY short 768.79 x13.0sh spread=0.26bp
[shares] 09:35 TTM_Squeeze               XLY short 114.47 x87.4sh spread=1.75bp
[shares] 09:35 TTM_Squeeze               XLV short 167.41 x59.7sh spread=3.58bp
[shares] 09:35 TTM_Squeeze               XLP short 84.17 x118.8sh spread=1.19bp
[shares] 09:35 TTM_Squeeze               XLE long  64.97 x153.9sh spread=1.54bp
[shares] 09:35 TTM_Squeeze               WMT short 105.92 x94.4sh spread=4.72bp
[shares] 09:35 PDH_PDL_Breakout          WMT short 105.92 x94.4sh spread=4.72bp
[shares] 09:36 CLOSE TTM_Squeeze               XLP short stop    net=-10.69
[shares] 09:36 Crabel_Stretch            NVDA short 230.40 x43.4sh spread=1.30bp
[shares] 09:37 VWAP_Reclaim              XLY short 114.41 x87.4sh spread=0.87bp
[shares] 09:37 Crabel_Stretch            XLE long  65.17 x153.4sh spread=1.53bp
[shares] 09:37 VWAP_Reclaim              GOOGL short 335.01 x29.8sh spread=1.19bp
[shares] 09:37 CLOSE TTM_Squeeze               WMT short stop    net=-44.37
[shares] 09:39 VWAP_Reclaim              IWM short 294.50 x34.0sh spread=0.68bp
[shares] 09:39 VWAP_Reclaim              XLF short 57.60 x173.6sh spread=1.74bp
[shares] 09:40 Six_Lines                 SPY short 768.12 x13.0sh spread=0.39bp
[shares] 09:40 Six_Lines_NoCap           SPY short 768.12 x13.0sh spread=0.39bp
[shares] 09:40 PDH_PDL_Breakout          SPY short 768.12 x13.0sh spread=0.39bp
[shares] 09:40 Six_Lines                 XLY short 114.29 x87.5sh spread=1.75bp
[shares] 09:40 Six_Lines_NoCap           XLY short 114.29 x87.5sh spread=1.75bp
[shares] 09:40 PDH_PDL_Breakout          XLY short 114.29 x87.5sh spread=1.75bp
[shares] 09:40 Six_Lines                 XLV short 167.78 x59.6sh spread=3.58bp
[shares] 09:40 Six_Lines_NoCap           XLV short 167.78 x59.6sh spread=3.58bp
[shares] 09:40 PDH_PDL_Breakout          XLV short 167.78 x59.6sh spread=3.58bp
[shares] 09:40 CLOSE Crabel_Stretch            XLP long  stop    net=-40.24
[shares] 09:40 Six_Lines                 WMT short 106.33 x94.0sh spread=6.58bp
[shares] 09:40 Six_Lines_NoCap           WMT short 106.33 x94.0sh spread=6.58bp
[shares] 09:41 Crabel_Stretch            SPY short 767.69 x13.0sh spread=0.26bp
[shares] 09:41 Crabel_Stretch            QQQ short 718.38 x13.9sh spread=0.14bp
[shares] 09:41 VWAP_Reclaim              DIA short 529.13 x18.9sh spread=0.76bp
[shares] 09:41 Crabel_Stretch            XLY short 114.21 x87.6sh spread=0.88bp
[shares] 09:41 CLOSE PDH_PDL_Breakout          XLV short target  net=+2.98
[shares] 09:42 CLOSE TTM_Squeeze               SPY short target  net=+16.65
[shares] 09:42 Crabel_Stretch            XLK short 187.97 x53.2sh spread=0.53bp
[shares] 09:42 CLOSE TTM_Squeeze               XLY short target  net=+33.20
[shares] 09:42 CLOSE VWAP_Reclaim              XLY short target  net=+27.97
[shares] 09:43 ORB_5min                  QQQ short 717.12 x13.9sh spread=0.28bp
[shares] 09:43 CLOSE Six_Lines                 XLY short target  net=+14.00
[shares] 09:43 CLOSE TTM_Squeeze               XLV short stop    net=-56.75
[shares] 09:45 CLOSE VWAP_Reclaim              DIA short stop    net=-12.10
[shares] 09:45 PDH_PDL_Breakout          DIA short 529.72 x18.9sh spread=0.94bp
[shares] 09:45 PDH_PDL_FailedBreak       XLK short 187.26 x53.4sh spread=1.07bp
[shares] 09:45 Gap_Fade                  XLK short 187.26 x53.4sh spread=1.07bp
[shares] 09:45 Gap_Fade                  XLV long  168.51 x59.3sh spread=1.78bp
[shares] 09:45 PDH_PDL_Breakout          XLF short 57.67 x173.4sh spread=1.73bp
[shares] 09:45 Gap_Fade                  NVDA short 229.75 x43.5sh spread=1.31bp
[shares] 09:45 Gap_Fade                  AAPL long  317.52 x31.5sh spread=2.20bp
[shares] 09:46 CLOSE VWAP_Reclaim              IWM short stop    net=-18.68
[shares] 09:46 CLOSE PDH_PDL_Breakout          DIA short stop    net=-0.94
[shares] 09:46 CLOSE Gap_Fade                  XLK short target  net=-24.56
[shares] 09:46 ORB_5min                  XLY short 114.20 x87.6sh spread=0.88bp
[shares] 09:46 CLOSE PDH_PDL_Breakout          XLF short stop    net=+6.94
[shares] 09:46 CLOSE Gap_Fade                  NVDA short target  net=-4.35
[shares] 09:46 Crabel_Stretch            GOOGL short 334.41 x29.9sh spread=1.20bp
[shares] 09:47 ORB_15min                 GOOGL short 334.30 x29.9sh spread=0.90bp
[shares] 09:47 VWAP_Reclaim              WMT short 106.35 x94.0sh spread=4.70bp
[shares] 09:48 ORB_15min                 NVDA short 229.11 x43.6sh spread=0.44bp
[shares] 09:48 ORB_5min                  GOOGL short 333.78 x30.0sh spread=1.50bp
[shares] 09:50 CLOSE TTM_Squeeze               XLE long  stop    net=-26.17
[shares] 09:50 PDH_PDL_Breakout          XLE long  64.81 x154.3sh spread=1.54bp
[shares] 09:50 PDH_PDL_FailedBreak       NVDA long  230.37 x43.4sh spread=1.30bp
[shares] 09:50 Six_Lines                 AAPL short 316.20 x31.6sh spread=1.27bp
[shares] 09:50 Six_Lines_NoCap           AAPL short 316.20 x31.6sh spread=1.27bp
[shares] 09:50 PDH_PDL_Breakout          AAPL short 316.20 x31.6sh spread=1.27bp
[shares] 09:50 Six_Lines                 GOOGL short 333.95 x29.9sh spread=2.99bp
[shares] 09:50 Six_Lines_NoCap           GOOGL short 333.95 x29.9sh spread=2.99bp
[shares] 09:50 PDH_PDL_Breakout          GOOGL short 333.95 x29.9sh spread=2.99bp
[shares] 09:51 ORB_15min                 XLY short 114.00 x87.7sh spread=0.88bp
[shares] 09:51 CLOSE PDH_PDL_Breakout          XLE long  stop    net=-9.26
[shares] 09:51 CLOSE Six_Lines                 WMT short target  net=+14.11
[shares] 09:51 CLOSE VWAP_Reclaim              WMT short target  net=+15.98
[shares] 09:52 CLOSE VWAP_Reclaim              XLE long  stop    net=-41.54
[shares] 09:53 ORB_15min                 SPY short 767.06 x13.0sh spread=0.26bp
[shares] 09:53 ORB_15min                 XLE short 64.69 x154.6sh spread=1.55bp
[shares] 09:54 ORB_15min                 QQQ short 716.53 x14.0sh spread=0.42bp
[shares] 09:55 PDH_PDL_Breakout          XLP short 84.05 x119.0sh spread=1.19bp
[shares] 09:56 CLOSE PDH_PDL_Breakout          XLP short stop    net=-11.90
[shares] 09:58 CLOSE PDH_PDL_Breakout          AAPL short stop    net=-43.96
[shares] 10:00 PDH_PDL_FailedBreak       QQQ long  717.47 x13.9sh spread=0.14bp
[shares] 10:00 Six_Lines                 DIA short 528.91 x18.9sh spread=0.19bp
[shares] 10:00 Six_Lines_NoCap           DIA short 528.91 x18.9sh spread=0.19bp
[shares] 10:00 CLOSE Six_Lines                 XLV short trail   net=-35.17
[shares] 10:00 CLOSE Six_Lines_NoCap           XLV short trail   net=-35.17
[shares] 10:00 Six_Lines                 NVDA short 229.57 x43.6sh spread=1.31bp
[shares] 10:00 Six_Lines_NoCap           NVDA short 229.57 x43.6sh spread=1.31bp
[shares] 10:01 IntradayMomentumBoundary  SPY short 767.47 x13.0sh spread=0.39bp
[shares] 10:01 IntradayMomentumBoundary  QQQ short 717.14 x13.9sh spread=0.42bp
[shares] 10:01 IntradayMomentumBoundary  DIA short 529.12 x18.9sh spread=0.76bp
[shares] 10:01 IntradayMomentumBoundary  XLY short 113.98 x87.7sh spread=1.75bp
[shares] 10:01 CLOSE ORB_15min                 XLE short stop    net=-49.47
[shares] 10:01 VWAP_Reclaim              XLE long  65.01 x153.8sh spread=1.54bp
[shares] 10:01 IntradayMomentumBoundary  GOOGL short 333.61 x30.0sh spread=1.20bp
[shares] 10:02 ORB_15min                 DIA short 528.74 x18.9sh spread=0.57bp
[shares] 10:03 CLOSE Six_Lines                 SPY short target  net=+16.66
[shares] 10:03 CLOSE PDH_PDL_Breakout          SPY short target  net=+16.66
[shares] 10:03 CLOSE PDH_PDL_FailedBreak       QQQ long  stop    net=-14.77
[shares] 10:03 CLOSE PDH_PDL_FailedBreak       NVDA long  stop    net=-50.79
[shares] 10:03 CLOSE Six_Lines                 NVDA short target  net=+15.68
[shares] 10:03 ORB_5min                  NVDA short 229.20 x43.6sh spread=0.44bp
[shares] 10:03 CLOSE Six_Lines                 GOOGL short target  net=+19.46
[shares] 10:04 VWAP_Reclaim              XLI short 175.06 x57.1sh spread=1.14bp
[shares] 10:04 ORB_5min                  XLE long  65.18 x153.4sh spread=1.53bp
[shares] 10:05 ORB_5min                  XLK short 187.39 x53.4sh spread=1.07bp
[shares] 10:05 TTM_Squeeze               NVDA short 228.26 x43.8sh spread=1.31bp
[shares] 10:05 PDH_PDL_Breakout          NVDA short 228.26 x43.8sh spread=1.31bp
[shares] 10:06 CLOSE IntradayMomentumBoundary  GOOGL short trail   net=-6.89
[shares] 10:07 VWAP_Reclaim              IWM short 294.59 x33.9sh spread=0.34bp
[shares] 10:09 ORB_5min                  DIA short 527.90 x18.9sh spread=0.95bp
[shares] 10:10 Six_Lines                 QQQ short 716.25 x14.0sh spread=0.56bp
[shares] 10:10 Six_Lines_NoCap           QQQ short 716.25 x14.0sh spread=0.56bp
[shares] 10:10 PDH_PDL_Breakout          QQQ short 716.25 x14.0sh spread=0.56bp
[shares] 10:10 CLOSE Six_Lines                 DIA short target  net=+21.18
[shares] 10:10 Six_Lines                 XLE long  65.17 x153.4sh spread=1.53bp
[shares] 10:10 Six_Lines_NoCap           XLE long  65.17 x153.4sh spread=1.53bp
[shares] 10:10 CLOSE TTM_Squeeze               NVDA short stop    net=-42.50
[shares] 10:11 ORB_15min                 XLK short 187.14 x53.4sh spread=1.07bp
[shares] 10:12 ORB_15min                 WMT short 105.80 x94.5sh spread=1.89bp
[shares] 10:16 ORB_5min                  XLP short 84.10 x118.9sh spread=1.19bp
[shares] 10:16 CLOSE Crabel_Stretch            AAPL long  stop    net=-129.75
[shares] 10:16 CLOSE Gap_Fade                  AAPL long  stop    net=-57.63
[shares] 10:16 ORB_5min                  AAPL short 315.69 x31.7sh spread=0.32bp
[shares] 10:16 ORB_15min                 AAPL short 315.69 x31.7sh spread=0.32bp
[shares] 10:17 CLOSE PDH_PDL_Breakout          QQQ short stop    net=-10.05
[shares] 10:17 CLOSE Six_Lines                 AAPL short target  net=+18.34
[shares] 10:20 TTM_Squeeze               XLI short 174.84 x57.2sh spread=1.14bp
[shares] 10:21 CLOSE IntradayMomentumBoundary  QQQ short trail   net=-2.93
[shares] 10:21 ORB_15min                 XLP short 83.94 x119.1sh spread=1.19bp
[shares] 10:25 CLOSE VWAP_Reclaim              IWM short stop    net=-21.39
[shares] 10:30 EMA_9_20_Pullback         SPY short 766.69 x13.0sh spread=0.26bp
[shares] 10:30 CLOSE Six_Lines                 QQQ short trail   net=-21.50
[shares] 10:30 CLOSE Six_Lines_NoCap           QQQ short trail   net=-21.50
[shares] 10:30 MOMO_CHASE                XLK long  187.88 x53.2sh spread=1.06bp
[shares] 10:30 MOMO_CHASE                XLV short 167.66 x59.6sh spread=1.79bp
[shares] 10:30 MOMO_CHASE                XLF short 57.51 x173.9sh spread=1.74bp
[shares] 10:31 IntradayMomentumBoundary  XLE long  65.20 x153.4sh spread=1.53bp
[shares] 10:31 IntradayMomentumBoundary  NVDA short 227.49 x44.0sh spread=1.32bp
[shares] 10:31 IntradayMomentumBoundary  WMT short 105.83 x94.5sh spread=1.89bp
[shares] 10:32 ORB_5min                  WMT short 105.79 x94.5sh spread=0.95bp
[shares] 10:33 CLOSE IntradayMomentumBoundary  WMT short trail   net=-3.78
[shares] 10:35 CLOSE IntradayMomentumBoundary  XLE long  trail   net=-15.34
[shares] 10:38 CLOSE ORB_15min                 XLP short stop    net=-41.70
[shares] 10:40 EMA_9_20_Pullback         XLE long  65.17 x153.4sh spread=1.53bp
[shares] 10:40 CLOSE Six_Lines_NoCap           GOOGL short trail   net=-36.83
[shares] 10:41 CLOSE PDH_PDL_Breakout          GOOGL short stop    net=-43.42
[shares] 10:42 CLOSE ORB_15min                 GOOGL short stop    net=-46.66
[shares] 10:44 CLOSE Crabel_Stretch            GOOGL short stop    net=-56.52
[shares] 10:45 VWAP_Reclaim              XLK long  187.96 x53.2sh spread=0.53bp
[shares] 10:45 MOMO_CHASE                GOOGL long  336.30 x29.7sh spread=1.49bp
[shares] 10:45 Gap_Fade                  GOOGL long  336.30 x29.7sh spread=1.49bp
[shares] 10:46 CLOSE VWAP_Reclaim              XLK long  stop    net=-6.38
[shares] 10:51 CLOSE IntradayMomentumBoundary  SPY short trail   net=-1.56
[shares] 10:51 CLOSE IntradayMomentumBoundary  XLY short trail   net=-19.30
[shares] 10:52 CLOSE VWAP_Reclaim              GOOGL short stop    net=-56.12
[shares] 10:52 CLOSE ORB_5min                  GOOGL short stop    net=-93.18
[shares] 10:55 CLOSE ORB_15min                 XLK short stop    net=-53.44
[shares] 10:55 CLOSE MOMO_CHASE                XLK long  time    net=+12.77
[shares] 10:55 CLOSE MOMO_CHASE                XLV short time    net=-10.74
[shares] 10:55 CLOSE MOMO_CHASE                XLF short time    net=-3.48
[shares] 10:56 CLOSE EMA_9_20_Pullback         SPY short stop    net=-15.91
[shares] 10:57 CLOSE TTM_Squeeze               XLI short stop    net=-24.59
[shares] 11:00 MOMO_CHASE                IWM long  295.37 x33.9sh spread=0.34bp
[shares] 11:00 CLOSE Six_Lines                 XLE long  trail   net=-47.57
[shares] 11:00 CLOSE Six_Lines_NoCap           XLE long  trail   net=-47.57
[shares] 11:00 PDH_PDL_FailedBreak       GOOGL long  337.14 x29.7sh spread=2.67bp
[shares] 11:01 CLOSE ORB_15min                 XLY short stop    net=-28.95
[shares] 11:02 CLOSE EMA_9_20_Pullback         XLE long  stop    net=-50.64
[shares] 11:04 CLOSE IntradayMomentumBoundary  DIA short trail   net=+3.02
[shares] 11:10 CLOSE MOMO_CHASE                GOOGL long  time    net=+30.33
[shares] 11:11 CLOSE ORB_15min                 QQQ short stop    net=-38.52
[shares] 11:15 MOMO_CHASE                XLK long  188.58 x53.0sh spread=1.06bp
[shares] 11:15 PDH_PDL_Breakout          XLK long  188.58 x53.0sh spread=1.06bp
[shares] 11:18 CLOSE Gap_Fade                  GOOGL long  target  net=+57.09
[shares] 11:20 Six_Lines                 XLP short 83.95 x119.1sh spread=1.19bp
[shares] 11:20 Six_Lines_NoCap           XLP short 83.95 x119.1sh spread=1.19bp
[shares] 11:20 MOMO_CHASE                XLP short 83.95 x119.1sh spread=1.19bp
[shares] 11:24 CLOSE Gap_Fade                  XLV long  stop    net=-84.86
[shares] 11:24 CLOSE VWAP_Reclaim              XLP short target  net=+48.65
[shares] 11:25 CLOSE MOMO_CHASE                IWM long  time    net=-2.37
[shares] 11:25 MOMO_CHASE                GOOGL long  338.35 x29.6sh spread=1.77bp
[shares] 11:31 IntradayMomentumBoundary  XLV short 167.03 x59.9sh spread=0.60bp
[shares] 11:31 IntradayMomentumBoundary  XLP short 83.85 x119.3sh spread=1.19bp
[shares] 11:33 CLOSE VWAP_Reclaim              XLE long  stop    net=-36.92
[shares] 11:35 MOMO_CHASE                XLE short 64.78 x154.4sh spread=1.54bp
[shares] 11:35 Gap_Fade                  XLE short 64.78 x154.4sh spread=1.54bp
[shares] 11:36 CLOSE IntradayMomentumBoundary  XLP short trail   net=-13.12
[shares] 11:40 CLOSE MOMO_CHASE                XLK long  time    net=-3.18
[shares] 11:43 CLOSE ORB_5min                  XLE long  stop    net=-73.64
[shares] 11:45 MOMO_CHASE                QQQ long  720.87 x13.9sh spread=0.28bp
[shares] 11:45 CLOSE MOMO_CHASE                XLP short time    net=-3.57
[shares] 11:50 CLOSE MOMO_CHASE                GOOGL long  time    net=-1.48
[shares] 11:51 CLOSE IntradayMomentumBoundary  XLV short trail   net=-14.97
[shares] 12:00 CLOSE MOMO_CHASE                XLE short time    net=+7.72
[shares] 12:01 IntradayMomentumBoundary  SPY short 767.25 x13.0sh spread=0.26bp
[shares] 12:01 IntradayMomentumBoundary  DIA short 528.29 x18.9sh spread=0.38bp
[shares] 12:01 IntradayMomentumBoundary  XLV short 167.19 x59.8sh spread=1.20bp
[shares] 12:01 IntradayMomentumBoundary  XLP short 83.86 x119.2sh spread=1.19bp
[shares] 12:01 IntradayMomentumBoundary  XLF short 57.50 x173.9sh spread=1.74bp
[shares] 12:01 IntradayMomentumBoundary  WMT short 105.67 x94.6sh spread=0.95bp
[shares] 12:02 CLOSE IntradayMomentumBoundary  WMT short trail   net=-3.79
[shares] 12:03 CLOSE IntradayMomentumBoundary  XLF short trail   net=-3.48
[shares] 12:05 CLOSE IntradayMomentumBoundary  SPY short trail   net=-5.34
[shares] 12:05 CLOSE Crabel_Stretch            IWM short stop    net=-45.51
[shares] 12:05 VWAP_Reclaim              XLY long  114.29 x87.5sh spread=0.87bp
[shares] 12:10 CLOSE MOMO_CHASE                QQQ long  time    net=-17.20
[shares] 12:12 CLOSE PDH_PDL_Breakout          XLK long  stop    net=-24.92
[shares] 12:13 CLOSE IntradayMomentumBoundary  XLP short trail   net=-14.31
[shares] 12:18 CLOSE IntradayMomentumBoundary  XLV short trail   net=-10.77
[shares] 12:20 MOMO_CHASE                SPY short 766.90 x13.0sh spread=0.26bp
[shares] 12:20 CLOSE Six_Lines                 XLP short trail   net=-8.34
[shares] 12:20 CLOSE Six_Lines_NoCap           XLP short trail   net=-8.34
[shares] 12:25 MOMO_CHASE                WMT long  106.07 x94.3sh spread=1.89bp
[shares] 12:30 TTM_Squeeze               WMT long  106.13 x94.2sh spread=0.94bp
[shares] 12:31 IntradayMomentumBoundary  SPY short 767.03 x13.0sh spread=0.26bp
[shares] 12:40 TTM_Squeeze               SPY short 766.99 x13.0sh spread=0.13bp
[shares] 12:40 MOMO_CHASE                XLE short 64.54 x154.9sh spread=1.55bp
[shares] 12:42 CLOSE Crabel_Stretch            XLE long  stop    net=-102.81
[shares] 12:45 CLOSE MOMO_CHASE                SPY short time    net=-1.56
[shares] 12:45 TTM_Squeeze               DIA short 528.17 x18.9sh spread=0.38bp
[shares] 12:45 TTM_Squeeze               XLY long  114.45 x87.4sh spread=0.87bp
[shares] 12:50 CLOSE MOMO_CHASE                WMT long  time    net=-3.77
[shares] 12:51 CLOSE VWAP_Reclaim              XLY long  target  net=+13.12
[shares] 13:00 CLOSE TTM_Squeeze               XLY long  stop    net=-14.85
[shares] 13:00 CLOSE TTM_Squeeze               WMT long  stop    net=-20.73
[shares] 13:01 IntradayMomentumBoundary  XLF short 57.54 x173.8sh spread=1.74bp
[shares] 13:02 CLOSE IntradayMomentumBoundary  SPY short trail   net=-9.91
[shares] 13:02 CLOSE TTM_Squeeze               SPY short stop    net=-10.43
[shares] 13:02 CLOSE IntradayMomentumBoundary  DIA short trail   net=-11.17
[shares] 13:02 CLOSE TTM_Squeeze               DIA short stop    net=-13.44
[shares] 13:02 CLOSE IntradayMomentumBoundary  XLF short trail   net=-3.48
[shares] 13:05 CLOSE MOMO_CHASE                XLE short time    net=+20.14
[shares] 13:05 MOMO_CHASE                XLE short 64.40 x155.3sh spread=1.55bp
[shares] 13:25 MOMO_CHASE                XLV long  167.87 x59.6sh spread=1.19bp
[shares] 13:30 Six_Lines                 IWM long  295.97 x33.8sh spread=0.34bp
[shares] 13:30 Six_Lines_NoCap           IWM long  295.97 x33.8sh spread=0.34bp
[shares] 13:30 TTM_Squeeze               IWM long  295.97 x33.8sh spread=0.34bp
[shares] 13:30 CLOSE MOMO_CHASE                XLE short time    net=-4.66
[shares] 13:31 IntradayMomentumBoundary  DIA short 528.77 x18.9sh spread=0.76bp
[shares] 13:31 IntradayMomentumBoundary  XLF short 57.47 x174.0sh spread=1.74bp
[shares] 13:34 CLOSE IntradayMomentumBoundary  DIA short trail   net=-2.27
[shares] 13:40 TTM_Squeeze               GOOGL long  339.54 x29.5sh spread=0.59bp
[shares] 13:45 VWAP_2sigma_Fade          IWM short 295.86 x33.8sh spread=0.34bp
[shares] 13:45 CLOSE TTM_Squeeze               GOOGL long  stop    net=-25.03
[shares] 13:50 CLOSE MOMO_CHASE                XLV long  time    net=+8.94
[shares] 13:52 CLOSE IntradayMomentumBoundary  XLF short trail   net=-15.66
[shares] 13:55 MOMO_CHASE                XLV long  168.14 x59.5sh spread=0.59bp
[shares] 14:00 CLOSE Six_Lines                 IWM long  trail   net=-7.43
[shares] 14:00 CLOSE Six_Lines_NoCap           IWM long  trail   net=-7.43
[shares] 14:00 CLOSE Six_Lines_NoCap           DIA short trail   net=-1.70
[shares] 14:05 MOMO_CHASE                GOOGL short 338.54 x29.5sh spread=1.18bp
[shares] 14:10 TTM_Squeeze               GOOGL short 338.09 x29.6sh spread=0.89bp
[shares] 14:15 CLOSE TTM_Squeeze               IWM long  bars    net=-1.01
[shares] 14:15 VWAP_Reclaim              WMT long  106.10 x94.3sh spread=0.94bp
[shares] 14:20 CLOSE MOMO_CHASE                XLV long  time    net=-15.46
[shares] 14:27 CLOSE VWAP_Reclaim              WMT long  stop    net=-15.08
[shares] 14:30 TTM_Squeeze               XLF long  57.58 x173.7sh spread=1.74bp
[shares] 14:30 CLOSE MOMO_CHASE                GOOGL short time    net=+13.00
[shares] 14:31 IntradayMomentumBoundary  XLP short 83.95 x119.1sh spread=1.19bp
[shares] 14:32 CLOSE IntradayMomentumBoundary  XLP short trail   net=-2.38
[shares] 14:39 CLOSE TTM_Squeeze               XLF long  stop    net=-13.89
[shares] 14:48 VWAP_Reclaim              SPY short 767.01 x13.0sh spread=0.13bp
[shares] 14:49 CLOSE VWAP_Reclaim              SPY short target  net=+12.91
[shares] 14:49 VWAP_Reclaim              QQQ short 718.18 x13.9sh spread=0.42bp
[shares] 14:49 CLOSE VWAP_2sigma_Fade          IWM short target  net=+24.67
[shares] 14:49 VWAP_Reclaim              XLK short 187.81 x53.2sh spread=1.06bp
[shares] 14:49 CLOSE PDH_PDL_Breakout          NVDA short target  net=+125.30
[shares] 14:49 CLOSE VWAP_Reclaim              AAPL short target  net=+102.73
[shares] 14:50 TTM_Squeeze               IWM short 295.21 x33.9sh spread=0.34bp
[shares] 14:50 TTM_Squeeze               XLK short 187.90 x53.2sh spread=1.06bp
[shares] 14:50 Six_Lines                 XLF short 57.43 x174.1sh spread=1.74bp
[shares] 14:50 Six_Lines_NoCap           XLF short 57.43 x174.1sh spread=1.74bp
[shares] 14:50 TTM_Squeeze               AAPL short 315.17 x31.7sh spread=0.63bp
[shares] 14:55 CLOSE TTM_Squeeze               AAPL short stop    net=-22.21
[shares] 14:55 CLOSE TTM_Squeeze               GOOGL short bars    net=+8.58
[shares] 14:56 CLOSE TTM_Squeeze               XLK short stop    net=-14.37
[shares] 15:01 IntradayMomentumBoundary  SPY short 766.69 x13.0sh spread=0.39bp
[shares] 15:01 IntradayMomentumBoundary  DIA short 527.81 x18.9sh spread=0.76bp
[shares] 15:01 IntradayMomentumBoundary  XLF short 57.38 x174.3sh spread=1.74bp
[shares] 15:13 CLOSE TTM_Squeeze               IWM short stop    net=-10.84
[shares] 15:34 CLOSE IntradayMomentumBoundary  DIA short trail   net=-17.81
[shares] 15:52 CLOSE VWAP_Reclaim              XLI short target  net=+25.71
[shares] 15:52 CLOSE Six_Lines                 XLF short target  net=+15.67
[shares] 15:56 CLOSE Six_Lines_NoCap           SPY short eod     net=+27.21
[shares] 15:56 CLOSE Crabel_Stretch            SPY short eod     net=+21.62
[shares] 15:56 CLOSE ORB_15min                 SPY short eod     net=+13.43
[shares] 15:56 CLOSE IntradayMomentumBoundary  SPY short eod     net=+8.61
[shares] 15:56 CLOSE Crabel_Stretch            QQQ short eod     net=+7.93
[shares] 15:56 CLOSE ORB_5min                  QQQ short eod     net=-9.62
[shares] 15:56 CLOSE VWAP_Reclaim              QQQ short eod     net=+5.15
[shares] 15:56 CLOSE Crabel_Stretch            DIA short eod     net=+16.26
[shares] 15:56 CLOSE ORB_15min                 DIA short eod     net=+14.00
[shares] 15:56 CLOSE ORB_5min                  DIA short eod     net=-1.89
[shares] 15:56 CLOSE Crabel_Stretch            XLK short eod     net=+12.24
[shares] 15:56 CLOSE PDH_PDL_FailedBreak       XLK short eod     net=-25.63
[shares] 15:56 CLOSE ORB_5min                  XLK short eod     net=-18.68
[shares] 15:56 CLOSE VWAP_Reclaim              XLK short eod     net=+3.73
[shares] 15:56 CLOSE Six_Lines_NoCap           XLY short eod     net=+26.25
[shares] 15:56 CLOSE PDH_PDL_Breakout          XLY short eod     net=+26.25
[shares] 15:56 CLOSE Crabel_Stretch            XLY short eod     net=+19.26
[shares] 15:56 CLOSE ORB_5min                  XLY short eod     net=+18.39
[shares] 15:56 CLOSE Crabel_Stretch            XLV short eod     net=+29.21
[shares] 15:56 CLOSE VWAP_Reclaim              XLV short eod     net=+1.20
[shares] 15:56 CLOSE ORB_5min                  XLP short eod     net=+2.38
[shares] 15:56 CLOSE Gap_Fade                  XLE short eod     net=-18.52
[shares] 15:56 CLOSE Crabel_Stretch            XLF short eod     net=+22.62
[shares] 15:56 CLOSE VWAP_Reclaim              XLF short target  net=+43.40
[shares] 15:56 CLOSE Six_Lines_NoCap           XLF short eod     net=+13.93
[shares] 15:56 CLOSE IntradayMomentumBoundary  XLF short eod     net=+5.23
[shares] 15:56 CLOSE Crabel_Stretch            NVDA short eod     net=+213.98
[shares] 15:56 CLOSE ORB_15min                 NVDA short eod     net=+158.88
[shares] 15:56 CLOSE Six_Lines_NoCap           NVDA short eod     net=+178.59
[shares] 15:56 CLOSE ORB_5min                  NVDA short eod     net=+162.74
[shares] 15:56 CLOSE IntradayMomentumBoundary  NVDA short eod     net=+88.80
[shares] 15:56 CLOSE Six_Lines_NoCap           AAPL short eod     net=-0.32
[shares] 15:56 CLOSE ORB_5min                  AAPL short eod     net=-16.47
[shares] 15:56 CLOSE ORB_15min                 AAPL short eod     net=-16.47
[shares] 15:56 CLOSE PDH_PDL_FailedBreak       GOOGL long  eod     net=+38.86
[shares] 15:56 CLOSE Crabel_Stretch            WMT short eod     net=+2.83
[shares] 15:56 CLOSE PDH_PDL_Breakout          WMT short eod     net=-13.22
[shares] 15:56 CLOSE Six_Lines_NoCap           WMT short eod     net=+25.39
[shares] 15:56 CLOSE ORB_15min                 WMT short eod     net=-24.57
[shares] 15:56 CLOSE ORB_5min                  WMT short eod     net=-25.52
[shares] daily: 167 trades, net $-585.26
