[replay shares] 2026-09-02 -- config 7c6414fc549315f3 -- history-backed, no outages; NOT the prospective record
[shares] warmup SPY: 25 prior sessions, stretch=1.594740000000013
[shares] warmup QQQ: 25 prior sessions, stretch=1.9323699999999917
[shares] warmup IWM: 25 prior sessions, stretch=0.5200499999999977
[shares] warmup DIA: 25 prior sessions, stretch=0.7809999999999832
[shares] warmup XLK: 25 prior sessions, stretch=0.5544200000000018
[shares] warmup XLY: 25 prior sessions, stretch=0.2719999999999999
[shares] warmup XLI: 25 prior sessions, stretch=0.346500000000006
[shares] warmup XLV: 25 prior sessions, stretch=0.5165199999999999
[shares] warmup XLP: 25 prior sessions, stretch=0.14450000000000074
[shares] warmup XLE: 25 prior sessions, stretch=0.34469999999999956
[shares] warmup XLF: 25 prior sessions, stretch=0.1615000000000002
[shares] warmup NVDA: 25 prior sessions, stretch=1.2895000000000039
[shares] warmup AAPL: 25 prior sessions, stretch=1.5699400000000026
[shares] warmup GOOGL: 25 prior sessions, stretch=1.0264999999999986
[shares] warmup WMT: 25 prior sessions, stretch=0.4759999999999991
[replay] six-lines SPY: R1=763.26  R2=764.67  R3=767.86  S1=761.41  S2=759.48  S3=759.26
[replay] six-lines QQQ: R1=710.74  R2=712.30  R3=718.38  S1=706.69  S2=704.66  S3=702.95
[replay] six-lines IWM: R1=291.75  R2=292.94  R3=294.50  S1=291.77  S2=289.97  S3=289.58
[replay] six-lines DIA: R1=529.64  R2=531.65  R3=532.25  S1=528.01  S2=526.84  S3=526.61
[replay] six-lines XLK: R1=184.82  R2=184.92  R3=186.81  S1=183.24  S2=182.63  S3=182.19
[replay] six-lines XLY: R1=115.12  R2=115.61  R3=116.82  S1=115.30  S2=114.32  S3=114.28
[replay] six-lines XLI: R1=173.73  R2=175.35  R3=175.44  S1=173.56  S2=172.27  S3=172.15
[replay] six-lines XLV: R1=172.67  R2=172.94  R3=173.53  S1=171.07  S2=171.03  S3=170.44
[replay] six-lines XLP: R1=85.76  R2=85.78  R3=86.16  S1=85.25  S2=85.15  S3=84.87
[replay] six-lines XLE: R1=64.95  R2=64.99  R3=65.09  S1=64.22  S2=64.05  S3=63.28
[replay] six-lines XLF: R1=57.43  R2=57.78  R3=57.98  S1=57.57  S2=57.15  S3=57.13
[replay] six-lines NVDA: R1=218.98  R2=220.41  R3=220.89  S1=216.64  S2=216.07  S3=215.10
[replay] six-lines AAPL: R1=319.54  R2=327.30  R3=327.52  S1=322.17  S2=314.73  S3=313.98
[replay] six-lines GOOGL: R1=337.20  R2=338.69  R3=339.92  S1=335.02  S2=333.51  S3=333.05
[replay] six-lines WMT: R1=105.80  R2=106.50  R3=106.64  S1=105.44  S2=104.66  S3=103.08
[shares] 09:32 Crabel_Stretch            XLY short 114.68 x87.2sh spread=1.74bp
[shares] 09:32 Crabel_Stretch            XLI short 172.65 x57.9sh spread=2.32bp
[shares] 09:32 Crabel_Stretch            XLV long  172.71 x57.9sh spread=5.21bp
[shares] 09:33 Crabel_Stretch            IWM long  292.09 x34.2sh spread=0.68bp
[shares] 09:33 Crabel_Stretch            XLP short 85.15 x117.4sh spread=1.17bp
[shares] 09:33 Crabel_Stretch            XLE long  64.69 x154.6sh spread=3.09bp
[shares] 09:33 VWAP_Reclaim              XLF long  57.57 x173.7sh spread=1.74bp
[shares] 09:33 Crabel_Stretch            XLF long  57.57 x173.7sh spread=1.74bp
[shares] 09:34 VWAP_Reclaim              XLY long  114.89 x87.0sh spread=1.74bp
[shares] 09:35 TTM_Squeeze               XLV long  173.45 x57.7sh spread=2.31bp
[shares] 09:35 VWAP_Reclaim              NVDA long  219.88 x45.5sh spread=1.36bp
[shares] 09:36 VWAP_Reclaim              XLK short 182.93 x54.7sh spread=2.19bp
[shares] 09:36 Crabel_Stretch            XLK short 182.93 x54.7sh spread=2.19bp
[shares] 09:36 CLOSE VWAP_Reclaim              XLF long  stop    net=-22.58
[shares] 09:36 Crabel_Stretch            AAPL short 325.12 x30.8sh spread=4.00bp
[shares] 09:36 Crabel_Stretch            GOOGL long  335.32 x29.8sh spread=3.88bp
[shares] 09:38 CLOSE VWAP_Reclaim              XLY long  stop    net=-39.17
[shares] 09:39 Crabel_Stretch            DIA long  530.38 x18.9sh spread=0.75bp
[shares] 09:40 Six_Lines                 IWM long  292.56 x34.2sh spread=0.68bp
[shares] 09:40 Six_Lines_NoCap           IWM long  292.56 x34.2sh spread=0.68bp
[shares] 09:40 Six_Lines                 DIA long  530.31 x18.9sh spread=0.75bp
[shares] 09:40 Six_Lines_NoCap           DIA long  530.31 x18.9sh spread=0.75bp
[shares] 09:40 Six_Lines                 XLV long  174.07 x57.4sh spread=1.15bp
[shares] 09:40 Six_Lines_NoCap           XLV long  174.07 x57.4sh spread=1.15bp
[shares] 09:40 PDH_PDL_Breakout          XLV long  174.07 x57.4sh spread=1.15bp
[shares] 09:40 Six_Lines                 XLP short 85.19 x117.4sh spread=1.17bp
[shares] 09:40 Six_Lines_NoCap           XLP short 85.19 x117.4sh spread=1.17bp
[shares] 09:40 Six_Lines                 XLF long  57.47 x174.0sh spread=1.74bp
[shares] 09:40 Six_Lines_NoCap           XLF long  57.47 x174.0sh spread=1.74bp
[shares] 09:40 Six_Lines                 NVDA long  219.90 x45.5sh spread=1.82bp
[shares] 09:40 Six_Lines_NoCap           NVDA long  219.90 x45.5sh spread=1.82bp
[shares] 09:41 CLOSE TTM_Squeeze               XLV long  target  net=+29.40
[shares] 09:42 ORB_5min                  XLV long  174.17 x57.4sh spread=1.72bp
[shares] 09:43 ORB_5min                  XLY short 114.39 x87.4sh spread=0.87bp
[shares] 09:43 VWAP_Reclaim              XLE short 64.52 x155.0sh spread=1.55bp
[shares] 09:45 VWAP_Reclaim              DIA long  530.16 x18.9sh spread=0.94bp
[shares] 09:45 PDH_PDL_FailedBreak       XLI long  172.29 x58.0sh spread=2.90bp
[shares] 09:45 PDH_PDL_FailedBreak       XLP long  85.22 x117.3sh spread=1.17bp
[shares] 09:45 PDH_PDL_FailedBreak       XLE short 64.46 x155.1sh spread=1.55bp
[shares] 09:45 Gap_Fade                  XLE long  64.47 x155.1sh spread=1.55bp
[shares] 09:45 EMA_9_20_Pullback         XLF long  57.51 x173.9sh spread=1.74bp
[shares] 09:45 PDH_PDL_FailedBreak       AAPL short 325.43 x30.7sh spread=1.54bp
[shares] 09:45 Gap_Fade                  AAPL short 325.43 x30.7sh spread=1.54bp
[shares] 09:45 PDH_PDL_FailedBreak       GOOGL long  334.67 x29.9sh spread=2.69bp
[shares] 09:46 CLOSE PDH_PDL_FailedBreak       XLI long  stop    net=-31.34
[shares] 09:46 ORB_5min                  XLI short 171.75 x58.2sh spread=1.75bp
[shares] 09:46 CLOSE Gap_Fade                  AAPL short target  net=+11.06
[shares] 09:47 ORB_15min                 XLI short 171.78 x58.2sh spread=2.33bp
[shares] 09:48 CLOSE VWAP_Reclaim              DIA long  stop    net=-14.52
[shares] 09:50 Six_Lines                 QQQ short 705.83 x14.2sh spread=0.57bp
[shares] 09:50 Six_Lines_NoCap           QQQ short 705.83 x14.2sh spread=0.57bp
[shares] 09:50 Six_Lines                 XLK short 182.85 x54.7sh spread=1.64bp
[shares] 09:50 Six_Lines_NoCap           XLK short 182.85 x54.7sh spread=1.64bp
[shares] 09:50 Six_Lines                 XLI short 171.77 x58.2sh spread=1.75bp
[shares] 09:50 Six_Lines_NoCap           XLI short 171.77 x58.2sh spread=1.75bp
[shares] 09:50 TTM_Squeeze               XLI short 171.77 x58.2sh spread=1.75bp
[shares] 09:50 PDH_PDL_Breakout          XLI short 171.77 x58.2sh spread=1.75bp
[shares] 09:50 PDH_PDL_Breakout          XLP short 85.09 x117.5sh spread=1.18bp
[shares] 09:50 TTM_Squeeze               XLE short 64.35 x155.4sh spread=1.55bp
[shares] 09:50 CLOSE Six_Lines                 XLF long  target  net=+17.40
[shares] 09:51 VWAP_Reclaim              XLY long  114.63 x87.2sh spread=0.87bp
[shares] 09:51 CLOSE PDH_PDL_FailedBreak       XLP long  stop    net=-19.95
[shares] 09:51 ORB_15min                 XLP short 85.05 x117.6sh spread=1.18bp
[shares] 09:52 ORB_15min                 XLK short 182.60 x54.8sh spread=1.64bp
[shares] 09:53 CLOSE PDH_PDL_Breakout          XLP short stop    net=-9.40
[shares] 09:53 ORB_15min                 XLF long  57.64 x173.5sh spread=1.73bp
[shares] 09:54 CLOSE Six_Lines                 XLK short target  net=+20.78
[shares] 09:54 VWAP_Reclaim              XLP long  85.26 x117.3sh spread=1.17bp
[shares] 09:54 ORB_5min                  GOOGL long  336.12 x29.8sh spread=2.08bp
[shares] 09:54 ORB_15min                 GOOGL long  336.12 x29.8sh spread=2.08bp
[shares] 09:55 ORB_15min                 QQQ short 705.38 x14.2sh spread=0.43bp
[shares] 09:55 ORB_5min                  DIA long  530.21 x18.9sh spread=0.94bp
[shares] 09:55 PDH_PDL_Breakout          XLK short 182.35 x54.8sh spread=1.65bp
[shares] 09:55 PDH_PDL_FailedBreak       XLY long  114.89 x87.0sh spread=0.87bp
[shares] 09:55 CLOSE ORB_15min                 XLP short stop    net=-31.75
[shares] 09:56 ORB_5min                  WMT long  106.20 x94.2sh spread=0.94bp
[shares] 09:59 ORB_15min                 NVDA long  220.18 x45.4sh spread=1.36bp
[shares] 09:59 Crabel_Stretch            NVDA long  220.18 x45.4sh spread=1.36bp
[shares] 10:00 ORB_15min                 SPY long  763.07 x13.1sh spread=0.39bp
[shares] 10:00 EMA_9_20_Pullback         SPY long  763.07 x13.1sh spread=0.39bp
[shares] 10:00 PDH_PDL_FailedBreak       XLK long  182.77 x54.7sh spread=1.09bp
[shares] 10:00 CLOSE Six_Lines                 NVDA long  target  net=+70.03
[shares] 10:00 ORB_5min                  NVDA long  221.47 x45.2sh spread=1.35bp
[shares] 10:00 PDH_PDL_Breakout          NVDA long  221.47 x45.2sh spread=1.35bp
[shares] 10:01 IntradayMomentumBoundary  IWM long  292.47 x34.2sh spread=0.34bp
[shares] 10:01 ORB_15min                 DIA long  530.73 x18.8sh spread=0.57bp
[shares] 10:01 IntradayMomentumBoundary  DIA long  530.73 x18.8sh spread=0.57bp
[shares] 10:01 ORB_5min                  XLK short 182.70 x54.7sh spread=1.09bp
[shares] 10:01 IntradayMomentumBoundary  XLI short 171.82 x58.2sh spread=0.58bp
[shares] 10:01 IntradayMomentumBoundary  XLV long  174.12 x57.4sh spread=1.15bp
[shares] 10:01 IntradayMomentumBoundary  XLF long  57.76 x173.1sh spread=1.73bp
[shares] 10:01 CLOSE VWAP_Reclaim              NVDA long  target  net=+73.68
[shares] 10:01 CLOSE ORB_15min                 NVDA long  target  net=+59.95
[shares] 10:01 IntradayMomentumBoundary  NVDA long  221.55 x45.1sh spread=2.26bp
[shares] 10:01 ORB_5min                  AAPL short 324.78 x30.8sh spread=1.85bp
[shares] 10:02 ORB_15min                 WMT long  106.42 x94.0sh spread=1.88bp
[shares] 10:03 ORB_5min                  IWM long  292.87 x34.1sh spread=0.68bp
[shares] 10:03 ORB_15min                 IWM long  292.87 x34.1sh spread=0.68bp
[shares] 10:03 CLOSE IntradayMomentumBoundary  XLI short trail   net=-8.15
[shares] 10:03 CLOSE Six_Lines                 XLV long  target  net=+18.96
[shares] 10:03 ORB_15min                 XLV long  174.42 x57.3sh spread=1.15bp
[shares] 10:03 CLOSE TTM_Squeeze               XLE short stop    net=-34.19
[shares] 10:05 CLOSE ORB_15min                 QQQ short stop    net=-18.71
[shares] 10:05 VWAP_Reclaim              QQQ long  706.70 x14.2sh spread=0.42bp
[shares] 10:05 CLOSE Six_Lines                 IWM long  target  net=+20.51
[shares] 10:05 PDH_PDL_Breakout          IWM long  293.18 x34.1sh spread=0.68bp
[shares] 10:05 EMA_9_20_Pullback         XLY long  114.79 x87.1sh spread=0.87bp
[shares] 10:05 CLOSE TTM_Squeeze               XLI short stop    net=-27.36
[shares] 10:05 ORB_15min                 AAPL short 323.95 x30.9sh spread=0.93bp
[shares] 10:05 TTM_Squeeze               WMT long  106.42 x94.0sh spread=1.88bp
[shares] 10:06 CLOSE PDH_PDL_Breakout          XLI short stop    net=-27.94
[shares] 10:08 Crabel_Stretch            SPY long  764.07 x13.1sh spread=0.13bp
[shares] 10:08 ORB_5min                  QQQ long  707.20 x14.1sh spread=0.28bp
[shares] 10:08 CLOSE ORB_15min                 XLK short stop    net=-27.93
[shares] 10:08 CLOSE PDH_PDL_Breakout          XLK short stop    net=-41.68
[shares] 10:08 CLOSE TTM_Squeeze               WMT long  stop    net=-31.95
[shares] 10:09 CLOSE IntradayMomentumBoundary  XLV long  trail   net=-28.14
[shares] 10:09 VWAP_Reclaim              XLV short 173.63 x57.6sh spread=1.73bp
[shares] 10:10 Six_Lines                 SPY long  763.73 x13.1sh spread=0.13bp
[shares] 10:10 Six_Lines_NoCap           SPY long  763.73 x13.1sh spread=0.13bp
[shares] 10:10 CLOSE Six_Lines                 QQQ short trail   net=-17.14
[shares] 10:10 CLOSE Six_Lines_NoCap           QQQ short trail   net=-17.14
[shares] 10:10 CLOSE Six_Lines                 XLI short trail   net=-41.33
[shares] 10:10 CLOSE Six_Lines_NoCap           XLI short trail   net=-41.33
[shares] 10:10 PDH_PDL_FailedBreak       XLV short 173.51 x57.6sh spread=1.15bp
[shares] 10:10 Six_Lines                 GOOGL long  337.44 x29.6sh spread=1.19bp
[shares] 10:10 Six_Lines_NoCap           GOOGL long  337.44 x29.6sh spread=1.19bp
[shares] 10:11 VWAP_Reclaim              WMT short 105.91 x94.4sh spread=3.78bp
[shares] 10:12 CLOSE PDH_PDL_Breakout          XLV long  stop    net=-47.11
[shares] 10:12 CLOSE ORB_15min                 XLV long  stop    net=-67.08
[shares] 10:12 ORB_5min                  XLF long  57.76 x173.1sh spread=1.73bp
[shares] 10:12 CLOSE ORB_15min                 WMT long  stop    net=-47.92
[shares] 10:13 CLOSE PDH_PDL_FailedBreak       GOOGL long  target  net=+103.39
[shares] 10:13 CLOSE Six_Lines                 GOOGL long  target  net=+20.45
[shares] 10:15 CLOSE ORB_15min                 XLI short stop    net=-51.81
[shares] 10:15 CLOSE ORB_15min                 GOOGL long  target  net=+95.80
[shares] 10:15 PDH_PDL_Breakout          GOOGL long  339.42 x29.5sh spread=2.36bp
[shares] 10:19 CLOSE ORB_15min                 SPY long  target  net=+20.97
[shares] 10:20 PDH_PDL_Breakout          SPY long  764.86 x13.1sh spread=0.13bp
[shares] 10:20 CLOSE VWAP_Reclaim              QQQ long  target  net=+26.32
[shares] 10:20 CLOSE Six_Lines                 DIA long  target  net=+17.91
[shares] 10:20 CLOSE Six_Lines_NoCap           XLK short trail   net=-29.53
[shares] 10:20 TTM_Squeeze               AAPL short 323.77 x30.9sh spread=1.24bp
[shares] 10:22 CLOSE ORB_5min                  XLY short stop    net=-55.07
[shares] 10:22 ORB_15min                 XLY long  115.02 x86.9sh spread=0.87bp
[shares] 10:23 CLOSE Six_Lines                 SPY long  target  net=+19.64
[shares] 10:24 Crabel_Stretch            QQQ long  709.20 x14.1sh spread=0.56bp
[shares] 10:30 MOMO_CHASE                SPY long  765.31 x13.1sh spread=0.39bp
[shares] 10:30 MOMO_CHASE                XLY long  115.06 x86.9sh spread=0.87bp
[shares] 10:30 CLOSE Six_Lines                 XLP short trail   net=-10.56
[shares] 10:30 CLOSE Six_Lines_NoCap           XLP short trail   net=-10.56
[shares] 10:30 MOMO_CHASE                XLP long  85.28 x117.3sh spread=1.17bp
[shares] 10:30 MOMO_CHASE                XLF long  57.95 x172.6sh spread=1.73bp
[shares] 10:31 IntradayMomentumBoundary  SPY long  765.18 x13.1sh spread=0.39bp
[shares] 10:31 IntradayMomentumBoundary  GOOGL long  338.38 x29.6sh spread=1.48bp
[shares] 10:35 CLOSE ORB_5min                  QQQ long  target  net=+34.50
[shares] 10:35 MOMO_CHASE                QQQ long  709.66 x14.1sh spread=0.28bp
[shares] 10:35 CLOSE VWAP_Reclaim              XLK short stop    net=-42.64
[shares] 10:35 CLOSE ORB_5min                  XLK short stop    net=-55.28
[shares] 10:37 CLOSE ORB_15min                 XLF long  target  net=+62.46
[shares] 10:38 CLOSE ORB_5min                  DIA long  target  net=+26.97
[shares] 10:40 MOMO_CHASE                DIA long  531.88 x18.8sh spread=0.75bp
[shares] 10:40 PDH_PDL_Breakout          DIA long  531.88 x18.8sh spread=0.75bp
[shares] 10:40 CLOSE Gap_Fade                  XLE long  target  net=+49.64
[shares] 10:40 PDH_PDL_Breakout          XLF long  58.09 x172.1sh spread=1.72bp
[shares] 10:44 ORB_5min                  XLE long  64.78 x154.4sh spread=1.54bp
[shares] 10:45 MOMO_CHASE                XLI long  173.24 x57.7sh spread=0.58bp
[shares] 10:45 MOMO_CHASE                NVDA long  224.07 x44.6sh spread=0.89bp
[shares] 10:47 CLOSE EMA_9_20_Pullback         XLF long  target  net=+107.81
[shares] 10:47 CLOSE PDH_PDL_Breakout          GOOGL long  stop    net=-61.58
[shares] 10:50 TTM_Squeeze               XLP long  85.43 x117.1sh spread=1.17bp
[shares] 10:50 CLOSE Six_Lines_NoCap           GOOGL long  trail   net=-9.78
[shares] 10:50 CLOSE IntradayMomentumBoundary  GOOGL long  trail   net=-37.53
[shares] 10:50 PDH_PDL_FailedBreak       GOOGL short 337.11 x29.7sh spread=2.37bp
[shares] 10:54 CLOSE Crabel_Stretch            XLP short stop    net=-43.45
[shares] 10:55 CLOSE MOMO_CHASE                SPY long  time    net=+1.31
[shares] 10:55 CLOSE MOMO_CHASE                XLY long  time    net=-13.04
[shares] 10:55 EMA_9_20_Pullback         XLI long  173.05 x57.8sh spread=1.16bp
[shares] 10:55 CLOSE MOMO_CHASE                XLP long  time    net=+26.97
[shares] 10:55 MOMO_CHASE                XLP long  85.52 x116.9sh spread=1.17bp
[shares] 10:55 CLOSE MOMO_CHASE                XLF long  time    net=+44.87
[shares] 10:55 MOMO_CHASE                XLF long  58.22 x171.8sh spread=1.72bp
[shares] 11:00 CLOSE MOMO_CHASE                QQQ long  time    net=-29.17
[shares] 11:00 MOMO_CHASE                XLK short 183.05 x54.6sh spread=1.64bp
[shares] 11:01 VWAP_Reclaim              GOOGL short 336.32 x29.7sh spread=0.59bp
[shares] 11:04 CLOSE IntradayMomentumBoundary  IWM long  trail   net=+10.94
[shares] 11:04 CLOSE VWAP_Reclaim              XLP long  target  net=+35.19
[shares] 11:05 PDH_PDL_FailedBreak       IWM short 292.74 x34.2sh spread=0.34bp
[shares] 11:05 CLOSE MOMO_CHASE                DIA long  time    net=-11.66
[shares] 11:05 PDH_PDL_FailedBreak       DIA short 531.26 x18.8sh spread=0.75bp
[shares] 11:05 CLOSE PDH_PDL_Breakout          NVDA long  target  net=+179.26
[shares] 11:05 CLOSE TTM_Squeeze               AAPL short bars    net=-20.08
[shares] 11:05 MOMO_CHASE                GOOGL short 336.09 x29.8sh spread=1.79bp
[shares] 11:06 CLOSE PDH_PDL_Breakout          DIA long  stop    net=-11.47
[shares] 11:10 CLOSE MOMO_CHASE                XLI long  time    net=-21.93
[shares] 11:10 CLOSE ORB_5min                  NVDA long  target  net=+204.99
[shares] 11:10 CLOSE MOMO_CHASE                NVDA long  time    net=+86.58
[shares] 11:10 MOMO_CHASE                NVDA long  226.03 x44.2sh spread=0.88bp
[shares] 11:15 CLOSE PDH_PDL_Breakout          XLF long  stop    net=-24.10
[shares] 11:15 PDH_PDL_FailedBreak       XLF short 57.95 x172.6sh spread=1.73bp
[shares] 11:19 CLOSE VWAP_Reclaim              GOOGL short stop    net=-29.14
[shares] 11:19 VWAP_Reclaim              GOOGL long  337.30 x29.6sh spread=2.96bp
[shares] 11:20 CLOSE MOMO_CHASE                XLP long  time    net=+23.39
[shares] 11:20 MOMO_CHASE                XLP long  85.73 x116.6sh spread=1.17bp
[shares] 11:20 CLOSE MOMO_CHASE                XLF long  time    net=-49.81
[shares] 11:20 VWAP_Reclaim              AAPL long  325.23 x30.7sh spread=1.84bp
[shares] 11:24 CLOSE TTM_Squeeze               XLP long  target  net=+42.14
[shares] 11:24 CLOSE IntradayMomentumBoundary  XLF long  trail   net=+20.78
[shares] 11:25 CLOSE MOMO_CHASE                XLK short time    net=-26.22
[shares] 11:27 CLOSE IntradayMomentumBoundary  DIA long  trail   net=-4.71
[shares] 11:30 CLOSE ORB_15min                 AAPL short stop    net=-80.26
[shares] 11:30 TTM_Squeeze               AAPL long  326.55 x30.6sh spread=1.22bp
[shares] 11:30 CLOSE MOMO_CHASE                GOOGL short time    net=-42.25
[shares] 11:31 CLOSE PDH_PDL_Breakout          SPY long  target  net=+16.74
[shares] 11:31 IntradayMomentumBoundary  DIA long  530.72 x18.8sh spread=0.57bp
[shares] 11:31 IntradayMomentumBoundary  XLP long  85.78 x116.6sh spread=1.17bp
[shares] 11:31 CLOSE VWAP_Reclaim              AAPL long  target  net=+43.97
[shares] 11:32 CLOSE IntradayMomentumBoundary  DIA long  trail   net=-1.88
[shares] 11:35 CLOSE IntradayMomentumBoundary  XLP long  trail   net=-10.49
[shares] 11:35 CLOSE MOMO_CHASE                NVDA long  time    net=-0.44
[shares] 11:39 CLOSE VWAP_Reclaim              XLE short stop    net=-77.50
[shares] 11:39 CLOSE PDH_PDL_FailedBreak       XLE short stop    net=-86.88
[shares] 11:40 MOMO_CHASE                XLY short 114.76 x87.1sh spread=0.87bp
[shares] 11:40 Six_Lines                 XLE long  65.01 x153.8sh spread=1.54bp
[shares] 11:40 Six_Lines_NoCap           XLE long  65.01 x153.8sh spread=1.54bp
[shares] 11:40 PDH_PDL_Breakout          XLE long  65.01 x153.8sh spread=1.54bp
[shares] 11:43 CLOSE TTM_Squeeze               AAPL long  stop    net=-29.40
[shares] 11:45 MOMO_CHASE                DIA short 530.19 x18.9sh spread=0.57bp
[shares] 11:45 CLOSE MOMO_CHASE                XLP long  time    net=-5.83
[shares] 11:47 CLOSE ORB_15min                 XLY long  stop    net=-33.91
[shares] 11:48 VWAP_Reclaim              AAPL short 324.82 x30.8sh spread=0.92bp
[shares] 11:49 CLOSE EMA_9_20_Pullback         XLY long  stop    net=-13.07
[shares] 12:01 IntradayMomentumBoundary  IWM long  293.16 x34.1sh spread=0.34bp
[shares] 12:01 CLOSE VWAP_Reclaim              GOOGL long  target  net=+48.03
[shares] 12:01 IntradayMomentumBoundary  GOOGL long  338.98 x29.5sh spread=1.77bp
[shares] 12:05 CLOSE MOMO_CHASE                XLY short time    net=+6.10
[shares] 12:05 MOMO_CHASE                XLF short 57.68 x173.4sh spread=1.73bp
[shares] 12:05 CLOSE VWAP_Reclaim              AAPL short stop    net=-32.33
[shares] 12:10 CLOSE MOMO_CHASE                DIA short time    net=-1.89
[shares] 12:10 CLOSE Six_Lines                 XLE long  trail   net=-13.84
[shares] 12:10 CLOSE Six_Lines_NoCap           XLE long  trail   net=-13.84
[shares] 12:16 CLOSE PDH_PDL_Breakout          XLE long  stop    net=-18.46
[shares] 12:23 CLOSE VWAP_Reclaim              WMT short stop    net=-50.04
[shares] 12:24 CLOSE IntradayMomentumBoundary  GOOGL long  trail   net=-33.04
[shares] 12:25 MOMO_CHASE                SPY short 764.98 x13.1sh spread=0.13bp
[shares] 12:25 CLOSE ORB_15min                 DIA long  stop    net=-18.84
[shares] 12:25 MOMO_CHASE                DIA short 529.73 x18.9sh spread=0.38bp
[shares] 12:25 TTM_Squeeze               WMT long  106.46 x93.9sh spread=0.94bp
[shares] 12:29 CLOSE EMA_9_20_Pullback         XLI long  stop    net=-20.23
[shares] 12:30 CLOSE Six_Lines_NoCap           DIA long  trail   net=-14.52
[shares] 12:30 CLOSE MOMO_CHASE                XLF short time    net=+13.87
[shares] 12:31 IntradayMomentumBoundary  XLP long  85.96 x116.3sh spread=1.16bp
[shares] 12:40 TTM_Squeeze               XLI short 172.80 x57.9sh spread=0.58bp
[shares] 12:42 CLOSE TTM_Squeeze               WMT long  stop    net=-24.42
[shares] 12:45 TTM_Squeeze               QQQ short 708.03 x14.1sh spread=0.28bp
[shares] 12:45 TTM_Squeeze               XLK short 183.17 x54.6sh spread=0.55bp
[shares] 12:50 CLOSE MOMO_CHASE                SPY short time    net=+1.57
[shares] 12:50 CLOSE MOMO_CHASE                DIA short time    net=-3.40
[shares] 13:01 IntradayMomentumBoundary  GOOGL long  338.09 x29.6sh spread=0.89bp
[shares] 13:05 MOMO_CHASE                IWM long  293.45 x34.1sh spread=0.34bp
[shares] 13:05 MOMO_CHASE                NVDA short 225.40 x44.4sh spread=0.44bp
[shares] 13:20 PDH_PDL_FailedBreak       SPY short 764.59 x13.1sh spread=0.13bp
[shares] 13:25 CLOSE TTM_Squeeze               XLI short bars    net=+8.10
[shares] 13:30 CLOSE TTM_Squeeze               QQQ short bars    net=-4.38
[shares] 13:30 CLOSE MOMO_CHASE                IWM long  time    net=-8.52
[shares] 13:30 CLOSE TTM_Squeeze               XLK short bars    net=-6.55
[shares] 13:30 CLOSE MOMO_CHASE                NVDA short time    net=-5.32
[shares] 13:33 CLOSE IntradayMomentumBoundary  GOOGL long  trail   net=-8.58
[shares] 13:35 CLOSE IntradayMomentumBoundary  SPY long  trail   net=-10.32
[shares] 13:35 CLOSE PDH_PDL_FailedBreak       DIA short target  net=+34.26
[shares] 13:40 CLOSE Six_Lines_NoCap           XLV long  trail   net=-83.87
[shares] 13:40 TTM_Squeeze               XLV short 172.61 x57.9sh spread=1.16bp
[shares] 13:50 MOMO_CHASE                IWM long  293.50 x34.1sh spread=0.34bp
[shares] 13:50 TTM_Squeeze               GOOGL short 337.49 x29.6sh spread=0.59bp
[shares] 13:50 MOMO_CHASE                WMT long  106.47 x93.9sh spread=1.88bp
[shares] 13:51 CLOSE TTM_Squeeze               XLV short stop    net=-18.54
[shares] 13:55 TTM_Squeeze               IWM long  293.57 x34.1sh spread=0.34bp
[shares] 13:55 ThreeBarPlay              WMT long  106.56 x93.8sh spread=1.88bp
[shares] 14:00 Six_Lines                 WMT long  106.60 x93.8sh spread=0.94bp
[shares] 14:00 Six_Lines_NoCap           WMT long  106.60 x93.8sh spread=0.94bp
[shares] 14:01 IntradayMomentumBoundary  SPY long  764.81 x13.1sh spread=0.39bp
[shares] 14:01 VWAP_Reclaim              XLK short 183.12 x54.6sh spread=1.09bp
[shares] 14:05 TTM_Squeeze               XLE long  65.08 x153.7sh spread=1.54bp
[shares] 14:06 CLOSE VWAP_Reclaim              XLK short stop    net=-13.65
[shares] 14:10 TTM_Squeeze               XLY short 114.85 x87.1sh spread=0.87bp
[shares] 14:10 PDH_PDL_FailedBreak       WMT short 106.63 x93.8sh spread=0.94bp
[shares] 14:11 CLOSE PDH_PDL_FailedBreak       WMT short stop    net=-7.50
[shares] 14:13 CLOSE IntradayMomentumBoundary  NVDA long  trail   net=+129.54
[shares] 14:14 CLOSE PDH_PDL_FailedBreak       IWM short stop    net=-34.50
[shares] 14:15 CLOSE MOMO_CHASE                IWM long  time    net=+7.84
[shares] 14:15 CLOSE MOMO_CHASE                WMT long  time    net=+18.78
[shares] 14:18 CLOSE ThreeBarPlay              WMT long  target  net=+17.83
[shares] 14:19 CLOSE TTM_Squeeze               GOOGL short stop    net=-20.45
[shares] 14:20 TTM_Squeeze               SPY long  765.61 x13.1sh spread=0.26bp
[shares] 14:20 MOMO_CHASE                WMT long  106.75 x93.7sh spread=0.94bp
[shares] 14:20 PDH_PDL_Breakout          WMT long  106.75 x93.7sh spread=0.94bp
[shares] 14:21 CLOSE PDH_PDL_Breakout          WMT long  stop    net=-5.62
[shares] 14:25 MOMO_CHASE                SPY long  765.51 x13.1sh spread=0.39bp
[shares] 14:31 IntradayMomentumBoundary  XLE long  65.17 x153.4sh spread=1.53bp
[shares] 14:31 IntradayMomentumBoundary  NVDA long  224.91 x44.5sh spread=0.44bp
[shares] 14:32 CLOSE IntradayMomentumBoundary  XLE long  trail   net=-6.14
[shares] 14:40 CLOSE TTM_Squeeze               SPY long  stop    net=-10.58
[shares] 14:40 CLOSE TTM_Squeeze               IWM long  bars    net=+7.15
[shares] 14:45 CLOSE MOMO_CHASE                WMT long  time    net=-20.61
[shares] 14:47 CLOSE IntradayMomentumBoundary  SPY long  trail   net=-2.75
[shares] 14:50 CLOSE MOMO_CHASE                SPY long  time    net=-8.36
[shares] 14:50 CLOSE TTM_Squeeze               XLE long  bars    net=+4.61
[shares] 14:50 CLOSE Six_Lines                 WMT long  trail   net=-29.08
[shares] 14:50 CLOSE Six_Lines_NoCap           WMT long  trail   net=-29.08
[shares] 14:53 CLOSE IntradayMomentumBoundary  NVDA long  trail   net=-23.12
[shares] 14:55 CLOSE TTM_Squeeze               XLY short bars    net=+7.84
[shares] 15:01 IntradayMomentumBoundary  SPY long  764.71 x13.1sh spread=0.39bp
[shares] 15:01 IntradayMomentumBoundary  XLE long  65.19 x153.4sh spread=1.53bp
[shares] 15:01 VWAP_Reclaim              NVDA short 224.34 x44.6sh spread=0.45bp
[shares] 15:06 CLOSE VWAP_Reclaim              NVDA short stop    net=-11.14
[shares] 15:07 CLOSE IntradayMomentumBoundary  XLP long  trail   net=-36.06
[shares] 15:31 IntradayMomentumBoundary  DIA long  530.82 x18.8sh spread=0.57bp
[shares] 15:35 CLOSE IntradayMomentumBoundary  DIA long  trail   net=-2.83
[shares] 15:43 VWAP_Reclaim              XLP long  85.63 x116.8sh spread=1.17bp
[shares] 15:52 CLOSE IntradayMomentumBoundary  XLE long  trail   net=-13.81
[shares] 15:54 CLOSE VWAP_Reclaim              XLP long  stop    net=-10.51
[shares] 15:56 CLOSE EMA_9_20_Pullback         SPY long  eod     net=+24.24
[shares] 15:56 CLOSE Crabel_Stretch            SPY long  eod     net=+11.12
[shares] 15:56 CLOSE Six_Lines_NoCap           SPY long  eod     net=+15.58
[shares] 15:56 CLOSE PDH_PDL_FailedBreak       SPY short eod     net=-4.58
[shares] 15:56 CLOSE IntradayMomentumBoundary  SPY long  eod     net=+2.75
[shares] 15:56 CLOSE Crabel_Stretch            QQQ long  eod     net=-3.38
[shares] 15:56 CLOSE Crabel_Stretch            IWM long  eod     net=+60.26
[shares] 15:56 CLOSE Six_Lines_NoCap           IWM long  eod     net=+44.09
[shares] 15:56 CLOSE ORB_5min                  IWM long  eod     net=+33.46
[shares] 15:56 CLOSE ORB_15min                 IWM long  eod     net=+33.46
[shares] 15:56 CLOSE PDH_PDL_Breakout          IWM long  eod     net=+22.85
[shares] 15:56 CLOSE IntradayMomentumBoundary  IWM long  eod     net=+23.54
[shares] 15:56 CLOSE Crabel_Stretch            DIA long  eod     net=+3.58
[shares] 15:56 CLOSE Crabel_Stretch            XLK short eod     net=-33.89
[shares] 15:56 CLOSE PDH_PDL_FailedBreak       XLK long  eod     net=+42.13
[shares] 15:56 CLOSE Crabel_Stretch            XLY short eod     net=-13.08
[shares] 15:56 CLOSE VWAP_Reclaim              XLY long  eod     net=+16.58
[shares] 15:56 CLOSE PDH_PDL_FailedBreak       XLY long  eod     net=-6.09
[shares] 15:56 CLOSE Crabel_Stretch            XLI short eod     net=-7.53
[shares] 15:56 CLOSE ORB_5min                  XLI short eod     net=-59.97
[shares] 15:56 CLOSE Crabel_Stretch            XLV long  eod     net=+17.37
[shares] 15:56 CLOSE ORB_5min                  XLV long  eod     net=-66.60
[shares] 15:56 CLOSE VWAP_Reclaim              XLV short eod     net=+35.13
[shares] 15:56 CLOSE PDH_PDL_FailedBreak       XLV short eod     net=+28.24
[shares] 15:56 CLOSE Crabel_Stretch            XLE long  eod     net=+61.83
[shares] 15:56 CLOSE ORB_5min                  XLE long  eod     net=+47.85
[shares] 15:56 CLOSE Crabel_Stretch            XLF long  eod     net=+12.16
[shares] 15:56 CLOSE Six_Lines_NoCap           XLF long  eod     net=+29.58
[shares] 15:56 CLOSE ORB_5min                  XLF long  eod     net=-20.78
[shares] 15:56 CLOSE PDH_PDL_FailedBreak       XLF short eod     net=+51.77
[shares] 15:56 CLOSE Six_Lines_NoCap           NVDA long  eod     net=+198.73
[shares] 15:56 CLOSE Crabel_Stretch            NVDA long  eod     net=+185.76
[shares] 15:56 CLOSE Crabel_Stretch            AAPL short eod     net=+8.30
[shares] 15:56 CLOSE PDH_PDL_FailedBreak       AAPL short eod     net=+17.82
[shares] 15:56 CLOSE ORB_5min                  AAPL short eod     net=-2.16
[shares] 15:56 CLOSE Crabel_Stretch            GOOGL long  eod     net=+51.29
[shares] 15:56 CLOSE ORB_5min                  GOOGL long  eod     net=+27.37
[shares] 15:56 CLOSE PDH_PDL_FailedBreak       GOOGL short eod     net=+1.78
[shares] 15:56 CLOSE ORB_5min                  WMT long  eod     net=-3.77
[shares] daily: 180 trades, net $+435.47
