[replay shares] 2026-09-28 -- config 7c6414fc549315f3 -- history-backed, no outages; NOT the prospective record
[shares] warmup SPY: 24 prior sessions, stretch=0.9454000000000292
[shares] warmup QQQ: 24 prior sessions, stretch=1.421900000000005
[shares] warmup IWM: 24 prior sessions, stretch=0.6565000000000054
[shares] warmup DIA: 24 prior sessions, stretch=0.7905699999999797
[shares] warmup XLK: 24 prior sessions, stretch=0.5669999999999987
[shares] warmup XLY: 24 prior sessions, stretch=0.30649999999999833
[shares] warmup XLI: 24 prior sessions, stretch=0.3974999999999966
[shares] warmup XLV: 24 prior sessions, stretch=0.6080000000000012
[shares] warmup XLP: 24 prior sessions, stretch=0.17804999999999752
[shares] warmup XLE: 24 prior sessions, stretch=0.17700000000000032
[shares] warmup XLF: 24 prior sessions, stretch=0.13149999999999834
[shares] warmup NVDA: 24 prior sessions, stretch=1.1709999999999952
[shares] warmup AAPL: 24 prior sessions, stretch=1.6379999999999995
[shares] warmup GOOGL: 24 prior sessions, stretch=1.6233799999999974
[shares] warmup WMT: 24 prior sessions, stretch=0.3084999999999994
[replay] six-lines SPY: R1=771.01  R2=771.35  R3=772.28  S1=766.82  S2=766.29  S3=764.48
[replay] six-lines QQQ: R1=745.13  R2=745.91  R3=747.06  S1=739.64  S2=737.11  S3=736.03
[replay] six-lines IWM: R1=281.97  R2=283.19  R3=283.52  S1=280.45  S2=279.88  S3=279.30
[replay] six-lines DIA: R1=515.10  R2=517.49  R3=517.91  S1=514.03  S2=512.59  S3=510.88
[replay] six-lines XLK: R1=196.27  R2=196.60  R3=196.94  S1=195.05  S2=193.52  S3=193.29
[replay] six-lines XLY: R1=110.92  R2=111.03  R3=111.22  S1=110.32  S2=109.65  S3=109.56
[replay] six-lines XLI: R1=170.12  R2=171.02  R3=173.83  S1=169.09  S2=169.03  S3=168.44
[replay] six-lines XLV: R1=170.70  R2=170.97  R3=171.48  S1=169.75  S2=169.50  S3=168.69
[replay] six-lines XLP: R1=82.16  R2=82.21  R3=82.50  S1=81.41  S2=81.34  S3=81.33
[replay] six-lines XLE: R1=62.33  R2=62.63  R3=63.06  S1=61.88  S2=61.74  S3=61.66
[replay] six-lines XLF: R1=54.74  R2=54.88  R3=54.91  S1=54.50  S2=54.31  S3=54.31
[replay] six-lines NVDA: R1=226.50  R2=226.94  R3=230.00  S1=223.13  S2=222.75  S3=222.12
[replay] six-lines AAPL: R1=337.25  R2=341.49  R3=341.67  S1=337.91  S2=334.91  S3=334.53
[replay] six-lines GOOGL: R1=344.33  R2=345.24  R3=347.03  S1=341.11  S2=340.00  S3=336.71
[replay] six-lines WMT: R1=108.15  R2=108.73  R3=109.18  S1=107.06  S2=106.50  S3=106.45
[shares] 09:32 Crabel_Stretch            XLP short 81.71 x122.4sh spread=3.67bp
[shares] 09:32 Crabel_Stretch            XLE short 62.49 x160.0sh spread=3.20bp
[shares] 09:32 Crabel_Stretch            XLF short 54.47 x183.6sh spread=1.84bp
[shares] 09:32 Crabel_Stretch            NVDA long  231.38 x43.2sh spread=2.16bp
[shares] 09:32 Crabel_Stretch            WMT short 107.44 x93.1sh spread=6.52bp
[shares] 09:33 Crabel_Stretch            XLK long  196.04 x51.0sh spread=1.53bp
[shares] 09:33 Crabel_Stretch            XLY short 109.26 x91.5sh spread=2.75bp
[shares] 09:33 VWAP_Reclaim              XLI short 169.02 x59.2sh spread=2.37bp
[shares] 09:33 VWAP_Reclaim              AAPL long  341.76 x29.3sh spread=1.76bp
[shares] 09:34 Crabel_Stretch            IWM short 279.48 x35.8sh spread=1.07bp
[shares] 09:34 Crabel_Stretch            XLI short 168.76 x59.3sh spread=5.33bp
[shares] 09:35 TTM_Squeeze               QQQ short 739.46 x13.5sh spread=0.54bp
[shares] 09:35 TTM_Squeeze               IWM short 279.71 x35.8sh spread=0.72bp
[shares] 09:35 PDH_PDL_Breakout          IWM short 279.71 x35.8sh spread=0.72bp
[shares] 09:35 TTM_Squeeze               DIA short 514.13 x19.5sh spread=1.56bp
[shares] 09:35 PDH_PDL_Breakout          XLY short 109.31 x91.5sh spread=1.83bp
[shares] 09:35 PDH_PDL_Breakout          XLI short 168.73 x59.3sh spread=5.93bp
[shares] 09:35 Crabel_Stretch            XLV long  170.67 x58.6sh spread=5.86bp
[shares] 09:35 PDH_PDL_Breakout          XLE long  62.48 x160.1sh spread=3.20bp
[shares] 09:35 TTM_Squeeze               XLF short 54.49 x183.5sh spread=1.84bp
[shares] 09:35 PDH_PDL_Breakout          NVDA long  232.05 x43.1sh spread=1.72bp
[shares] 09:36 Crabel_Stretch            SPY short 767.18 x13.0sh spread=0.39bp
[shares] 09:36 Crabel_Stretch            QQQ short 738.32 x13.5sh spread=0.41bp
[shares] 09:36 Crabel_Stretch            GOOGL long  342.51 x29.2sh spread=2.92bp
[shares] 09:37 VWAP_Reclaim              DIA short 513.61 x19.5sh spread=0.97bp
[shares] 09:37 CLOSE VWAP_Reclaim              XLI short target  net=+19.52
[shares] 09:39 Crabel_Stretch            AAPL long  342.75 x29.2sh spread=1.46bp
[shares] 09:39 CLOSE Crabel_Stretch            WMT short stop    net=-70.74
[shares] 09:39 VWAP_Reclaim              WMT long  108.20 x92.4sh spread=3.70bp
[shares] 09:40 Six_Lines                 QQQ short 738.65 x13.5sh spread=0.41bp
[shares] 09:40 Six_Lines_NoCap           QQQ short 738.65 x13.5sh spread=0.41bp
[shares] 09:40 PDH_PDL_Breakout          QQQ short 738.65 x13.5sh spread=0.41bp
[shares] 09:40 Six_Lines                 XLY short 109.20 x91.6sh spread=0.92bp
[shares] 09:40 Six_Lines_NoCap           XLY short 109.20 x91.6sh spread=0.92bp
[shares] 09:40 Six_Lines                 XLI short 168.98 x59.2sh spread=2.37bp
[shares] 09:40 Six_Lines_NoCap           XLI short 168.98 x59.2sh spread=2.37bp
[shares] 09:40 CLOSE PDH_PDL_Breakout          XLE long  stop    net=-33.61
[shares] 09:40 Six_Lines                 NVDA long  232.55 x43.0sh spread=1.29bp
[shares] 09:40 Six_Lines_NoCap           NVDA long  232.55 x43.0sh spread=1.29bp
[shares] 09:40 Six_Lines                 AAPL long  342.63 x29.2sh spread=1.17bp
[shares] 09:40 Six_Lines_NoCap           AAPL long  342.63 x29.2sh spread=1.17bp
[shares] 09:40 PDH_PDL_Breakout          AAPL long  342.63 x29.2sh spread=1.17bp
[shares] 09:40 TTM_Squeeze               GOOGL short 342.86 x29.2sh spread=2.62bp
[shares] 09:40 Six_Lines                 WMT long  108.25 x92.4sh spread=4.62bp
[shares] 09:40 Six_Lines_NoCap           WMT long  108.25 x92.4sh spread=4.62bp
[shares] 09:40 PDH_PDL_Breakout          WMT long  108.25 x92.4sh spread=4.62bp
[shares] 09:42 CLOSE Six_Lines                 NVDA long  target  net=-4.30
[shares] 09:44 CLOSE VWAP_Reclaim              DIA short stop    net=-15.38
[shares] 09:44 CLOSE Six_Lines                 WMT long  target  net=+17.55
[shares] 09:45 Gap_Fade                  DIA long  514.74 x19.4sh spread=1.17bp
[shares] 09:45 PDH_PDL_Breakout          XLK short 194.78 x51.3sh spread=1.54bp
[shares] 09:45 PDH_PDL_FailedBreak       XLI long  169.14 x59.1sh spread=2.96bp
[shares] 09:45 Gap_Fade                  XLE short 62.56 x159.8sh spread=1.60bp
[shares] 09:45 PDH_PDL_FailedBreak       GOOGL long  342.96 x29.2sh spread=1.46bp
[shares] 09:45 Gap_Fade                  GOOGL long  342.96 x29.2sh spread=1.46bp
[shares] 09:45 TTM_Squeeze               WMT long  108.58 x92.1sh spread=3.68bp
[shares] 09:46 CLOSE PDH_PDL_Breakout          XLI short stop    net=-39.71
[shares] 09:46 CLOSE TTM_Squeeze               XLF short stop    net=-22.02
[shares] 09:46 ORB_5min                  WMT long  108.75 x92.0sh spread=3.68bp
[shares] 09:47 ORB_15min                 WMT long  108.82 x91.9sh spread=2.76bp
[shares] 09:48 CLOSE TTM_Squeeze               DIA short stop    net=-18.28
[shares] 09:48 ORB_15min                 DIA long  515.07 x19.4sh spread=1.16bp
[shares] 09:48 Crabel_Stretch            DIA long  515.07 x19.4sh spread=1.16bp
[shares] 09:48 ORB_15min                 XLP long  82.00 x122.0sh spread=1.22bp
[shares] 09:49 ORB_15min                 XLI long  169.45 x59.0sh spread=3.54bp
[shares] 09:49 CLOSE VWAP_Reclaim              WMT long  target  net=+83.18
[shares] 09:50 Six_Lines                 IWM short 279.86 x35.7sh spread=0.71bp
[shares] 09:50 Six_Lines_NoCap           IWM short 279.86 x35.7sh spread=0.71bp
[shares] 09:50 Six_Lines                 XLK short 194.94 x51.3sh spread=0.51bp
[shares] 09:50 Six_Lines_NoCap           XLK short 194.94 x51.3sh spread=0.51bp
[shares] 09:50 Gap_Fade                  XLI long  169.50 x59.0sh spread=3.54bp
[shares] 09:50 ORB_5min                  XLV long  170.82 x58.5sh spread=1.76bp
[shares] 09:50 Six_Lines                 XLV long  170.82 x58.5sh spread=1.76bp
[shares] 09:50 Six_Lines_NoCap           XLV long  170.82 x58.5sh spread=1.76bp
[shares] 09:50 CLOSE Crabel_Stretch            XLP short stop    net=-61.19
[shares] 09:50 ORB_5min                  XLP long  82.21 x121.6sh spread=2.43bp
[shares] 09:50 Six_Lines                 XLP long  82.21 x121.6sh spread=2.43bp
[shares] 09:50 Six_Lines_NoCap           XLP long  82.21 x121.6sh spread=2.43bp
[shares] 09:50 PDH_PDL_Breakout          XLP long  82.21 x121.6sh spread=2.43bp
[shares] 09:50 EMA_9_20_Pullback         AAPL long  342.13 x29.2sh spread=1.46bp
[shares] 09:51 CLOSE TTM_Squeeze               WMT long  target  net=+58.02
[shares] 09:52 ORB_15min                 QQQ short 737.38 x13.6sh spread=0.54bp
[shares] 09:52 ORB_5min                  DIA long  515.08 x19.4sh spread=0.78bp
[shares] 09:52 CLOSE Crabel_Stretch            XLK long  stop    net=-71.41
[shares] 09:52 ORB_15min                 XLK short 194.64 x51.4sh spread=1.03bp
[shares] 09:55 PDH_PDL_FailedBreak       XLK long  195.14 x51.2sh spread=0.51bp
[shares] 09:55 ORB_5min                  XLI long  169.49 x59.0sh spread=2.36bp
[shares] 09:55 VWAP_Reclaim              NVDA long  231.99 x43.1sh spread=0.86bp
[shares] 09:57 VWAP_Reclaim              XLV short 170.22 x58.7sh spread=2.94bp
[shares] 10:00 CLOSE Six_Lines                 XLI short trail   net=-33.14
[shares] 10:00 CLOSE Six_Lines_NoCap           XLI short trail   net=-33.14
[shares] 10:00 CLOSE VWAP_Reclaim              XLV short stop    net=-35.84
[shares] 10:00 VWAP_Reclaim              XLE long  62.57 x159.8sh spread=3.20bp
[shares] 10:00 EMA_9_20_Pullback         XLE long  62.57 x159.8sh spread=3.20bp
[shares] 10:00 VWAP_Reclaim              GOOGL short 341.88 x29.3sh spread=0.59bp
[shares] 10:01 CLOSE PDH_PDL_Breakout          XLK short stop    net=-30.80
[shares] 10:01 VWAP_Reclaim              XLK long  195.38 x51.2sh spread=1.02bp
[shares] 10:01 IntradayMomentumBoundary  NVDA long  232.19 x43.1sh spread=0.86bp
[shares] 10:01 IntradayMomentumBoundary  WMT long  108.87 x91.9sh spread=5.51bp
[shares] 10:03 CLOSE TTM_Squeeze               IWM short stop    net=-26.46
[shares] 10:03 CLOSE PDH_PDL_Breakout          IWM short stop    net=-26.46
[shares] 10:03 ORB_15min                 IWM long  280.45 x35.7sh spread=0.71bp
[shares] 10:03 CLOSE IntradayMomentumBoundary  NVDA long  trail   net=-25.84
[shares] 10:04 ORB_5min                  IWM long  280.49 x35.7sh spread=0.36bp
[shares] 10:05 CLOSE VWAP_Reclaim              XLK long  stop    net=-26.10
[shares] 10:05 EMA_9_20_Pullback         XLK short 194.87 x51.3sh spread=1.03bp
[shares] 10:05 EMA_9_20_Pullback         XLI short 169.35 x59.0sh spread=1.77bp
[shares] 10:06 CLOSE Six_Lines                 QQQ short target  net=+20.44
[shares] 10:06 CLOSE PDH_PDL_Breakout          QQQ short target  net=+20.44
[shares] 10:06 ORB_5min                  QQQ short 737.09 x13.6sh spread=0.68bp
[shares] 10:06 CLOSE ORB_15min                 IWM long  stop    net=-14.98
[shares] 10:06 CLOSE VWAP_Reclaim              NVDA long  stop    net=-47.42
[shares] 10:07 CLOSE TTM_Squeeze               QQQ short target  net=+29.08
[shares] 10:09 CLOSE Crabel_Stretch            XLI short stop    net=-56.89
[shares] 10:09 CLOSE EMA_9_20_Pullback         XLI short stop    net=-21.85
[shares] 10:09 CLOSE Six_Lines                 XLP long  target  net=+25.54
[shares] 10:09 ORB_15min                 XLF long  54.68 x182.9sh spread=1.83bp
[shares] 10:10 CLOSE Six_Lines                 IWM short trail   net=-28.59
[shares] 10:10 CLOSE Six_Lines_NoCap           IWM short trail   net=-28.59
[shares] 10:10 PDH_PDL_FailedBreak       IWM long  280.66 x35.6sh spread=0.36bp
[shares] 10:10 Gap_Fade                  IWM long  280.66 x35.6sh spread=0.36bp
[shares] 10:10 Six_Lines                 DIA long  515.33 x19.4sh spread=0.97bp
[shares] 10:10 Six_Lines_NoCap           DIA long  515.33 x19.4sh spread=0.97bp
[shares] 10:10 CLOSE PDH_PDL_FailedBreak       XLK long  stop    net=-29.72
[shares] 10:10 CLOSE TTM_Squeeze               GOOGL short target  net=+63.00
[shares] 10:10 CLOSE VWAP_Reclaim              GOOGL short target  net=+34.52
[shares] 10:10 PDH_PDL_Breakout          GOOGL short 340.63 x29.4sh spread=2.06bp
[shares] 10:11 CLOSE Six_Lines                 XLK short target  net=+27.19
[shares] 10:11 ORB_5min                  XLK short 194.38 x51.4sh spread=1.54bp
[shares] 10:11 CLOSE PDH_PDL_Breakout          XLY short stop    net=-32.93
[shares] 10:11 ORB_15min                 XLY long  109.67 x91.2sh spread=0.91bp
[shares] 10:13 ORB_5min                  XLY long  109.73 x91.1sh spread=1.82bp
[shares] 10:15 CLOSE PDH_PDL_FailedBreak       GOOGL long  stop    net=-86.31
[shares] 10:15 CLOSE Gap_Fade                  GOOGL long  stop    net=-86.31
[shares] 10:15 ORB_5min                  GOOGL short 340.00 x29.4sh spread=1.47bp
[shares] 10:15 ORB_15min                 GOOGL short 340.00 x29.4sh spread=1.47bp
[shares] 10:15 EMA_9_20_Pullback         WMT long  108.82 x91.9sh spread=1.84bp
[shares] 10:19 CLOSE VWAP_Reclaim              XLE long  stop    net=-33.56
[shares] 10:20 CLOSE Six_Lines                 XLV long  trail   net=-18.73
[shares] 10:20 CLOSE Six_Lines_NoCap           XLV long  trail   net=-18.73
[shares] 10:25 CLOSE ORB_15min                 XLF long  stop    net=-21.95
[shares] 10:25 PDH_PDL_FailedBreak       AAPL short 341.45 x29.3sh spread=0.88bp
[shares] 10:26 CLOSE PDH_PDL_Breakout          GOOGL short stop    net=-22.02
[shares] 10:30 CLOSE Six_Lines                 XLY short trail   net=-42.12
[shares] 10:30 CLOSE Six_Lines_NoCap           XLY short trail   net=-42.12
[shares] 10:30 PDH_PDL_FailedBreak       XLY long  109.66 x91.2sh spread=0.91bp
[shares] 10:30 ORB_15min                 XLV long  170.92 x58.5sh spread=1.76bp
[shares] 10:30 CLOSE Six_Lines                 AAPL long  trail   net=-52.83
[shares] 10:30 CLOSE Six_Lines_NoCap           AAPL long  trail   net=-52.83
[shares] 10:30 CLOSE PDH_PDL_Breakout          AAPL long  stop    net=-52.83
[shares] 10:30 CLOSE EMA_9_20_Pullback         AAPL long  stop    net=-38.29
[shares] 10:31 IntradayMomentumBoundary  QQQ short 736.24 x13.6sh spread=0.41bp
[shares] 10:31 IntradayMomentumBoundary  XLK short 194.24 x51.5sh spread=1.03bp
[shares] 10:31 IntradayMomentumBoundary  XLP long  82.43 x121.3sh spread=1.21bp
[shares] 10:35 MOMO_CHASE                XLF short 54.50 x183.5sh spread=1.83bp
[shares] 10:38 VWAP_Reclaim              XLE long  62.49 x160.0sh spread=1.60bp
[shares] 10:40 Six_Lines                 SPY short 766.43 x13.0sh spread=0.26bp
[shares] 10:40 Six_Lines_NoCap           SPY short 766.43 x13.0sh spread=0.26bp
[shares] 10:40 MOMO_CHASE                SPY short 766.43 x13.0sh spread=0.26bp
[shares] 10:40 MOMO_CHASE                QQQ short 735.12 x13.6sh spread=0.14bp
[shares] 10:40 CLOSE Six_Lines                 DIA long  trail   net=-6.60
[shares] 10:40 CLOSE Six_Lines_NoCap           DIA long  trail   net=-6.60
[shares] 10:40 MOMO_CHASE                XLK short 193.86 x51.6sh spread=1.03bp
[shares] 10:40 Six_Lines                 XLF short 54.49 x183.5sh spread=1.84bp
[shares] 10:40 Six_Lines_NoCap           XLF short 54.49 x183.5sh spread=1.84bp
[shares] 10:40 MOMO_CHASE                AAPL short 340.61 x29.4sh spread=1.47bp
[shares] 10:45 PDH_PDL_Breakout          SPY short 765.26 x13.1sh spread=0.13bp
[shares] 10:45 EMA_9_20_Pullback         XLP long  82.43 x121.3sh spread=1.21bp
[shares] 10:45 CLOSE VWAP_Reclaim              XLE long  stop    net=-25.60
[shares] 10:46 CLOSE Six_Lines                 SPY short target  net=+21.27
[shares] 10:46 CLOSE ORB_15min                 QQQ short target  net=+61.03
[shares] 10:46 CLOSE VWAP_Reclaim              AAPL long  stop    net=-47.99
[shares] 10:47 CLOSE ORB_15min                 XLK short target  net=+82.20
[shares] 10:47 CLOSE ORB_15min                 XLY long  stop    net=-29.18
[shares] 10:47 ORB_5min                  XLF short 54.39 x183.9sh spread=1.84bp
[shares] 10:47 CLOSE PDH_PDL_Breakout          NVDA long  stop    net=-126.27
[shares] 10:47 ORB_5min                  NVDA short 229.12 x43.6sh spread=0.87bp
[shares] 10:48 CLOSE ORB_5min                  IWM long  stop    net=-36.72
[shares] 10:48 CLOSE PDH_PDL_FailedBreak       IWM long  stop    net=-42.76
[shares] 10:48 CLOSE Gap_Fade                  IWM long  stop    net=-42.76
[shares] 10:48 CLOSE ORB_15min                 DIA long  stop    net=-20.97
[shares] 10:48 CLOSE Six_Lines                 XLF short target  net=+20.19
[shares] 10:49 CLOSE Crabel_Stretch            NVDA long  stop    net=-110.21
[shares] 10:50 MOMO_CHASE                IWM short 279.43 x35.8sh spread=0.72bp
[shares] 10:50 MOMO_CHASE                DIA short 514.02 x19.5sh spread=0.78bp
[shares] 10:50 MOMO_CHASE                XLI short 169.13 x59.1sh spread=1.77bp
[shares] 10:50 CLOSE Six_Lines_NoCap           NVDA long  trail   net=-155.24
[shares] 10:50 MOMO_CHASE                NVDA short 228.94 x43.7sh spread=0.44bp
[shares] 10:50 Gap_Fade                  NVDA short 228.94 x43.7sh spread=0.44bp
[shares] 10:53 CLOSE ORB_5min                  XLY long  stop    net=-40.10
[shares] 10:53 CLOSE ORB_15min                 XLI long  stop    net=-31.28
[shares] 10:55 PDH_PDL_FailedBreak       XLV short 170.88 x58.5sh spread=1.17bp
[shares] 10:56 CLOSE Crabel_Stretch            DIA long  stop    net=-31.26
[shares] 10:56 CLOSE ORB_5min                  DIA long  stop    net=-31.45
[shares] 10:56 CLOSE ORB_5min                  XLI long  stop    net=-42.48
[shares] 11:00 CLOSE MOMO_CHASE                XLF short time    net=+27.52
[shares] 11:00 MOMO_CHASE                XLF short 54.34 x184.0sh spread=1.84bp
[shares] 11:00 MOMO_CHASE                GOOGL short 340.15 x29.4sh spread=0.59bp
[shares] 11:01 IntradayMomentumBoundary  SPY short 764.26 x13.1sh spread=0.26bp
[shares] 11:01 IntradayMomentumBoundary  XLY short 109.23 x91.5sh spread=0.92bp
[shares] 11:03 CLOSE Gap_Fade                  DIA long  stop    net=-27.00
[shares] 11:04 CLOSE IntradayMomentumBoundary  XLY short trail   net=-5.49
[shares] 11:04 CLOSE IntradayMomentumBoundary  XLP long  trail   net=-23.05
[shares] 11:05 CLOSE MOMO_CHASE                SPY short time    net=+23.88
[shares] 11:05 CLOSE MOMO_CHASE                QQQ short time    net=+19.45
[shares] 11:05 CLOSE MOMO_CHASE                XLK short time    net=+24.24
[shares] 11:05 CLOSE MOMO_CHASE                AAPL short time    net=+26.42
[shares] 11:06 CLOSE EMA_9_20_Pullback         XLP long  stop    net=-27.90
[shares] 11:09 CLOSE PDH_PDL_FailedBreak       XLV short stop    net=-12.29
[shares] 11:10 MOMO_CHASE                XLV long  171.20 x58.4sh spread=2.34bp
[shares] 11:10 TTM_Squeeze               XLV long  171.20 x58.4sh spread=2.34bp
[shares] 11:10 PDH_PDL_Breakout          XLV long  171.20 x58.4sh spread=2.34bp
[shares] 11:10 PDH_PDL_FailedBreak       XLF long  54.39 x183.9sh spread=1.84bp
[shares] 11:13 CLOSE PDH_PDL_FailedBreak       XLI long  stop    net=-43.16
[shares] 11:13 CLOSE Gap_Fade                  XLI long  stop    net=-64.31
[shares] 11:15 CLOSE MOMO_CHASE                IWM short time    net=+12.53
[shares] 11:15 CLOSE MOMO_CHASE                DIA short time    net=+7.00
[shares] 11:15 CLOSE MOMO_CHASE                XLI short time    net=+53.80
[shares] 11:15 MOMO_CHASE                XLI short 168.19 x59.5sh spread=1.78bp
[shares] 11:15 CLOSE MOMO_CHASE                NVDA short time    net=-66.83
[shares] 11:25 MOMO_CHASE                IWM short 278.96 x35.8sh spread=0.72bp
[shares] 11:25 MOMO_CHASE                DIA short 513.51 x19.5sh spread=0.78bp
[shares] 11:25 PDH_PDL_FailedBreak       XLP short 82.15 x121.7sh spread=1.22bp
[shares] 11:25 CLOSE MOMO_CHASE                XLF short time    net=+0.00
[shares] 11:25 CLOSE MOMO_CHASE                GOOGL short time    net=-11.17
[shares] 11:27 CLOSE PDH_PDL_Breakout          XLV long  stop    net=-19.28
[shares] 11:27 CLOSE PDH_PDL_FailedBreak       XLF long  stop    net=-18.39
[shares] 11:28 CLOSE TTM_Squeeze               XLV long  stop    net=-21.03
[shares] 11:30 CLOSE Six_Lines_NoCap           XLP long  trail   net=-14.60
[shares] 11:30 MOMO_CHASE                AAPL long  341.30 x29.3sh spread=1.17bp
[shares] 11:31 IntradayMomentumBoundary  IWM short 279.05 x35.8sh spread=0.36bp
[shares] 11:31 IntradayMomentumBoundary  XLY short 109.13 x91.6sh spread=0.92bp
[shares] 11:31 IntradayMomentumBoundary  XLI short 168.30 x59.4sh spread=2.38bp
[shares] 11:32 CLOSE PDH_PDL_FailedBreak       XLY long  stop    net=-51.98
[shares] 11:35 CLOSE MOMO_CHASE                XLV long  time    net=-23.36
[shares] 11:37 CLOSE IntradayMomentumBoundary  XLY short trail   net=-6.41
[shares] 11:39 CLOSE IntradayMomentumBoundary  QQQ short trail   net=+7.61
[shares] 11:40 CLOSE MOMO_CHASE                XLI short time    net=-19.62
[shares] 11:50 CLOSE MOMO_CHASE                IWM short time    net=+4.30
[shares] 11:50 CLOSE MOMO_CHASE                DIA short time    net=-2.73
[shares] 11:50 Six_Lines                 GOOGL short 339.90 x29.4sh spread=1.18bp
[shares] 11:50 Six_Lines_NoCap           GOOGL short 339.90 x29.4sh spread=1.18bp
[shares] 11:55 CLOSE MOMO_CHASE                AAPL long  time    net=-4.39
[shares] 11:56 CLOSE IntradayMomentumBoundary  WMT long  trail   net=-9.19
[shares] 11:57 CLOSE IntradayMomentumBoundary  XLK short trail   net=-1.54
[shares] 12:01 IntradayMomentumBoundary  QQQ short 735.33 x13.6sh spread=0.41bp
[shares] 12:01 IntradayMomentumBoundary  XLK short 194.19 x51.5sh spread=0.51bp
[shares] 12:01 IntradayMomentumBoundary  XLY short 109.01 x91.7sh spread=0.92bp
[shares] 12:05 MOMO_CHASE                XLE short 62.33 x160.4sh spread=1.60bp
[shares] 12:07 CLOSE IntradayMomentumBoundary  IWM short trail   net=-7.88
[shares] 12:08 CLOSE IntradayMomentumBoundary  XLK short trail   net=-3.60
[shares] 12:09 CLOSE IntradayMomentumBoundary  QQQ short trail   net=-3.94
[shares] 12:10 TTM_Squeeze               XLE short 62.36 x160.4sh spread=1.60bp
[shares] 12:10 CLOSE Six_Lines                 GOOGL short trail   net=-6.47
[shares] 12:10 CLOSE Six_Lines_NoCap           GOOGL short trail   net=-6.47
[shares] 12:17 CLOSE PDH_PDL_Breakout          SPY short stop    net=-16.33
[shares] 12:17 CLOSE IntradayMomentumBoundary  SPY short trail   net=-29.44
[shares] 12:17 VWAP_Reclaim              IWM long  279.91 x35.7sh spread=1.07bp
[shares] 12:17 VWAP_Reclaim              DIA long  514.69 x19.4sh spread=0.78bp
[shares] 12:17 CLOSE IntradayMomentumBoundary  XLY short trail   net=-24.77
[shares] 12:17 CLOSE IntradayMomentumBoundary  XLI short trail   net=-35.65
[shares] 12:17 CLOSE EMA_9_20_Pullback         XLE long  stop    net=-71.92
[shares] 12:18 CLOSE Gap_Fade                  XLE short target  net=+75.13
[shares] 12:20 MOMO_CHASE                SPY long  766.56 x13.0sh spread=0.39bp
[shares] 12:20 PDH_PDL_FailedBreak       SPY long  766.56 x13.0sh spread=0.39bp
[shares] 12:20 MOMO_CHASE                QQQ long  736.90 x13.6sh spread=0.41bp
[shares] 12:20 MOMO_CHASE                IWM long  279.83 x35.7sh spread=0.36bp
[shares] 12:20 MOMO_CHASE                DIA long  514.61 x19.4sh spread=0.58bp
[shares] 12:20 MOMO_CHASE                XLK long  194.79 x51.3sh spread=1.03bp
[shares] 12:20 MOMO_CHASE                XLY long  109.26 x91.5sh spread=0.92bp
[shares] 12:20 MOMO_CHASE                XLI long  168.71 x59.3sh spread=0.59bp
[shares] 12:20 PDH_PDL_FailedBreak       XLE short 62.23 x160.7sh spread=1.61bp
[shares] 12:20 VWAP_Reclaim              NVDA long  231.15 x43.3sh spread=0.87bp
[shares] 12:20 TTM_Squeeze               NVDA long  231.15 x43.3sh spread=0.87bp
[shares] 12:21 VWAP_Reclaim              XLY long  109.51 x91.3sh spread=1.83bp
[shares] 12:21 VWAP_Reclaim              XLI long  169.16 x59.1sh spread=1.77bp
[shares] 12:21 VWAP_Reclaim              XLP long  82.26 x121.6sh spread=2.43bp
[shares] 12:21 CLOSE TTM_Squeeze               XLE short target  net=+54.52
[shares] 12:22 VWAP_Reclaim              AAPL long  341.46 x29.3sh spread=0.59bp
[shares] 12:25 MOMO_CHASE                XLF long  54.43 x183.7sh spread=1.84bp
[shares] 12:27 CLOSE Crabel_Stretch            SPY short stop    net=-25.29
[shares] 12:27 CLOSE Crabel_Stretch            IWM short stop    net=-61.90
[shares] 12:27 CLOSE VWAP_Reclaim              IWM long  target  net=+46.09
[shares] 12:27 CLOSE VWAP_Reclaim              DIA long  target  net=+31.09
[shares] 12:27 CLOSE EMA_9_20_Pullback         XLK short stop    net=-39.51
[shares] 12:27 VWAP_Reclaim              XLF long  54.48 x183.6sh spread=1.84bp
[shares] 12:27 VWAP_Reclaim              GOOGL long  341.53 x29.3sh spread=1.17bp
[shares] 12:29 CLOSE VWAP_Reclaim              NVDA long  target  net=+30.72
[shares] 12:30 CLOSE Six_Lines_NoCap           SPY short trail   net=-29.62
[shares] 12:30 CLOSE Six_Lines_NoCap           XLK short trail   net=-26.16
[shares] 12:30 CLOSE MOMO_CHASE                XLE short time    net=+46.53
[shares] 12:30 MOMO_CHASE                XLE short 62.03 x161.2sh spread=1.61bp
[shares] 12:30 TTM_Squeeze               XLF long  54.47 x183.6sh spread=3.67bp
[shares] 12:30 MOMO_CHASE                GOOGL long  341.05 x29.3sh spread=1.47bp
[shares] 12:31 IntradayMomentumBoundary  XLP long  82.32 x121.5sh spread=1.21bp
[shares] 12:33 CLOSE IntradayMomentumBoundary  XLP long  trail   net=-6.07
[shares] 12:35 MOMO_CHASE                XLV long  171.41 x58.3sh spread=1.17bp
[shares] 12:35 CLOSE VWAP_Reclaim              XLF long  stop    net=-20.19
[shares] 12:39 CLOSE TTM_Squeeze               XLF long  stop    net=-22.03
[shares] 12:44 CLOSE VWAP_Reclaim              GOOGL long  stop    net=-35.43
[shares] 12:45 CLOSE MOMO_CHASE                SPY long  time    net=+5.48
[shares] 12:45 CLOSE MOMO_CHASE                QQQ long  time    net=+7.87
[shares] 12:45 CLOSE MOMO_CHASE                IWM long  time    net=+10.36
[shares] 12:45 CLOSE MOMO_CHASE                DIA long  time    net=+6.61
[shares] 12:45 CLOSE MOMO_CHASE                XLK long  time    net=+5.65
[shares] 12:45 CLOSE MOMO_CHASE                XLY long  time    net=+1.83
[shares] 12:45 CLOSE MOMO_CHASE                XLI long  time    net=+9.48
[shares] 12:50 CLOSE MOMO_CHASE                XLF long  time    net=-22.05
[shares] 12:55 CLOSE MOMO_CHASE                XLE short time    net=-43.53
[shares] 12:55 CLOSE MOMO_CHASE                GOOGL long  time    net=-3.23
[shares] 13:00 CLOSE MOMO_CHASE                XLV long  time    net=+1.75
[shares] 13:00 MOMO_CHASE                GOOGL long  340.97 x29.3sh spread=1.47bp
[shares] 13:05 CLOSE TTM_Squeeze               NVDA long  bars    net=-18.60
[shares] 13:08 CLOSE VWAP_Reclaim              AAPL long  stop    net=-37.19
[shares] 13:10 TTM_Squeeze               AAPL short 340.19 x29.4sh spread=0.88bp
[shares] 13:10 TTM_Squeeze               GOOGL long  341.12 x29.3sh spread=2.05bp
[shares] 13:12 VWAP_Reclaim              XLF long  54.53 x183.4sh spread=1.83bp
[shares] 13:12 CLOSE ORB_15min                 GOOGL short stop    net=-60.29
[shares] 13:15 MOMO_CHASE                SPY long  768.90 x13.0sh spread=0.39bp
[shares] 13:15 MOMO_CHASE                QQQ long  739.69 x13.5sh spread=0.68bp
[shares] 13:15 PDH_PDL_FailedBreak       QQQ long  739.69 x13.5sh spread=0.68bp
[shares] 13:15 MOMO_CHASE                XLK long  195.54 x51.1sh spread=1.02bp
[shares] 13:15 MOMO_CHASE                XLY long  109.74 x91.1sh spread=0.91bp
[shares] 13:15 MOMO_CHASE                XLV long  171.82 x58.2sh spread=1.75bp
[shares] 13:15 MOMO_CHASE                XLE short 61.85 x161.7sh spread=1.62bp
[shares] 13:25 CLOSE MOMO_CHASE                GOOGL long  time    net=+34.90
[shares] 13:28 CLOSE VWAP_Reclaim              XLF long  stop    net=-40.34
[shares] 13:40 CLOSE MOMO_CHASE                SPY long  time    net=-22.24
[shares] 13:40 CLOSE MOMO_CHASE                QQQ long  time    net=-20.68
[shares] 13:40 CLOSE MOMO_CHASE                XLK long  time    net=-28.13
[shares] 13:40 CLOSE MOMO_CHASE                XLY long  time    net=-33.72
[shares] 13:40 CLOSE MOMO_CHASE                XLV long  time    net=-42.49
[shares] 13:40 CLOSE MOMO_CHASE                XLE short time    net=-50.12
[shares] 13:53 CLOSE TTM_Squeeze               GOOGL long  target  net=+48.37
[shares] 13:55 CLOSE TTM_Squeeze               AAPL short bars    net=+11.17
[shares] 14:01 IntradayMomentumBoundary  XLF short 54.33 x184.1sh spread=1.84bp
[shares] 14:05 MOMO_CHASE                XLP long  82.36 x121.4sh spread=1.21bp
[shares] 14:05 CLOSE ORB_5min                  GOOGL short stop    net=-86.47
[shares] 14:15 CLOSE IntradayMomentumBoundary  XLF short trail   net=-5.52
[shares] 14:25 TTM_Squeeze               XLK short 194.85 x51.3sh spread=0.51bp
[shares] 14:30 CLOSE MOMO_CHASE                XLP long  time    net=-15.78
[shares] 14:31 IntradayMomentumBoundary  XLF short 54.30 x184.2sh spread=1.84bp
[shares] 14:35 TTM_Squeeze               SPY short 766.77 x13.0sh spread=0.26bp
[shares] 14:40 TTM_Squeeze               QQQ short 737.05 x13.6sh spread=0.27bp
[shares] 14:45 TTM_Squeeze               WMT long  108.85 x91.9sh spread=0.92bp
[shares] 14:50 PDH_PDL_Breakout          XLF short 54.28 x184.2sh spread=1.84bp
[shares] 14:53 CLOSE TTM_Squeeze               QQQ short stop    net=-16.69
[shares] 14:55 CLOSE PDH_PDL_Breakout          XLF short target  net=+5.53
[shares] 15:01 IntradayMomentumBoundary  XLP long  82.33 x121.5sh spread=1.21bp
[shares] 15:02 CLOSE IntradayMomentumBoundary  XLP long  trail   net=-1.21
[shares] 15:10 CLOSE TTM_Squeeze               XLK short bars    net=+0.00
[shares] 15:13 CLOSE Crabel_Stretch            AAPL long  stop    net=-117.29
[shares] 15:20 CLOSE TTM_Squeeze               SPY short bars    net=+10.96
[shares] 15:20 CLOSE PDH_PDL_FailedBreak       AAPL short target  net=+86.40
[shares] 15:30 CLOSE TTM_Squeeze               WMT long  bars    net=-3.67
[shares] 15:51 CLOSE VWAP_Reclaim              XLY long  stop    net=-49.31
[shares] 15:55 VWAP_Reclaim              IWM short 279.89 x35.7sh spread=0.36bp
[shares] 15:56 CLOSE PDH_PDL_FailedBreak       SPY long  eod     net=-21.39
[shares] 15:56 CLOSE Crabel_Stretch            QQQ short eod     net=+30.88
[shares] 15:56 CLOSE Six_Lines_NoCap           QQQ short eod     net=+35.33
[shares] 15:56 CLOSE ORB_5min                  QQQ short eod     net=+14.25
[shares] 15:56 CLOSE PDH_PDL_FailedBreak       QQQ long  eod     net=-49.48
[shares] 15:56 CLOSE VWAP_Reclaim              IWM short eod     net=+0.71
[shares] 15:56 CLOSE ORB_5min                  XLK short eod     net=+1.03
[shares] 15:56 CLOSE Crabel_Stretch            XLY short eod     net=+28.37
[shares] 15:56 CLOSE VWAP_Reclaim              XLI long  eod     net=-37.24
[shares] 15:56 CLOSE Crabel_Stretch            XLV long  eod     net=+28.12
[shares] 15:56 CLOSE ORB_5min                  XLV long  eod     net=+19.32
[shares] 15:56 CLOSE ORB_15min                 XLV long  eod     net=+13.46
[shares] 15:56 CLOSE ORB_15min                 XLP long  eod     net=+39.02
[shares] 15:56 CLOSE ORB_5min                  XLP long  eod     net=+13.38
[shares] 15:56 CLOSE PDH_PDL_Breakout          XLP long  eod     net=+13.38
[shares] 15:56 CLOSE PDH_PDL_FailedBreak       XLP short eod     net=-21.91
[shares] 15:56 CLOSE VWAP_Reclaim              XLP long  eod     net=+7.29
[shares] 15:56 CLOSE Crabel_Stretch            XLE short eod     net=+67.21
[shares] 15:56 CLOSE PDH_PDL_FailedBreak       XLE short eod     net=+25.71
[shares] 15:56 CLOSE Crabel_Stretch            XLF short eod     net=+56.91
[shares] 15:56 CLOSE Six_Lines_NoCap           XLF short eod     net=+60.56
[shares] 15:56 CLOSE ORB_5min                  XLF short eod     net=+42.29
[shares] 15:56 CLOSE IntradayMomentumBoundary  XLF short eod     net=+25.78
[shares] 15:56 CLOSE ORB_5min                  NVDA short eod     net=+22.70
[shares] 15:56 CLOSE Gap_Fade                  NVDA short eod     net=+14.85
[shares] 15:56 CLOSE Crabel_Stretch            GOOGL long  eod     net=-2.34
[shares] 15:56 CLOSE Six_Lines_NoCap           WMT long  eod     net=+53.58
[shares] 15:56 CLOSE PDH_PDL_Breakout          WMT long  eod     net=+53.58
[shares] 15:56 CLOSE ORB_5min                  WMT long  eod     net=+7.36
[shares] 15:56 CLOSE ORB_15min                 WMT long  eod     net=+0.92
[shares] 15:56 CLOSE EMA_9_20_Pullback         WMT long  eod     net=+0.92
[shares] 15:58 VWAP_Reclaim              WMT short 108.69 x92.0sh spread=0.92bp
[shares] 15:59 CLOSE VWAP_Reclaim              WMT short eod     net=-1.84
[shares] daily: 195 trades, net $-2,033.36
