[replay shares] 2026-09-22 -- config 7c6414fc549315f3 -- history-backed, no outages; NOT the prospective record
[shares] warmup SPY: 24 prior sessions, stretch=0.8314000000000192
[shares] warmup QQQ: 24 prior sessions, stretch=1.6267000000000054
[shares] warmup IWM: 24 prior sessions, stretch=0.6510000000000105
[shares] warmup DIA: 24 prior sessions, stretch=0.5615000000000009
[shares] warmup XLK: 24 prior sessions, stretch=0.6625000000000029
[shares] warmup XLY: 24 prior sessions, stretch=0.285499999999999
[shares] warmup XLI: 24 prior sessions, stretch=0.5305000000000006
[shares] warmup XLV: 24 prior sessions, stretch=0.45600000000000024
[shares] warmup XLP: 24 prior sessions, stretch=0.18349999999999653
[shares] warmup XLE: 24 prior sessions, stretch=0.18100000000000094
[shares] warmup XLF: 24 prior sessions, stretch=0.14549999999999982
[shares] warmup NVDA: 24 prior sessions, stretch=1.0394999999999954
[shares] warmup AAPL: 24 prior sessions, stretch=1.7744999999999949
[shares] warmup GOOGL: 24 prior sessions, stretch=1.0958899999999971
[shares] warmup WMT: 24 prior sessions, stretch=0.28599999999999853
[replay] six-lines SPY: R1=767.26  R2=774.67  R3=774.89  S1=771.38  S2=766.03  S3=759.11
[replay] six-lines QQQ: R1=729.14  R2=743.22  R3=743.61  S1=738.68  S2=727.81  S3=716.46
[replay] six-lines IWM: R1=286.45  R2=286.60  R3=288.24  S1=284.90  S2=284.30  S3=283.51
[replay] six-lines DIA: R1=520.52  R2=520.67  R3=523.56  S1=518.09  S2=516.76  S3=515.88
[replay] six-lines XLK: R1=192.10  R2=195.09  R3=195.30  S1=192.17  S2=190.97  S3=188.99
[replay] six-lines XLY: R1=111.77  R2=112.61  R3=113.15  S1=111.54  S2=111.12  S3=110.79
[replay] six-lines XLI: R1=170.69  R2=171.08  R3=171.15  S1=168.89  S2=168.56  S3=168.50
[replay] six-lines XLV: R1=168.99  R2=169.36  R3=169.53  S1=168.12  S2=167.33  S3=166.85
[replay] six-lines XLP: R1=82.31  R2=82.58  R3=82.80  S1=82.04  S2=81.80  S3=81.73
[replay] six-lines XLE: R1=62.95  R2=63.70  R3=64.58  S1=63.11  S2=62.37  S3=61.53
[replay] six-lines XLF: R1=56.15  R2=56.19  R3=56.20  S1=55.72  S2=55.66  S3=55.65
[replay] six-lines NVDA: R1=224.90  R2=228.43  R3=228.50  S1=223.50  S2=221.56  S3=219.18
[replay] six-lines AAPL: R1=336.60  R2=339.64  R3=340.89  S1=338.31  S2=334.02  S3=333.05
[replay] six-lines GOOGL: R1=354.14  R2=357.61  R3=359.13  S1=354.70  S2=349.10  S3=349.02
[replay] six-lines WMT: R1=107.62  R2=107.76  R3=108.50  S1=107.34  S2=106.08  S3=105.79
[shares] 09:32 Crabel_Stretch            SPY long  774.95 x12.9sh spread=0.52bp
[shares] 09:32 Crabel_Stretch            QQQ long  742.89 x13.5sh spread=0.40bp
[shares] 09:32 Crabel_Stretch            DIA short 521.16 x19.2sh spread=1.15bp
[shares] 09:32 Crabel_Stretch            XLK long  195.28 x51.2sh spread=1.02bp
[shares] 09:32 Crabel_Stretch            XLI short 170.00 x58.8sh spread=3.53bp
[shares] 09:32 Crabel_Stretch            NVDA long  229.09 x43.7sh spread=1.31bp
[shares] 09:32 Crabel_Stretch            AAPL long  343.56 x29.1sh spread=2.91bp
[shares] 09:33 Crabel_Stretch            IWM short 286.97 x34.8sh spread=0.70bp
[shares] 09:33 VWAP_Reclaim              XLV short 168.36 x59.4sh spread=7.72bp
[shares] 09:33 Crabel_Stretch            XLF short 55.79 x179.2sh spread=1.79bp
[shares] 09:34 CLOSE VWAP_Reclaim              XLV short stop    net=-23.16
[shares] 09:34 VWAP_Reclaim              XLE short 61.64 x162.2sh spread=3.24bp
[shares] 09:34 VWAP_Reclaim              GOOGL long  358.28 x27.9sh spread=4.47bp
[shares] 09:35 PDH_PDL_Breakout          QQQ long  743.46 x13.5sh spread=0.40bp
[shares] 09:35 PDH_PDL_Breakout          IWM long  287.17 x34.8sh spread=0.70bp
[shares] 09:35 PDH_PDL_Breakout          DIA long  520.82 x19.2sh spread=0.96bp
[shares] 09:35 PDH_PDL_Breakout          XLK long  195.35 x51.2sh spread=1.54bp
[shares] 09:35 VWAP_Reclaim              XLV short 168.40 x59.4sh spread=5.94bp
[shares] 09:35 PDH_PDL_Breakout          NVDA long  229.49 x43.6sh spread=2.61bp
[shares] 09:35 TTM_Squeeze               AAPL long  342.73 x29.2sh spread=3.79bp
[shares] 09:35 CLOSE VWAP_Reclaim              GOOGL long  target  net=+44.38
[shares] 09:35 Crabel_Stretch            GOOGL long  359.94 x27.8sh spread=1.94bp
[shares] 09:35 PDH_PDL_Breakout          GOOGL long  359.94 x27.8sh spread=1.94bp
[shares] 09:35 VWAP_Reclaim              WMT long  108.26 x92.4sh spread=2.77bp
[shares] 09:35 TTM_Squeeze               WMT long  108.26 x92.4sh spread=2.77bp
[shares] 09:37 CLOSE PDH_PDL_Breakout          DIA long  stop    net=-5.57
[shares] 09:37 CLOSE TTM_Squeeze               AAPL long  stop    net=-22.76
[shares] 09:39 Crabel_Stretch            XLV short 168.21 x59.4sh spread=2.38bp
[shares] 09:39 CLOSE TTM_Squeeze               WMT long  stop    net=-24.94
[shares] 09:40 Six_Lines                 SPY long  774.96 x12.9sh spread=0.13bp
[shares] 09:40 Six_Lines_NoCap           SPY long  774.96 x12.9sh spread=0.13bp
[shares] 09:40 Six_Lines                 QQQ long  744.13 x13.4sh spread=0.40bp
[shares] 09:40 Six_Lines_NoCap           QQQ long  744.13 x13.4sh spread=0.40bp
[shares] 09:40 CLOSE PDH_PDL_Breakout          IWM long  target  net=+17.41
[shares] 09:40 Six_Lines                 XLK long  195.30 x51.2sh spread=1.54bp
[shares] 09:40 Six_Lines_NoCap           XLK long  195.30 x51.2sh spread=1.54bp
[shares] 09:40 Six_Lines                 XLY long  113.21 x88.3sh spread=0.88bp
[shares] 09:40 Six_Lines_NoCap           XLY long  113.21 x88.3sh spread=0.88bp
[shares] 09:40 PDH_PDL_Breakout          XLY long  113.21 x88.3sh spread=0.88bp
[shares] 09:40 VWAP_Reclaim              XLI long  170.20 x58.8sh spread=2.94bp
[shares] 09:40 ORB_5min                  XLV short 168.03 x59.5sh spread=2.98bp
[shares] 09:40 Six_Lines                 XLV short 168.03 x59.5sh spread=2.98bp
[shares] 09:40 Six_Lines_NoCap           XLV short 168.03 x59.5sh spread=2.98bp
[shares] 09:40 Six_Lines                 NVDA long  228.67 x43.7sh spread=1.31bp
[shares] 09:40 Six_Lines_NoCap           NVDA long  228.67 x43.7sh spread=1.31bp
[shares] 09:40 Six_Lines                 AAPL long  341.42 x29.3sh spread=2.64bp
[shares] 09:40 Six_Lines_NoCap           AAPL long  341.42 x29.3sh spread=2.64bp
[shares] 09:40 PDH_PDL_Breakout          AAPL long  341.42 x29.3sh spread=2.64bp
[shares] 09:40 Six_Lines                 GOOGL long  361.00 x27.7sh spread=2.22bp
[shares] 09:40 Six_Lines_NoCap           GOOGL long  361.00 x27.7sh spread=2.22bp
[shares] 09:40 PDH_PDL_Breakout          WMT long  108.01 x92.6sh spread=2.78bp
[shares] 09:41 CLOSE VWAP_Reclaim              XLV short target  net=+25.53
[shares] 09:41 CLOSE PDH_PDL_Breakout          AAPL long  stop    net=-11.13
[shares] 09:42 VWAP_Reclaim              NVDA long  228.82 x43.7sh spread=1.31bp
[shares] 09:42 CLOSE PDH_PDL_Breakout          WMT long  stop    net=-7.41
[shares] 09:43 Crabel_Stretch            XLY long  113.27 x88.3sh spread=0.88bp
[shares] 09:44 VWAP_Reclaim              XLP long  82.47 x121.3sh spread=1.21bp
[shares] 09:45 PDH_PDL_FailedBreak       SPY short 774.59 x12.9sh spread=0.13bp
[shares] 09:45 Gap_Fade                  IWM short 287.47 x34.8sh spread=0.35bp
[shares] 09:45 PDH_PDL_FailedBreak       DIA short 520.28 x19.2sh spread=0.38bp
[shares] 09:45 Gap_Fade                  DIA short 520.28 x19.2sh spread=0.38bp
[shares] 09:45 PDH_PDL_FailedBreak       XLI short 170.07 x58.8sh spread=3.53bp
[shares] 09:45 PDH_PDL_Breakout          XLP long  82.49 x121.2sh spread=1.21bp
[shares] 09:45 Gap_Fade                  XLE long  61.69 x162.1sh spread=1.62bp
[shares] 09:45 ORB_5min                  XLF short 55.65 x179.7sh spread=1.80bp
[shares] 09:45 PDH_PDL_Breakout          XLF short 55.65 x179.7sh spread=1.80bp
[shares] 09:45 CLOSE VWAP_Reclaim              NVDA long  stop    net=-34.96
[shares] 09:45 PDH_PDL_FailedBreak       NVDA short 228.02 x43.9sh spread=0.88bp
[shares] 09:45 CLOSE Six_Lines                 GOOGL long  target  net=+19.94
[shares] 09:46 ORB_5min                  QQQ long  744.46 x13.4sh spread=0.40bp
[shares] 09:46 CLOSE Gap_Fade                  DIA short target  net=+9.42
[shares] 09:46 CLOSE Six_Lines                 AAPL long  target  net=+17.57
[shares] 09:47 ORB_15min                 DIA short 519.72 x19.2sh spread=0.19bp
[shares] 09:47 CLOSE VWAP_Reclaim              XLI long  stop    net=-22.91
[shares] 09:47 Crabel_Stretch            XLE long  61.82 x161.8sh spread=1.62bp
[shares] 09:47 ORB_15min                 XLF short 55.55 x180.0sh spread=1.80bp
[shares] 09:48 ORB_5min                  DIA short 519.57 x19.2sh spread=0.38bp
[shares] 09:48 ORB_15min                 XLI short 169.65 x58.9sh spread=2.36bp
[shares] 09:48 CLOSE VWAP_Reclaim              XLE short stop    net=-29.20
[shares] 09:48 ORB_15min                 GOOGL long  362.12 x27.6sh spread=2.49bp
[shares] 09:49 VWAP_Reclaim              IWM long  287.49 x34.8sh spread=0.35bp
[shares] 09:49 ORB_5min                  XLI short 169.79 x58.9sh spread=1.18bp
[shares] 09:50 VWAP_Reclaim              XLK short 194.96 x51.3sh spread=1.03bp
[shares] 09:50 PDH_PDL_FailedBreak       XLK short 194.96 x51.3sh spread=1.03bp
[shares] 09:50 ORB_15min                 XLP long  82.56 x121.1sh spread=1.21bp
[shares] 09:50 ORB_15min                 XLE long  61.91 x161.5sh spread=1.62bp
[shares] 09:50 PDH_PDL_Breakout          XLE short 61.90 x161.6sh spread=1.62bp
[shares] 09:50 Six_Lines                 XLF short 55.48 x180.2sh spread=1.80bp
[shares] 09:50 Six_Lines_NoCap           XLF short 55.48 x180.2sh spread=1.80bp
[shares] 09:50 ORB_5min                  GOOGL long  363.55 x27.5sh spread=3.30bp
[shares] 09:50 Gap_Fade                  WMT short 107.99 x92.6sh spread=0.93bp
[shares] 09:51 ORB_15min                 QQQ long  745.25 x13.4sh spread=0.40bp
[shares] 09:51 CLOSE PDH_PDL_Breakout          XLE short stop    net=-6.46
[shares] 09:51 CLOSE PDH_PDL_Breakout          XLF short target  net=+48.52
[shares] 09:51 CLOSE Six_Lines                 XLF short target  net=+18.02
[shares] 09:52 CLOSE Gap_Fade                  IWM short stop    net=-14.61
[shares] 09:53 CLOSE VWAP_Reclaim              XLK short stop    net=-15.90
[shares] 09:53 CLOSE ORB_15min                 XLP long  stop    net=-12.11
[shares] 09:54 ORB_15min                 IWM long  287.96 x34.7sh spread=0.69bp
[shares] 09:54 CLOSE VWAP_Reclaim              WMT long  stop    net=-42.49
[shares] 09:54 ORB_15min                 WMT short 107.80 x92.8sh spread=0.93bp
[shares] 09:54 Crabel_Stretch            WMT short 107.80 x92.8sh spread=0.93bp
[shares] 09:55 CLOSE VWAP_Reclaim              IWM long  target  net=+26.44
[shares] 09:55 ORB_5min                  IWM long  288.26 x34.7sh spread=0.35bp
[shares] 09:55 TTM_Squeeze               DIA short 519.01 x19.3sh spread=0.58bp
[shares] 09:55 Gap_Fade                  XLP short 82.35 x121.4sh spread=1.21bp
[shares] 09:56 CLOSE Crabel_Stretch            IWM short stop    net=-43.21
[shares] 09:56 CLOSE VWAP_Reclaim              XLP long  stop    net=-19.40
[shares] 09:56 CLOSE PDH_PDL_Breakout          XLP long  stop    net=-21.82
[shares] 09:57 ORB_15min                 SPY short 773.70 x12.9sh spread=0.13bp
[shares] 09:59 CLOSE PDH_PDL_Breakout          XLY long  stop    net=-35.33
[shares] 10:00 CLOSE Six_Lines                 SPY long  trail   net=-14.84
[shares] 10:00 CLOSE Six_Lines_NoCap           SPY long  trail   net=-14.84
[shares] 10:00 CLOSE PDH_PDL_FailedBreak       XLK short stop    net=-27.70
[shares] 10:00 ORB_15min                 XLK long  195.50 x51.2sh spread=0.51bp
[shares] 10:00 CLOSE Six_Lines                 XLY long  trail   net=-36.22
[shares] 10:00 CLOSE Six_Lines_NoCap           XLY long  trail   net=-36.22
[shares] 10:00 Gap_Fade                  XLY short 112.80 x88.7sh spread=0.89bp
[shares] 10:00 CLOSE Six_Lines                 XLV short trail   net=-32.73
[shares] 10:00 CLOSE Six_Lines_NoCap           XLV short trail   net=-32.73
[shares] 10:00 EMA_9_20_Pullback         XLE short 61.88 x161.6sh spread=1.62bp
[shares] 10:00 CLOSE Six_Lines                 NVDA long  trail   net=-48.54
[shares] 10:00 CLOSE Six_Lines_NoCap           NVDA long  trail   net=-48.54
[shares] 10:00 CLOSE Six_Lines_NoCap           AAPL long  trail   net=-19.62
[shares] 10:00 VWAP_Reclaim              GOOGL short 360.19 x27.8sh spread=2.78bp
[shares] 10:01 IntradayMomentumBoundary  QQQ long  744.83 x13.4sh spread=0.27bp
[shares] 10:01 ORB_5min                  XLE long  61.97 x161.4sh spread=1.61bp
[shares] 10:01 IntradayMomentumBoundary  XLF short 55.42 x180.4sh spread=1.80bp
[shares] 10:02 ORB_5min                  WMT short 107.83 x92.7sh spread=1.85bp
[shares] 10:03 CLOSE ORB_5min                  XLV short stop    net=-55.94
[shares] 10:03 ORB_15min                 XLV long  168.97 x59.2sh spread=2.37bp
[shares] 10:05 CLOSE Gap_Fade                  XLP short stop    net=-25.50
[shares] 10:05 ORB_15min                 AAPL short 339.55 x29.5sh spread=1.47bp
[shares] 10:05 PDH_PDL_FailedBreak       AAPL short 339.55 x29.5sh spread=1.47bp
[shares] 10:05 CLOSE ORB_15min                 GOOGL long  stop    net=-64.34
[shares] 10:10 Six_Lines                 IWM long  288.39 x34.7sh spread=0.69bp
[shares] 10:10 Six_Lines_NoCap           IWM long  288.39 x34.7sh spread=0.69bp
[shares] 10:10 ORB_5min                  AAPL short 339.11 x29.5sh spread=2.06bp
[shares] 10:12 CLOSE Six_Lines                 QQQ long  target  net=+19.89
[shares] 10:12 CLOSE EMA_9_20_Pullback         XLE short stop    net=-61.41
[shares] 10:14 CLOSE ORB_15min                 SPY short stop    net=-9.69
[shares] 10:14 CLOSE Six_Lines                 IWM long  target  net=+10.06
[shares] 10:16 CLOSE VWAP_Reclaim              GOOGL short stop    net=-43.31
[shares] 10:17 CLOSE ORB_5min                  XLF short target  net=+109.61
[shares] 10:17 CLOSE ORB_15min                 XLF short target  net=+91.81
[shares] 10:19 CLOSE PDH_PDL_FailedBreak       SPY short target  net=+11.75
[shares] 10:19 ORB_5min                  XLP long  82.60 x121.1sh spread=1.21bp
[shares] 10:20 Six_Lines                 DIA short 517.87 x19.3sh spread=0.77bp
[shares] 10:20 Six_Lines_NoCap           DIA short 517.87 x19.3sh spread=0.77bp
[shares] 10:26 CLOSE ORB_15min                 IWM long  stop    net=-21.18
[shares] 10:26 VWAP_Reclaim              WMT long  108.05 x92.5sh spread=1.85bp
[shares] 10:28 CLOSE TTM_Squeeze               DIA short target  net=+29.09
[shares] 10:30 CLOSE Six_Lines_NoCap           IWM long  trail   net=-40.57
[shares] 10:30 MOMO_CHASE                DIA short 517.16 x19.3sh spread=0.39bp
[shares] 10:30 MOMO_CHASE                XLI short 169.29 x59.1sh spread=1.77bp
[shares] 10:30 MOMO_CHASE                XLF short 54.85 x182.3sh spread=1.82bp
[shares] 10:31 IntradayMomentumBoundary  DIA short 517.27 x19.3sh spread=0.77bp
[shares] 10:31 IntradayMomentumBoundary  GOOGL long  361.86 x27.6sh spread=1.38bp
[shares] 10:33 ORB_5min                  XLK long  195.53 x51.1sh spread=0.51bp
[shares] 10:35 MOMO_CHASE                QQQ long  746.39 x13.4sh spread=0.27bp
[shares] 10:36 CLOSE ORB_5min                  IWM long  stop    net=-49.26
[shares] 10:36 CLOSE Crabel_Stretch            XLY long  stop    net=-52.97
[shares] 10:36 ORB_5min                  XLY short 112.67 x88.8sh spread=0.89bp
[shares] 10:36 CLOSE ORB_15min                 WMT short stop    net=-30.61
[shares] 10:37 CLOSE Crabel_Stretch            XLV short stop    net=-67.77
[shares] 10:39 VWAP_Reclaim              XLK short 195.13 x51.2sh spread=1.54bp
[shares] 10:39 Crabel_Stretch            XLP long  82.68 x120.9sh spread=1.21bp
[shares] 10:39 CLOSE Gap_Fade                  WMT short stop    net=-38.89
[shares] 10:39 CLOSE Crabel_Stretch            WMT short stop    net=-56.59
[shares] 10:39 CLOSE ORB_5min                  WMT short stop    net=-53.79
[shares] 10:39 CLOSE VWAP_Reclaim              WMT long  target  net=+32.39
[shares] 10:40 Six_Lines                 XLP long  82.66 x121.0sh spread=1.21bp
[shares] 10:40 Six_Lines_NoCap           XLP long  82.66 x121.0sh spread=1.21bp
[shares] 10:40 MOMO_CHASE                XLP long  82.66 x121.0sh spread=1.21bp
[shares] 10:40 MOMO_CHASE                WMT long  108.42 x92.2sh spread=1.84bp
[shares] 10:42 CLOSE Crabel_Stretch            SPY long  stop    net=-23.49
[shares] 10:42 CLOSE IntradayMomentumBoundary  QQQ long  trail   net=-4.43
[shares] 10:42 CLOSE ORB_15min                 XLK long  stop    net=-30.69
[shares] 10:42 VWAP_Reclaim              NVDA short 227.85 x43.9sh spread=0.44bp
[shares] 10:42 CLOSE IntradayMomentumBoundary  GOOGL long  trail   net=-36.20
[shares] 10:43 CLOSE Gap_Fade                  XLE long  target  net=+119.95
[shares] 10:45 MOMO_CHASE                IWM short 286.45 x34.9sh spread=0.70bp
[shares] 10:45 PDH_PDL_Breakout          XLV long  169.70 x58.9sh spread=1.18bp
[shares] 10:45 PDH_PDL_FailedBreak       XLE long  62.39 x160.3sh spread=1.60bp
[shares] 10:46 CLOSE ORB_15min                 XLE long  target  net=+90.45
[shares] 10:50 PDH_PDL_FailedBreak       IWM short 286.30 x34.9sh spread=0.35bp
[shares] 10:50 PDH_PDL_FailedBreak       XLY short 112.56 x88.8sh spread=0.89bp
[shares] 10:50 MOMO_CHASE                XLV long  169.81 x58.9sh spread=1.77bp
[shares] 10:50 MOMO_CHASE                AAPL long  341.82 x29.3sh spread=2.63bp
[shares] 10:50 Six_Lines                 WMT long  108.58 x92.1sh spread=1.84bp
[shares] 10:50 Six_Lines_NoCap           WMT long  108.58 x92.1sh spread=1.84bp
[shares] 10:52 CLOSE Six_Lines                 XLP long  target  net=+19.36
[shares] 10:55 CLOSE MOMO_CHASE                DIA short time    net=-7.73
[shares] 10:55 CLOSE MOMO_CHASE                XLI short time    net=+3.54
[shares] 10:55 MOMO_CHASE                XLI short 169.22 x59.1sh spread=0.59bp
[shares] 10:55 CLOSE MOMO_CHASE                XLF short time    net=+18.23
[shares] 10:55 MOMO_CHASE                XLF short 54.74 x182.7sh spread=1.83bp
[shares] 10:57 CLOSE ORB_15min                 AAPL short stop    net=-85.11
[shares] 11:00 CLOSE MOMO_CHASE                QQQ long  time    net=-20.36
[shares] 11:00 CLOSE Six_Lines                 XLK long  trail   net=-12.80
[shares] 11:00 CLOSE Six_Lines_NoCap           XLK long  trail   net=-12.80
[shares] 11:01 IntradayMomentumBoundary  QQQ long  744.80 x13.4sh spread=0.27bp
[shares] 11:01 IntradayMomentumBoundary  XLV long  170.01 x58.8sh spread=1.18bp
[shares] 11:01 IntradayMomentumBoundary  XLP long  82.77 x120.8sh spread=1.21bp
[shares] 11:03 CLOSE VWAP_Reclaim              NVDA short stop    net=-33.36
[shares] 11:04 CLOSE IntradayMomentumBoundary  QQQ long  trail   net=-0.94
[shares] 11:05 MOMO_CHASE                XLY short 112.33 x89.0sh spread=0.89bp
[shares] 11:05 CLOSE MOMO_CHASE                XLP long  time    net=+12.10
[shares] 11:05 MOMO_CHASE                GOOGL short 359.15 x27.8sh spread=1.95bp
[shares] 11:05 CLOSE MOMO_CHASE                WMT long  time    net=+10.15
[shares] 11:06 CLOSE ORB_15min                 XLV long  target  net=+69.83
[shares] 11:10 CLOSE MOMO_CHASE                IWM short time    net=-2.79
[shares] 11:10 CLOSE Gap_Fade                  XLY short target  net=+51.42
[shares] 11:10 CLOSE Six_Lines_NoCap           GOOGL long  trail   net=-61.50
[shares] 11:10 CLOSE Six_Lines                 WMT long  trail   net=-25.79
[shares] 11:10 CLOSE Six_Lines_NoCap           WMT long  trail   net=-25.79
[shares] 11:11 CLOSE IntradayMomentumBoundary  XLP long  trail   net=-16.91
[shares] 11:14 CLOSE PDH_PDL_Breakout          XLV long  target  net=+40.07
[shares] 11:15 VWAP_Reclaim              QQQ long  745.19 x13.4sh spread=0.54bp
[shares] 11:15 CLOSE MOMO_CHASE                XLV long  time    net=+31.21
[shares] 11:15 MOMO_CHASE                XLV long  170.37 x58.7sh spread=1.76bp
[shares] 11:15 CLOSE MOMO_CHASE                AAPL long  time    net=+40.96
[shares] 11:20 CLOSE MOMO_CHASE                XLI short time    net=-23.05
[shares] 11:20 CLOSE MOMO_CHASE                XLF short time    net=+7.31
[shares] 11:20 MOMO_CHASE                WMT long  108.72 x92.0sh spread=0.92bp
[shares] 11:30 CLOSE MOMO_CHASE                XLY short time    net=+3.56
[shares] 11:30 CLOSE MOMO_CHASE                GOOGL short time    net=+38.42
[shares] 11:31 IntradayMomentumBoundary  XLP long  82.70 x120.9sh spread=1.21bp
[shares] 11:31 CLOSE PDH_PDL_Breakout          GOOGL long  stop    net=-80.29
[shares] 11:31 CLOSE ORB_5min                  GOOGL long  stop    net=-178.79
[shares] 11:31 IntradayMomentumBoundary  WMT long  108.92 x91.8sh spread=0.92bp
[shares] 11:32 CLOSE IntradayMomentumBoundary  XLP long  trail   net=-4.84
[shares] 11:33 CLOSE Six_Lines                 DIA short target  net=+18.92
[shares] 11:34 CLOSE ORB_15min                 DIA short target  net=+58.88
[shares] 11:34 CLOSE IntradayMomentumBoundary  WMT long  trail   net=-12.85
[shares] 11:35 MOMO_CHASE                SPY short 772.97 x12.9sh spread=0.26bp
[shares] 11:35 PDH_PDL_Breakout          DIA short 516.61 x19.4sh spread=0.58bp
[shares] 11:35 CLOSE Crabel_Stretch            GOOGL long  stop    net=-93.07
[shares] 11:35 MOMO_CHASE                GOOGL short 356.59 x28.0sh spread=1.40bp
[shares] 11:35 PDH_PDL_FailedBreak       GOOGL short 356.59 x28.0sh spread=1.40bp
[shares] 11:35 Gap_Fade                  GOOGL short 356.59 x28.0sh spread=1.40bp
[shares] 11:38 CLOSE VWAP_Reclaim              QQQ long  stop    net=-8.86
[shares] 11:40 MOMO_CHASE                XLY short 111.99 x89.3sh spread=0.89bp
[shares] 11:40 CLOSE MOMO_CHASE                XLV long  time    net=-1.17
[shares] 11:45 TTM_Squeeze               SPY short 772.81 x12.9sh spread=0.26bp
[shares] 11:45 MOMO_CHASE                QQQ short 744.29 x13.4sh spread=0.27bp
[shares] 11:45 CLOSE MOMO_CHASE                WMT long  time    net=-0.92
[shares] 11:51 VWAP_Reclaim              XLP long  82.65 x121.0sh spread=1.21bp
[shares] 11:53 CLOSE ORB_5min                  XLE long  target  net=+106.50
[shares] 11:57 CLOSE Gap_Fade                  GOOGL short target  net=+37.30
[shares] 12:00 CLOSE MOMO_CHASE                SPY short time    net=-0.91
[shares] 12:00 CLOSE MOMO_CHASE                GOOGL short time    net=+33.65
[shares] 12:01 IntradayMomentumBoundary  XLP long  82.67 x121.0sh spread=1.21bp
[shares] 12:05 CLOSE MOMO_CHASE                XLY short time    net=-21.43
[shares] 12:05 MOMO_CHASE                XLI long  170.07 x58.8sh spread=1.18bp
[shares] 12:05 CLOSE IntradayMomentumBoundary  XLP long  trail   net=-2.42
[shares] 12:05 MOMO_CHASE                GOOGL short 354.66 x28.2sh spread=0.85bp
[shares] 12:09 CLOSE PDH_PDL_Breakout          DIA short stop    net=-11.23
[shares] 12:10 CLOSE MOMO_CHASE                QQQ short time    net=-8.87
[shares] 12:14 CLOSE VWAP_Reclaim              XLP long  target  net=+13.31
[shares] 12:15 MOMO_CHASE                XLK long  195.34 x51.2sh spread=1.02bp
[shares] 12:15 MOMO_CHASE                WMT long  109.30 x91.5sh spread=0.91bp
[shares] 12:25 MOMO_CHASE                QQQ short 744.28 x13.4sh spread=0.40bp
[shares] 12:30 CLOSE TTM_Squeeze               SPY short bars    net=-1.42
[shares] 12:30 CLOSE MOMO_CHASE                XLI long  time    net=-11.17
[shares] 12:30 CLOSE MOMO_CHASE                GOOGL short time    net=+72.46
[shares] 12:31 IntradayMomentumBoundary  XLP long  82.74 x120.9sh spread=1.21bp
[shares] 12:31 IntradayMomentumBoundary  GOOGL short 351.42 x28.5sh spread=2.56bp
[shares] 12:31 IntradayMomentumBoundary  WMT long  109.21 x91.6sh spread=1.83bp
[shares] 12:40 CLOSE MOMO_CHASE                XLK long  time    net=-2.56
[shares] 12:40 CLOSE MOMO_CHASE                WMT long  time    net=-9.15
[shares] 12:45 TTM_Squeeze               IWM long  286.79 x34.9sh spread=0.35bp
[shares] 12:45 MOMO_CHASE                XLK long  195.46 x51.2sh spread=0.51bp
[shares] 12:49 CLOSE VWAP_Reclaim              XLK short stop    net=-22.04
[shares] 12:50 CLOSE MOMO_CHASE                QQQ short time    net=-13.97
[shares] 12:50 TTM_Squeeze               XLK long  195.66 x51.1sh spread=1.02bp
[shares] 12:50 MOMO_CHASE                XLP long  82.84 x120.7sh spread=1.21bp
[shares] 12:55 TTM_Squeeze               SPY long  773.53 x12.9sh spread=0.13bp
[shares] 13:00 MOMO_CHASE                NVDA long  229.38 x43.6sh spread=0.87bp
[shares] 13:01 IntradayMomentumBoundary  QQQ long  745.26 x13.4sh spread=0.13bp
[shares] 13:03 CLOSE PDH_PDL_FailedBreak       NVDA short stop    net=-70.17
[shares] 13:05 TTM_Squeeze               QQQ long  745.24 x13.4sh spread=0.27bp
[shares] 13:05 TTM_Squeeze               NVDA long  229.70 x43.5sh spread=0.44bp
[shares] 13:10 CLOSE MOMO_CHASE                XLK long  time    net=+6.65
[shares] 13:15 CLOSE MOMO_CHASE                XLP long  time    net=-12.07
[shares] 13:19 CLOSE IntradayMomentumBoundary  GOOGL short trail   net=-14.80
[shares] 13:25 CLOSE MOMO_CHASE                NVDA long  time    net=+1.31
[shares] 13:30 CLOSE TTM_Squeeze               IWM long  bars    net=+2.44
[shares] 13:35 CLOSE TTM_Squeeze               XLK long  bars    net=-4.60
[shares] 13:35 MOMO_CHASE                XLF long  54.92 x182.1sh spread=1.82bp
[shares] 13:35 TTM_Squeeze               AAPL short 341.47 x29.3sh spread=0.59bp
[shares] 13:40 CLOSE TTM_Squeeze               SPY long  bars    net=-4.27
[shares] 13:41 CLOSE TTM_Squeeze               NVDA long  stop    net=-31.78
[shares] 13:46 CLOSE IntradayMomentumBoundary  XLF short trail   net=+84.81
[shares] 13:50 CLOSE TTM_Squeeze               QQQ long  bars    net=+0.94
[shares] 13:53 VWAP_Reclaim              SPY long  774.09 x12.9sh spread=0.39bp
[shares] 13:53 VWAP_Reclaim              IWM long  287.43 x34.8sh spread=0.35bp
[shares] 13:53 VWAP_Reclaim              XLY long  112.65 x88.8sh spread=0.89bp
[shares] 13:53 VWAP_Reclaim              XLF long  55.00 x181.8sh spread=1.82bp
[shares] 13:55 MOMO_CHASE                IWM long  287.62 x34.8sh spread=0.70bp
[shares] 13:55 MOMO_CHASE                XLK long  195.79 x51.1sh spread=0.51bp
[shares] 13:55 VWAP_Reclaim              XLE short 61.98 x161.3sh spread=1.61bp
[shares] 13:58 CLOSE VWAP_Reclaim              IWM long  target  net=+13.92
[shares] 14:00 CLOSE MOMO_CHASE                XLF long  time    net=+12.75
[shares] 14:03 CLOSE VWAP_Reclaim              XLF long  stop    net=-12.73
[shares] 14:05 MOMO_CHASE                AAPL short 340.59 x29.4sh spread=1.17bp
[shares] 14:10 CLOSE Six_Lines_NoCap           DIA short trail   net=-4.44
[shares] 14:17 CLOSE VWAP_Reclaim              XLY long  stop    net=-24.86
[shares] 14:20 CLOSE MOMO_CHASE                IWM long  time    net=+8.69
[shares] 14:20 CLOSE MOMO_CHASE                XLK long  time    net=+8.68
[shares] 14:20 TTM_Squeeze               XLV long  170.23 x58.7sh spread=1.17bp
[shares] 14:20 CLOSE TTM_Squeeze               AAPL short bars    net=+10.84
[shares] 14:25 TTM_Squeeze               XLP short 82.71 x120.9sh spread=1.21bp
[shares] 14:30 CLOSE MOMO_CHASE                AAPL short time    net=-12.92
[shares] 14:31 IntradayMomentumBoundary  XLK long  196.08 x51.0sh spread=1.02bp
[shares] 14:31 IntradayMomentumBoundary  XLF short 54.93 x182.0sh spread=1.82bp
[shares] 14:33 CLOSE IntradayMomentumBoundary  XLF short trail   net=-5.46
[shares] 14:37 CLOSE IntradayMomentumBoundary  XLP long  trail   net=-10.88
[shares] 14:40 TTM_Squeeze               XLF long  54.98 x181.9sh spread=1.82bp
[shares] 15:01 IntradayMomentumBoundary  XLF short 54.92 x182.1sh spread=1.82bp
[shares] 15:02 CLOSE TTM_Squeeze               XLP short stop    net=-15.72
[shares] 15:05 CLOSE TTM_Squeeze               XLV long  bars    net=-3.52
[shares] 15:09 CLOSE TTM_Squeeze               XLF long  stop    net=-16.37
[shares] 15:13 CLOSE IntradayMomentumBoundary  DIA short trail   net=-19.72
[shares] 15:33 CLOSE IntradayMomentumBoundary  XLF short trail   net=-7.28
[shares] 15:35 VWAP_Reclaim              XLY long  112.64 x88.8sh spread=0.89bp
[shares] 15:38 CLOSE ORB_15min                 XLI short stop    net=-37.72
[shares] 15:56 CLOSE VWAP_Reclaim              SPY long  eod     net=-3.23
[shares] 15:56 CLOSE Crabel_Stretch            QQQ long  eod     net=+60.84
[shares] 15:56 CLOSE PDH_PDL_Breakout          QQQ long  eod     net=+53.13
[shares] 15:56 CLOSE Six_Lines_NoCap           QQQ long  eod     net=+44.08
[shares] 15:56 CLOSE ORB_5min                  QQQ long  eod     net=+39.63
[shares] 15:56 CLOSE ORB_15min                 QQQ long  eod     net=+28.98
[shares] 15:56 CLOSE IntradayMomentumBoundary  QQQ long  eod     net=+28.85
[shares] 15:56 CLOSE PDH_PDL_FailedBreak       IWM short eod     net=-32.48
[shares] 15:56 CLOSE Crabel_Stretch            DIA short eod     net=+53.92
[shares] 15:56 CLOSE PDH_PDL_FailedBreak       DIA short eod     net=+37.10
[shares] 15:56 CLOSE ORB_5min                  DIA short eod     net=+23.48
[shares] 15:56 CLOSE Crabel_Stretch            XLK long  eod     net=+50.70
[shares] 15:56 CLOSE PDH_PDL_Breakout          XLK long  eod     net=+47.09
[shares] 15:56 CLOSE ORB_5min                  XLK long  eod     net=+37.85
[shares] 15:56 CLOSE IntradayMomentumBoundary  XLK long  eod     net=+9.69
[shares] 15:56 CLOSE ORB_5min                  XLY short eod     net=+21.30
[shares] 15:56 CLOSE PDH_PDL_FailedBreak       XLY short eod     net=+11.55
[shares] 15:56 CLOSE VWAP_Reclaim              XLY long  eod     net=-19.53
[shares] 15:56 CLOSE Crabel_Stretch            XLI short eod     net=-25.88
[shares] 15:56 CLOSE PDH_PDL_FailedBreak       XLI short eod     net=-21.76
[shares] 15:56 CLOSE ORB_5min                  XLI short eod     net=-38.28
[shares] 15:56 CLOSE IntradayMomentumBoundary  XLV long  eod     net=+6.47
[shares] 15:56 CLOSE ORB_5min                  XLP long  eod     net=+14.53
[shares] 15:56 CLOSE Crabel_Stretch            XLP long  eod     net=+4.84
[shares] 15:56 CLOSE Six_Lines_NoCap           XLP long  eod     net=+7.26
[shares] 15:56 CLOSE Crabel_Stretch            XLE long  eod     net=+9.71
[shares] 15:56 CLOSE PDH_PDL_FailedBreak       XLE long  eod     net=-81.74
[shares] 15:56 CLOSE VWAP_Reclaim              XLE short eod     net=+14.52
[shares] 15:56 CLOSE Crabel_Stretch            XLF short eod     net=+173.87
[shares] 15:56 CLOSE Six_Lines_NoCap           XLF short eod     net=+118.96
[shares] 15:56 CLOSE Crabel_Stretch            NVDA long  eod     net=-9.60
[shares] 15:56 CLOSE PDH_PDL_Breakout          NVDA long  eod     net=-27.02
[shares] 15:56 CLOSE Crabel_Stretch            AAPL long  eod     net=-114.10
[shares] 15:56 CLOSE PDH_PDL_FailedBreak       AAPL short eod     net=-3.53
[shares] 15:56 CLOSE ORB_5min                  AAPL short eod     net=-16.51
[shares] 15:56 CLOSE PDH_PDL_FailedBreak       GOOGL short eod     net=+153.96
[shares] 15:56 CLOSE IntradayMomentumBoundary  WMT long  eod     net=+69.59
[shares] daily: 182 trades, net $-287.55
