[replay shares] 2026-09-09 -- config 7c6414fc549315f3 -- history-backed, no outages; NOT the prospective record
[shares] warmup SPY: 24 prior sessions, stretch=1.2067400000000021
[shares] warmup QQQ: 24 prior sessions, stretch=2.144199999999978
[shares] warmup IWM: 24 prior sessions, stretch=0.48700000000000043
[shares] warmup DIA: 24 prior sessions, stretch=0.7209999999999809
[shares] warmup XLK: 24 prior sessions, stretch=0.6435000000000031
[shares] warmup XLY: 24 prior sessions, stretch=0.2049999999999983
[shares] warmup XLI: 24 prior sessions, stretch=0.3165000000000077
[shares] warmup XLV: 24 prior sessions, stretch=0.40601999999999805
[shares] warmup XLP: 24 prior sessions, stretch=0.21049999999999897
[shares] warmup XLE: 24 prior sessions, stretch=0.28419999999999773
[shares] warmup XLF: 24 prior sessions, stretch=0.12849999999999967
[shares] warmup NVDA: 24 prior sessions, stretch=1.3450000000000017
[shares] warmup AAPL: 24 prior sessions, stretch=1.5624400000000094
[shares] warmup GOOGL: 24 prior sessions, stretch=0.9335000000000037
[shares] warmup WMT: 24 prior sessions, stretch=0.4260000000000005
[replay] six-lines SPY: R1=767.79  R2=769.70  R3=770.49  S1=765.14  S2=762.49  S3=761.78
[replay] six-lines QQQ: R1=720.78  R2=721.89  R3=723.76  S1=716.88  S2=715.57  S3=713.45
[replay] six-lines IWM: R1=295.56  R2=296.01  R3=296.10  S1=294.26  S2=292.62  S3=290.57
[replay] six-lines DIA: R1=528.50  R2=530.39  R3=534.33  S1=529.02  S2=527.35  S3=524.01
[replay] six-lines XLK: R1=188.62  R2=189.08  R3=190.26  S1=187.09  S2=187.02  S3=186.52
[replay] six-lines XLY: R1=114.50  R2=114.63  R3=115.26  S1=114.01  S2=113.75  S3=112.80
[replay] six-lines XLI: R1=175.21  R2=175.71  R3=175.96  S1=174.40  S2=174.27  S3=173.40
[replay] six-lines XLV: R1=167.90  R2=168.75  R3=171.56  S1=168.20  S2=167.00  S3=166.94
[replay] six-lines XLP: R1=84.06  R2=84.57  R3=84.58  S1=84.01  S2=83.81  S3=83.55
[replay] six-lines XLE: R1=65.03  R2=65.24  R3=65.62  S1=64.70  S2=64.31  S3=64.06
[replay] six-lines XLF: R1=57.53  R2=57.82  R3=58.32  S1=57.46  S2=57.26  S3=57.07
[replay] six-lines NVDA: R1=228.41  R2=233.28  R3=233.71  S1=230.28  S2=224.85  S3=223.90
[replay] six-lines AAPL: R1=317.98  R2=320.70  R3=321.62  S1=316.59  S2=314.90  S3=314.71
[replay] six-lines GOOGL: R1=339.27  R2=339.68  R3=339.74  S1=335.03  S2=333.22  S3=329.72
[replay] six-lines WMT: R1=106.90  R2=107.22  R3=107.58  S1=106.50  S2=105.66  S3=105.41
[shares] 09:32 Crabel_Stretch            IWM long  294.18 x34.0sh spread=1.02bp
[shares] 09:32 Crabel_Stretch            XLI long  174.00 x57.5sh spread=3.45bp
[shares] 09:32 Crabel_Stretch            XLP short 83.20 x120.2sh spread=2.40bp
[shares] 09:32 Crabel_Stretch            XLF short 56.88 x175.8sh spread=1.76bp
[shares] 09:32 Crabel_Stretch            GOOGL short 329.64 x30.3sh spread=5.16bp
[shares] 09:33 VWAP_Reclaim              DIA short 524.74 x19.1sh spread=1.33bp
[shares] 09:33 Crabel_Stretch            DIA short 524.74 x19.1sh spread=1.33bp
[shares] 09:33 VWAP_Reclaim              XLE long  65.73 x152.1sh spread=1.52bp
[shares] 09:33 VWAP_Reclaim              GOOGL short 328.36 x30.5sh spread=4.26bp
[shares] 09:34 VWAP_Reclaim              AAPL short 315.27 x31.7sh spread=2.54bp
[shares] 09:35 PDH_PDL_Breakout          IWM short 293.99 x34.0sh spread=0.68bp
[shares] 09:35 VWAP_Reclaim              XLK long  188.13 x53.2sh spread=2.66bp
[shares] 09:35 TTM_Squeeze               XLY short 113.07 x88.4sh spread=1.77bp
[shares] 09:35 PDH_PDL_Breakout          XLI short 174.05 x57.5sh spread=5.17bp
[shares] 09:35 PDH_PDL_Breakout          XLP short 83.00 x120.5sh spread=1.20bp
[shares] 09:35 PDH_PDL_Breakout          XLF short 56.92 x175.7sh spread=1.76bp
[shares] 09:35 PDH_PDL_Breakout          GOOGL short 329.36 x30.4sh spread=2.43bp
[shares] 09:36 CLOSE PDH_PDL_Breakout          IWM short target  net=+11.91
[shares] 09:36 VWAP_Reclaim              IWM short 293.63 x34.1sh spread=0.34bp
[shares] 09:36 Crabel_Stretch            XLK long  188.31 x53.1sh spread=2.12bp
[shares] 09:36 VWAP_Reclaim              XLY short 112.89 x88.6sh spread=0.89bp
[shares] 09:36 CLOSE PDH_PDL_Breakout          XLI short target  net=+14.94
[shares] 09:36 Crabel_Stretch            XLV short 166.72 x60.0sh spread=3.60bp
[shares] 09:37 VWAP_Reclaim              XLI short 173.62 x57.6sh spread=3.46bp
[shares] 09:38 Crabel_Stretch            XLY short 112.71 x88.7sh spread=1.77bp
[shares] 09:39 Crabel_Stretch            XLE long  65.90 x151.7sh spread=1.52bp
[shares] 09:40 PDH_PDL_Breakout          SPY short 763.81 x13.1sh spread=0.52bp
[shares] 09:40 PDH_PDL_Breakout          DIA short 524.13 x19.1sh spread=0.95bp
[shares] 09:40 Six_Lines                 XLV short 166.47 x60.1sh spread=4.20bp
[shares] 09:40 Six_Lines_NoCap           XLV short 166.47 x60.1sh spread=4.20bp
[shares] 09:40 PDH_PDL_Breakout          XLV short 166.47 x60.1sh spread=4.20bp
[shares] 09:40 Six_Lines                 XLE long  65.81 x152.0sh spread=1.52bp
[shares] 09:40 Six_Lines_NoCap           XLE long  65.81 x152.0sh spread=1.52bp
[shares] 09:40 PDH_PDL_Breakout          XLE long  65.81 x152.0sh spread=1.52bp
[shares] 09:40 Six_Lines                 XLF short 56.78 x176.1sh spread=1.76bp
[shares] 09:40 Six_Lines_NoCap           XLF short 56.78 x176.1sh spread=1.76bp
[shares] 09:40 Six_Lines                 WMT short 105.43 x94.8sh spread=1.90bp
[shares] 09:40 Six_Lines_NoCap           WMT short 105.43 x94.8sh spread=1.90bp
[shares] 09:42 CLOSE VWAP_Reclaim              AAPL short stop    net=-28.86
[shares] 09:42 VWAP_Reclaim              WMT short 105.35 x94.9sh spread=3.80bp
[shares] 09:43 CLOSE Crabel_Stretch            IWM long  stop    net=-37.73
[shares] 09:43 CLOSE Crabel_Stretch            XLI long  stop    net=-47.70
[shares] 09:44 CLOSE VWAP_Reclaim              IWM short target  net=+24.18
[shares] 09:45 PDH_PDL_FailedBreak       QQQ long  716.97 x13.9sh spread=0.42bp
[shares] 09:45 VWAP_Reclaim              NVDA short 224.76 x44.5sh spread=1.33bp
[shares] 09:45 PDH_PDL_Breakout          WMT short 105.34 x94.9sh spread=1.90bp
[shares] 09:46 ORB_5min                  IWM short 293.11 x34.1sh spread=0.68bp
[shares] 09:46 ORB_5min                  XLE long  65.83 x151.9sh spread=1.52bp
[shares] 09:46 CLOSE VWAP_Reclaim              WMT short stop    net=-24.68
[shares] 09:46 CLOSE PDH_PDL_Breakout          WMT short stop    net=-25.63
[shares] 09:47 CLOSE VWAP_Reclaim              XLI short target  net=+36.86
[shares] 09:47 ORB_15min                 XLI short 172.95 x57.8sh spread=1.73bp
[shares] 09:47 CLOSE PDH_PDL_Breakout          XLV short stop    net=-36.64
[shares] 09:49 ORB_15min                 IWM short 292.81 x34.2sh spread=0.68bp
[shares] 09:50 CLOSE PDH_PDL_Breakout          SPY short stop    net=-0.92
[shares] 09:50 ORB_5min                  QQQ long  717.47 x13.9sh spread=0.28bp
[shares] 09:50 ORB_5min                  DIA short 524.43 x19.1sh spread=0.76bp
[shares] 09:50 ORB_5min                  XLI short 173.02 x57.8sh spread=2.31bp
[shares] 09:50 Six_Lines                 XLI short 173.02 x57.8sh spread=2.31bp
[shares] 09:50 Six_Lines_NoCap           XLI short 173.02 x57.8sh spread=2.31bp
[shares] 09:50 PDH_PDL_FailedBreak       XLV long  167.02 x59.9sh spread=1.80bp
[shares] 09:50 Six_Lines                 NVDA short 224.65 x44.5sh spread=1.78bp
[shares] 09:50 Six_Lines_NoCap           NVDA short 224.65 x44.5sh spread=1.78bp
[shares] 09:50 Six_Lines                 GOOGL short 328.77 x30.4sh spread=0.61bp
[shares] 09:50 Six_Lines_NoCap           GOOGL short 328.77 x30.4sh spread=0.61bp
[shares] 09:50 PDH_PDL_FailedBreak       WMT long  105.69 x94.6sh spread=2.84bp
[shares] 09:51 ORB_15min                 AAPL long  316.29 x31.6sh spread=1.26bp
[shares] 09:52 ORB_15min                 DIA short 523.86 x19.1sh spread=0.57bp
[shares] 09:52 VWAP_Reclaim              XLV long  166.99 x59.9sh spread=2.40bp
[shares] 09:52 ORB_15min                 NVDA short 224.51 x44.5sh spread=1.34bp
[shares] 09:53 ORB_15min                 QQQ long  717.62 x13.9sh spread=0.42bp
[shares] 09:56 ORB_15min                 XLK long  188.44 x53.1sh spread=1.06bp
[shares] 09:58 ORB_5min                  XLK long  188.50 x53.1sh spread=1.59bp
[shares] 09:58 CLOSE VWAP_Reclaim              XLV long  stop    net=-23.35
[shares] 09:58 ORB_5min                  AAPL long  317.13 x31.5sh spread=1.26bp
[shares] 09:58 Crabel_Stretch            AAPL long  317.13 x31.5sh spread=1.26bp
[shares] 09:59 Crabel_Stretch            QQQ long  718.75 x13.9sh spread=0.14bp
[shares] 09:59 CLOSE PDH_PDL_Breakout          XLE long  stop    net=-44.07
[shares] 09:59 CLOSE ORB_15min                 AAPL long  target  net=+38.89
[shares] 10:00 Six_Lines                 XLK long  188.70 x53.0sh spread=1.59bp
[shares] 10:00 Six_Lines_NoCap           XLK long  188.70 x53.0sh spread=1.59bp
[shares] 10:00 TTM_Squeeze               XLK long  188.70 x53.0sh spread=1.59bp
[shares] 10:00 PDH_PDL_Breakout          XLY short 112.87 x88.6sh spread=0.89bp
[shares] 10:00 CLOSE VWAP_Reclaim              XLE long  stop    net=-27.38
[shares] 10:00 CLOSE Six_Lines                 XLE long  trail   net=-39.51
[shares] 10:00 CLOSE Six_Lines_NoCap           XLE long  trail   net=-39.51
[shares] 10:00 CLOSE ORB_5min                  XLE long  stop    net=-42.53
[shares] 10:00 TTM_Squeeze               NVDA short 224.85 x44.5sh spread=1.33bp
[shares] 10:00 PDH_PDL_FailedBreak       NVDA long  224.88 x44.5sh spread=1.33bp
[shares] 10:00 TTM_Squeeze               AAPL long  317.91 x31.5sh spread=1.57bp
[shares] 10:00 CLOSE Six_Lines                 WMT short trail   net=-29.40
[shares] 10:00 CLOSE Six_Lines_NoCap           WMT short trail   net=-29.40
[shares] 10:01 IntradayMomentumBoundary  DIA short 524.15 x19.1sh spread=0.38bp
[shares] 10:01 IntradayMomentumBoundary  GOOGL short 328.94 x30.4sh spread=2.13bp
[shares] 10:02 ORB_15min                 XLE short 65.44 x152.8sh spread=1.53bp
[shares] 10:02 CLOSE Six_Lines                 NVDA short target  net=+18.70
[shares] 10:02 CLOSE PDH_PDL_FailedBreak       NVDA long  stop    net=-29.35
[shares] 10:02 ORB_5min                  NVDA short 224.22 x44.6sh spread=0.45bp
[shares] 10:02 ORB_15min                 WMT long  105.89 x94.4sh spread=1.89bp
[shares] 10:03 CLOSE Six_Lines                 XLI short target  net=+18.49
[shares] 10:03 ORB_5min                  WMT long  106.00 x94.3sh spread=1.89bp
[shares] 10:04 CLOSE Six_Lines                 GOOGL short target  net=+17.34
[shares] 10:05 Gap_Fade                  XLE short 65.49 x152.7sh spread=1.53bp
[shares] 10:05 PDH_PDL_Breakout          NVDA short 224.21 x44.6sh spread=0.45bp
[shares] 10:09 CLOSE PDH_PDL_Breakout          XLY short stop    net=-11.52
[shares] 10:09 CLOSE IntradayMomentumBoundary  GOOGL short trail   net=-30.40
[shares] 10:10 CLOSE Six_Lines_NoCap           GOOGL short trail   net=-37.11
[shares] 10:12 CLOSE TTM_Squeeze               AAPL long  stop    net=-44.98
[shares] 10:12 VWAP_Reclaim              WMT short 105.53 x94.8sh spread=1.90bp
[shares] 10:14 CLOSE ORB_15min                 WMT long  stop    net=-34.94
[shares] 10:16 CLOSE TTM_Squeeze               XLK long  stop    net=-24.38
[shares] 10:16 ORB_5min                  XLV short 166.76 x60.0sh spread=1.20bp
[shares] 10:16 CLOSE Crabel_Stretch            XLE long  stop    net=-103.19
[shares] 10:17 Crabel_Stretch            NVDA short 223.84 x44.7sh spread=0.89bp
[shares] 10:17 CLOSE ORB_5min                  AAPL long  stop    net=-65.59
[shares] 10:19 ORB_5min                  SPY short 763.05 x13.1sh spread=0.13bp
[shares] 10:19 ORB_15min                 SPY short 763.05 x13.1sh spread=0.13bp
[shares] 10:20 Six_Lines                 IWM short 292.17 x34.2sh spread=0.34bp
[shares] 10:20 Six_Lines_NoCap           IWM short 292.17 x34.2sh spread=0.34bp
[shares] 10:20 Six_Lines                 DIA short 523.86 x19.1sh spread=0.57bp
[shares] 10:20 Six_Lines_NoCap           DIA short 523.86 x19.1sh spread=0.57bp
[shares] 10:20 CLOSE ORB_15min                 XLK long  stop    net=-28.66
[shares] 10:20 CLOSE Six_Lines                 XLK long  trail   net=-42.40
[shares] 10:20 CLOSE Six_Lines_NoCap           XLK long  trail   net=-42.40
[shares] 10:20 CLOSE TTM_Squeeze               XLY short bars    net=+8.84
[shares] 10:20 CLOSE Six_Lines                 XLF short trail   net=-54.60
[shares] 10:20 CLOSE Six_Lines_NoCap           XLF short trail   net=-54.60
[shares] 10:20 Six_Lines                 AAPL short 314.67 x31.8sh spread=1.27bp
[shares] 10:20 Six_Lines_NoCap           AAPL short 314.67 x31.8sh spread=1.27bp
[shares] 10:20 PDH_PDL_Breakout          AAPL short 314.67 x31.8sh spread=1.27bp
[shares] 10:24 Crabel_Stretch            SPY short 762.80 x13.1sh spread=0.26bp
[shares] 10:24 CLOSE PDH_PDL_Breakout          XLF short stop    net=-42.16
[shares] 10:25 CLOSE ORB_15min                 QQQ long  stop    net=-15.33
[shares] 10:26 CLOSE PDH_PDL_Breakout          NVDA short stop    net=-31.22
[shares] 10:26 Crabel_Stretch            WMT short 105.19 x95.1sh spread=1.90bp
[shares] 10:27 ORB_15min                 XLF long  57.17 x174.9sh spread=1.75bp
[shares] 10:27 CLOSE ORB_15min                 NVDA short stop    net=-19.60
[shares] 10:28 CLOSE IntradayMomentumBoundary  DIA short trail   net=-8.97
[shares] 10:29 CLOSE ORB_15min                 SPY short stop    net=-10.75
[shares] 10:30 CLOSE ORB_15min                 DIA short stop    net=-20.43
[shares] 10:30 Gap_Fade                  XLY long  113.03 x88.5sh spread=0.88bp
[shares] 10:30 CLOSE Six_Lines_NoCap           NVDA short trail   net=-10.68
[shares] 10:30 MOMO_CHASE                WMT short 105.32 x94.9sh spread=2.85bp
[shares] 10:31 IntradayMomentumBoundary  XLP short 83.15 x120.3sh spread=1.20bp
[shares] 10:31 CLOSE Crabel_Stretch            XLF short stop    net=-65.05
[shares] 10:33 CLOSE Crabel_Stretch            AAPL long  stop    net=-107.21
[shares] 10:33 CLOSE Six_Lines                 AAPL short target  net=+29.55
[shares] 10:34 CLOSE PDH_PDL_FailedBreak       XLV long  stop    net=-32.93
[shares] 10:35 EMA_9_20_Pullback         XLI short 172.73 x57.9sh spread=0.58bp
[shares] 10:35 MOMO_CHASE                XLP short 83.06 x120.4sh spread=1.20bp
[shares] 10:35 ORB_5min                  XLF long  57.21 x174.8sh spread=1.75bp
[shares] 10:35 MOMO_CHASE                XLF long  57.21 x174.8sh spread=1.75bp
[shares] 10:40 CLOSE Six_Lines                 DIA short trail   net=-19.09
[shares] 10:40 CLOSE Six_Lines_NoCap           DIA short trail   net=-19.09
[shares] 10:40 CLOSE VWAP_Reclaim              WMT short stop    net=-28.43
[shares] 10:45 PDH_PDL_FailedBreak       XLE short 65.21 x153.4sh spread=1.53bp
[shares] 10:45 CLOSE TTM_Squeeze               NVDA short bars    net=+16.90
[shares] 10:52 CLOSE PDH_PDL_Breakout          DIA short stop    net=-22.90
[shares] 10:55 PDH_PDL_FailedBreak       XLF long  57.28 x174.6sh spread=1.75bp
[shares] 10:55 CLOSE MOMO_CHASE                WMT short time    net=-65.51
[shares] 11:00 Six_Lines                 XLY short 112.79 x88.7sh spread=0.89bp
[shares] 11:00 Six_Lines_NoCap           XLY short 112.79 x88.7sh spread=0.89bp
[shares] 11:00 CLOSE MOMO_CHASE                XLP short time    net=-4.82
[shares] 11:00 CLOSE MOMO_CHASE                XLF long  time    net=+8.74
[shares] 11:00 MOMO_CHASE                XLF long  57.27 x174.6sh spread=1.75bp
[shares] 11:01 CLOSE ORB_5min                  SPY short stop    net=-15.20
[shares] 11:01 IntradayMomentumBoundary  IWM short 292.41 x34.2sh spread=0.68bp
[shares] 11:02 CLOSE Gap_Fade                  XLY long  stop    net=-32.73
[shares] 11:02 CLOSE PDH_PDL_Breakout          AAPL short target  net=+59.75
[shares] 11:04 CLOSE ORB_5min                  IWM short target  net=+49.47
[shares] 11:04 CLOSE Six_Lines                 IWM short target  net=+17.46
[shares] 11:04 CLOSE Six_Lines                 XLY short target  net=+17.73
[shares] 11:05 MOMO_CHASE                QQQ short 717.25 x13.9sh spread=0.56bp
[shares] 11:05 MOMO_CHASE                AAPL short 312.55 x32.0sh spread=0.32bp
[shares] 11:10 Six_Lines                 SPY short 762.24 x13.1sh spread=0.13bp
[shares] 11:10 Six_Lines_NoCap           SPY short 762.24 x13.1sh spread=0.13bp
[shares] 11:10 MOMO_CHASE                XLY short 112.50 x88.9sh spread=0.89bp
[shares] 11:11 CLOSE ORB_15min                 IWM short target  net=+48.50
[shares] 11:12 CLOSE PDH_PDL_FailedBreak       QQQ long  stop    net=-28.87
[shares] 11:12 CLOSE ORB_5min                  QQQ long  stop    net=-35.82
[shares] 11:12 CLOSE VWAP_Reclaim              XLK long  stop    net=-35.61
[shares] 11:12 CLOSE ORB_5min                  XLK long  stop    net=-55.17
[shares] 11:15 MOMO_CHASE                SPY short 761.61 x13.1sh spread=0.53bp
[shares] 11:15 PDH_PDL_Breakout          QQQ short 715.01 x14.0sh spread=0.28bp
[shares] 11:20 CLOSE PDH_PDL_Breakout          QQQ short stop    net=-15.52
[shares] 11:20 MOMO_CHASE                IWM short 291.19 x34.3sh spread=0.34bp
[shares] 11:23 CLOSE VWAP_Reclaim              XLY short target  net=+48.72
[shares] 11:24 CLOSE VWAP_Reclaim              DIA short target  net=+27.63
[shares] 11:25 CLOSE Crabel_Stretch            QQQ long  stop    net=-64.14
[shares] 11:25 MOMO_CHASE                DIA short 523.36 x19.1sh spread=0.19bp
[shares] 11:25 CLOSE MOMO_CHASE                XLF long  time    net=-36.67
[shares] 11:25 MOMO_CHASE                XLF short 57.06 x175.3sh spread=1.75bp
[shares] 11:25 MOMO_CHASE                NVDA short 223.63 x44.7sh spread=0.45bp
[shares] 11:30 CLOSE MOMO_CHASE                QQQ short time    net=+34.02
[shares] 11:30 Six_Lines                 QQQ short 714.79 x14.0sh spread=0.28bp
[shares] 11:30 Six_Lines_NoCap           QQQ short 714.79 x14.0sh spread=0.28bp
[shares] 11:30 CLOSE MOMO_CHASE                AAPL short time    net=+0.96
[shares] 11:31 IntradayMomentumBoundary  SPY short 761.78 x13.1sh spread=0.53bp
[shares] 11:31 IntradayMomentumBoundary  DIA short 523.93 x19.1sh spread=0.57bp
[shares] 11:31 IntradayMomentumBoundary  XLY short 112.41 x89.0sh spread=0.89bp
[shares] 11:31 IntradayMomentumBoundary  XLI short 172.34 x58.0sh spread=1.16bp
[shares] 11:35 CLOSE MOMO_CHASE                XLY short time    net=+5.33
[shares] 11:38 CLOSE IntradayMomentumBoundary  XLY short trail   net=-8.90
[shares] 11:40 CLOSE Six_Lines                 SPY short trail   net=-8.92
[shares] 11:40 CLOSE Six_Lines_NoCap           SPY short trail   net=-8.92
[shares] 11:40 CLOSE MOMO_CHASE                SPY short time    net=-17.20
[shares] 11:40 CLOSE IntradayMomentumBoundary  SPY short trail   net=-14.96
[shares] 11:40 CLOSE IntradayMomentumBoundary  DIA short trail   net=-12.22
[shares] 11:45 CLOSE MOMO_CHASE                IWM short time    net=-4.12
[shares] 11:50 CLOSE Six_Lines                 QQQ short trail   net=-15.81
[shares] 11:50 CLOSE Six_Lines_NoCap           QQQ short trail   net=-15.81
[shares] 11:50 CLOSE MOMO_CHASE                DIA short time    net=-10.32
[shares] 11:50 CLOSE MOMO_CHASE                XLF short time    net=-10.52
[shares] 11:50 CLOSE MOMO_CHASE                NVDA short time    net=-30.41
[shares] 12:01 IntradayMomentumBoundary  SPY short 762.18 x13.1sh spread=0.13bp
[shares] 12:01 IntradayMomentumBoundary  DIA short 523.75 x19.1sh spread=0.76bp
[shares] 12:05 CLOSE Crabel_Stretch            WMT short stop    net=-91.26
[shares] 12:06 VWAP_Reclaim              XLV short 166.60 x60.0sh spread=0.60bp
[shares] 12:10 MOMO_CHASE                XLV short 166.55 x60.0sh spread=1.20bp
[shares] 12:26 CLOSE IntradayMomentumBoundary  XLP short trail   net=+4.81
[shares] 12:30 MOMO_CHASE                XLP long  83.15 x120.3sh spread=1.20bp
[shares] 12:31 IntradayMomentumBoundary  XLY short 112.35 x89.0sh spread=0.89bp
[shares] 12:35 MOMO_CHASE                DIA long  524.18 x19.1sh spread=0.57bp
[shares] 12:35 CLOSE MOMO_CHASE                XLV short time    net=-2.40
[shares] 12:36 CLOSE IntradayMomentumBoundary  DIA short trail   net=-9.36
[shares] 12:45 CLOSE IntradayMomentumBoundary  SPY short trail   net=-3.67
[shares] 12:46 CLOSE IntradayMomentumBoundary  XLY short trail   net=-15.13
[shares] 12:55 CLOSE MOMO_CHASE                XLP long  time    net=-20.44
[shares] 13:00 CLOSE MOMO_CHASE                DIA long  time    net=+8.01
[shares] 13:01 IntradayMomentumBoundary  SPY short 762.52 x13.1sh spread=0.26bp
[shares] 13:01 IntradayMomentumBoundary  XLY short 112.50 x88.9sh spread=0.89bp
[shares] 13:01 IntradayMomentumBoundary  XLP short 82.95 x120.6sh spread=1.21bp
[shares] 13:03 CLOSE IntradayMomentumBoundary  SPY short trail   net=-4.20
[shares] 13:03 CLOSE IntradayMomentumBoundary  XLY short trail   net=-7.11
[shares] 13:05 TTM_Squeeze               XLE short 65.10 x153.6sh spread=1.54bp
[shares] 13:05 MOMO_CHASE                GOOGL long  330.36 x30.3sh spread=1.82bp
[shares] 13:15 MOMO_CHASE                SPY long  763.15 x13.1sh spread=0.26bp
[shares] 13:15 TTM_Squeeze               QQQ long  716.89 x13.9sh spread=0.42bp
[shares] 13:15 MOMO_CHASE                DIA long  525.20 x19.0sh spread=0.57bp
[shares] 13:15 TTM_Squeeze               XLY long  112.65 x88.8sh spread=0.89bp
[shares] 13:15 TTM_Squeeze               XLF long  57.23 x174.7sh spread=1.75bp
[shares] 13:15 TTM_Squeeze               GOOGL long  330.96 x30.2sh spread=1.21bp
[shares] 13:16 CLOSE IntradayMomentumBoundary  XLI short trail   net=-14.51
[shares] 13:16 CLOSE TTM_Squeeze               XLE short stop    net=-23.04
[shares] 13:20 MOMO_CHASE                XLY long  112.69 x88.7sh spread=0.89bp
[shares] 13:21 CLOSE IntradayMomentumBoundary  XLP short trail   net=-18.08
[shares] 13:23 CLOSE VWAP_Reclaim              XLV short stop    net=-15.61
[shares] 13:25 MOMO_CHASE                XLV long  166.80 x60.0sh spread=0.60bp
[shares] 13:30 TTM_Squeeze               XLE long  65.34 x153.0sh spread=1.53bp
[shares] 13:30 TTM_Squeeze               AAPL short 311.66 x32.1sh spread=2.89bp
[shares] 13:30 CLOSE MOMO_CHASE                GOOGL long  time    net=+22.70
[shares] 13:31 IntradayMomentumBoundary  XLI short 172.22 x58.1sh spread=1.74bp
[shares] 13:31 IntradayMomentumBoundary  XLP short 83.07 x120.4sh spread=1.20bp
[shares] 13:31 CLOSE TTM_Squeeze               AAPL short stop    net=-24.39
[shares] 13:33 CLOSE IntradayMomentumBoundary  XLP short trail   net=-3.61
[shares] 13:35 TTM_Squeeze               WMT short 105.87 x94.5sh spread=0.94bp
[shares] 13:40 CLOSE MOMO_CHASE                SPY long  time    net=-9.30
[shares] 13:40 CLOSE MOMO_CHASE                DIA long  time    net=-12.19
[shares] 13:40 MOMO_CHASE                XLI short 172.03 x58.1sh spread=1.16bp
[shares] 13:45 CLOSE MOMO_CHASE                XLY long  time    net=+3.55
[shares] 13:50 CLOSE MOMO_CHASE                XLV long  time    net=-10.19
[shares] 13:55 MOMO_CHASE                SPY long  763.28 x13.1sh spread=0.26bp
[shares] 13:56 VWAP_Reclaim              AAPL long  314.18 x31.8sh spread=1.91bp
[shares] 14:00 CLOSE TTM_Squeeze               QQQ long  bars    net=-2.79
[shares] 14:00 CLOSE TTM_Squeeze               XLY long  bars    net=+7.10
[shares] 14:00 CLOSE TTM_Squeeze               XLF long  bars    net=-6.99
[shares] 14:00 CLOSE TTM_Squeeze               GOOGL long  bars    net=-9.67
[shares] 14:02 CLOSE VWAP_Reclaim              AAPL long  stop    net=-39.47
[shares] 14:05 CLOSE MOMO_CHASE                XLI short time    net=-1.74
[shares] 14:15 TTM_Squeeze               XLK short 187.73 x53.3sh spread=0.53bp
[shares] 14:15 CLOSE TTM_Squeeze               XLE long  bars    net=+6.12
[shares] 14:20 CLOSE MOMO_CHASE                SPY long  time    net=-9.56
[shares] 14:20 CLOSE TTM_Squeeze               WMT short bars    net=-17.95
[shares] 14:30 CLOSE Six_Lines_NoCap           XLY short trail   net=-4.43
[shares] 14:30 MOMO_CHASE                XLY long  112.84 x88.6sh spread=0.89bp
[shares] 14:31 IntradayMomentumBoundary  AAPL short 312.12 x32.0sh spread=1.28bp
[shares] 14:34 CLOSE IntradayMomentumBoundary  AAPL short trail   net=-16.02
[shares] 14:47 CLOSE TTM_Squeeze               XLK short stop    net=-16.51
[shares] 14:50 CLOSE Six_Lines_NoCap           AAPL short trail   net=-63.56
[shares] 14:50 PDH_PDL_FailedBreak       AAPL long  316.67 x31.6sh spread=2.21bp
[shares] 14:55 CLOSE MOMO_CHASE                XLY long  time    net=-19.50
[shares] 15:51 VWAP_Reclaim              SPY short 762.37 x13.1sh spread=0.26bp
[shares] 15:56 CLOSE Crabel_Stretch            SPY short eod     net=+5.37
[shares] 15:56 CLOSE VWAP_Reclaim              SPY short eod     net=-0.26
[shares] 15:56 CLOSE Six_Lines_NoCap           IWM short eod     net=+51.00
[shares] 15:56 CLOSE IntradayMomentumBoundary  IWM short eod     net=+59.16
[shares] 15:56 CLOSE Crabel_Stretch            DIA short eod     net=+5.72
[shares] 15:56 CLOSE ORB_5min                  DIA short eod     net=-0.19
[shares] 15:56 CLOSE Crabel_Stretch            XLK long  eod     net=-30.27
[shares] 15:56 CLOSE Crabel_Stretch            XLY short eod     net=+15.97
[shares] 15:56 CLOSE ORB_15min                 XLI short eod     net=+58.98
[shares] 15:56 CLOSE ORB_5min                  XLI short eod     net=+63.00
[shares] 15:56 CLOSE Six_Lines_NoCap           XLI short eod     net=+63.00
[shares] 15:56 CLOSE EMA_9_20_Pullback         XLI short eod     net=+46.32
[shares] 15:56 CLOSE IntradayMomentumBoundary  XLI short eod     net=+16.84
[shares] 15:56 CLOSE Crabel_Stretch            XLV short eod     net=+4.80
[shares] 15:56 CLOSE Six_Lines                 XLV short eod     net=-10.21
[shares] 15:56 CLOSE Six_Lines_NoCap           XLV short eod     net=-10.21
[shares] 15:56 CLOSE ORB_5min                  XLV short eod     net=+7.20
[shares] 15:56 CLOSE Crabel_Stretch            XLP short eod     net=+21.63
[shares] 15:56 CLOSE PDH_PDL_Breakout          XLP short eod     net=-2.41
[shares] 15:56 CLOSE ORB_15min                 XLE short eod     net=+13.75
[shares] 15:56 CLOSE Gap_Fade                  XLE short eod     net=+21.38
[shares] 15:56 CLOSE PDH_PDL_FailedBreak       XLE short eod     net=-21.47
[shares] 15:56 CLOSE ORB_15min                 XLF long  eod     net=-8.75
[shares] 15:56 CLOSE ORB_5min                  XLF long  eod     net=-15.73
[shares] 15:56 CLOSE PDH_PDL_FailedBreak       XLF long  eod     net=-27.93
[shares] 15:56 CLOSE VWAP_Reclaim              NVDA short eod     net=+47.16
[shares] 15:56 CLOSE ORB_5min                  NVDA short eod     net=+23.19
[shares] 15:56 CLOSE Crabel_Stretch            NVDA short eod     net=+6.25
[shares] 15:56 CLOSE PDH_PDL_FailedBreak       AAPL long  eod     net=-38.53
[shares] 15:56 CLOSE Crabel_Stretch            GOOGL short eod     net=-26.09
[shares] 15:56 CLOSE VWAP_Reclaim              GOOGL short eod     net=-65.17
[shares] 15:56 CLOSE PDH_PDL_Breakout          GOOGL short eod     net=-34.61
[shares] 15:56 CLOSE PDH_PDL_FailedBreak       WMT long  eod     net=+4.73
[shares] 15:56 CLOSE ORB_5min                  WMT long  eod     net=-24.53
[shares] daily: 158 trades, net $-1,749.82
