[replay shares] 2026-09-14 -- config 7c6414fc549315f3 -- history-backed, no outages; NOT the prospective record
[shares] warmup SPY: 24 prior sessions, stretch=1.2207399999999893
[shares] warmup QQQ: 24 prior sessions, stretch=2.0801999999999907
[shares] warmup IWM: 24 prior sessions, stretch=0.627500000000009
[shares] warmup DIA: 24 prior sessions, stretch=0.7719999999999914
[shares] warmup XLK: 24 prior sessions, stretch=0.6250000000000029
[shares] warmup XLY: 24 prior sessions, stretch=0.27649999999999864
[shares] warmup XLI: 24 prior sessions, stretch=0.48700000000000615
[shares] warmup XLV: 24 prior sessions, stretch=0.35951999999999484
[shares] warmup XLP: 24 prior sessions, stretch=0.21449999999999675
[shares] warmup XLE: 24 prior sessions, stretch=0.2636999999999986
[shares] warmup XLF: 24 prior sessions, stretch=0.13799999999999954
[shares] warmup NVDA: 24 prior sessions, stretch=1.175
[shares] warmup AAPL: 24 prior sessions, stretch=1.5374599999999987
[shares] warmup GOOGL: 24 prior sessions, stretch=0.8090000000000032
[shares] warmup WMT: 24 prior sessions, stretch=0.45700000000000074
[replay] six-lines SPY: R1=766.18  R2=766.38  R3=766.56  S1=763.60  S2=757.83  S3=757.77
[replay] six-lines QQQ: R1=716.12  R2=717.63  R3=717.69  S1=713.63  S2=706.56  S3=701.15
[replay] six-lines IWM: R1=288.89  R2=291.33  R3=291.44  S1=288.77  S2=287.45  S3=286.92
[replay] six-lines DIA: R1=525.84  R2=526.72  R3=527.36  S1=524.29  S2=522.90  S3=520.75
[replay] six-lines XLK: R1=187.97  R2=188.24  R3=188.64  S1=186.88  S2=184.61  S3=182.71
[replay] six-lines XLY: R1=112.96  R2=113.25  R3=113.26  S1=112.55  S2=112.11  S3=111.87
[replay] six-lines XLI: R1=172.37  R2=172.91  R3=173.17  S1=171.87  S2=170.23  S3=168.49
[replay] six-lines XLV: R1=167.11  R2=167.13  R3=168.39  S1=165.66  S2=165.33  S3=165.11
[replay] six-lines XLP: R1=83.69  R2=83.74  R3=84.55  S1=83.33  S2=83.09  S3=83.04
[replay] six-lines XLE: R1=65.33  R2=65.72  R3=66.33  S1=65.14  S2=64.71  S3=64.35
[replay] six-lines XLF: R1=57.55  R2=57.59  R3=57.62  S1=57.08  S2=56.95  S3=56.80
[replay] six-lines NVDA: R1=219.78  R2=221.89  R3=222.00  S1=218.15  S2=217.79  S3=211.00
[replay] six-lines AAPL: R1=327.77  R2=335.38  R3=336.22  S1=328.66  S2=326.30  S3=319.48
[replay] six-lines GOOGL: R1=335.63  R2=342.98  R3=346.53  S1=335.03  S2=334.82  S3=331.03
[replay] six-lines WMT: R1=106.56  R2=107.21  R3=108.50  S1=106.16  S2=105.73  S3=105.72
[shares] 09:32 Crabel_Stretch            XLK short 182.21 x54.9sh spread=2.74bp
[shares] 09:32 Crabel_Stretch            XLY long  112.92 x88.6sh spread=2.66bp
[shares] 09:32 Crabel_Stretch            XLV long  168.59 x59.3sh spread=5.93bp
[shares] 09:32 Crabel_Stretch            XLP long  84.82 x117.9sh spread=2.36bp
[shares] 09:32 Crabel_Stretch            NVDA short 209.90 x47.6sh spread=1.43bp
[shares] 09:32 Crabel_Stretch            AAPL short 332.79 x30.0sh spread=3.91bp
[shares] 09:32 Crabel_Stretch            WMT long  109.20 x91.6sh spread=4.58bp
[shares] 09:33 Crabel_Stretch            XLF long  57.51 x173.9sh spread=1.74bp
[shares] 09:34 VWAP_Reclaim              XLK short 182.32 x54.8sh spread=2.19bp
[shares] 09:35 PDH_PDL_Breakout          SPY short 758.68 x13.2sh spread=0.13bp
[shares] 09:35 PDH_PDL_Breakout          IWM short 287.96 x34.7sh spread=0.35bp
[shares] 09:35 TTM_Squeeze               DIA short 524.46 x19.1sh spread=1.14bp
[shares] 09:35 PDH_PDL_Breakout          XLK short 182.21 x54.9sh spread=2.74bp
[shares] 09:35 PDH_PDL_Breakout          XLP long  84.88 x117.8sh spread=1.18bp
[shares] 09:35 TTM_Squeeze               XLE long  65.78 x152.0sh spread=1.52bp
[shares] 09:35 TTM_Squeeze               XLF long  57.48 x174.0sh spread=1.74bp
[shares] 09:35 PDH_PDL_Breakout          NVDA short 209.67 x47.7sh spread=1.43bp
[shares] 09:35 Crabel_Stretch            GOOGL long  344.68 x29.0sh spread=3.48bp
[shares] 09:35 TTM_Squeeze               GOOGL long  344.68 x29.0sh spread=3.48bp
[shares] 09:35 PDH_PDL_Breakout          GOOGL long  344.68 x29.0sh spread=3.48bp
[shares] 09:35 VWAP_Reclaim              WMT long  109.04 x91.7sh spread=2.75bp
[shares] 09:35 PDH_PDL_Breakout          WMT long  109.04 x91.7sh spread=2.75bp
[shares] 09:36 CLOSE PDH_PDL_Breakout          IWM short stop    net=-19.79
[shares] 09:36 Crabel_Stretch            IWM long  288.53 x34.7sh spread=0.35bp
[shares] 09:36 Crabel_Stretch            XLI long  169.30 x59.1sh spread=1.77bp
[shares] 09:37 VWAP_Reclaim              XLE long  65.92 x151.7sh spread=1.52bp
[shares] 09:37 CLOSE TTM_Squeeze               GOOGL long  stop    net=-48.45
[shares] 09:39 VWAP_Reclaim              GOOGL long  344.46 x29.0sh spread=2.61bp
[shares] 09:40 Six_Lines                 XLK short 182.13 x54.9sh spread=1.65bp
[shares] 09:40 Six_Lines_NoCap           XLK short 182.13 x54.9sh spread=1.65bp
[shares] 09:40 Six_Lines                 XLY long  113.09 x88.4sh spread=0.88bp
[shares] 09:40 Six_Lines_NoCap           XLY long  113.09 x88.4sh spread=0.88bp
[shares] 09:40 PDH_PDL_Breakout          XLV long  167.78 x59.6sh spread=2.38bp
[shares] 09:40 Six_Lines                 XLP long  84.78 x118.0sh spread=1.18bp
[shares] 09:40 Six_Lines_NoCap           XLP long  84.78 x118.0sh spread=1.18bp
[shares] 09:40 PDH_PDL_Breakout          XLE long  65.99 x151.5sh spread=1.52bp
[shares] 09:40 Six_Lines                 NVDA short 209.26 x47.8sh spread=0.96bp
[shares] 09:40 Six_Lines_NoCap           NVDA short 209.26 x47.8sh spread=0.96bp
[shares] 09:40 Six_Lines                 WMT long  108.85 x91.9sh spread=0.92bp
[shares] 09:40 Six_Lines_NoCap           WMT long  108.85 x91.9sh spread=0.92bp
[shares] 09:41 CLOSE TTM_Squeeze               DIA short stop    net=-9.34
[shares] 09:41 CLOSE PDH_PDL_Breakout          XLV long  target  net=+8.34
[shares] 09:42 CLOSE Crabel_Stretch            XLV long  stop    net=-64.06
[shares] 09:43 CLOSE PDH_PDL_Breakout          SPY short stop    net=-7.78
[shares] 09:43 ORB_5min                  XLV short 167.61 x59.7sh spread=1.19bp
[shares] 09:43 VWAP_Reclaim              AAPL long  333.94 x29.9sh spread=2.99bp
[shares] 09:45 Gap_Fade                  SPY long  759.43 x13.2sh spread=0.13bp
[shares] 09:45 PDH_PDL_Breakout          QQQ short 704.48 x14.2sh spread=0.28bp
[shares] 09:45 Gap_Fade                  QQQ long  704.50 x14.2sh spread=0.28bp
[shares] 09:45 PDH_PDL_FailedBreak       DIA long  524.85 x19.1sh spread=1.14bp
[shares] 09:45 PDH_PDL_FailedBreak       XLY long  112.98 x88.5sh spread=0.89bp
[shares] 09:45 Gap_Fade                  XLY long  112.98 x88.5sh spread=0.89bp
[shares] 09:45 PDH_PDL_Breakout          XLI short 169.45 x59.0sh spread=1.18bp
[shares] 09:45 Gap_Fade                  XLI long  169.47 x59.0sh spread=1.18bp
[shares] 09:45 Gap_Fade                  XLV short 167.29 x59.8sh spread=1.79bp
[shares] 09:45 Gap_Fade                  AAPL short 332.45 x30.1sh spread=3.01bp
[shares] 09:46 CLOSE PDH_PDL_Breakout          QQQ short stop    net=-5.96
[shares] 09:46 ORB_5min                  QQQ long  704.90 x14.2sh spread=0.28bp
[shares] 09:46 CLOSE VWAP_Reclaim              XLK short stop    net=-43.88
[shares] 09:46 CLOSE PDH_PDL_Breakout          XLK short stop    net=-49.94
[shares] 09:46 CLOSE Gap_Fade                  XLY long  target  net=-20.36
[shares] 09:46 VWAP_Reclaim              XLY short 112.75 x88.7sh spread=0.89bp
[shares] 09:46 CLOSE PDH_PDL_Breakout          XLI short stop    net=+2.95
[shares] 09:46 ORB_5min                  XLI long  169.40 x59.0sh spread=0.59bp
[shares] 09:47 ORB_15min                 SPY long  759.59 x13.2sh spread=0.26bp
[shares] 09:47 ORB_15min                 QQQ long  705.26 x14.2sh spread=0.43bp
[shares] 09:47 ORB_15min                 XLK long  183.26 x54.6sh spread=1.64bp
[shares] 09:47 ORB_15min                 XLI long  169.55 x59.0sh spread=2.95bp
[shares] 09:47 CLOSE TTM_Squeeze               XLF long  stop    net=-12.18
[shares] 09:48 Crabel_Stretch            QQQ long  705.71 x14.2sh spread=0.28bp
[shares] 09:48 ORB_15min                 GOOGL long  345.99 x28.9sh spread=0.58bp
[shares] 09:49 ORB_15min                 IWM long  288.76 x34.6sh spread=0.35bp
[shares] 09:49 CLOSE Gap_Fade                  AAPL short target  net=+6.62
[shares] 09:50 Crabel_Stretch            SPY long  760.30 x13.2sh spread=0.26bp
[shares] 09:50 EMA_9_20_Pullback         IWM short 288.54 x34.7sh spread=0.69bp
[shares] 09:50 CLOSE Crabel_Stretch            XLK short stop    net=-77.93
[shares] 09:50 Gap_Fade                  XLK long  183.63 x54.5sh spread=1.63bp
[shares] 09:50 Gap_Fade                  XLE short 65.86 x151.8sh spread=1.52bp
[shares] 09:50 CLOSE PDH_PDL_Breakout          NVDA short stop    net=-79.17
[shares] 09:53 CLOSE VWAP_Reclaim              XLE long  stop    net=-24.27
[shares] 09:53 CLOSE PDH_PDL_Breakout          XLE long  stop    net=-34.85
[shares] 09:53 VWAP_Reclaim              XLF long  57.49 x173.9sh spread=1.74bp
[shares] 09:58 CLOSE VWAP_Reclaim              GOOGL long  target  net=+76.35
[shares] 10:00 CLOSE Six_Lines                 XLK short trail   net=-74.12
[shares] 10:00 CLOSE Six_Lines_NoCap           XLK short trail   net=-74.12
[shares] 10:00 CLOSE Six_Lines                 XLY long  trail   net=-42.44
[shares] 10:00 CLOSE Six_Lines_NoCap           XLY long  trail   net=-42.44
[shares] 10:00 CLOSE Six_Lines                 XLP long  trail   net=-41.28
[shares] 10:00 CLOSE Six_Lines_NoCap           XLP long  trail   net=-41.28
[shares] 10:01 IntradayMomentumBoundary  GOOGL long  346.59 x28.9sh spread=2.60bp
[shares] 10:02 ORB_5min                  IWM long  288.43 x34.7sh spread=0.35bp
[shares] 10:05 TTM_Squeeze               AAPL long  334.16 x29.9sh spread=0.30bp
[shares] 10:07 CLOSE ORB_15min                 SPY long  target  net=+15.14
[shares] 10:08 ORB_15min                 DIA long  525.28 x19.0sh spread=0.95bp
[shares] 10:09 Crabel_Stretch            DIA long  525.40 x19.0sh spread=0.95bp
[shares] 10:10 CLOSE Six_Lines                 NVDA short trail   net=-94.14
[shares] 10:10 CLOSE Six_Lines_NoCap           NVDA short trail   net=-94.14
[shares] 10:11 ORB_5min                  XLK long  184.19 x54.3sh spread=1.09bp
[shares] 10:12 CLOSE EMA_9_20_Pullback         IWM short stop    net=-6.58
[shares] 10:12 ORB_15min                 NVDA long  211.65 x47.2sh spread=1.42bp
[shares] 10:12 CLOSE IntradayMomentumBoundary  GOOGL long  trail   net=-54.53
[shares] 10:13 ORB_15min                 XLV short 167.05 x59.9sh spread=1.20bp
[shares] 10:15 Gap_Fade                  NVDA long  211.43 x47.3sh spread=0.47bp
[shares] 10:19 CLOSE ORB_15min                 DIA long  stop    net=-12.95
[shares] 10:19 CLOSE TTM_Squeeze               AAPL long  stop    net=-39.20
[shares] 10:19 CLOSE Six_Lines                 WMT long  target  net=+23.89
[shares] 10:20 PDH_PDL_Breakout          XLY short 112.32 x89.0sh spread=0.89bp
[shares] 10:20 CLOSE TTM_Squeeze               XLE long  bars    net=+19.76
[shares] 10:20 VWAP_Reclaim              GOOGL short 344.38 x29.0sh spread=2.32bp
[shares] 10:21 VWAP_Reclaim              IWM short 288.12 x34.7sh spread=0.35bp
[shares] 10:22 CLOSE ORB_15min                 IWM long  stop    net=-24.59
[shares] 10:22 CLOSE PDH_PDL_FailedBreak       DIA long  stop    net=-12.58
[shares] 10:22 CLOSE ORB_15min                 GOOGL long  stop    net=-87.29
[shares] 10:22 ORB_5min                  WMT long  109.25 x91.5sh spread=2.75bp
[shares] 10:22 ORB_15min                 WMT long  109.25 x91.5sh spread=2.75bp
[shares] 10:24 CLOSE VWAP_Reclaim              XLF long  stop    net=-36.53
[shares] 10:24 ORB_15min                 XLF short 57.28 x174.6sh spread=1.75bp
[shares] 10:25 PDH_PDL_Breakout          DIA short 523.77 x19.1sh spread=0.38bp
[shares] 10:25 CLOSE PDH_PDL_FailedBreak       XLY long  stop    net=-67.27
[shares] 10:25 ORB_15min                 XLY short 112.22 x89.1sh spread=0.89bp
[shares] 10:25 PDH_PDL_FailedBreak       XLE short 65.70 x152.2sh spread=1.52bp
[shares] 10:25 CLOSE ORB_15min                 NVDA long  stop    net=-67.56
[shares] 10:26 CLOSE Crabel_Stretch            DIA long  stop    net=-33.50
[shares] 10:26 ORB_15min                 XLE short 65.63 x152.4sh spread=1.52bp
[shares] 10:26 Crabel_Stretch            XLE short 65.63 x152.4sh spread=1.52bp
[shares] 10:27 CLOSE Gap_Fade                  SPY long  stop    net=-14.09
[shares] 10:27 CLOSE VWAP_Reclaim              XLY short target  net=+54.10
[shares] 10:30 MOMO_CHASE                SPY short 758.81 x13.2sh spread=0.40bp
[shares] 10:30 MOMO_CHASE                IWM short 287.74 x34.8sh spread=0.35bp
[shares] 10:30 Six_Lines                 DIA short 523.69 x19.1sh spread=0.95bp
[shares] 10:30 Six_Lines_NoCap           DIA short 523.69 x19.1sh spread=0.95bp
[shares] 10:30 MOMO_CHASE                DIA short 523.69 x19.1sh spread=0.95bp
[shares] 10:30 MOMO_CHASE                XLY short 112.22 x89.1sh spread=0.89bp
[shares] 10:30 ORB_5min                  XLE short 65.56 x152.5sh spread=1.53bp
[shares] 10:30 MOMO_CHASE                XLF short 57.25 x174.7sh spread=1.75bp
[shares] 10:30 MOMO_CHASE                WMT long  109.12 x91.6sh spread=1.83bp
[shares] 10:31 ORB_5min                  XLF short 57.26 x174.6sh spread=1.75bp
[shares] 10:31 IntradayMomentumBoundary  WMT long  109.04 x91.7sh spread=0.92bp
[shares] 10:32 ORB_5min                  XLY short 112.16 x89.2sh spread=0.89bp
[shares] 10:39 VWAP_Reclaim              NVDA short 210.30 x47.6sh spread=0.95bp
[shares] 10:40 EMA_9_20_Pullback         XLF short 57.27 x174.6sh spread=1.75bp
[shares] 10:44 CLOSE Crabel_Stretch            XLF long  stop    net=-50.43
[shares] 10:49 ORB_5min                  GOOGL long  345.30 x29.0sh spread=2.03bp
[shares] 10:55 CLOSE MOMO_CHASE                SPY short time    net=+7.51
[shares] 10:55 CLOSE MOMO_CHASE                IWM short time    net=+9.38
[shares] 10:55 CLOSE MOMO_CHASE                DIA short time    net=+7.64
[shares] 10:55 CLOSE MOMO_CHASE                XLY short time    net=-10.69
[shares] 10:55 CLOSE MOMO_CHASE                XLF short time    net=+20.96
[shares] 10:55 CLOSE EMA_9_20_Pullback         XLF short target  net=+24.45
[shares] 10:55 EMA_9_20_Pullback         NVDA short 210.62 x47.5sh spread=0.47bp
[shares] 10:55 CLOSE MOMO_CHASE                WMT long  time    net=+23.83
[shares] 11:00 CLOSE ORB_5min                  IWM long  stop    net=-36.75
[shares] 11:00 CLOSE VWAP_Reclaim              IWM short target  net=+25.68
[shares] 11:00 Six_Lines                 IWM short 287.37 x34.8sh spread=0.35bp
[shares] 11:00 Six_Lines_NoCap           IWM short 287.37 x34.8sh spread=0.35bp
[shares] 11:00 MOMO_CHASE                IWM short 287.37 x34.8sh spread=0.35bp
[shares] 11:01 CLOSE ORB_15min                 XLI long  stop    net=-37.75
[shares] 11:06 CLOSE PDH_PDL_Breakout          XLY short stop    net=-16.92
[shares] 11:06 CLOSE VWAP_Reclaim              NVDA short stop    net=-27.58
[shares] 11:06 VWAP_Reclaim              NVDA long  210.88 x47.4sh spread=0.95bp
[shares] 11:07 VWAP_Reclaim              XLI long  169.35 x59.0sh spread=1.18bp
[shares] 11:07 CLOSE Gap_Fade                  XLE short target  net=+132.10
[shares] 11:07 CLOSE PDH_PDL_FailedBreak       XLE short target  net=+108.07
[shares] 11:07 CLOSE ORB_15min                 XLE short target  net=+97.52
[shares] 11:08 CLOSE ORB_5min                  XLE short target  net=+100.67
[shares] 11:10 CLOSE ORB_15min                 XLY short stop    net=-41.88
[shares] 11:10 Six_Lines                 XLE short 64.79 x154.3sh spread=1.54bp
[shares] 11:10 Six_Lines_NoCap           XLE short 64.79 x154.3sh spread=1.54bp
[shares] 11:10 MOMO_CHASE                XLE short 64.79 x154.3sh spread=1.54bp
[shares] 11:12 CLOSE Six_Lines                 XLE short target  net=+7.72
[shares] 11:14 CLOSE VWAP_Reclaim              GOOGL short stop    net=-38.33
[shares] 11:15 MOMO_CHASE                XLF short 57.09 x175.2sh spread=1.75bp
[shares] 11:25 CLOSE MOMO_CHASE                IWM short time    net=-0.70
[shares] 11:30 MOMO_CHASE                QQQ long  707.56 x14.1sh spread=0.42bp
[shares] 11:33 CLOSE ORB_5min                  QQQ long  target  net=+52.35
[shares] 11:33 CLOSE ORB_15min                 QQQ long  target  net=+47.22
[shares] 11:33 CLOSE ORB_15min                 XLK long  target  net=+70.39
[shares] 11:33 CLOSE VWAP_Reclaim              NVDA long  target  net=+39.36
[shares] 11:34 VWAP_Reclaim              XLY long  112.70 x88.7sh spread=0.89bp
[shares] 11:35 MOMO_CHASE                SPY long  760.81 x13.1sh spread=0.53bp
[shares] 11:35 MOMO_CHASE                IWM long  287.99 x34.7sh spread=0.69bp
[shares] 11:35 MOMO_CHASE                DIA long  524.49 x19.1sh spread=0.95bp
[shares] 11:35 MOMO_CHASE                XLK long  184.82 x54.1sh spread=1.08bp
[shares] 11:35 MOMO_CHASE                XLY long  112.74 x88.7sh spread=0.89bp
[shares] 11:35 CLOSE MOMO_CHASE                XLE short time    net=-20.06
[shares] 11:36 CLOSE PDH_PDL_Breakout          DIA short stop    net=-12.98
[shares] 11:36 CLOSE IntradayMomentumBoundary  WMT long  trail   net=-11.92
[shares] 11:38 VWAP_Reclaim              DIA long  524.60 x19.1sh spread=0.57bp
[shares] 11:40 CLOSE Six_Lines                 IWM short trail   net=-29.58
[shares] 11:40 CLOSE Six_Lines_NoCap           IWM short trail   net=-29.58
[shares] 11:40 CLOSE Six_Lines                 DIA short trail   net=-21.00
[shares] 11:40 CLOSE Six_Lines_NoCap           DIA short trail   net=-21.00
[shares] 11:40 CLOSE MOMO_CHASE                XLF short time    net=-5.25
[shares] 11:40 MOMO_CHASE                NVDA long  211.89 x47.2sh spread=0.94bp
[shares] 11:43 VWAP_Reclaim              XLV long  167.72 x59.6sh spread=1.19bp
[shares] 11:43 CLOSE EMA_9_20_Pullback         NVDA short stop    net=-62.20
[shares] 11:45 PDH_PDL_FailedBreak       IWM long  288.82 x34.6sh spread=1.04bp
[shares] 11:45 CLOSE ORB_5min                  XLY short stop    net=-77.57
[shares] 11:45 CLOSE VWAP_Reclaim              XLY long  target  net=+28.39
[shares] 11:45 MOMO_CHASE                XLI long  169.94 x58.8sh spread=1.77bp
[shares] 11:45 MOMO_CHASE                XLV long  167.85 x59.6sh spread=1.19bp
[shares] 11:45 TTM_Squeeze               XLV long  167.85 x59.6sh spread=1.19bp
[shares] 11:45 MOMO_CHASE                XLE short 64.88 x154.1sh spread=1.54bp
[shares] 11:45 MOMO_CHASE                XLF long  57.25 x174.7sh spread=1.75bp
[shares] 11:45 MOMO_CHASE                AAPL long  334.41 x29.9sh spread=1.20bp
[shares] 11:50 PDH_PDL_FailedBreak       XLE long  64.90 x154.1sh spread=1.54bp
[shares] 11:55 CLOSE MOMO_CHASE                QQQ long  time    net=+34.48
[shares] 12:00 CLOSE MOMO_CHASE                SPY long  time    net=+12.62
[shares] 12:00 CLOSE MOMO_CHASE                IWM long  time    net=+23.26
[shares] 12:00 CLOSE MOMO_CHASE                DIA long  time    net=+14.11
[shares] 12:00 CLOSE MOMO_CHASE                XLK long  time    net=-2.16
[shares] 12:00 CLOSE MOMO_CHASE                XLY long  time    net=+18.63
[shares] 12:01 IntradayMomentumBoundary  WMT long  109.33 x91.5sh spread=0.91bp
[shares] 12:05 CLOSE MOMO_CHASE                NVDA long  time    net=+6.61
[shares] 12:10 CLOSE MOMO_CHASE                XLI long  time    net=-5.30
[shares] 12:10 CLOSE MOMO_CHASE                XLV long  time    net=-2.98
[shares] 12:10 MOMO_CHASE                XLP long  84.67 x118.1sh spread=1.18bp
[shares] 12:10 CLOSE MOMO_CHASE                XLE short time    net=-1.54
[shares] 12:10 CLOSE MOMO_CHASE                XLF long  time    net=-6.99
[shares] 12:10 CLOSE MOMO_CHASE                AAPL long  time    net=+14.65
[shares] 12:15 MOMO_CHASE                WMT long  109.53 x91.3sh spread=0.91bp
[shares] 12:20 MOMO_CHASE                SPY long  762.37 x13.1sh spread=0.26bp
[shares] 12:20 MOMO_CHASE                QQQ long  710.83 x14.1sh spread=0.28bp
[shares] 12:20 MOMO_CHASE                DIA long  525.64 x19.0sh spread=0.76bp
[shares] 12:20 MOMO_CHASE                XLK long  185.08 x54.0sh spread=0.54bp
[shares] 12:30 CLOSE TTM_Squeeze               XLV long  bars    net=+2.38
[shares] 12:30 CLOSE Six_Lines_NoCap           XLE short trail   net=-60.19
[shares] 12:31 IntradayMomentumBoundary  XLP long  84.64 x118.1sh spread=1.18bp
[shares] 12:32 CLOSE VWAP_Reclaim              DIA long  target  net=+20.21
[shares] 12:32 CLOSE ORB_15min                 XLV short stop    net=-53.88
[shares] 12:33 CLOSE IntradayMomentumBoundary  XLP long  trail   net=-2.36
[shares] 12:35 CLOSE MOMO_CHASE                XLP long  time    net=-11.81
[shares] 12:40 Six_Lines                 GOOGL long  346.76 x28.8sh spread=2.31bp
[shares] 12:40 Six_Lines_NoCap           GOOGL long  346.76 x28.8sh spread=2.31bp
[shares] 12:40 CLOSE MOMO_CHASE                WMT long  time    net=-12.78
[shares] 12:45 CLOSE MOMO_CHASE                SPY long  time    net=-0.79
[shares] 12:45 CLOSE MOMO_CHASE                QQQ long  time    net=+1.27
[shares] 12:45 CLOSE MOMO_CHASE                DIA long  time    net=-1.33
[shares] 12:45 CLOSE MOMO_CHASE                XLK long  time    net=-1.08
[shares] 12:49 CLOSE VWAP_Reclaim              XLI long  target  net=+38.38
[shares] 12:50 MOMO_CHASE                QQQ long  711.98 x14.0sh spread=0.42bp
[shares] 12:50 MOMO_CHASE                XLK long  185.36 x53.9sh spread=1.08bp
[shares] 12:50 MOMO_CHASE                XLY long  113.25 x88.3sh spread=0.88bp
[shares] 12:50 MOMO_CHASE                XLI long  170.05 x58.8sh spread=1.76bp
[shares] 12:50 CLOSE PDH_PDL_FailedBreak       XLE long  stop    net=-53.93
[shares] 12:50 MOMO_CHASE                XLE short 64.55 x154.9sh spread=1.55bp
[shares] 12:50 PDH_PDL_Breakout          XLE short 64.55 x154.9sh spread=1.55bp
[shares] 12:50 CLOSE Six_Lines                 GOOGL long  target  net=+17.59
[shares] 12:55 PDH_PDL_FailedBreak       XLY short 113.15 x88.4sh spread=0.88bp
[shares] 12:55 TTM_Squeeze               GOOGL long  347.65 x28.8sh spread=0.58bp
[shares] 13:01 IntradayMomentumBoundary  XLE short 64.67 x154.6sh spread=1.55bp
[shares] 13:01 IntradayMomentumBoundary  GOOGL long  347.55 x28.8sh spread=2.01bp
[shares] 13:09 CLOSE IntradayMomentumBoundary  XLE short trail   net=-3.09
[shares] 13:15 CLOSE MOMO_CHASE                QQQ long  time    net=-3.23
[shares] 13:15 CLOSE MOMO_CHASE                XLK long  time    net=-3.24
[shares] 13:15 CLOSE MOMO_CHASE                XLY long  time    net=-22.96
[shares] 13:15 CLOSE MOMO_CHASE                XLI long  time    net=-13.53
[shares] 13:15 CLOSE MOMO_CHASE                XLE short time    net=-18.59
[shares] 13:15 CLOSE ORB_15min                 XLF short target  net=+52.37
[shares] 13:20 Six_Lines                 XLF short 57.00 x175.4sh spread=1.75bp
[shares] 13:20 Six_Lines_NoCap           XLF short 57.00 x175.4sh spread=1.75bp
[shares] 13:26 CLOSE Crabel_Stretch            NVDA short stop    net=-117.68
[shares] 13:30 PDH_PDL_FailedBreak       XLF long  56.99 x175.5sh spread=1.75bp
[shares] 13:31 IntradayMomentumBoundary  XLE short 64.65 x154.7sh spread=1.55bp
[shares] 13:31 IntradayMomentumBoundary  XLF short 56.98 x175.5sh spread=1.76bp
[shares] 13:33 CLOSE PDH_PDL_FailedBreak       XLF long  stop    net=-10.53
[shares] 13:35 PDH_PDL_Breakout          XLF short 56.93 x175.7sh spread=1.76bp
[shares] 13:36 CLOSE PDH_PDL_Breakout          GOOGL long  target  net=+137.23
[shares] 13:40 CLOSE TTM_Squeeze               GOOGL long  bars    net=+37.39
[shares] 13:40 MOMO_CHASE                GOOGL long  349.03 x28.7sh spread=2.29bp
[shares] 13:42 CLOSE Six_Lines                 XLF short target  net=+15.79
[shares] 13:47 CLOSE ORB_5min                  XLF short target  net=+75.10
[shares] 13:50 TTM_Squeeze               NVDA long  212.58 x47.0sh spread=0.47bp
[shares] 13:55 MOMO_CHASE                WMT long  109.48 x91.3sh spread=0.91bp
[shares] 14:05 TTM_Squeeze               XLI short 169.54 x59.0sh spread=1.18bp
[shares] 14:05 TTM_Squeeze               AAPL short 333.80 x30.0sh spread=0.90bp
[shares] 14:05 CLOSE MOMO_CHASE                GOOGL long  time    net=+1.43
[shares] 14:07 CLOSE PDH_PDL_Breakout          XLF short target  net=+24.59
[shares] 14:10 MOMO_CHASE                XLV short 167.53 x59.7sh spread=1.19bp
[shares] 14:15 TTM_Squeeze               XLP short 84.47 x118.4sh spread=1.18bp
[shares] 14:20 CLOSE IntradayMomentumBoundary  XLE short trail   net=-13.92
[shares] 14:20 CLOSE MOMO_CHASE                WMT long  time    net=-3.65
[shares] 14:25 MOMO_CHASE                GOOGL short 346.93 x28.8sh spread=0.86bp
[shares] 14:31 IntradayMomentumBoundary  XLE short 64.68 x154.6sh spread=1.55bp
[shares] 14:35 CLOSE MOMO_CHASE                XLV short time    net=-11.34
[shares] 14:35 CLOSE TTM_Squeeze               NVDA long  bars    net=-14.11
[shares] 14:46 CLOSE TTM_Squeeze               AAPL short stop    net=-22.77
[shares] 14:46 CLOSE IntradayMomentumBoundary  GOOGL long  trail   net=-23.88
[shares] 14:49 CLOSE TTM_Squeeze               XLI short stop    net=-21.23
[shares] 14:49 CLOSE TTM_Squeeze               XLP short stop    net=-14.21
[shares] 14:50 CLOSE MOMO_CHASE                GOOGL short time    net=-22.19
[shares] 14:55 TTM_Squeeze               XLI long  170.04 x58.8sh spread=0.59bp
[shares] 14:55 TTM_Squeeze               XLE short 64.45 x155.2sh spread=1.55bp
[shares] 15:01 CLOSE PDH_PDL_FailedBreak       XLY short target  net=+22.09
[shares] 15:01 IntradayMomentumBoundary  GOOGL long  347.11 x28.8sh spread=1.15bp
[shares] 15:40 CLOSE TTM_Squeeze               XLI long  bars    net=-8.23
[shares] 15:40 CLOSE TTM_Squeeze               XLE short bars    net=+13.96
[shares] 15:56 CLOSE Crabel_Stretch            SPY long  eod     net=+8.94
[shares] 15:56 CLOSE Gap_Fade                  QQQ long  eod     net=+71.54
[shares] 15:56 CLOSE Crabel_Stretch            QQQ long  eod     net=+54.27
[shares] 15:56 CLOSE Crabel_Stretch            IWM long  eod     net=-18.37
[shares] 15:56 CLOSE PDH_PDL_FailedBreak       IWM long  eod     net=-28.39
[shares] 15:56 CLOSE Gap_Fade                  XLK long  eod     net=+36.49
[shares] 15:56 CLOSE ORB_5min                  XLK long  eod     net=+5.97
[shares] 15:56 CLOSE Crabel_Stretch            XLY long  eod     net=-0.89
[shares] 15:56 CLOSE Crabel_Stretch            XLI long  eod     net=+36.62
[shares] 15:56 CLOSE Gap_Fade                  XLI long  eod     net=+26.55
[shares] 15:56 CLOSE ORB_5min                  XLI long  eod     net=+30.70
[shares] 15:56 CLOSE ORB_5min                  XLV short eod     net=-12.53
[shares] 15:56 CLOSE Gap_Fade                  XLV short eod     net=-31.68
[shares] 15:56 CLOSE VWAP_Reclaim              XLV long  eod     net=+5.37
[shares] 15:56 CLOSE Crabel_Stretch            XLP long  eod     net=-40.08
[shares] 15:56 CLOSE PDH_PDL_Breakout          XLP long  eod     net=-47.13
[shares] 15:56 CLOSE Crabel_Stretch            XLE short eod     net=+184.37
[shares] 15:56 CLOSE PDH_PDL_Breakout          XLE short eod     net=+20.14
[shares] 15:56 CLOSE IntradayMomentumBoundary  XLE short eod     net=+40.20
[shares] 15:56 CLOSE Six_Lines_NoCap           XLF short eod     net=-5.26
[shares] 15:56 CLOSE IntradayMomentumBoundary  XLF short eod     net=-8.78
[shares] 15:56 CLOSE Gap_Fade                  NVDA long  eod     net=-12.30
[shares] 15:56 CLOSE Crabel_Stretch            AAPL short eod     net=-18.93
[shares] 15:56 CLOSE VWAP_Reclaim              AAPL long  eod     net=-16.47
[shares] 15:56 VWAP_Reclaim              AAPL short 333.39 x30.0sh spread=0.90bp
[shares] 15:56 CLOSE Crabel_Stretch            GOOGL long  eod     net=+130.56
[shares] 15:56 CLOSE ORB_5min                  GOOGL long  eod     net=+112.37
[shares] 15:56 CLOSE Six_Lines_NoCap           GOOGL long  eod     net=+69.79
[shares] 15:56 CLOSE IntradayMomentumBoundary  GOOGL long  eod     net=+59.64
[shares] 15:56 CLOSE Crabel_Stretch            WMT long  eod     net=-10.07
[shares] 15:56 CLOSE VWAP_Reclaim              WMT long  eod     net=+4.59
[shares] 15:56 CLOSE PDH_PDL_Breakout          WMT long  eod     net=+4.59
[shares] 15:56 CLOSE Six_Lines_NoCap           WMT long  eod     net=+22.05
[shares] 15:56 CLOSE ORB_5min                  WMT long  eod     net=-14.65
[shares] 15:56 CLOSE ORB_15min                 WMT long  eod     net=-14.65
[shares] 15:56 CLOSE IntradayMomentumBoundary  WMT long  trail   net=-21.95
[shares] 15:56 VWAP_Reclaim              WMT short 109.09 x91.7sh spread=0.92bp
[shares] 15:57 CLOSE VWAP_Reclaim              AAPL short eod     net=-2.70
[shares] 15:57 CLOSE VWAP_Reclaim              WMT short eod     net=+0.00
[shares] daily: 168 trades, net $-361.86
