[replay shares] 2026-08-28 -- config 7c6414fc549315f3 -- history-backed, no outages; NOT the prospective record
[shares] warmup SPY: 25 prior sessions, stretch=1.0955000000000155
[shares] warmup QQQ: 25 prior sessions, stretch=1.472869999999989
[shares] warmup IWM: 25 prior sessions, stretch=0.4900499999999909
[shares] warmup DIA: 25 prior sessions, stretch=0.753999999999985
[shares] warmup XLK: 25 prior sessions, stretch=0.5484200000000043
[shares] warmup XLY: 25 prior sessions, stretch=0.2930000000000021
[shares] warmup XLI: 25 prior sessions, stretch=0.32749000000000306
[shares] warmup XLV: 25 prior sessions, stretch=0.4164999999999964
[shares] warmup XLP: 25 prior sessions, stretch=0.18400000000000033
[shares] warmup XLE: 25 prior sessions, stretch=0.33399999999999963
[shares] warmup XLF: 25 prior sessions, stretch=0.1660000000000011
[shares] warmup NVDA: 25 prior sessions, stretch=0.9950000000000045
[shares] warmup AAPL: 25 prior sessions, stretch=1.5199800000000039
[shares] warmup GOOGL: 25 prior sessions, stretch=1.336500000000001
[shares] warmup WMT: 25 prior sessions, stretch=0.49849999999999994
[replay] six-lines SPY: R1=770.29  R2=772.36  R3=772.55  S1=769.55  S2=767.16  S3=765.62
[replay] six-lines QQQ: R1=720.18  R2=721.11  R3=721.35  S1=718.25  S2=714.52  S3=709.35
[replay] six-lines IWM: R1=299.24  R2=300.31  R3=300.46  S1=299.24  S2=298.35  S3=298.14
[replay] six-lines DIA: R1=536.01  R2=536.63  R3=536.70  S1=535.22  S2=532.92  S3=532.66
[replay] six-lines XLK: R1=187.22  R2=188.62  R3=188.74  S1=186.49  S2=185.67  S3=182.59
[replay] six-lines XLY: R1=116.53  R2=116.62  R3=117.16  S1=116.39  S2=115.88  S3=115.81
[replay] six-lines XLI: R1=179.68  R2=180.49  R3=181.50  S1=179.96  S2=178.80  S3=178.18
[replay] six-lines XLV: R1=172.87  R2=173.11  R3=174.66  S1=172.01  S2=171.43  S3=171.15
[replay] six-lines XLP: R1=85.80  R2=85.86  R3=86.36  S1=85.37  S2=85.08  S3=85.06
[replay] six-lines XLE: R1=62.50  R2=62.64  R3=62.72  S1=62.16  S2=61.88  S3=61.55
[replay] six-lines XLF: R1=58.05  R2=58.23  R3=58.27  S1=57.82  S2=57.75  S3=57.73
[replay] six-lines NVDA: R1=226.81  R2=229.78  R3=230.47  S1=222.94  S2=220.90  S3=209.55
[replay] six-lines AAPL: R1=315.10  R2=315.40  R3=317.09  S1=314.00  S2=309.40  S3=304.20
[replay] six-lines GOOGL: R1=341.69  R2=342.32  R3=346.17  S1=340.20  S2=339.52  S3=338.52
[replay] six-lines WMT: R1=103.65  R2=103.75  R3=105.05  S1=103.41  S2=102.63  S3=102.27
[shares] 09:32 Crabel_Stretch            XLK short 187.36 x53.4sh spread=1.07bp
[shares] 09:32 Crabel_Stretch            XLV short 170.92 x58.5sh spread=7.61bp
[shares] 09:32 Crabel_Stretch            XLP short 85.30 x117.2sh spread=3.52bp
[shares] 09:32 Crabel_Stretch            XLF long  58.18 x171.9sh spread=1.72bp
[shares] 09:32 Crabel_Stretch            GOOGL long  342.66 x29.2sh spread=5.54bp
[shares] 09:33 VWAP_Reclaim              NVDA short 226.44 x44.2sh spread=1.32bp
[shares] 09:34 VWAP_Reclaim              XLV short 171.08 x58.5sh spread=5.26bp
[shares] 09:35 VWAP_Reclaim              IWM short 299.76 x33.4sh spread=1.00bp
[shares] 09:35 TTM_Squeeze               XLY long  116.89 x85.6sh spread=1.71bp
[shares] 09:35 Crabel_Stretch            XLI short 178.93 x55.9sh spread=1.12bp
[shares] 09:35 TTM_Squeeze               XLF long  58.08 x172.2sh spread=1.72bp
[shares] 09:35 TTM_Squeeze               GOOGL long  343.17 x29.1sh spread=3.21bp
[shares] 09:35 PDH_PDL_Breakout          GOOGL long  343.17 x29.1sh spread=3.21bp
[shares] 09:37 CLOSE TTM_Squeeze               XLY long  stop    net=-20.53
[shares] 09:37 CLOSE VWAP_Reclaim              NVDA short stop    net=-39.75
[shares] 09:37 Crabel_Stretch            WMT short 102.56 x97.5sh spread=3.90bp
[shares] 09:39 Crabel_Stretch            DIA short 535.61 x18.7sh spread=0.93bp
[shares] 09:39 CLOSE TTM_Squeeze               GOOGL long  stop    net=-35.55
[shares] 09:40 Six_Lines                 QQQ long  720.33 x13.9sh spread=0.14bp
[shares] 09:40 Six_Lines_NoCap           QQQ long  720.33 x13.9sh spread=0.14bp
[shares] 09:40 Six_Lines                 XLV short 170.88 x58.5sh spread=2.93bp
[shares] 09:40 Six_Lines_NoCap           XLV short 170.88 x58.5sh spread=2.93bp
[shares] 09:40 Six_Lines                 XLP short 85.34 x117.2sh spread=1.17bp
[shares] 09:40 Six_Lines_NoCap           XLP short 85.34 x117.2sh spread=1.17bp
[shares] 09:40 Six_Lines                 XLE long  62.53 x159.9sh spread=1.60bp
[shares] 09:40 Six_Lines_NoCap           XLE long  62.53 x159.9sh spread=1.60bp
[shares] 09:40 Six_Lines                 AAPL long  317.19 x31.5sh spread=0.95bp
[shares] 09:40 Six_Lines_NoCap           AAPL long  317.19 x31.5sh spread=0.95bp
[shares] 09:40 Six_Lines                 GOOGL long  342.25 x29.2sh spread=3.80bp
[shares] 09:40 Six_Lines_NoCap           GOOGL long  342.25 x29.2sh spread=3.80bp
[shares] 09:41 Crabel_Stretch            QQQ long  721.36 x13.9sh spread=0.55bp
[shares] 09:41 ORB_5min                  DIA short 535.81 x18.7sh spread=0.93bp
[shares] 09:41 CLOSE TTM_Squeeze               XLF long  stop    net=-18.94
[shares] 09:41 Crabel_Stretch            NVDA long  229.10 x43.6sh spread=2.62bp
[shares] 09:43 Crabel_Stretch            IWM short 299.07 x33.4sh spread=0.67bp
[shares] 09:43 VWAP_Reclaim              AAPL long  317.31 x31.5sh spread=0.63bp
[shares] 09:43 CLOSE Six_Lines                 GOOGL long  target  net=+10.52
[shares] 09:44 ORB_5min                  IWM short 299.10 x33.4sh spread=0.67bp
[shares] 09:45 PDH_PDL_FailedBreak       IWM short 299.10 x33.4sh spread=0.33bp
[shares] 09:45 PDH_PDL_FailedBreak       DIA short 535.80 x18.7sh spread=0.56bp
[shares] 09:45 PDH_PDL_FailedBreak       XLY short 116.52 x85.8sh spread=2.57bp
[shares] 09:45 Gap_Fade                  XLY short 116.52 x85.8sh spread=2.57bp
[shares] 09:45 VWAP_Reclaim              XLE long  62.54 x159.9sh spread=1.60bp
[shares] 09:46 CLOSE VWAP_Reclaim              AAPL long  stop    net=-31.51
[shares] 09:50 PDH_PDL_FailedBreak       SPY short 772.15 x13.0sh spread=0.26bp
[shares] 09:50 ORB_5min                  QQQ long  720.51 x13.9sh spread=0.69bp
[shares] 09:50 PDH_PDL_FailedBreak       QQQ short 720.46 x13.9sh spread=0.69bp
[shares] 09:50 PDH_PDL_Breakout          XLY long  116.72 x85.7sh spread=0.86bp
[shares] 09:50 ORB_5min                  XLI short 178.59 x56.0sh spread=1.12bp
[shares] 09:50 Six_Lines                 XLI short 178.59 x56.0sh spread=1.12bp
[shares] 09:50 Six_Lines_NoCap           XLI short 178.59 x56.0sh spread=1.12bp
[shares] 09:50 PDH_PDL_Breakout          XLV short 171.11 x58.4sh spread=1.75bp
[shares] 09:50 Six_Lines                 XLF long  58.06 x172.2sh spread=1.72bp
[shares] 09:50 Six_Lines_NoCap           XLF long  58.06 x172.2sh spread=1.72bp
[shares] 09:50 CLOSE Crabel_Stretch            NVDA long  stop    net=-144.04
[shares] 09:50 ORB_5min                  NVDA short 225.80 x44.3sh spread=1.77bp
[shares] 09:50 ORB_15min                 NVDA short 225.80 x44.3sh spread=1.77bp
[shares] 09:50 PDH_PDL_Breakout          AAPL long  315.91 x31.7sh spread=1.27bp
[shares] 09:50 Gap_Fade                  AAPL short 315.87 x31.7sh spread=1.27bp
[shares] 09:51 CLOSE PDH_PDL_Breakout          XLV short target  net=+9.35
[shares] 09:51 CLOSE VWAP_Reclaim              XLE long  stop    net=-14.39
[shares] 09:51 CLOSE PDH_PDL_Breakout          AAPL long  stop    net=-10.45
[shares] 09:53 ORB_15min                 XLP long  85.52 x116.9sh spread=1.17bp
[shares] 09:53 ORB_15min                 GOOGL long  343.69 x29.1sh spread=3.20bp
[shares] 09:54 ORB_5min                  GOOGL long  343.54 x29.1sh spread=2.04bp
[shares] 09:55 ORB_15min                 XLI short 178.49 x56.0sh spread=1.12bp
[shares] 10:00 EMA_9_20_Pullback         SPY long  771.80 x13.0sh spread=0.65bp
[shares] 10:00 CLOSE Six_Lines                 QQQ long  trail   net=-8.05
[shares] 10:00 CLOSE Six_Lines_NoCap           QQQ long  trail   net=-8.05
[shares] 10:00 Six_Lines                 IWM short 299.11 x33.4sh spread=4.01bp
[shares] 10:00 Six_Lines_NoCap           IWM short 299.11 x33.4sh spread=4.01bp
[shares] 10:00 EMA_9_20_Pullback         IWM short 299.11 x33.4sh spread=4.01bp
[shares] 10:00 CLOSE Six_Lines                 XLP short trail   net=-14.06
[shares] 10:00 CLOSE Six_Lines_NoCap           XLP short trail   net=-14.06
[shares] 10:00 CLOSE Six_Lines                 XLE long  trail   net=-14.39
[shares] 10:00 CLOSE Six_Lines_NoCap           XLE long  trail   net=-14.39
[shares] 10:00 CLOSE Six_Lines                 AAPL long  trail   net=-14.19
[shares] 10:00 CLOSE Six_Lines_NoCap           AAPL long  trail   net=-14.19
[shares] 10:00 TTM_Squeeze               WMT long  102.98 x97.1sh spread=1.94bp
[shares] 10:01 CLOSE PDH_PDL_FailedBreak       SPY short stop    net=-8.68
[shares] 10:01 VWAP_Reclaim              SPY long  772.82 x12.9sh spread=0.26bp
[shares] 10:01 IntradayMomentumBoundary  SPY long  772.82 x12.9sh spread=0.26bp
[shares] 10:01 CLOSE PDH_PDL_FailedBreak       QQQ short stop    net=-10.69
[shares] 10:01 VWAP_Reclaim              QQQ long  721.23 x13.9sh spread=1.11bp
[shares] 10:01 CLOSE EMA_9_20_Pullback         IWM short stop    net=-22.73
[shares] 10:01 CLOSE ORB_5min                  DIA short stop    net=-20.34
[shares] 10:01 CLOSE PDH_PDL_FailedBreak       DIA short stop    net=-20.53
[shares] 10:01 VWAP_Reclaim              DIA long  536.90 x18.6sh spread=1.86bp
[shares] 10:01 VWAP_Reclaim              XLY long  116.83 x85.6sh spread=1.71bp
[shares] 10:01 CLOSE Six_Lines                 XLI short target  net=-2.80
[shares] 10:01 CLOSE Six_Lines                 XLF long  target  net=+12.06
[shares] 10:01 IntradayMomentumBoundary  GOOGL long  344.48 x29.0sh spread=3.48bp
[shares] 10:02 CLOSE IntradayMomentumBoundary  SPY long  trail   net=-10.48
[shares] 10:02 ORB_15min                 IWM short 298.99 x33.4sh spread=0.33bp
[shares] 10:02 VWAP_Reclaim              XLK short 187.56 x53.3sh spread=1.60bp
[shares] 10:03 CLOSE VWAP_Reclaim              QQQ long  stop    net=-12.76
[shares] 10:03 CLOSE VWAP_Reclaim              IWM short target  net=+28.02
[shares] 10:04 CLOSE VWAP_Reclaim              SPY long  stop    net=-18.12
[shares] 10:04 ORB_15min                 SPY short 771.42 x13.0sh spread=0.39bp
[shares] 10:04 VWAP_Reclaim              SPY short 771.42 x13.0sh spread=0.39bp
[shares] 10:04 VWAP_Reclaim              QQQ short 719.30 x13.9sh spread=0.42bp
[shares] 10:04 CLOSE Six_Lines                 IWM short target  net=+20.73
[shares] 10:04 CLOSE VWAP_Reclaim              DIA long  stop    net=-19.18
[shares] 10:04 CLOSE VWAP_Reclaim              XLY long  stop    net=-17.97
[shares] 10:06 CLOSE EMA_9_20_Pullback         SPY long  stop    net=-9.33
[shares] 10:06 ORB_15min                 XLK short 187.16 x53.4sh spread=1.07bp
[shares] 10:07 ORB_15min                 DIA short 535.59 x18.7sh spread=0.75bp
[shares] 10:08 ORB_15min                 XLE short 62.22 x160.7sh spread=1.61bp
[shares] 10:09 CLOSE Crabel_Stretch            QQQ long  stop    net=-29.94
[shares] 10:09 CLOSE ORB_5min                  QQQ long  stop    net=-18.18
[shares] 10:09 ORB_5min                  XLE short 62.14 x160.9sh spread=1.61bp
[shares] 10:10 TTM_Squeeze               XLI short 178.15 x56.1sh spread=1.68bp
[shares] 10:10 TTM_Squeeze               XLE short 62.16 x160.9sh spread=1.61bp
[shares] 10:10 EMA_9_20_Pullback         GOOGL long  344.09 x29.1sh spread=2.62bp
[shares] 10:11 Crabel_Stretch            SPY short 770.66 x13.0sh spread=0.39bp
[shares] 10:12 ORB_15min                 QQQ short 718.11 x13.9sh spread=0.56bp
[shares] 10:12 CLOSE VWAP_Reclaim              XLK short target  net=+35.19
[shares] 10:13 ORB_5min                  XLK short 186.82 x53.5sh spread=2.14bp
[shares] 10:14 CLOSE ORB_15min                 SPY short target  net=+18.28
[shares] 10:14 CLOSE ORB_15min                 IWM short target  net=+46.16
[shares] 10:14 CLOSE PDH_PDL_Breakout          XLY long  stop    net=-26.56
[shares] 10:14 CLOSE ORB_5min                  NVDA short target  net=+97.43
[shares] 10:15 PDH_PDL_Breakout          IWM short 297.56 x33.6sh spread=0.67bp
[shares] 10:15 PDH_PDL_Breakout          XLI short 177.87 x56.2sh spread=0.56bp
[shares] 10:16 Crabel_Stretch            XLY short 116.38 x85.9sh spread=0.86bp
[shares] 10:16 CLOSE TTM_Squeeze               XLE short stop    net=-32.18
[shares] 10:18 CLOSE PDH_PDL_Breakout          IWM short stop    net=-23.19
[shares] 10:21 CLOSE ORB_15min                 QQQ short stop    net=-19.63
[shares] 10:21 ORB_15min                 XLF long  58.21 x171.8sh spread=1.72bp
[shares] 10:22 ORB_5min                  XLF long  58.22 x171.8sh spread=1.72bp
[shares] 10:28 ORB_5min                  XLY short 116.47 x85.9sh spread=0.86bp
[shares] 10:28 CLOSE ORB_15min                 XLP long  stop    net=-19.88
[shares] 10:28 CLOSE ORB_15min                 XLF long  stop    net=-32.64
[shares] 10:30 Six_Lines                 DIA short 534.89 x18.7sh spread=0.93bp
[shares] 10:30 Six_Lines_NoCap           DIA short 534.89 x18.7sh spread=0.93bp
[shares] 10:30 CLOSE Six_Lines_NoCap           XLF long  trail   net=-8.61
[shares] 10:31 IntradayMomentumBoundary  IWM short 297.43 x33.6sh spread=0.34bp
[shares] 10:31 CLOSE TTM_Squeeze               XLI short target  net=+34.80
[shares] 10:31 IntradayMomentumBoundary  XLI short 177.51 x56.3sh spread=1.13bp
[shares] 10:31 IntradayMomentumBoundary  NVDA short 224.89 x44.5sh spread=0.89bp
[shares] 10:32 CLOSE ORB_5min                  XLF long  stop    net=-39.51
[shares] 10:34 CLOSE IntradayMomentumBoundary  XLI short trail   net=-21.97
[shares] 10:34 CLOSE IntradayMomentumBoundary  NVDA short trail   net=-11.56
[shares] 10:35 CLOSE ORB_15min                 XLK short stop    net=-44.35
[shares] 10:39 CLOSE VWAP_Reclaim              QQQ short stop    net=-31.00
[shares] 10:39 CLOSE ORB_5min                  XLK short stop    net=-67.98
[shares] 10:40 MOMO_CHASE                GOOGL long  344.41 x29.0sh spread=2.90bp
[shares] 10:42 CLOSE Crabel_Stretch            SPY short stop    net=-26.47
[shares] 10:42 CLOSE Gap_Fade                  AAPL short stop    net=-71.55
[shares] 10:42 ORB_5min                  AAPL long  318.13 x31.4sh spread=0.31bp
[shares] 10:44 Crabel_Stretch            AAPL long  318.47 x31.4sh spread=0.63bp
[shares] 10:45 CLOSE VWAP_Reclaim              SPY short stop    net=-25.80
[shares] 10:45 MOMO_CHASE                SPY long  773.41 x12.9sh spread=0.26bp
[shares] 10:45 PDH_PDL_Breakout          SPY long  773.41 x12.9sh spread=0.26bp
[shares] 10:45 PDH_PDL_Breakout          QQQ long  722.32 x13.8sh spread=0.42bp
[shares] 10:45 CLOSE ORB_15min                 DIA short stop    net=-13.82
[shares] 10:45 MOMO_CHASE                DIA long  536.33 x18.6sh spread=0.75bp
[shares] 10:45 CLOSE PDH_PDL_FailedBreak       XLY short stop    net=-39.48
[shares] 10:45 CLOSE Gap_Fade                  XLY short stop    net=-39.48
[shares] 10:45 CLOSE Crabel_Stretch            XLY short stop    net=-51.56
[shares] 10:45 CLOSE ORB_5min                  XLY short stop    net=-43.79
[shares] 10:45 MOMO_CHASE                XLY long  116.98 x85.5sh spread=0.85bp
[shares] 10:45 MOMO_CHASE                AAPL long  319.51 x31.3sh spread=2.50bp
[shares] 10:45 CLOSE TTM_Squeeze               WMT long  bars    net=+7.77
[shares] 10:50 Six_Lines                 SPY long  773.87 x12.9sh spread=0.39bp
[shares] 10:50 Six_Lines_NoCap           SPY long  773.87 x12.9sh spread=0.39bp
[shares] 10:50 CLOSE Six_Lines                 DIA short trail   net=-29.54
[shares] 10:50 CLOSE Six_Lines_NoCap           DIA short trail   net=-29.54
[shares] 10:50 Six_Lines                 XLY long  117.19 x85.3sh spread=0.85bp
[shares] 10:50 Six_Lines_NoCap           XLY long  117.19 x85.3sh spread=0.85bp
[shares] 10:50 MOMO_CHASE                XLF long  58.19 x171.9sh spread=1.72bp
[shares] 10:52 CLOSE ORB_15min                 GOOGL long  target  net=+111.73
[shares] 10:53 VWAP_Reclaim              NVDA long  226.34 x44.2sh spread=0.44bp
[shares] 10:55 PDH_PDL_Breakout          DIA long  536.89 x18.6sh spread=0.75bp
[shares] 11:00 MOMO_CHASE                QQQ long  723.80 x13.8sh spread=0.41bp
[shares] 11:00 MOMO_CHASE                XLI short 177.66 x56.3sh spread=1.69bp
[shares] 11:00 PDH_PDL_Breakout          XLF long  58.28 x171.6sh spread=1.72bp
[shares] 11:01 IntradayMomentumBoundary  SPY long  775.23 x12.9sh spread=0.26bp
[shares] 11:01 IntradayMomentumBoundary  QQQ long  724.07 x13.8sh spread=0.41bp
[shares] 11:01 CLOSE Crabel_Stretch            DIA short stop    net=-35.10
[shares] 11:01 CLOSE Crabel_Stretch            XLK short stop    net=-69.39
[shares] 11:01 CLOSE Six_Lines                 XLY long  target  net=+19.63
[shares] 11:01 IntradayMomentumBoundary  XLY long  117.43 x85.2sh spread=0.85bp
[shares] 11:01 IntradayMomentumBoundary  XLI short 177.74 x56.3sh spread=1.13bp
[shares] 11:01 IntradayMomentumBoundary  XLF long  58.31 x171.5sh spread=1.71bp
[shares] 11:01 IntradayMomentumBoundary  AAPL long  320.86 x31.2sh spread=1.25bp
[shares] 11:03 CLOSE ORB_5min                  GOOGL long  target  net=+137.68
[shares] 11:05 CLOSE ORB_15min                 XLI short target  net=+60.51
[shares] 11:05 CLOSE VWAP_Reclaim              NVDA long  stop    net=-29.16
[shares] 11:05 CLOSE PDH_PDL_Breakout          GOOGL long  target  net=+165.52
[shares] 11:05 CLOSE MOMO_CHASE                GOOGL long  time    net=+128.92
[shares] 11:05 MOMO_CHASE                GOOGL long  348.95 x28.7sh spread=2.87bp
[shares] 11:09 CLOSE IntradayMomentumBoundary  QQQ long  trail   net=-13.95
[shares] 11:10 CLOSE MOMO_CHASE                SPY long  time    net=+10.73
[shares] 11:10 CLOSE MOMO_CHASE                DIA long  time    net=+8.95
[shares] 11:10 CLOSE MOMO_CHASE                XLY long  time    net=+32.48
[shares] 11:10 CLOSE PDH_PDL_Breakout          XLF long  stop    net=-8.58
[shares] 11:10 CLOSE MOMO_CHASE                AAPL long  time    net=+31.92
[shares] 11:12 CLOSE ORB_15min                 XLE short stop    net=-43.39
[shares] 11:15 CLOSE MOMO_CHASE                XLF long  time    net=+15.47
[shares] 11:20 MOMO_CHASE                XLF long  58.35 x171.4sh spread=1.71bp
[shares] 11:20 MOMO_CHASE                WMT short 102.78 x97.3sh spread=0.97bp
[shares] 11:25 CLOSE MOMO_CHASE                QQQ long  time    net=-9.81
[shares] 11:25 MOMO_CHASE                DIA long  537.52 x18.6sh spread=0.37bp
[shares] 11:25 CLOSE MOMO_CHASE                XLI short time    net=-3.94
[shares] 11:25 MOMO_CHASE                AAPL long  321.51 x31.1sh spread=1.24bp
[shares] 11:30 MOMO_CHASE                SPY long  774.97 x12.9sh spread=0.13bp
[shares] 11:30 CLOSE MOMO_CHASE                GOOGL long  time    net=-8.60
[shares] 11:30 MOMO_CHASE                GOOGL long  348.68 x28.7sh spread=0.86bp
[shares] 11:31 IntradayMomentumBoundary  NVDA short 223.81 x44.7sh spread=1.34bp
[shares] 11:31 CLOSE ORB_5min                  AAPL long  target  net=+125.42
[shares] 11:40 CLOSE PDH_PDL_Breakout          XLI short target  net=+32.05
[shares] 11:40 MOMO_CHASE                XLI short 177.29 x56.4sh spread=0.56bp
[shares] 11:41 CLOSE IntradayMomentumBoundary  SPY long  trail   net=-30.18
[shares] 11:41 CLOSE PDH_PDL_Breakout          QQQ long  stop    net=-19.66
[shares] 11:41 CLOSE PDH_PDL_Breakout          DIA long  stop    net=-14.16
[shares] 11:41 VWAP_Reclaim              XLK short 187.52 x53.3sh spread=1.07bp
[shares] 11:41 CLOSE IntradayMomentumBoundary  XLY long  trail   net=-10.22
[shares] 11:41 CLOSE ORB_5min                  XLI short target  net=+78.95
[shares] 11:44 VWAP_Reclaim              XLE short 62.34 x160.4sh spread=1.60bp
[shares] 11:45 MOMO_CHASE                QQQ short 720.75 x13.9sh spread=0.42bp
[shares] 11:45 MOMO_CHASE                IWM short 297.25 x33.6sh spread=0.34bp
[shares] 11:45 CLOSE MOMO_CHASE                XLF long  time    net=-20.57
[shares] 11:45 MOMO_CHASE                NVDA short 223.02 x44.8sh spread=0.45bp
[shares] 11:45 CLOSE MOMO_CHASE                WMT short time    net=-4.86
[shares] 11:46 CLOSE ORB_5min                  IWM short target  net=+61.18
[shares] 11:49 CLOSE PDH_PDL_Breakout          SPY long  stop    net=-12.80
[shares] 11:50 CLOSE Six_Lines                 SPY long  trail   net=-20.42
[shares] 11:50 CLOSE Six_Lines_NoCap           SPY long  trail   net=-20.42
[shares] 11:50 CLOSE MOMO_CHASE                DIA long  time    net=-27.53
[shares] 11:50 MOMO_CHASE                DIA short 536.04 x18.7sh spread=0.56bp
[shares] 11:50 CLOSE Six_Lines_NoCap           XLY long  trail   net=-1.71
[shares] 11:50 Six_Lines                 NVDA short 222.49 x44.9sh spread=0.45bp
[shares] 11:50 Six_Lines_NoCap           NVDA short 222.49 x44.9sh spread=0.45bp
[shares] 11:50 CLOSE MOMO_CHASE                AAPL long  time    net=+18.04
[shares] 11:52 CLOSE ORB_15min                 NVDA short target  net=+161.65
[shares] 11:53 CLOSE Six_Lines                 NVDA short target  net=+22.47
[shares] 11:55 CLOSE MOMO_CHASE                SPY long  time    net=-37.16
[shares] 11:55 MOMO_CHASE                SPY short 772.09 x13.0sh spread=0.13bp
[shares] 11:55 CLOSE MOMO_CHASE                GOOGL long  time    net=-32.69
[shares] 11:55 MOMO_CHASE                WMT long  103.05 x97.0sh spread=0.97bp
[shares] 11:57 CLOSE VWAP_Reclaim              XLE short stop    net=-16.04
[shares] 12:00 CLOSE PDH_PDL_FailedBreak       IWM short target  net=+84.59
[shares] 12:01 IntradayMomentumBoundary  QQQ short 717.69 x13.9sh spread=0.42bp
[shares] 12:01 IntradayMomentumBoundary  XLK short 186.41 x53.6sh spread=1.61bp
[shares] 12:02 CLOSE VWAP_Reclaim              XLK short target  net=+66.13
[shares] 12:04 CLOSE IntradayMomentumBoundary  QQQ short trail   net=-1.95
[shares] 12:05 MOMO_CHASE                XLK short 186.24 x53.7sh spread=1.07bp
[shares] 12:05 CLOSE MOMO_CHASE                XLI short time    net=+18.61
[shares] 12:05 PDH_PDL_Breakout          NVDA short 220.50 x45.4sh spread=0.91bp
[shares] 12:10 CLOSE MOMO_CHASE                QQQ short time    net=+28.44
[shares] 12:10 CLOSE MOMO_CHASE                IWM short time    net=+16.48
[shares] 12:10 CLOSE MOMO_CHASE                NVDA short time    net=+82.50
[shares] 12:10 MOMO_CHASE                NVDA short 221.17 x45.2sh spread=0.45bp
[shares] 12:10 PDH_PDL_FailedBreak       NVDA long  221.18 x45.2sh spread=0.45bp
[shares] 12:15 CLOSE MOMO_CHASE                DIA short time    net=+6.34
[shares] 12:15 MOMO_CHASE                XLF short 58.19 x171.9sh spread=1.72bp
[shares] 12:15 PDH_PDL_FailedBreak       XLF short 58.19 x171.9sh spread=1.72bp
[shares] 12:16 CLOSE PDH_PDL_FailedBreak       NVDA long  stop    net=-42.50
[shares] 12:17 CLOSE IntradayMomentumBoundary  XLF long  trail   net=-24.01
[shares] 12:20 CLOSE MOMO_CHASE                SPY short time    net=+24.74
[shares] 12:20 MOMO_CHASE                IWM short 295.98 x33.8sh spread=0.68bp
[shares] 12:20 Six_Lines                 XLK short 186.09 x53.7sh spread=1.07bp
[shares] 12:20 Six_Lines_NoCap           XLK short 186.09 x53.7sh spread=1.07bp
[shares] 12:20 MOMO_CHASE                XLV short 170.90 x58.5sh spread=1.17bp
[shares] 12:20 TTM_Squeeze               XLE long  62.52 x159.9sh spread=1.60bp
[shares] 12:20 CLOSE MOMO_CHASE                WMT long  time    net=+5.82
[shares] 12:25 MOMO_CHASE                QQQ short 716.23 x14.0sh spread=0.42bp
[shares] 12:25 MOMO_CHASE                XLY short 116.76 x85.6sh spread=0.86bp
[shares] 12:25 MOMO_CHASE                XLI short 176.66 x56.6sh spread=1.13bp
[shares] 12:25 VWAP_Reclaim              WMT short 102.86 x97.2sh spread=1.94bp
[shares] 12:30 CLOSE MOMO_CHASE                XLK short time    net=+10.20
[shares] 12:30 MOMO_CHASE                XLK short 186.03 x53.8sh spread=1.08bp
[shares] 12:30 TTM_Squeeze               XLV short 170.76 x58.6sh spread=1.76bp
[shares] 12:31 IntradayMomentumBoundary  SPY short 770.01 x13.0sh spread=0.26bp
[shares] 12:31 IntradayMomentumBoundary  QQQ short 716.59 x14.0sh spread=0.42bp
[shares] 12:31 IntradayMomentumBoundary  XLF long  58.18 x171.9sh spread=1.72bp
[shares] 12:32 CLOSE IntradayMomentumBoundary  SPY short trail   net=-2.08
[shares] 12:35 CLOSE MOMO_CHASE                NVDA short time    net=+41.60
[shares] 12:40 CLOSE MOMO_CHASE                XLF short time    net=-3.44
[shares] 12:42 CLOSE IntradayMomentumBoundary  XLF long  trail   net=-1.72
[shares] 12:45 CLOSE MOMO_CHASE                IWM short time    net=-10.47
[shares] 12:45 CLOSE MOMO_CHASE                XLV short time    net=+4.68
[shares] 12:50 CLOSE MOMO_CHASE                QQQ short time    net=-17.73
[shares] 12:50 CLOSE Six_Lines                 XLK short trail   net=-22.57
[shares] 12:50 CLOSE Six_Lines_NoCap           XLK short trail   net=-22.57
[shares] 12:50 CLOSE MOMO_CHASE                XLY short time    net=-14.56
[shares] 12:50 CLOSE MOMO_CHASE                XLI short time    net=-20.38
[shares] 12:53 CLOSE IntradayMomentumBoundary  QQQ short trail   net=-16.61
[shares] 12:54 VWAP_Reclaim              XLY short 116.86 x85.6sh spread=0.86bp
[shares] 12:55 CLOSE MOMO_CHASE                XLK short time    net=-15.59
[shares] 12:56 CLOSE IntradayMomentumBoundary  GOOGL long  trail   net=+29.61
[shares] 13:00 CLOSE VWAP_Reclaim              XLY short target  net=+10.27
[shares] 13:00 VWAP_Reclaim              GOOGL short 345.41 x29.0sh spread=2.32bp
[shares] 13:01 IntradayMomentumBoundary  SPY short 768.91 x13.0sh spread=0.26bp
[shares] 13:01 IntradayMomentumBoundary  QQQ short 715.56 x14.0sh spread=0.70bp
[shares] 13:03 CLOSE PDH_PDL_Breakout          NVDA short target  net=+75.28
[shares] 13:04 CLOSE VWAP_Reclaim              GOOGL short stop    net=-21.13
[shares] 13:05 MOMO_CHASE                XLY short 116.69 x85.7sh spread=0.86bp
[shares] 13:05 CLOSE TTM_Squeeze               XLE long  bars    net=+15.99
[shares] 13:10 MOMO_CHASE                NVDA short 218.12 x45.8sh spread=0.92bp
[shares] 13:15 PDH_PDL_FailedBreak       XLK long  186.01 x53.8sh spread=0.54bp
[shares] 13:15 CLOSE TTM_Squeeze               XLV short bars    net=+0.00
[shares] 13:25 MOMO_CHASE                AAPL short 319.71 x31.3sh spread=1.56bp
[shares] 13:30 CLOSE MOMO_CHASE                XLY short time    net=+5.14
[shares] 13:31 IntradayMomentumBoundary  GOOGL long  346.50 x28.9sh spread=1.15bp
[shares] 13:35 CLOSE MOMO_CHASE                NVDA short time    net=-48.14
[shares] 13:40 CLOSE IntradayMomentumBoundary  AAPL long  trail   net=-46.13
[shares] 13:50 CLOSE MOMO_CHASE                AAPL short time    net=+7.51
[shares] 14:10 MOMO_CHASE                XLV long  170.89 x58.5sh spread=0.59bp
[shares] 14:20 TTM_Squeeze               GOOGL long  346.90 x28.8sh spread=1.15bp
[shares] 14:31 IntradayMomentumBoundary  AAPL long  319.61 x31.3sh spread=0.94bp
[shares] 14:35 TTM_Squeeze               XLI long  177.16 x56.4sh spread=0.56bp
[shares] 14:35 CLOSE MOMO_CHASE                XLV long  time    net=-3.51
[shares] 14:46 CLOSE IntradayMomentumBoundary  AAPL long  trail   net=-4.38
[shares] 14:51 CLOSE PDH_PDL_FailedBreak       XLK long  stop    net=-24.19
[shares] 15:02 CLOSE VWAP_Reclaim              WMT short stop    net=-24.30
[shares] 15:05 VWAP_Reclaim              AAPL long  319.74 x31.3sh spread=0.63bp
[shares] 15:05 CLOSE TTM_Squeeze               GOOGL long  bars    net=+11.24
[shares] 15:14 CLOSE VWAP_Reclaim              AAPL long  stop    net=-7.82
[shares] 15:20 CLOSE TTM_Squeeze               XLI long  bars    net=+8.47
[shares] 15:31 IntradayMomentumBoundary  AAPL long  319.80 x31.3sh spread=0.63bp
[shares] 15:55 CLOSE ORB_5min                  XLE short stop    net=-83.68
[shares] 15:56 CLOSE IntradayMomentumBoundary  SPY short eod     net=-9.49
[shares] 15:56 CLOSE IntradayMomentumBoundary  QQQ short eod     net=-17.47
[shares] 15:56 CLOSE Crabel_Stretch            IWM short eod     net=+109.34
[shares] 15:56 CLOSE Six_Lines_NoCap           IWM short eod     net=+110.66
[shares] 15:56 CLOSE IntradayMomentumBoundary  IWM short eod     net=+54.80
[shares] 15:56 CLOSE IntradayMomentumBoundary  XLK short eod     net=+31.11
[shares] 15:56 CLOSE Crabel_Stretch            XLI short eod     net=+97.80
[shares] 15:56 CLOSE Six_Lines_NoCap           XLI short eod     net=+78.95
[shares] 15:56 CLOSE IntradayMomentumBoundary  XLI short eod     net=+31.51
[shares] 15:56 CLOSE Crabel_Stretch            XLV short eod     net=-2.93
[shares] 15:56 CLOSE VWAP_Reclaim              XLV short eod     net=+6.43
[shares] 15:56 CLOSE Six_Lines                 XLV short eod     net=-5.27
[shares] 15:56 CLOSE Six_Lines_NoCap           XLV short eod     net=-5.27
[shares] 15:56 CLOSE Crabel_Stretch            XLP short eod     net=-15.24
[shares] 15:56 CLOSE Crabel_Stretch            XLF long  eod     net=-20.63
[shares] 15:56 CLOSE PDH_PDL_FailedBreak       XLF short eod     net=+20.62
[shares] 15:56 CLOSE IntradayMomentumBoundary  NVDA short eod     net=+255.13
[shares] 15:56 CLOSE Six_Lines_NoCap           NVDA short eod     net=+197.31
[shares] 15:56 CLOSE Crabel_Stretch            AAPL long  eod     net=+36.74
[shares] 15:56 CLOSE IntradayMomentumBoundary  AAPL long  eod     net=-5.00
[shares] 15:56 CLOSE Crabel_Stretch            GOOGL long  eod     net=+119.07
[shares] 15:56 CLOSE Six_Lines_NoCap           GOOGL long  eod     net=+131.19
[shares] 15:56 CLOSE EMA_9_20_Pullback         GOOGL long  eod     net=+77.01
[shares] 15:56 CLOSE IntradayMomentumBoundary  GOOGL long  eod     net=+6.93
[shares] 15:56 CLOSE Crabel_Stretch            WMT short eod     net=-58.50
[shares] daily: 174 trades, net $+963.92
