[replay shares] 2026-09-21 -- config 7c6414fc549315f3 -- history-backed, no outages; NOT the prospective record
[shares] warmup SPY: 24 prior sessions, stretch=0.8953000000000202
[shares] warmup QQQ: 24 prior sessions, stretch=1.8701999999999999
[shares] warmup IWM: 24 prior sessions, stretch=0.6470000000000085
[shares] warmup DIA: 24 prior sessions, stretch=0.636500000000001
[shares] warmup XLK: 24 prior sessions, stretch=0.6575000000000045
[shares] warmup XLY: 24 prior sessions, stretch=0.29149999999999776
[shares] warmup XLI: 24 prior sessions, stretch=0.5215000000000032
[shares] warmup XLV: 24 prior sessions, stretch=0.42499999999999716
[shares] warmup XLP: 24 prior sessions, stretch=0.19049999999999584
[shares] warmup XLE: 24 prior sessions, stretch=0.15700000000000003
[shares] warmup XLF: 24 prior sessions, stretch=0.1424999999999997
[shares] warmup NVDA: 24 prior sessions, stretch=1.047999999999996
[shares] warmup AAPL: 24 prior sessions, stretch=1.6139999999999985
[shares] warmup GOOGL: 24 prior sessions, stretch=1.0483900000000006
[shares] warmup WMT: 24 prior sessions, stretch=0.3809999999999988
[replay] six-lines SPY: R1=762.00  R2=764.16  R3=767.26  S1=759.59  S2=759.11  S3=757.97
[replay] six-lines QQQ: R1=721.73  R2=722.42  R3=729.14  S1=716.46  S2=715.98  S3=715.08
[replay] six-lines IWM: R1=285.27  R2=286.30  R3=286.60  S1=284.18  S2=283.51  S3=282.54
[replay] six-lines DIA: R1=517.08  R2=518.86  R3=520.67  S1=515.88  S2=515.18  S3=514.15
[replay] six-lines XLK: R1=189.81  R2=189.92  R3=192.10  S1=188.99  S2=187.95  S3=187.52
[replay] six-lines XLY: R1=111.71  R2=111.77  R3=111.77  S1=111.09  S2=110.79  S3=110.63
[replay] six-lines XLI: R1=169.67  R2=169.92  R3=171.15  S1=168.89  S2=168.48  S3=168.32
[replay] six-lines XLV: R1=168.99  R2=169.06  R3=169.69  S1=167.88  S2=167.78  S3=167.33
[replay] six-lines XLP: R1=82.80  R2=83.19  R3=83.60  S1=83.03  S2=82.81  S3=82.04
[replay] six-lines XLE: R1=64.58  R2=64.58  R3=64.75  S1=64.10  S2=63.80  S3=63.11
[replay] six-lines XLF: R1=55.98  R2=56.19  R3=56.19  S1=55.66  S2=55.48  S3=55.46
[replay] six-lines NVDA: R1=222.58  R2=222.73  R3=224.90  S1=219.18  S2=218.06  S3=218.03
[replay] six-lines AAPL: R1=336.60  R2=338.49  R3=339.10  S1=334.02  S2=332.53  S3=330.49
[replay] six-lines GOOGL: R1=354.14  R2=357.88  R3=359.44  S1=349.02  S2=348.44  S3=344.43
[replay] six-lines WMT: R1=107.62  R2=107.72  R3=107.73  S1=106.17  S2=106.15  S3=105.79
[shares] 09:32 Crabel_Stretch            IWM short 285.19 x35.1sh spread=0.35bp
[shares] 09:32 Crabel_Stretch            DIA short 518.17 x19.3sh spread=1.35bp
[shares] 09:32 Crabel_Stretch            XLI short 169.71 x58.9sh spread=4.12bp
[shares] 09:32 Crabel_Stretch            XLE long  63.68 x157.0sh spread=1.57bp
[shares] 09:33 VWAP_Reclaim              XLF long  56.18 x178.0sh spread=1.78bp
[shares] 09:33 VWAP_Reclaim              GOOGL long  351.55 x28.4sh spread=5.40bp
[shares] 09:34 Crabel_Stretch            XLK short 190.98 x52.4sh spread=2.62bp
[shares] 09:34 Crabel_Stretch            XLV long  168.02 x59.5sh spread=5.95bp
[shares] 09:34 VWAP_Reclaim              AAPL short 334.04 x29.9sh spread=2.69bp
[shares] 09:34 Crabel_Stretch            GOOGL long  353.00 x28.3sh spread=5.10bp
[shares] 09:35 PDH_PDL_Breakout          QQQ long  728.66 x13.7sh spread=0.27bp
[shares] 09:35 PDH_PDL_Breakout          IWM long  285.34 x35.0sh spread=0.70bp
[shares] 09:35 PDH_PDL_Breakout          DIA long  518.25 x19.3sh spread=0.96bp
[shares] 09:35 PDH_PDL_Breakout          XLK long  191.25 x52.3sh spread=1.05bp
[shares] 09:35 VWAP_Reclaim              XLE short 63.38 x157.8sh spread=1.58bp
[shares] 09:35 TTM_Squeeze               AAPL short 334.45 x29.9sh spread=2.99bp
[shares] 09:35 Crabel_Stretch            WMT long  106.75 x93.7sh spread=3.75bp
[shares] 09:36 CLOSE VWAP_Reclaim              XLF long  stop    net=-26.70
[shares] 09:37 CLOSE PDH_PDL_Breakout          DIA long  stop    net=-4.25
[shares] 09:38 Crabel_Stretch            AAPL short 333.57 x30.0sh spread=2.10bp
[shares] 09:39 CLOSE VWAP_Reclaim              GOOGL long  target  net=+74.81
[shares] 09:40 PDH_PDL_Breakout          SPY long  766.68 x13.0sh spread=0.26bp
[shares] 09:40 Crabel_Stretch            QQQ long  729.81 x13.7sh spread=0.14bp
[shares] 09:40 Six_Lines                 QQQ long  729.81 x13.7sh spread=0.14bp
[shares] 09:40 Six_Lines_NoCap           QQQ long  729.81 x13.7sh spread=0.14bp
[shares] 09:40 ORB_5min                  XLI short 169.30 x59.1sh spread=1.77bp
[shares] 09:40 PDH_PDL_Breakout          XLP short 82.04 x121.9sh spread=1.22bp
[shares] 09:40 Six_Lines                 XLE short 63.06 x158.6sh spread=1.59bp
[shares] 09:40 Six_Lines_NoCap           XLE short 63.06 x158.6sh spread=1.59bp
[shares] 09:40 PDH_PDL_Breakout          XLE short 63.06 x158.6sh spread=1.59bp
[shares] 09:40 PDH_PDL_Breakout          NVDA long  223.74 x44.7sh spread=2.23bp
[shares] 09:40 Six_Lines                 AAPL short 333.35 x30.0sh spread=1.20bp
[shares] 09:40 Six_Lines_NoCap           AAPL short 333.35 x30.0sh spread=1.20bp
[shares] 09:41 VWAP_Reclaim              WMT short 106.47 x93.9sh spread=2.82bp
[shares] 09:42 CLOSE PDH_PDL_Breakout          XLK long  target  net=+21.44
[shares] 09:42 CLOSE Crabel_Stretch            XLE long  stop    net=-109.92
[shares] 09:42 Crabel_Stretch            XLF short 55.88 x179.0sh spread=1.79bp
[shares] 09:42 Crabel_Stretch            NVDA long  224.07 x44.6sh spread=1.34bp
[shares] 09:43 CLOSE PDH_PDL_Breakout          IWM long  stop    net=-10.16
[shares] 09:43 ORB_5min                  XLP short 81.89 x122.1sh spread=1.22bp
[shares] 09:43 Crabel_Stretch            XLP short 81.89 x122.1sh spread=1.22bp
[shares] 09:43 CLOSE Six_Lines                 XLE short target  net=+9.51
[shares] 09:44 CLOSE PDH_PDL_Breakout          QQQ long  target  net=+23.60
[shares] 09:45 PDH_PDL_FailedBreak       IWM short 285.13 x35.1sh spread=0.35bp
[shares] 09:45 Gap_Fade                  IWM short 285.13 x35.1sh spread=0.35bp
[shares] 09:45 Gap_Fade                  DIA short 517.09 x19.3sh spread=0.77bp
[shares] 09:45 PDH_PDL_FailedBreak       XLY short 111.44 x89.7sh spread=0.90bp
[shares] 09:45 PDH_PDL_FailedBreak       XLI short 168.92 x59.2sh spread=1.78bp
[shares] 09:45 PDH_PDL_FailedBreak       XLV long  168.74 x59.3sh spread=4.15bp
[shares] 09:45 Gap_Fade                  XLV long  168.74 x59.3sh spread=4.15bp
[shares] 09:45 TTM_Squeeze               XLF short 55.81 x179.2sh spread=1.79bp
[shares] 09:45 PDH_PDL_FailedBreak       XLF short 55.81 x179.2sh spread=1.79bp
[shares] 09:45 PDH_PDL_FailedBreak       WMT long  106.36 x94.0sh spread=3.76bp
[shares] 09:46 CLOSE Six_Lines                 QQQ long  target  net=+21.79
[shares] 09:46 ORB_5min                  DIA short 516.78 x19.4sh spread=0.77bp
[shares] 09:46 CLOSE Gap_Fade                  XLV long  target  net=-17.19
[shares] 09:46 ORB_5min                  NVDA long  224.88 x44.5sh spread=1.78bp
[shares] 09:47 ORB_15min                 SPY long  767.11 x13.0sh spread=0.26bp
[shares] 09:47 ORB_15min                 QQQ long  731.40 x13.7sh spread=0.27bp
[shares] 09:47 ORB_15min                 XLK long  192.18 x52.0sh spread=1.04bp
[shares] 09:47 ORB_15min                 XLY short 111.25 x89.9sh spread=0.90bp
[shares] 09:47 CLOSE PDH_PDL_Breakout          XLP short target  net=+34.13
[shares] 09:47 ORB_15min                 XLP short 81.75 x122.3sh spread=1.22bp
[shares] 09:47 ORB_15min                 XLF short 55.78 x179.3sh spread=1.79bp
[shares] 09:47 ORB_15min                 NVDA long  224.75 x44.5sh spread=1.33bp
[shares] 09:48 Crabel_Stretch            XLY short 111.14 x90.0sh spread=0.90bp
[shares] 09:49 ORB_5min                  XLE short 63.09 x158.5sh spread=1.59bp
[shares] 09:50 Six_Lines                 XLK long  192.14 x52.0sh spread=1.04bp
[shares] 09:50 Six_Lines_NoCap           XLK long  192.14 x52.0sh spread=1.04bp
[shares] 09:50 Six_Lines                 XLP short 81.89 x122.1sh spread=1.22bp
[shares] 09:50 Six_Lines_NoCap           XLP short 81.89 x122.1sh spread=1.22bp
[shares] 09:50 CLOSE VWAP_Reclaim              AAPL short stop    net=-51.19
[shares] 09:50 CLOSE TTM_Squeeze               AAPL short stop    net=-38.87
[shares] 09:50 ORB_15min                 AAPL long  335.75 x29.8sh spread=1.79bp
[shares] 09:50 Six_Lines                 GOOGL long  354.64 x28.2sh spread=5.08bp
[shares] 09:50 Six_Lines_NoCap           GOOGL long  354.64 x28.2sh spread=5.08bp
[shares] 09:51 ORB_5min                  XLV long  168.48 x59.4sh spread=1.78bp
[shares] 09:51 ORB_5min                  AAPL long  335.77 x29.8sh spread=2.08bp
[shares] 09:52 ORB_5min                  XLF short 55.81 x179.2sh spread=1.79bp
[shares] 09:53 CLOSE PDH_PDL_Breakout          SPY long  target  net=+8.35
[shares] 09:53 Crabel_Stretch            SPY long  767.34 x13.0sh spread=0.26bp
[shares] 09:55 CLOSE Crabel_Stretch            XLK short stop    net=-78.54
[shares] 09:55 EMA_9_20_Pullback         WMT short 106.59 x93.8sh spread=2.81bp
[shares] 09:56 ORB_15min                 XLI short 168.78 x59.2sh spread=1.18bp
[shares] 10:00 Six_Lines                 SPY long  767.69 x13.0sh spread=0.13bp
[shares] 10:00 Six_Lines_NoCap           SPY long  767.69 x13.0sh spread=0.13bp
[shares] 10:00 Six_Lines                 XLI short 168.87 x59.2sh spread=1.18bp
[shares] 10:00 Six_Lines_NoCap           XLI short 168.87 x59.2sh spread=1.18bp
[shares] 10:00 CLOSE Six_Lines                 AAPL short trail   net=-75.60
[shares] 10:00 CLOSE Six_Lines_NoCap           AAPL short trail   net=-75.60
[shares] 10:01 IntradayMomentumBoundary  SPY long  767.59 x13.0sh spread=0.26bp
[shares] 10:01 IntradayMomentumBoundary  QQQ long  732.63 x13.6sh spread=0.27bp
[shares] 10:01 IntradayMomentumBoundary  XLK long  192.47 x52.0sh spread=1.04bp
[shares] 10:01 ORB_5min                  XLY short 111.40 x89.8sh spread=0.90bp
[shares] 10:01 IntradayMomentumBoundary  XLI short 168.89 x59.2sh spread=1.18bp
[shares] 10:01 ORB_15min                 XLV long  168.76 x59.3sh spread=1.78bp
[shares] 10:01 VWAP_Reclaim              GOOGL short 352.83 x28.3sh spread=2.55bp
[shares] 10:01 CLOSE PDH_PDL_FailedBreak       WMT long  target  net=+47.01
[shares] 10:03 CLOSE IntradayMomentumBoundary  XLK long  trail   net=-3.64
[shares] 10:03 CLOSE IntradayMomentumBoundary  XLI short trail   net=-5.33
[shares] 10:03 CLOSE VWAP_Reclaim              XLE short target  net=+75.73
[shares] 10:03 ORB_15min                 XLE short 62.89 x159.0sh spread=1.59bp
[shares] 10:03 VWAP_Reclaim              NVDA short 223.36 x44.8sh spread=0.90bp
[shares] 10:04 CLOSE ORB_15min                 NVDA long  stop    net=-82.31
[shares] 10:05 CLOSE PDH_PDL_Breakout          NVDA long  stop    net=-36.65
[shares] 10:06 CLOSE IntradayMomentumBoundary  SPY long  trail   net=-5.08
[shares] 10:06 CLOSE Crabel_Stretch            AAPL short stop    net=-98.03
[shares] 10:08 CLOSE VWAP_Reclaim              GOOGL short stop    net=-54.70
[shares] 10:09 ORB_5min                  GOOGL long  355.17 x28.2sh spread=2.53bp
[shares] 10:10 PDH_PDL_FailedBreak       NVDA short 222.66 x44.9sh spread=0.90bp
[shares] 10:10 CLOSE Six_Lines                 GOOGL long  target  net=+3.95
[shares] 10:12 ORB_15min                 GOOGL long  355.23 x28.2sh spread=1.97bp
[shares] 10:13 ORB_5min                  XLK long  192.28 x52.0sh spread=1.56bp
[shares] 10:14 CLOSE ORB_15min                 XLY short stop    net=-39.55
[shares] 10:17 CLOSE Six_Lines                 XLK long  target  net=+19.26
[shares] 10:18 VWAP_Reclaim              XLP long  82.00 x122.0sh spread=1.22bp
[shares] 10:19 CLOSE ORB_15min                 SPY long  target  net=+17.08
[shares] 10:19 CLOSE VWAP_Reclaim              WMT short stop    net=-55.41
[shares] 10:19 CLOSE EMA_9_20_Pullback         WMT short stop    net=-44.09
[shares] 10:19 ORB_5min                  WMT long  107.06 x93.4sh spread=2.80bp
[shares] 10:19 ORB_15min                 WMT long  107.06 x93.4sh spread=2.80bp
[shares] 10:20 Six_Lines                 XLY long  111.74 x89.5sh spread=0.89bp
[shares] 10:20 Six_Lines_NoCap           XLY long  111.74 x89.5sh spread=0.89bp
[shares] 10:20 CLOSE Six_Lines                 XLI short trail   net=-20.73
[shares] 10:20 CLOSE Six_Lines_NoCap           XLI short trail   net=-20.73
[shares] 10:21 CLOSE ORB_15min                 XLP short stop    net=-36.70
[shares] 10:23 CLOSE Crabel_Stretch            XLY short stop    net=-63.88
[shares] 10:23 VWAP_Reclaim              XLI long  169.39 x59.0sh spread=1.77bp
[shares] 10:26 CLOSE TTM_Squeeze               XLF short stop    net=-23.29
[shares] 10:29 CLOSE Six_Lines                 SPY long  target  net=+18.63
[shares] 10:30 MOMO_CHASE                SPY long  769.02 x13.0sh spread=0.13bp
[shares] 10:30 MOMO_CHASE                QQQ long  734.98 x13.6sh spread=0.14bp
[shares] 10:30 MOMO_CHASE                IWM long  286.01 x35.0sh spread=0.35bp
[shares] 10:30 MOMO_CHASE                DIA long  518.23 x19.3sh spread=0.58bp
[shares] 10:30 MOMO_CHASE                XLK long  192.86 x51.9sh spread=1.04bp
[shares] 10:30 MOMO_CHASE                XLI long  169.39 x59.0sh spread=0.59bp
[shares] 10:31 IntradayMomentumBoundary  SPY long  769.12 x13.0sh spread=0.13bp
[shares] 10:31 IntradayMomentumBoundary  XLK long  192.91 x51.8sh spread=0.52bp
[shares] 10:31 IntradayMomentumBoundary  GOOGL long  356.22 x28.1sh spread=3.09bp
[shares] 10:37 CLOSE ORB_15min                 QQQ long  target  net=+57.97
[shares] 10:40 CLOSE Six_Lines                 XLY long  trail   net=-8.95
[shares] 10:40 CLOSE Six_Lines_NoCap           XLY long  trail   net=-8.95
[shares] 10:40 CLOSE Six_Lines                 XLP short trail   net=-20.76
[shares] 10:40 CLOSE Six_Lines_NoCap           XLP short trail   net=-20.76
[shares] 10:40 MOMO_CHASE                AAPL long  337.84 x29.6sh spread=0.89bp
[shares] 10:44 CLOSE VWAP_Reclaim              NVDA short stop    net=-47.46
[shares] 10:50 CLOSE ORB_15min                 XLI short stop    net=-47.40
[shares] 10:50 EMA_9_20_Pullback         XLV long  168.85 x59.2sh spread=1.18bp
[shares] 10:55 CLOSE MOMO_CHASE                SPY long  time    net=+2.08
[shares] 10:55 CLOSE MOMO_CHASE                QQQ long  time    net=+2.59
[shares] 10:55 CLOSE MOMO_CHASE                IWM long  time    net=-11.89
[shares] 10:55 CLOSE MOMO_CHASE                DIA long  time    net=-1.54
[shares] 10:55 CLOSE MOMO_CHASE                XLK long  time    net=+1.56
[shares] 10:55 CLOSE MOMO_CHASE                XLI long  time    net=+5.31
[shares] 10:59 CLOSE PDH_PDL_FailedBreak       NVDA short stop    net=-101.95
[shares] 11:00 Six_Lines                 NVDA long  224.98 x44.4sh spread=1.33bp
[shares] 11:00 Six_Lines_NoCap           NVDA long  224.98 x44.4sh spread=1.33bp
[shares] 11:01 IntradayMomentumBoundary  XLE short 62.66 x159.6sh spread=1.60bp
[shares] 11:01 IntradayMomentumBoundary  NVDA long  225.06 x44.4sh spread=0.89bp
[shares] 11:04 CLOSE IntradayMomentumBoundary  XLE short trail   net=-12.77
[shares] 11:05 CLOSE Six_Lines                 NVDA long  target  net=+15.56
[shares] 11:05 MOMO_CHASE                NVDA long  225.35 x44.4sh spread=0.89bp
[shares] 11:05 CLOSE MOMO_CHASE                AAPL long  time    net=-24.57
[shares] 11:09 CLOSE VWAP_Reclaim              XLI long  target  net=+24.79
[shares] 11:10 MOMO_CHASE                XLI long  169.75 x58.9sh spread=1.18bp
[shares] 11:20 PDH_PDL_Breakout          XLI long  170.02 x58.8sh spread=0.59bp
[shares] 11:20 MOMO_CHASE                AAPL long  337.89 x29.6sh spread=0.59bp
[shares] 11:29 CLOSE EMA_9_20_Pullback         XLV long  stop    net=-15.40
[shares] 11:30 CLOSE Six_Lines_NoCap           NVDA long  trail   net=-5.33
[shares] 11:30 CLOSE MOMO_CHASE                NVDA long  time    net=-21.74
[shares] 11:31 IntradayMomentumBoundary  XLE short 62.63 x159.7sh spread=1.60bp
[shares] 11:35 CLOSE MOMO_CHASE                XLI long  time    net=+14.14
[shares] 11:40 CLOSE IntradayMomentumBoundary  XLE short trail   net=-14.37
[shares] 11:45 CLOSE MOMO_CHASE                AAPL long  time    net=-1.18
[shares] 11:45 MOMO_CHASE                AAPL long  337.88 x29.6sh spread=0.89bp
[shares] 11:48 CLOSE ORB_15min                 XLK long  target  net=+75.45
[shares] 11:49 CLOSE ORB_15min                 AAPL long  target  net=+79.23
[shares] 11:50 MOMO_CHASE                XLY long  111.86 x89.4sh spread=0.89bp
[shares] 11:50 PDH_PDL_Breakout          XLY long  111.86 x89.4sh spread=0.89bp
[shares] 12:01 CLOSE PDH_PDL_Breakout          XLY long  stop    net=-9.83
[shares] 12:08 CLOSE PDH_PDL_FailedBreak       XLY short stop    net=-58.33
[shares] 12:08 CLOSE ORB_5min                  XLY short stop    net=-61.94
[shares] 12:08 CLOSE PDH_PDL_Breakout          XLI long  target  net=+15.88
[shares] 12:10 MOMO_CHASE                DIA long  519.11 x19.3sh spread=0.58bp
[shares] 12:10 CLOSE ORB_5min                  XLI short stop    net=-68.52
[shares] 12:10 CLOSE PDH_PDL_FailedBreak       XLI short stop    net=-91.17
[shares] 12:10 MOMO_CHASE                XLI long  170.46 x58.7sh spread=1.17bp
[shares] 12:10 MOMO_CHASE                XLP long  82.24 x121.6sh spread=1.22bp
[shares] 12:10 CLOSE MOMO_CHASE                AAPL long  time    net=+15.39
[shares] 12:15 CLOSE MOMO_CHASE                XLY long  time    net=+15.20
[shares] 12:15 MOMO_CHASE                XLY long  112.04 x89.3sh spread=0.89bp
[shares] 12:18 CLOSE ORB_5min                  AAPL long  target  net=+94.41
[shares] 12:20 TTM_Squeeze               DIA long  519.01 x19.3sh spread=0.39bp
[shares] 12:20 TTM_Squeeze               XLF long  55.92 x178.8sh spread=1.79bp
[shares] 12:20 PDH_PDL_Breakout          AAPL long  338.92 x29.5sh spread=1.77bp
[shares] 12:25 PDH_PDL_FailedBreak       AAPL short 338.48 x29.5sh spread=0.30bp
[shares] 12:31 IntradayMomentumBoundary  XLY long  112.17 x89.2sh spread=0.89bp
[shares] 12:31 IntradayMomentumBoundary  XLE short 62.63 x159.7sh spread=1.60bp
[shares] 12:31 IntradayMomentumBoundary  WMT long  107.58 x93.0sh spread=0.93bp
[shares] 12:35 CLOSE MOMO_CHASE                DIA long  time    net=+3.08
[shares] 12:35 CLOSE MOMO_CHASE                XLI long  time    net=+8.21
[shares] 12:35 CLOSE MOMO_CHASE                XLP long  time    net=-1.22
[shares] 12:35 MOMO_CHASE                NVDA long  226.26 x44.2sh spread=0.44bp
[shares] 12:38 CLOSE VWAP_Reclaim              XLP long  target  net=+32.93
[shares] 12:39 CLOSE IntradayMomentumBoundary  WMT long  trail   net=-6.51
[shares] 12:40 MOMO_CHASE                DIA long  519.17 x19.3sh spread=0.77bp
[shares] 12:40 CLOSE MOMO_CHASE                XLY long  time    net=+11.60
[shares] 12:40 MOMO_CHASE                XLY long  112.18 x89.1sh spread=0.89bp
[shares] 12:43 CLOSE PDH_PDL_FailedBreak       AAPL short stop    net=-17.73
[shares] 12:50 TTM_Squeeze               WMT long  107.55 x93.0sh spread=0.93bp
[shares] 13:00 CLOSE MOMO_CHASE                NVDA long  time    net=+0.88
[shares] 13:01 IntradayMomentumBoundary  WMT long  107.59 x92.9sh spread=0.93bp
[shares] 13:05 CLOSE TTM_Squeeze               DIA long  bars    net=+2.31
[shares] 13:05 CLOSE MOMO_CHASE                DIA long  time    net=-0.77
[shares] 13:05 CLOSE MOMO_CHASE                XLY long  time    net=-5.35
[shares] 13:05 CLOSE TTM_Squeeze               XLF long  bars    net=+1.79
[shares] 13:05 MOMO_CHASE                NVDA long  226.53 x44.1sh spread=0.44bp
[shares] 13:10 TTM_Squeeze               IWM short 285.68 x35.0sh spread=0.35bp
[shares] 13:14 CLOSE ORB_15min                 XLF short stop    net=-41.23
[shares] 13:15 MOMO_CHASE                XLF long  56.02 x178.5sh spread=1.79bp
[shares] 13:15 PDH_PDL_Breakout          XLF long  56.02 x178.5sh spread=1.79bp
[shares] 13:19 CLOSE ORB_5min                  XLP short stop    net=-50.07
[shares] 13:19 CLOSE Crabel_Stretch            XLP short stop    net=-50.07
[shares] 13:20 Six_Lines                 XLV long  169.08 x59.1sh spread=1.18bp
[shares] 13:20 Six_Lines_NoCap           XLV long  169.08 x59.1sh spread=1.18bp
[shares] 13:20 Six_Lines                 WMT long  107.73 x92.8sh spread=1.86bp
[shares] 13:20 Six_Lines_NoCap           WMT long  107.73 x92.8sh spread=1.86bp
[shares] 13:20 PDH_PDL_FailedBreak       WMT short 107.71 x92.8sh spread=1.86bp
[shares] 13:22 CLOSE PDH_PDL_FailedBreak       WMT short stop    net=-4.64
[shares] 13:25 TTM_Squeeze               XLV long  169.13 x59.1sh spread=0.59bp
[shares] 13:25 PDH_PDL_Breakout          XLV long  169.13 x59.1sh spread=0.59bp
[shares] 13:28 CLOSE PDH_PDL_Breakout          XLV long  stop    net=-3.55
[shares] 13:30 CLOSE IntradayMomentumBoundary  XLE short trail   net=-12.77
[shares] 13:30 CLOSE MOMO_CHASE                NVDA long  time    net=+29.14
[shares] 13:31 IntradayMomentumBoundary  XLV long  169.07 x59.1sh spread=1.18bp
[shares] 13:31 CLOSE PDH_PDL_Breakout          XLF long  stop    net=-8.93
[shares] 13:35 MOMO_CHASE                IWM short 285.44 x35.0sh spread=0.35bp
[shares] 13:35 MOMO_CHASE                XLE long  62.72 x159.4sh spread=1.59bp
[shares] 13:35 CLOSE TTM_Squeeze               WMT long  bars    net=-0.93
[shares] 13:40 CLOSE Six_Lines                 XLV long  trail   net=-8.28
[shares] 13:40 CLOSE Six_Lines_NoCap           XLV long  trail   net=-8.28
[shares] 13:40 CLOSE MOMO_CHASE                XLF long  time    net=-17.85
[shares] 13:40 CLOSE PDH_PDL_Breakout          AAPL long  stop    net=-18.29
[shares] 13:40 CLOSE Six_Lines                 WMT long  trail   net=-17.64
[shares] 13:40 CLOSE Six_Lines_NoCap           WMT long  trail   net=-17.64
[shares] 13:46 CLOSE IntradayMomentumBoundary  WMT long  trail   net=-11.15
[shares] 13:50 TTM_Squeeze               XLP short 82.09 x121.8sh spread=1.22bp
[shares] 13:50 TTM_Squeeze               WMT short 107.41 x93.1sh spread=0.93bp
[shares] 13:55 CLOSE TTM_Squeeze               IWM short bars    net=+2.10
[shares] 14:00 CLOSE MOMO_CHASE                IWM short time    net=-6.31
[shares] 14:00 CLOSE MOMO_CHASE                XLE long  time    net=+12.76
[shares] 14:00 TTM_Squeeze               AAPL short 338.20 x29.6sh spread=0.30bp
[shares] 14:05 MOMO_CHASE                IWM long  285.65 x35.0sh spread=0.35bp
[shares] 14:05 MOMO_CHASE                XLE long  62.86 x159.1sh spread=1.59bp
[shares] 14:06 CLOSE TTM_Squeeze               XLP short stop    net=-13.40
[shares] 14:10 TTM_Squeeze               XLY long  112.32 x89.0sh spread=0.89bp
[shares] 14:10 CLOSE TTM_Squeeze               XLV long  bars    net=+15.37
[shares] 14:19 CLOSE ORB_5min                  XLK long  target  net=+101.93
[shares] 14:25 MOMO_CHASE                SPY long  773.83 x12.9sh spread=0.26bp
[shares] 14:25 MOMO_CHASE                QQQ long  740.59 x13.5sh spread=0.27bp
[shares] 14:25 MOMO_CHASE                XLK long  194.33 x51.5sh spread=0.51bp
[shares] 14:26 CLOSE TTM_Squeeze               AAPL short stop    net=-20.99
[shares] 14:30 CLOSE MOMO_CHASE                IWM long  time    net=+17.85
[shares] 14:30 CLOSE MOMO_CHASE                XLE long  time    net=+14.32
[shares] 14:32 CLOSE Gap_Fade                  DIA short stop    net=-55.12
[shares] 14:32 CLOSE ORB_5min                  DIA short stop    net=-61.15
[shares] 14:32 CLOSE IntradayMomentumBoundary  GOOGL long  trail   net=-36.78
[shares] 14:35 CLOSE TTM_Squeeze               WMT short bars    net=-6.52
[shares] 14:45 TTM_Squeeze               GOOGL short 355.02 x28.2sh spread=1.13bp
[shares] 14:50 CLOSE MOMO_CHASE                SPY long  time    net=+6.59
[shares] 14:50 CLOSE MOMO_CHASE                QQQ long  time    net=+5.27
[shares] 14:50 CLOSE MOMO_CHASE                XLK long  time    net=+9.78
[shares] 14:52 CLOSE PDH_PDL_FailedBreak       IWM short stop    net=-42.44
[shares] 14:52 CLOSE Gap_Fade                  IWM short stop    net=-42.44
[shares] 14:55 CLOSE TTM_Squeeze               XLY long  bars    net=+14.25
[shares] 15:08 VWAP_Reclaim              XLE short 62.82 x159.2sh spread=1.59bp
[shares] 15:10 CLOSE VWAP_Reclaim              XLE short target  net=+14.33
[shares] 15:20 Six_Lines                 IWM long  286.32 x34.9sh spread=0.35bp
[shares] 15:20 Six_Lines_NoCap           IWM long  286.32 x34.9sh spread=0.35bp
[shares] 15:30 CLOSE TTM_Squeeze               GOOGL short stop    net=-32.67
[shares] 15:31 IntradayMomentumBoundary  XLE short 62.38 x160.3sh spread=0.00bp
[shares] 15:31 IntradayMomentumBoundary  AAPL long  339.25 x29.5sh spread=0.59bp
[shares] 15:31 IntradayMomentumBoundary  GOOGL long  356.49 x28.1sh spread=1.12bp
[shares] 15:47 CLOSE IntradayMomentumBoundary  XLV long  trail   net=-10.06
[shares] 15:50 CLOSE Six_Lines                 IWM long  trail   net=-9.78
[shares] 15:50 CLOSE Six_Lines_NoCap           IWM long  trail   net=-9.78
[shares] 15:56 CLOSE Crabel_Stretch            SPY long  eod     net=+83.27
[shares] 15:56 CLOSE Six_Lines_NoCap           SPY long  eod     net=+78.68
[shares] 15:56 CLOSE IntradayMomentumBoundary  SPY long  eod     net=+59.94
[shares] 15:56 CLOSE Crabel_Stretch            QQQ long  eod     net=+164.29
[shares] 15:56 CLOSE Six_Lines_NoCap           QQQ long  eod     net=+164.29
[shares] 15:56 CLOSE IntradayMomentumBoundary  QQQ long  eod     net=+125.17
[shares] 15:56 CLOSE Crabel_Stretch            IWM short eod     net=-17.18
[shares] 15:56 CLOSE Crabel_Stretch            DIA short eod     net=-33.58
[shares] 15:56 CLOSE Six_Lines_NoCap           XLK long  eod     net=+145.73
[shares] 15:56 CLOSE IntradayMomentumBoundary  XLK long  eod     net=+105.23
[shares] 15:56 CLOSE IntradayMomentumBoundary  XLY long  eod     net=+0.00
[shares] 15:56 CLOSE Crabel_Stretch            XLI short eod     net=-18.27
[shares] 15:56 CLOSE Crabel_Stretch            XLV long  eod     net=+58.92
[shares] 15:56 CLOSE PDH_PDL_FailedBreak       XLV long  eod     net=+16.00
[shares] 15:56 CLOSE ORB_5min                  XLV long  eod     net=+31.46
[shares] 15:56 CLOSE ORB_15min                 XLV long  eod     net=+14.81
[shares] 15:56 CLOSE Six_Lines_NoCap           XLE short eod     net=+87.22
[shares] 15:56 CLOSE PDH_PDL_Breakout          XLE short eod     net=+87.22
[shares] 15:56 CLOSE ORB_5min                  XLE short eod     net=+91.93
[shares] 15:56 CLOSE ORB_15min                 XLE short eod     net=+60.42
[shares] 15:56 CLOSE IntradayMomentumBoundary  XLE short eod     net=-20.84
[shares] 15:56 CLOSE Crabel_Stretch            XLF short eod     net=-5.37
[shares] 15:56 CLOSE PDH_PDL_FailedBreak       XLF short eod     net=-17.92
[shares] 15:56 CLOSE ORB_5min                  XLF short eod     net=-17.92
[shares] 15:56 CLOSE Crabel_Stretch            NVDA long  eod     net=+141.03
[shares] 15:56 CLOSE ORB_5min                  NVDA long  eod     net=+104.50
[shares] 15:56 CLOSE IntradayMomentumBoundary  NVDA long  eod     net=+96.42
[shares] 15:56 CLOSE IntradayMomentumBoundary  AAPL long  eod     net=-2.06
[shares] 15:56 CLOSE Crabel_Stretch            GOOGL long  eod     net=+58.92
[shares] 15:56 CLOSE Six_Lines_NoCap           GOOGL long  eod     net=+12.41
[shares] 15:56 CLOSE ORB_5min                  GOOGL long  eod     net=-2.53
[shares] 15:56 CLOSE ORB_15min                 GOOGL long  eod     net=-4.22
[shares] 15:56 CLOSE IntradayMomentumBoundary  GOOGL long  trail   net=-39.55
[shares] 15:56 CLOSE Crabel_Stretch            WMT long  eod     net=+53.40
[shares] 15:56 CLOSE ORB_5min                  WMT long  eod     net=+24.29
[shares] 15:56 CLOSE ORB_15min                 WMT long  eod     net=+24.29
[shares] daily: 161 trades, net $+426.45
