[replay shares] 2026-09-04 -- config 7c6414fc549315f3 -- history-backed, no outages; NOT the prospective record
[shares] warmup SPY: 25 prior sessions, stretch=1.2817400000000134
[shares] warmup QQQ: 25 prior sessions, stretch=1.8523799999999824
[shares] warmup IWM: 25 prior sessions, stretch=0.463999999999993
[shares] warmup DIA: 25 prior sessions, stretch=0.6399999999999864
[shares] warmup XLK: 25 prior sessions, stretch=0.5564199999999999
[shares] warmup XLY: 25 prior sessions, stretch=0.24200000000000016
[shares] warmup XLI: 25 prior sessions, stretch=0.2855000000000075
[shares] warmup XLV: 25 prior sessions, stretch=0.40751999999999955
[shares] warmup XLP: 25 prior sessions, stretch=0.18499999999999944
[shares] warmup XLE: 25 prior sessions, stretch=0.3016999999999982
[shares] warmup XLF: 25 prior sessions, stretch=0.11799999999999997
[shares] warmup NVDA: 25 prior sessions, stretch=1.1770000000000038
[shares] warmup AAPL: 25 prior sessions, stretch=1.4629400000000032
[shares] warmup GOOGL: 25 prior sessions, stretch=0.9370000000000062
[shares] warmup WMT: 25 prior sessions, stretch=0.3844999999999999
[replay] six-lines SPY: R1=768.00  R2=774.03  R3=774.27  S1=768.19  S2=767.45  S3=762.35
[replay] six-lines QQQ: R1=711.87  R2=718.91  R3=722.08  S1=711.25  S2=709.69  S3=705.90
[replay] six-lines IWM: R1=295.92  R2=296.18  R3=296.44  S1=293.43  S2=293.24  S3=292.98
[replay] six-lines DIA: R1=534.28  R2=537.25  R3=537.62  S1=534.90  S2=532.94  S3=530.53
[replay] six-lines XLK: R1=184.21  R2=186.32  R3=187.60  S1=185.94  S2=182.49  S3=181.50
[replay] six-lines XLY: R1=115.85  R2=116.86  R3=117.06  S1=115.83  S2=115.24  S3=114.73
[replay] six-lines XLI: R1=174.07  R2=174.55  R3=175.52  S1=174.18  S2=172.37  S3=172.02
[replay] six-lines XLV: R1=174.01  R2=174.16  R3=174.40  S1=172.81  S2=171.38  S3=171.27
[replay] six-lines XLP: R1=85.44  R2=85.64  R3=85.95  S1=85.12  S2=84.78  S3=84.77
[replay] six-lines XLE: R1=65.09  R2=65.52  R3=65.60  S1=64.58  S2=64.36  S3=64.05
[replay] six-lines XLF: R1=58.07  R2=58.60  R3=58.60  S1=58.00  S2=57.99  S3=57.64
[replay] six-lines NVDA: R1=227.44  R2=230.40  R3=232.49  S1=228.45  S2=224.75  S3=217.44
[replay] six-lines AAPL: R1=326.88  R2=329.00  R3=330.81  S1=324.82  S2=324.11  S3=323.33
[replay] six-lines GOOGL: R1=341.04  R2=343.95  R3=344.68  S1=340.64  S2=340.06  S3=333.93
[replay] six-lines WMT: R1=106.59  R2=108.92  R3=109.35  S1=106.74  S2=106.02  S3=105.81
[shares] 09:32 Crabel_Stretch            DIA long  536.07 x18.7sh spread=1.31bp
[shares] 09:32 Crabel_Stretch            XLV long  172.50 x58.0sh spread=6.38bp
[shares] 09:32 Crabel_Stretch            XLP long  85.06 x117.6sh spread=3.53bp
[shares] 09:32 Crabel_Stretch            XLF long  58.24 x171.7sh spread=1.72bp
[shares] 09:32 Crabel_Stretch            WMT long  108.90 x91.8sh spread=6.43bp
[shares] 09:33 VWAP_Reclaim              XLE short 63.98 x156.3sh spread=3.13bp
[shares] 09:33 VWAP_Reclaim              XLF short 58.14 x172.0sh spread=1.72bp
[shares] 09:34 Crabel_Stretch            IWM long  294.46 x34.0sh spread=0.68bp
[shares] 09:34 VWAP_Reclaim              XLI long  174.91 x57.2sh spread=4.57bp
[shares] 09:34 Crabel_Stretch            XLI long  174.91 x57.2sh spread=4.57bp
[shares] 09:34 VWAP_Reclaim              AAPL short 327.28 x30.6sh spread=3.06bp
[shares] 09:34 Crabel_Stretch            GOOGL short 341.01 x29.3sh spread=2.64bp
[shares] 09:35 PDH_PDL_Breakout          QQQ long  720.47 x13.9sh spread=0.28bp
[shares] 09:35 TTM_Squeeze               DIA short 535.82 x18.7sh spread=1.12bp
[shares] 09:35 TTM_Squeeze               XLI long  175.05 x57.1sh spread=2.29bp
[shares] 09:35 PDH_PDL_Breakout          XLI long  175.05 x57.1sh spread=2.29bp
[shares] 09:35 TTM_Squeeze               XLV short 171.82 x58.2sh spread=4.66bp
[shares] 09:35 TTM_Squeeze               XLE short 63.78 x156.8sh spread=1.57bp
[shares] 09:35 PDH_PDL_Breakout          XLE short 63.78 x156.8sh spread=1.57bp
[shares] 09:35 Crabel_Stretch            NVDA long  232.44 x43.0sh spread=1.72bp
[shares] 09:35 TTM_Squeeze               GOOGL short 341.13 x29.3sh spread=4.40bp
[shares] 09:36 Crabel_Stretch            AAPL short 326.50 x30.6sh spread=2.76bp
[shares] 09:37 CLOSE TTM_Squeeze               XLI long  stop    net=-25.71
[shares] 09:37 CLOSE TTM_Squeeze               XLV short stop    net=-29.10
[shares] 09:38 VWAP_Reclaim              XLP short 84.96 x117.7sh spread=1.18bp
[shares] 09:39 VWAP_Reclaim              IWM short 293.92 x34.0sh spread=1.02bp
[shares] 09:39 VWAP_Reclaim              XLV short 171.95 x58.2sh spread=4.07bp
[shares] 09:39 Crabel_Stretch            XLE short 63.58 x157.3sh spread=1.57bp
[shares] 09:40 TTM_Squeeze               IWM short 294.12 x34.0sh spread=0.68bp
[shares] 09:40 PDH_PDL_Breakout          XLY short 115.30 x86.7sh spread=0.87bp
[shares] 09:40 Six_Lines                 XLI long  174.72 x57.2sh spread=3.43bp
[shares] 09:40 Six_Lines_NoCap           XLI long  174.72 x57.2sh spread=3.43bp
[shares] 09:40 CLOSE VWAP_Reclaim              XLE short target  net=+73.46
[shares] 09:40 Six_Lines                 XLF long  58.14 x172.0sh spread=1.72bp
[shares] 09:40 Six_Lines_NoCap           XLF long  58.14 x172.0sh spread=1.72bp
[shares] 09:40 Six_Lines                 NVDA long  233.28 x42.9sh spread=0.86bp
[shares] 09:40 Six_Lines_NoCap           NVDA long  233.28 x42.9sh spread=0.86bp
[shares] 09:41 CLOSE PDH_PDL_Breakout          XLY short stop    net=+6.07
[shares] 09:41 CLOSE Six_Lines                 NVDA long  target  net=+9.43
[shares] 09:41 CLOSE TTM_Squeeze               GOOGL short stop    net=-19.35
[shares] 09:42 CLOSE TTM_Squeeze               XLE short target  net=+51.74
[shares] 09:42 ORB_5min                  XLE short 63.44 x157.6sh spread=1.58bp
[shares] 09:43 CLOSE VWAP_Reclaim              IWM short stop    net=-29.94
[shares] 09:43 CLOSE TTM_Squeeze               IWM short stop    net=-23.12
[shares] 09:43 CLOSE VWAP_Reclaim              XLP short stop    net=-16.48
[shares] 09:43 CLOSE VWAP_Reclaim              AAPL short target  net=+82.80
[shares] 09:43 ORB_5min                  AAPL short 324.51 x30.8sh spread=1.85bp
[shares] 09:44 ORB_5min                  QQQ long  720.70 x13.9sh spread=0.56bp
[shares] 09:44 ORB_5min                  GOOGL short 340.71 x29.4sh spread=2.35bp
[shares] 09:45 ORB_5min                  IWM long  294.80 x33.9sh spread=0.68bp
[shares] 09:45 Gap_Fade                  IWM long  294.80 x33.9sh spread=0.68bp
[shares] 09:45 ORB_5min                  XLY short 115.02 x86.9sh spread=1.74bp
[shares] 09:45 Gap_Fade                  XLV long  172.21 x58.1sh spread=2.32bp
[shares] 09:45 ORB_5min                  XLP long  85.16 x117.4sh spread=1.17bp
[shares] 09:45 PDH_PDL_FailedBreak       XLP long  85.16 x117.4sh spread=1.17bp
[shares] 09:45 Gap_Fade                  XLP long  85.16 x117.4sh spread=1.17bp
[shares] 09:45 Gap_Fade                  XLF long  58.11 x172.1sh spread=1.72bp
[shares] 09:45 EMA_9_20_Pullback         GOOGL short 341.01 x29.3sh spread=2.35bp
[shares] 09:46 CLOSE Six_Lines                 XLI long  target  net=+24.61
[shares] 09:46 ORB_5min                  XLI long  175.21 x57.1sh spread=3.42bp
[shares] 09:47 ORB_15min                 XLI long  175.24 x57.1sh spread=2.85bp
[shares] 09:47 CLOSE Gap_Fade                  XLP long  target  net=+8.22
[shares] 09:47 ORB_15min                 XLP long  85.24 x117.3sh spread=1.17bp
[shares] 09:48 ORB_15min                 NVDA long  233.97 x42.7sh spread=1.28bp
[shares] 09:48 ORB_15min                 AAPL short 323.61 x30.9sh spread=1.55bp
[shares] 09:49 ORB_15min                 IWM long  295.11 x33.9sh spread=0.34bp
[shares] 09:49 ORB_5min                  NVDA long  233.75 x42.8sh spread=0.86bp
[shares] 09:50 EMA_9_20_Pullback         QQQ long  720.49 x13.9sh spread=0.42bp
[shares] 09:50 CLOSE Gap_Fade                  IWM long  target  net=+9.50
[shares] 09:50 Six_Lines                 XLK long  187.71 x53.3sh spread=1.07bp
[shares] 09:50 Six_Lines_NoCap           XLK long  187.71 x53.3sh spread=1.07bp
[shares] 09:50 Six_Lines                 XLY short 115.01 x86.9sh spread=0.87bp
[shares] 09:50 Six_Lines_NoCap           XLY short 115.01 x86.9sh spread=0.87bp
[shares] 09:50 PDH_PDL_Breakout          NVDA long  234.10 x42.7sh spread=0.43bp
[shares] 09:50 Six_Lines                 AAPL short 323.90 x30.9sh spread=1.54bp
[shares] 09:50 Six_Lines_NoCap           AAPL short 323.90 x30.9sh spread=1.54bp
[shares] 09:50 PDH_PDL_Breakout          AAPL short 323.90 x30.9sh spread=1.54bp
[shares] 09:50 ORB_15min                 GOOGL short 340.47 x29.4sh spread=1.47bp
[shares] 09:50 Six_Lines                 GOOGL short 340.47 x29.4sh spread=1.47bp
[shares] 09:50 Six_Lines_NoCap           GOOGL short 340.47 x29.4sh spread=1.47bp
[shares] 09:51 ORB_15min                 XLK long  187.93 x53.2sh spread=1.60bp
[shares] 09:51 Crabel_Stretch            XLK long  187.93 x53.2sh spread=1.60bp
[shares] 09:51 ORB_15min                 XLY short 114.85 x87.1sh spread=0.87bp
[shares] 09:51 Crabel_Stretch            XLY short 114.85 x87.1sh spread=0.87bp
[shares] 09:51 VWAP_Reclaim              WMT short 108.68 x92.0sh spread=2.76bp
[shares] 09:52 CLOSE Six_Lines                 AAPL short target  net=+13.58
[shares] 09:52 CLOSE Six_Lines                 GOOGL short target  net=+17.92
[shares] 09:54 ORB_15min                 QQQ long  720.88 x13.9sh spread=0.55bp
[shares] 09:54 ORB_5min                  XLK long  187.91 x53.2sh spread=0.53bp
[shares] 09:55 PDH_PDL_Breakout          XLK long  187.91 x53.2sh spread=1.06bp
[shares] 09:55 PDH_PDL_FailedBreak       AAPL long  324.20 x30.8sh spread=0.93bp
[shares] 09:56 Crabel_Stretch            QQQ long  721.49 x13.9sh spread=0.28bp
[shares] 09:57 CLOSE Six_Lines                 XLK long  target  net=+18.11
[shares] 09:58 CLOSE Gap_Fade                  XLV long  stop    net=-50.52
[shares] 09:58 ORB_15min                 XLV short 171.34 x58.4sh spread=1.17bp
[shares] 09:59 CLOSE VWAP_Reclaim              XLV short target  net=+38.96
[shares] 09:59 CLOSE ORB_15min                 XLP long  stop    net=-34.02
[shares] 10:00 ORB_5min                  XLV short 171.34 x58.4sh spread=0.58bp
[shares] 10:00 Six_Lines                 XLV short 171.34 x58.4sh spread=0.58bp
[shares] 10:00 Six_Lines_NoCap           XLV short 171.34 x58.4sh spread=0.58bp
[shares] 10:00 CLOSE Six_Lines                 XLF long  trail   net=-18.92
[shares] 10:00 CLOSE Six_Lines_NoCap           XLF long  trail   net=-18.92
[shares] 10:00 CLOSE Gap_Fade                  XLF long  stop    net=-13.77
[shares] 10:00 VWAP_Reclaim              GOOGL long  341.60 x29.3sh spread=3.22bp
[shares] 10:00 PDH_PDL_FailedBreak       GOOGL long  341.60 x29.3sh spread=3.22bp
[shares] 10:01 IntradayMomentumBoundary  QQQ long  721.64 x13.9sh spread=0.42bp
[shares] 10:01 IntradayMomentumBoundary  XLK long  187.99 x53.2sh spread=1.60bp
[shares] 10:01 IntradayMomentumBoundary  XLY short 114.95 x87.0sh spread=0.87bp
[shares] 10:01 IntradayMomentumBoundary  XLE short 63.68 x157.0sh spread=1.57bp
[shares] 10:01 IntradayMomentumBoundary  NVDA long  234.07 x42.7sh spread=0.43bp
[shares] 10:01 CLOSE PDH_PDL_FailedBreak       AAPL long  stop    net=-38.25
[shares] 10:01 IntradayMomentumBoundary  AAPL short 322.96 x31.0sh spread=1.24bp
[shares] 10:02 CLOSE IntradayMomentumBoundary  QQQ long  trail   net=-8.45
[shares] 10:02 CLOSE IntradayMomentumBoundary  XLK long  trail   net=-10.11
[shares] 10:02 CLOSE IntradayMomentumBoundary  XLE short trail   net=-20.41
[shares] 10:02 VWAP_Reclaim              XLE long  63.81 x156.7sh spread=1.57bp
[shares] 10:03 CLOSE TTM_Squeeze               DIA short target  net=+20.16
[shares] 10:03 ORB_15min                 DIA short 534.70 x18.7sh spread=0.75bp
[shares] 10:03 CLOSE Six_Lines                 XLY short target  net=+18.26
[shares] 10:04 ORB_5min                  DIA short 534.59 x18.7sh spread=0.94bp
[shares] 10:04 ORB_15min                 XLF short 57.98 x172.5sh spread=1.72bp
[shares] 10:05 PDH_PDL_FailedBreak       XLV long  171.46 x58.3sh spread=1.75bp
[shares] 10:09 ORB_15min                 SPY short 771.76 x13.0sh spread=0.13bp
[shares] 10:10 CLOSE Crabel_Stretch            DIA long  stop    net=-30.41
[shares] 10:10 Six_Lines                 DIA short 534.44 x18.7sh spread=0.37bp
[shares] 10:10 Six_Lines_NoCap           DIA short 534.44 x18.7sh spread=0.37bp
[shares] 10:10 EMA_9_20_Pullback         XLE short 63.75 x156.9sh spread=1.57bp
[shares] 10:10 CLOSE Six_Lines_NoCap           GOOGL short trail   net=-29.96
[shares] 10:10 TTM_Squeeze               WMT short 108.35 x92.3sh spread=1.85bp
[shares] 10:11 CLOSE PDH_PDL_Breakout          XLK long  stop    net=-18.63
[shares] 10:11 CLOSE PDH_PDL_Breakout          AAPL short target  net=+67.30
[shares] 10:13 CLOSE ORB_15min                 QQQ long  stop    net=-14.84
[shares] 10:13 VWAP_Reclaim              XLK short 187.36 x53.4sh spread=1.07bp
[shares] 10:13 CLOSE IntradayMomentumBoundary  NVDA long  trail   net=-45.29
[shares] 10:13 VWAP_Reclaim              NVDA short 233.01 x42.9sh spread=0.43bp
[shares] 10:15 EMA_9_20_Pullback         XLK long  187.75 x53.3sh spread=1.07bp
[shares] 10:15 EMA_9_20_Pullback         NVDA long  234.21 x42.7sh spread=1.28bp
[shares] 10:16 ORB_15min                 WMT short 108.11 x92.5sh spread=1.85bp
[shares] 10:17 CLOSE VWAP_Reclaim              WMT short target  net=+59.81
[shares] 10:17 ORB_5min                  WMT short 108.02 x92.6sh spread=0.93bp
[shares] 10:19 CLOSE VWAP_Reclaim              GOOGL long  stop    net=-52.11
[shares] 10:20 CLOSE Six_Lines_NoCap           XLK long  trail   net=-13.85
[shares] 10:20 CLOSE Six_Lines                 XLV short trail   net=-7.00
[shares] 10:20 CLOSE Six_Lines_NoCap           XLV short trail   net=-7.00
[shares] 10:20 ORB_5min                  XLF short 57.96 x172.5sh spread=1.73bp
[shares] 10:20 CLOSE PDH_PDL_FailedBreak       GOOGL long  stop    net=-55.33
[shares] 10:20 PDH_PDL_Breakout          GOOGL short 339.71 x29.4sh spread=1.47bp
[shares] 10:21 CLOSE VWAP_Reclaim              NVDA short stop    net=-54.93
[shares] 10:25 PDH_PDL_FailedBreak       XLF long  58.00 x172.4sh spread=1.72bp
[shares] 10:30 MOMO_CHASE                SPY short 771.20 x13.0sh spread=0.26bp
[shares] 10:30 MOMO_CHASE                QQQ short 719.58 x13.9sh spread=0.28bp
[shares] 10:30 MOMO_CHASE                GOOGL short 337.96 x29.6sh spread=1.48bp
[shares] 10:30 MOMO_CHASE                WMT short 107.86 x92.7sh spread=2.78bp
[shares] 10:31 IntradayMomentumBoundary  NVDA long  234.02 x42.7sh spread=0.43bp
[shares] 10:31 IntradayMomentumBoundary  GOOGL short 337.88 x29.6sh spread=2.07bp
[shares] 10:32 CLOSE EMA_9_20_Pullback         QQQ long  stop    net=-23.18
[shares] 10:34 CLOSE IntradayMomentumBoundary  NVDA long  trail   net=-28.63
[shares] 10:35 PDH_PDL_FailedBreak       QQQ short 718.69 x13.9sh spread=0.42bp
[shares] 10:35 Gap_Fade                  XLE long  64.11 x156.0sh spread=1.56bp
[shares] 10:40 MOMO_CHASE                XLP short 84.86 x117.8sh spread=1.18bp
[shares] 10:41 CLOSE Crabel_Stretch            WMT long  stop    net=-101.93
[shares] 10:43 CLOSE ORB_15min                 SPY short target  net=+16.20
[shares] 10:43 Crabel_Stretch            SPY short 770.49 x13.0sh spread=0.26bp
[shares] 10:43 CLOSE PDH_PDL_Breakout          QQQ long  stop    net=-29.56
[shares] 10:43 CLOSE ORB_5min                  QQQ long  stop    net=-32.75
[shares] 10:43 CLOSE TTM_Squeeze               WMT short target  net=+71.07
[shares] 10:44 CLOSE ORB_15min                 XLK long  stop    net=-50.02
[shares] 10:44 CLOSE EMA_9_20_Pullback         XLK long  stop    net=-40.48
[shares] 10:45 Gap_Fade                  XLK short 186.95 x53.5sh spread=1.60bp
[shares] 10:49 CLOSE PDH_PDL_Breakout          XLE short stop    net=-78.39
[shares] 10:49 CLOSE ORB_5min                  XLE short stop    net=-132.41
[shares] 10:49 CLOSE EMA_9_20_Pullback         XLE short stop    net=-83.14
[shares] 10:50 MOMO_CHASE                DIA short 533.53 x18.7sh spread=0.56bp
[shares] 10:50 PDH_PDL_Breakout          XLV short 171.26 x58.4sh spread=1.75bp
[shares] 10:50 MOMO_CHASE                XLE long  64.30 x155.5sh spread=1.56bp
[shares] 10:50 PDH_PDL_Breakout          XLF short 57.96 x172.5sh spread=1.73bp
[shares] 10:50 VWAP_Reclaim              NVDA short 233.05 x42.9sh spread=0.43bp
[shares] 10:51 CLOSE PDH_PDL_FailedBreak       XLV long  stop    net=-9.91
[shares] 10:55 CLOSE MOMO_CHASE                SPY short time    net=+20.88
[shares] 10:55 MOMO_CHASE                SPY short 769.58 x13.0sh spread=0.13bp
[shares] 10:55 CLOSE MOMO_CHASE                QQQ short time    net=+26.54
[shares] 10:55 MOMO_CHASE                QQQ short 717.65 x13.9sh spread=0.28bp
[shares] 10:55 CLOSE Six_Lines                 DIA short target  net=+21.89
[shares] 10:55 MOMO_CHASE                XLK short 186.85 x53.5sh spread=0.54bp
[shares] 10:55 CLOSE PDH_PDL_Breakout          NVDA long  stop    net=-62.79
[shares] 10:55 MOMO_CHASE                AAPL short 318.98 x31.3sh spread=0.63bp
[shares] 10:55 CLOSE MOMO_CHASE                GOOGL short time    net=-5.03
[shares] 10:55 MOMO_CHASE                GOOGL short 338.04 x29.6sh spread=2.66bp
[shares] 10:55 CLOSE MOMO_CHASE                WMT short time    net=+24.11
[shares] 10:55 MOMO_CHASE                WMT short 107.59 x92.9sh spread=0.93bp
[shares] 10:57 CLOSE Crabel_Stretch            QQQ long  stop    net=-58.35
[shares] 11:00 CLOSE Six_Lines_NoCap           NVDA long  trail   net=-45.01
[shares] 11:00 CLOSE VWAP_Reclaim              NVDA short target  net=+33.90
[shares] 11:00 MOMO_CHASE                NVDA short 232.23 x43.1sh spread=1.29bp
[shares] 11:01 IntradayMomentumBoundary  SPY short 769.50 x13.0sh spread=0.39bp
[shares] 11:01 IntradayMomentumBoundary  DIA short 533.11 x18.8sh spread=0.56bp
[shares] 11:03 CLOSE PDH_PDL_Breakout          XLV short stop    net=-18.10
[shares] 11:03 CLOSE ORB_15min                 NVDA long  stop    net=-88.47
[shares] 11:03 CLOSE EMA_9_20_Pullback         NVDA long  stop    net=-98.63
[shares] 11:03 CLOSE ORB_5min                  AAPL short target  net=+201.53
[shares] 11:03 CLOSE ORB_15min                 GOOGL short target  net=+89.29
[shares] 11:03 CLOSE PDH_PDL_Breakout          GOOGL short target  net=+67.12
[shares] 11:05 CLOSE MOMO_CHASE                XLP short time    net=-9.43
[shares] 11:12 CLOSE PDH_PDL_FailedBreak       XLF long  stop    net=-10.34
[shares] 11:14 CLOSE Crabel_Stretch            XLF long  stop    net=-51.51
[shares] 11:15 CLOSE MOMO_CHASE                DIA short time    net=+2.62
[shares] 11:15 CLOSE MOMO_CHASE                XLE long  time    net=-29.55
[shares] 11:20 CLOSE MOMO_CHASE                SPY short time    net=+2.73
[shares] 11:20 CLOSE MOMO_CHASE                QQQ short time    net=+4.32
[shares] 11:20 CLOSE MOMO_CHASE                XLK short time    net=+1.07
[shares] 11:20 CLOSE MOMO_CHASE                AAPL short time    net=+5.02
[shares] 11:20 CLOSE MOMO_CHASE                GOOGL short time    net=+23.67
[shares] 11:20 CLOSE MOMO_CHASE                WMT short time    net=+2.79
[shares] 11:25 MOMO_CHASE                SPY short 769.31 x13.0sh spread=0.13bp
[shares] 11:25 MOMO_CHASE                XLK short 186.69 x53.6sh spread=1.07bp
[shares] 11:25 CLOSE MOMO_CHASE                NVDA short time    net=+3.01
[shares] 11:28 CLOSE VWAP_Reclaim              XLK short target  net=+34.69
[shares] 11:30 MOMO_CHASE                QQQ short 717.43 x13.9sh spread=0.28bp
[shares] 11:30 MOMO_CHASE                NVDA short 231.77 x43.1sh spread=0.86bp
[shares] 11:31 CLOSE Crabel_Stretch            XLK long  stop    net=-71.84
[shares] 11:41 CLOSE PDH_PDL_Breakout          XLF short stop    net=-15.53
[shares] 11:45 TTM_Squeeze               IWM long  295.85 x33.8sh spread=0.34bp
[shares] 11:50 CLOSE MOMO_CHASE                SPY short time    net=-6.63
[shares] 11:50 CLOSE MOMO_CHASE                XLK short time    net=-8.03
[shares] 11:50 MOMO_CHASE                XLF long  58.12 x172.1sh spread=1.72bp
[shares] 11:53 CLOSE IntradayMomentumBoundary  DIA short trail   net=-15.57
[shares] 11:55 CLOSE MOMO_CHASE                QQQ short time    net=+0.84
[shares] 11:55 CLOSE MOMO_CHASE                NVDA short time    net=+34.52
[shares] 11:55 MOMO_CHASE                NVDA short 230.95 x43.3sh spread=0.87bp
[shares] 11:55 Gap_Fade                  NVDA short 230.95 x43.3sh spread=0.87bp
[shares] 12:05 CLOSE ORB_15min                 XLV short stop    net=-37.94
[shares] 12:12 CLOSE IntradayMomentumBoundary  SPY short trail   net=-13.00
[shares] 12:15 MOMO_CHASE                DIA long  534.50 x18.7sh spread=0.37bp
[shares] 12:15 CLOSE ORB_15min                 XLF short stop    net=-41.39
[shares] 12:15 CLOSE MOMO_CHASE                XLF long  time    net=+15.49
[shares] 12:15 MOMO_CHASE                XLF long  58.22 x171.8sh spread=1.72bp
[shares] 12:20 Six_Lines                 IWM long  296.06 x33.8sh spread=0.34bp
[shares] 12:20 Six_Lines_NoCap           IWM long  296.06 x33.8sh spread=0.34bp
[shares] 12:20 TTM_Squeeze               XLI long  175.34 x57.0sh spread=0.57bp
[shares] 12:20 CLOSE MOMO_CHASE                NVDA short time    net=+8.23
[shares] 12:30 CLOSE TTM_Squeeze               IWM long  bars    net=-0.34
[shares] 12:31 IntradayMomentumBoundary  SPY short 770.62 x13.0sh spread=0.26bp
[shares] 12:35 CLOSE IntradayMomentumBoundary  SPY short trail   net=-4.02
[shares] 12:35 CLOSE IntradayMomentumBoundary  XLY short trail   net=+9.57
[shares] 12:40 CLOSE Six_Lines                 IWM long  trail   net=-9.80
[shares] 12:40 CLOSE Six_Lines_NoCap           IWM long  trail   net=-9.80
[shares] 12:40 CLOSE MOMO_CHASE                DIA long  time    net=-4.30
[shares] 12:40 CLOSE MOMO_CHASE                XLF long  time    net=-5.15
[shares] 13:05 MOMO_CHASE                DIA short 534.11 x18.7sh spread=0.56bp
[shares] 13:05 CLOSE TTM_Squeeze               XLI long  bars    net=-10.27
[shares] 13:05 TTM_Squeeze               XLV short 171.46 x58.3sh spread=1.75bp
[shares] 13:15 MOMO_CHASE                XLP short 84.84 x117.9sh spread=1.18bp
[shares] 13:19 CLOSE IntradayMomentumBoundary  AAPL short trail   net=+41.49
[shares] 13:21 VWAP_Reclaim              AAPL long  321.89 x31.1sh spread=0.31bp
[shares] 13:25 TTM_Squeeze               XLP short 84.75 x118.0sh spread=1.18bp
[shares] 13:25 PDH_PDL_Breakout          XLP short 84.75 x118.0sh spread=1.18bp
[shares] 13:26 CLOSE ORB_5min                  XLP long  stop    net=-49.32
[shares] 13:26 CLOSE PDH_PDL_FailedBreak       XLP long  stop    net=-49.32
[shares] 13:30 MOMO_CHASE                XLI short 174.86 x57.2sh spread=1.14bp
[shares] 13:30 Six_Lines                 XLP short 84.70 x118.1sh spread=1.18bp
[shares] 13:30 Six_Lines_NoCap           XLP short 84.70 x118.1sh spread=1.18bp
[shares] 13:30 MOMO_CHASE                WMT short 107.26 x93.2sh spread=0.93bp
[shares] 13:30 TTM_Squeeze               WMT short 107.26 x93.2sh spread=0.93bp
[shares] 13:31 IntradayMomentumBoundary  SPY short 769.59 x13.0sh spread=0.39bp
[shares] 13:31 CLOSE MOMO_CHASE                DIA short time    net=+5.43
[shares] 13:31 IntradayMomentumBoundary  XLY short 114.72 x87.2sh spread=0.87bp
[shares] 13:31 IntradayMomentumBoundary  AAPL short 321.43 x31.1sh spread=0.62bp
[shares] 13:32 CLOSE IntradayMomentumBoundary  XLY short trail   net=-2.62
[shares] 13:34 CLOSE VWAP_Reclaim              AAPL long  stop    net=-21.75
[shares] 13:35 PDH_PDL_FailedBreak       NVDA short 230.33 x43.4sh spread=0.43bp
[shares] 13:40 CLOSE MOMO_CHASE                XLP short time    net=+10.61
[shares] 13:50 CLOSE TTM_Squeeze               XLV short bars    net=-5.25
[shares] 13:55 CLOSE MOMO_CHASE                XLI short time    net=+3.43
[shares] 13:55 CLOSE MOMO_CHASE                WMT short time    net=-12.12
[shares] 13:57 CLOSE PDH_PDL_Breakout          XLP short target  net=+5.90
[shares] 14:00 MOMO_CHASE                XLP short 84.66 x118.1sh spread=1.18bp
[shares] 14:05 TTM_Squeeze               XLE short 64.06 x156.1sh spread=1.56bp
[shares] 14:05 CLOSE Crabel_Stretch            NVDA long  stop    net=-104.54
[shares] 14:10 MOMO_CHASE                XLY long  114.86 x87.1sh spread=0.87bp
[shares] 14:10 CLOSE TTM_Squeeze               XLP short bars    net=+2.36
[shares] 14:15 CLOSE TTM_Squeeze               WMT short bars    net=+3.73
[shares] 14:25 TTM_Squeeze               XLY long  114.90 x87.0sh spread=0.87bp
[shares] 14:25 CLOSE MOMO_CHASE                XLP short time    net=-3.54
[shares] 14:31 IntradayMomentumBoundary  WMT short 107.13 x93.3sh spread=0.93bp
[shares] 14:33 CLOSE IntradayMomentumBoundary  WMT short trail   net=-3.73
[shares] 14:35 CLOSE MOMO_CHASE                XLY long  time    net=+6.97
[shares] 14:40 TTM_Squeeze               XLF long  58.25 x171.7sh spread=1.72bp
[shares] 14:49 CLOSE IntradayMomentumBoundary  AAPL short trail   net=-8.09
[shares] 14:50 CLOSE IntradayMomentumBoundary  SPY short trail   net=-8.32
[shares] 14:50 CLOSE TTM_Squeeze               XLE short bars    net=-1.56
[shares] 14:56 CLOSE TTM_Squeeze               XLF long  stop    net=-12.02
[shares] 14:58 CLOSE IntradayMomentumBoundary  GOOGL short trail   net=-38.77
[shares] 15:01 IntradayMomentumBoundary  GOOGL short 339.11 x29.5sh spread=0.88bp
[shares] 15:10 CLOSE TTM_Squeeze               XLY long  bars    net=+5.22
[shares] 15:11 CLOSE IntradayMomentumBoundary  GOOGL short trail   net=-4.42
[shares] 15:31 IntradayMomentumBoundary  SPY short 769.95 x13.0sh spread=0.39bp
[shares] 15:31 CLOSE ORB_5min                  NVDA long  stop    net=-167.70
[shares] 15:31 IntradayMomentumBoundary  AAPL short 321.54 x31.1sh spread=0.62bp
[shares] 15:32 CLOSE IntradayMomentumBoundary  AAPL short trail   net=-4.67
[shares] 15:51 CLOSE IntradayMomentumBoundary  SPY short trail   net=-4.81
[shares] 15:51 CLOSE Crabel_Stretch            XLP long  stop    net=-48.20
[shares] 15:54 CLOSE ORB_15min                 WMT short target  net=+105.45
[shares] 15:56 CLOSE Crabel_Stretch            SPY short eod     net=+3.11
[shares] 15:56 CLOSE PDH_PDL_FailedBreak       QQQ short eod     net=-7.37
[shares] 15:56 CLOSE Crabel_Stretch            IWM long  eod     net=+55.02
[shares] 15:56 CLOSE ORB_5min                  IWM long  eod     net=+43.42
[shares] 15:56 CLOSE ORB_15min                 IWM long  eod     net=+32.87
[shares] 15:56 CLOSE ORB_15min                 DIA short eod     net=+12.16
[shares] 15:56 CLOSE ORB_5min                  DIA short eod     net=+10.10
[shares] 15:56 CLOSE Six_Lines_NoCap           DIA short eod     net=+7.30
[shares] 15:56 CLOSE ORB_5min                  XLK long  eod     net=-28.74
[shares] 15:56 CLOSE Gap_Fade                  XLK short eod     net=-23.00
[shares] 15:56 CLOSE ORB_5min                  XLY short eod     net=+7.82
[shares] 15:56 CLOSE Six_Lines_NoCap           XLY short eod     net=+6.96
[shares] 15:56 CLOSE ORB_15min                 XLY short eod     net=-6.97
[shares] 15:56 CLOSE Crabel_Stretch            XLY short eod     net=-6.97
[shares] 15:56 CLOSE VWAP_Reclaim              XLI long  eod     net=+12.01
[shares] 15:56 CLOSE Crabel_Stretch            XLI long  eod     net=+12.01
[shares] 15:56 CLOSE PDH_PDL_Breakout          XLI long  eod     net=+4.00
[shares] 15:56 CLOSE Six_Lines_NoCap           XLI long  eod     net=+22.89
[shares] 15:56 CLOSE ORB_5min                  XLI long  eod     net=-5.14
[shares] 15:56 CLOSE ORB_15min                 XLI long  eod     net=-6.85
[shares] 15:56 CLOSE Crabel_Stretch            XLV long  eod     net=-68.41
[shares] 15:56 CLOSE ORB_5min                  XLV short eod     net=+0.58
[shares] 15:56 CLOSE Six_Lines                 XLP short eod     net=+17.71
[shares] 15:56 CLOSE Six_Lines_NoCap           XLP short eod     net=+17.71
[shares] 15:56 CLOSE Crabel_Stretch            XLE short eod     net=-78.64
[shares] 15:56 CLOSE VWAP_Reclaim              XLE long  eod     net=+40.75
[shares] 15:56 CLOSE Gap_Fade                  XLE long  eod     net=-6.24
[shares] 15:56 CLOSE VWAP_Reclaim              XLF short eod     net=+10.32
[shares] 15:56 CLOSE ORB_5min                  XLF short eod     net=-20.70
[shares] 15:56 CLOSE Gap_Fade                  NVDA short eod     net=+14.72
[shares] 15:56 CLOSE PDH_PDL_FailedBreak       NVDA short eod     net=-12.16
[shares] 15:56 CLOSE Crabel_Stretch            AAPL short eod     net=+180.40
[shares] 15:56 CLOSE ORB_15min                 AAPL short eod     net=+92.70
[shares] 15:56 CLOSE Six_Lines_NoCap           AAPL short eod     net=+101.57
[shares] 15:56 CLOSE Crabel_Stretch            GOOGL short eod     net=+78.88
[shares] 15:56 CLOSE ORB_5min                  GOOGL short eod     net=+70.15
[shares] 15:56 CLOSE EMA_9_20_Pullback         GOOGL short eod     net=+78.88
[shares] 15:56 CLOSE ORB_5min                  WMT short eod     net=+86.10
[shares] daily: 170 trades, net $-397.80
