[replay shares] 2026-09-24 -- config 7c6414fc549315f3 -- history-backed, no outages; NOT the prospective record
[shares] warmup SPY: 24 prior sessions, stretch=0.8664000000000215
[shares] warmup QQQ: 24 prior sessions, stretch=1.3120000000000118
[shares] warmup IWM: 24 prior sessions, stretch=0.6505000000000052
[shares] warmup DIA: 24 prior sessions, stretch=0.7059999999999945
[shares] warmup XLK: 24 prior sessions, stretch=0.5945000000000021
[shares] warmup XLY: 24 prior sessions, stretch=0.30699999999999933
[shares] warmup XLI: 24 prior sessions, stretch=0.42649999999999866
[shares] warmup XLV: 24 prior sessions, stretch=0.6024999999999977
[shares] warmup XLP: 24 prior sessions, stretch=0.202049999999997
[shares] warmup XLE: 24 prior sessions, stretch=0.13800000000000096
[shares] warmup XLF: 24 prior sessions, stretch=0.12299999999999969
[shares] warmup NVDA: 24 prior sessions, stretch=1.015999999999994
[shares] warmup AAPL: 24 prior sessions, stretch=1.3989999999999951
[shares] warmup GOOGL: 24 prior sessions, stretch=1.5218899999999962
[shares] warmup WMT: 24 prior sessions, stretch=0.3519999999999996
[replay] six-lines SPY: R1=769.20  R2=773.05  R3=774.74  S1=772.29  S2=766.50  S3=761.57
[replay] six-lines QQQ: R1=742.29  R2=747.13  R3=749.08  S1=744.69  S2=738.19  S3=731.67
[replay] six-lines IWM: R1=282.45  R2=286.18  R3=287.67  S1=285.45  S2=281.84  S3=280.44
[replay] six-lines DIA: R1=514.68  R2=517.66  R3=519.00  S1=516.00  S2=513.95  S3=511.56
[replay] six-lines XLK: R1=195.34  R2=196.64  R3=196.68  S1=195.22  S2=193.82  S3=192.26
[replay] six-lines XLY: R1=111.29  R2=112.08  R3=112.68  S1=111.70  S2=110.36  S3=109.25
[replay] six-lines XLI: R1=170.83  R2=170.98  R3=171.13  S1=169.58  S2=169.42  S3=168.44
[replay] six-lines XLV: R1=170.00  R2=170.98  R3=171.02  S1=168.50  S2=168.19  S3=167.84
[replay] six-lines XLP: R1=82.97  R2=83.00  R3=83.10  S1=82.41  S2=82.32  S3=82.25
[replay] six-lines XLE: R1=62.48  R2=62.97  R3=63.14  S1=62.16  S2=62.05  S3=61.57
[replay] six-lines XLF: R1=54.83  R2=55.03  R3=55.08  S1=54.50  S2=54.46  S3=54.45
[replay] six-lines NVDA: R1=225.90  R2=228.95  R3=229.83  S1=227.28  S2=224.02  S3=221.68
[replay] six-lines AAPL: R1=337.39  R2=341.80  R3=344.39  S1=339.03  S2=335.50  S3=334.87
[replay] six-lines GOOGL: R1=341.32  R2=350.00  R3=361.26  S1=348.77  S2=337.45  S3=335.07
[replay] six-lines WMT: R1=110.93  R2=111.23  R3=111.35  S1=109.64  S2=109.49  S3=107.86
[shares] 09:32 Crabel_Stretch            XLY long  110.60 x90.4sh spread=3.62bp
[shares] 09:32 Crabel_Stretch            XLV long  169.58 x59.0sh spread=8.85bp
[shares] 09:32 Crabel_Stretch            XLE short 62.50 x160.0sh spread=1.60bp
[shares] 09:32 Crabel_Stretch            XLF long  54.78 x182.5sh spread=1.83bp
[shares] 09:32 Crabel_Stretch            WMT short 109.86 x91.0sh spread=7.28bp
[shares] 09:33 Crabel_Stretch            DIA long  513.89 x19.5sh spread=0.78bp
[shares] 09:33 Crabel_Stretch            XLI long  169.27 x59.1sh spread=3.54bp
[shares] 09:33 VWAP_Reclaim              NVDA short 221.25 x45.2sh spread=1.36bp
[shares] 09:34 VWAP_Reclaim              XLI short 168.68 x59.3sh spread=6.52bp
[shares] 09:34 Crabel_Stretch            GOOGL long  338.17 x29.6sh spread=1.77bp
[shares] 09:35 TTM_Squeeze               SPY short 764.70 x13.1sh spread=0.26bp
[shares] 09:35 PDH_PDL_Breakout          SPY short 764.70 x13.1sh spread=0.26bp
[shares] 09:35 TTM_Squeeze               QQQ short 735.75 x13.6sh spread=0.54bp
[shares] 09:35 VWAP_Reclaim              IWM short 281.08 x35.6sh spread=0.36bp
[shares] 09:35 TTM_Squeeze               IWM short 281.08 x35.6sh spread=0.36bp
[shares] 09:35 TTM_Squeeze               DIA short 513.45 x19.5sh spread=0.97bp
[shares] 09:35 TTM_Squeeze               XLK short 192.93 x51.8sh spread=1.55bp
[shares] 09:35 TTM_Squeeze               XLP long  82.89 x120.6sh spread=1.21bp
[shares] 09:35 TTM_Squeeze               NVDA short 221.83 x45.1sh spread=2.25bp
[shares] 09:36 CLOSE PDH_PDL_Breakout          SPY short stop    net=+0.78
[shares] 09:36 VWAP_Reclaim              XLY short 110.39 x90.6sh spread=1.81bp
[shares] 09:36 VWAP_Reclaim              AAPL short 336.02 x29.8sh spread=3.57bp
[shares] 09:37 Crabel_Stretch            SPY long  764.96 x13.1sh spread=0.13bp
[shares] 09:37 Crabel_Stretch            QQQ long  736.76 x13.6sh spread=0.54bp
[shares] 09:37 VWAP_Reclaim              XLP long  82.99 x120.5sh spread=1.20bp
[shares] 09:38 CLOSE Crabel_Stretch            XLF long  stop    net=-65.72
[shares] 09:39 CLOSE TTM_Squeeze               QQQ short stop    net=-21.75
[shares] 09:39 CLOSE Crabel_Stretch            DIA long  stop    net=-34.05
[shares] 09:39 CLOSE TTM_Squeeze               DIA short target  net=+24.54
[shares] 09:39 CLOSE VWAP_Reclaim              XLP long  stop    net=-18.07
[shares] 09:39 CLOSE VWAP_Reclaim              NVDA short stop    net=-88.59
[shares] 09:39 CLOSE TTM_Squeeze               NVDA short stop    net=-62.21
[shares] 09:39 Crabel_Stretch            NVDA long  223.21 x44.8sh spread=2.69bp
[shares] 09:40 PDH_PDL_Breakout          QQQ short 737.10 x13.6sh spread=0.41bp
[shares] 09:40 PDH_PDL_Breakout          DIA short 512.39 x19.5sh spread=1.37bp
[shares] 09:40 PDH_PDL_Breakout          XLK short 193.38 x51.7sh spread=1.03bp
[shares] 09:40 PDH_PDL_Breakout          XLY short 110.32 x90.6sh spread=0.91bp
[shares] 09:40 PDH_PDL_Breakout          XLI short 168.86 x59.2sh spread=3.55bp
[shares] 09:40 TTM_Squeeze               XLE long  62.89 x159.0sh spread=1.59bp
[shares] 09:40 Six_Lines                 XLF short 54.43 x183.7sh spread=1.84bp
[shares] 09:40 Six_Lines_NoCap           XLF short 54.43 x183.7sh spread=1.84bp
[shares] 09:40 PDH_PDL_Breakout          XLF short 54.43 x183.7sh spread=1.84bp
[shares] 09:40 PDH_PDL_Breakout          NVDA short 222.99 x44.8sh spread=1.79bp
[shares] 09:41 CLOSE PDH_PDL_Breakout          XLK short target  net=+1.03
[shares] 09:41 CLOSE PDH_PDL_Breakout          XLI short stop    net=+1.78
[shares] 09:41 Crabel_Stretch            AAPL short 335.03 x29.8sh spread=3.88bp
[shares] 09:42 CLOSE PDH_PDL_Breakout          QQQ short target  net=+9.36
[shares] 09:42 CLOSE PDH_PDL_Breakout          NVDA short target  net=+20.18
[shares] 09:42 CLOSE VWAP_Reclaim              AAPL short target  net=+46.13
[shares] 09:42 ORB_5min                  AAPL short 334.39 x29.9sh spread=2.39bp
[shares] 09:43 Crabel_Stretch            IWM short 280.62 x35.6sh spread=0.36bp
[shares] 09:43 VWAP_Reclaim              GOOGL short 337.64 x29.6sh spread=1.48bp
[shares] 09:45 Gap_Fade                  QQQ long  736.86 x13.6sh spread=0.54bp
[shares] 09:45 PDH_PDL_Breakout          IWM short 280.71 x35.6sh spread=0.71bp
[shares] 09:45 Gap_Fade                  XLK long  193.40 x51.7sh spread=1.55bp
[shares] 09:45 PDH_PDL_FailedBreak       XLP short 82.87 x120.7sh spread=1.21bp
[shares] 09:45 PDH_PDL_FailedBreak       XLE short 62.91 x159.0sh spread=1.59bp
[shares] 09:45 Gap_Fade                  XLE short 62.91 x159.0sh spread=1.59bp
[shares] 09:45 Gap_Fade                  NVDA long  222.74 x44.9sh spread=0.90bp
[shares] 09:45 TTM_Squeeze               AAPL short 334.90 x29.9sh spread=2.69bp
[shares] 09:45 PDH_PDL_FailedBreak       GOOGL long  337.52 x29.6sh spread=2.37bp
[shares] 09:45 PDH_PDL_FailedBreak       WMT long  109.76 x91.1sh spread=5.47bp
[shares] 09:45 Gap_Fade                  WMT short 109.70 x91.2sh spread=5.47bp
[shares] 09:46 CLOSE TTM_Squeeze               XLK short stop    net=-28.51
[shares] 09:46 CLOSE Gap_Fade                  WMT short target  net=+3.65
[shares] 09:47 ORB_15min                 SPY long  765.09 x13.1sh spread=0.13bp
[shares] 09:47 ORB_15min                 XLK long  193.52 x51.7sh spread=1.03bp
[shares] 09:47 ORB_15min                 XLV long  170.46 x58.7sh spread=2.93bp
[shares] 09:47 VWAP_Reclaim              XLP long  82.98 x120.5sh spread=1.21bp
[shares] 09:48 ORB_15min                 QQQ long  737.63 x13.6sh spread=0.27bp
[shares] 09:48 ORB_5min                  IWM short 280.75 x35.6sh spread=0.36bp
[shares] 09:48 Crabel_Stretch            XLK long  193.67 x51.6sh spread=1.55bp
[shares] 09:49 ORB_5min                  QQQ long  736.89 x13.6sh spread=0.41bp
[shares] 09:49 ORB_15min                 IWM short 280.55 x35.6sh spread=0.36bp
[shares] 09:49 CLOSE Six_Lines                 XLF short target  net=+18.37
[shares] 09:49 ORB_15min                 XLF short 54.32 x184.1sh spread=1.84bp
[shares] 09:49 CLOSE PDH_PDL_FailedBreak       WMT long  stop    net=-31.89
[shares] 09:50 Gap_Fade                  XLI long  169.03 x59.2sh spread=2.96bp
[shares] 09:50 Six_Lines                 XLV long  170.52 x58.6sh spread=1.17bp
[shares] 09:50 Six_Lines_NoCap           XLV long  170.52 x58.6sh spread=1.17bp
[shares] 09:50 ORB_5min                  XLF short 54.39 x183.9sh spread=1.84bp
[shares] 09:50 PDH_PDL_FailedBreak       AAPL long  335.57 x29.8sh spread=2.09bp
[shares] 09:50 ORB_15min                 WMT short 109.38 x91.4sh spread=2.74bp
[shares] 09:50 Six_Lines                 WMT short 109.38 x91.4sh spread=2.74bp
[shares] 09:50 Six_Lines_NoCap           WMT short 109.38 x91.4sh spread=2.74bp
[shares] 09:50 PDH_PDL_Breakout          WMT short 109.38 x91.4sh spread=2.74bp
[shares] 09:51 ORB_5min                  XLV long  170.34 x58.7sh spread=1.76bp
[shares] 09:52 CLOSE TTM_Squeeze               AAPL short stop    net=-31.35
[shares] 09:53 CLOSE PDH_PDL_FailedBreak       XLP short stop    net=-20.51
[shares] 09:53 ORB_15min                 XLP long  83.04 x120.4sh spread=1.20bp
[shares] 09:53 CLOSE PDH_PDL_FailedBreak       XLE short stop    net=-9.54
[shares] 09:53 CLOSE Gap_Fade                  XLE short stop    net=-9.54
[shares] 09:55 CLOSE ORB_15min                 QQQ long  stop    net=-23.86
[shares] 09:55 CLOSE ORB_15min                 XLK long  stop    net=-28.42
[shares] 09:55 VWAP_Reclaim              XLK short 192.97 x51.8sh spread=1.04bp
[shares] 09:55 PDH_PDL_Breakout          XLP long  83.06 x120.4sh spread=1.20bp
[shares] 09:55 CLOSE PDH_PDL_Breakout          WMT short stop    net=-42.97
[shares] 09:57 VWAP_Reclaim              NVDA short 222.24 x45.0sh spread=0.45bp
[shares] 09:58 CLOSE ORB_5min                  AAPL short stop    net=-84.33
[shares] 09:58 ORB_15min                 AAPL long  337.21 x29.7sh spread=2.37bp
[shares] 09:59 CLOSE Six_Lines                 XLV long  target  net=+22.28
[shares] 10:00 ORB_5min                  SPY long  765.38 x13.1sh spread=0.13bp
[shares] 10:00 Six_Lines                 XLP long  82.99 x120.5sh spread=1.20bp
[shares] 10:00 Six_Lines_NoCap           XLP long  82.99 x120.5sh spread=1.20bp
[shares] 10:00 PDH_PDL_FailedBreak       XLF long  54.49 x183.5sh spread=1.84bp
[shares] 10:01 IntradayMomentumBoundary  IWM short 280.33 x35.7sh spread=0.36bp
[shares] 10:01 CLOSE VWAP_Reclaim              XLK short stop    net=-25.91
[shares] 10:01 ORB_5min                  XLK long  193.47 x51.7sh spread=0.52bp
[shares] 10:01 IntradayMomentumBoundary  XLV long  170.64 x58.6sh spread=1.17bp
[shares] 10:01 CLOSE VWAP_Reclaim              NVDA short stop    net=-24.30
[shares] 10:01 IntradayMomentumBoundary  WMT short 109.63 x91.2sh spread=3.65bp
[shares] 10:02 CLOSE IntradayMomentumBoundary  IWM short trail   net=-2.50
[shares] 10:04 CLOSE TTM_Squeeze               SPY short stop    net=-16.08
[shares] 10:04 CLOSE ORB_15min                 XLF short stop    net=-51.55
[shares] 10:05 PDH_PDL_FailedBreak       XLY long  110.38 x90.6sh spread=0.91bp
[shares] 10:05 CLOSE VWAP_Reclaim              XLI short stop    net=-43.87
[shares] 10:05 ORB_15min                 XLI long  169.42 x59.0sh spread=1.77bp
[shares] 10:05 CLOSE ORB_15min                 XLP long  stop    net=-19.27
[shares] 10:05 CLOSE PDH_PDL_Breakout          XLP long  stop    net=-21.67
[shares] 10:05 CLOSE Six_Lines                 WMT short target  net=+18.28
[shares] 10:05 EMA_9_20_Pullback         WMT short 109.15 x91.6sh spread=2.75bp
[shares] 10:07 CLOSE PDH_PDL_Breakout          DIA short stop    net=-21.08
[shares] 10:07 CLOSE PDH_PDL_Breakout          XLF short stop    net=-42.26
[shares] 10:08 ORB_5min                  XLI long  169.65 x58.9sh spread=0.59bp
[shares] 10:09 CLOSE Crabel_Stretch            AAPL short stop    net=-87.45
[shares] 10:09 CLOSE PDH_PDL_FailedBreak       AAPL long  target  net=+67.94
[shares] 10:09 ORB_5min                  GOOGL long  339.43 x29.5sh spread=2.65bp
[shares] 10:10 EMA_9_20_Pullback         QQQ short 737.18 x13.6sh spread=0.41bp
[shares] 10:10 Gap_Fade                  XLP short 82.81 x120.8sh spread=1.21bp
[shares] 10:10 CLOSE Six_Lines_NoCap           XLF short trail   net=-40.42
[shares] 10:10 Six_Lines                 AAPL long  337.87 x29.6sh spread=0.89bp
[shares] 10:10 Six_Lines_NoCap           AAPL long  337.87 x29.6sh spread=0.89bp
[shares] 10:10 CLOSE VWAP_Reclaim              GOOGL short stop    net=-60.42
[shares] 10:10 ORB_15min                 GOOGL long  339.68 x29.4sh spread=1.47bp
[shares] 10:12 ORB_5min                  WMT short 109.16 x91.6sh spread=0.92bp
[shares] 10:14 ORB_15min                 XLE long  63.15 x158.4sh spread=1.58bp
[shares] 10:15 PDH_PDL_Breakout          XLV long  171.40 x58.3sh spread=1.17bp
[shares] 10:15 CLOSE VWAP_Reclaim              XLP long  stop    net=-25.31
[shares] 10:15 PDH_PDL_Breakout          XLE long  63.12 x158.4sh spread=1.58bp
[shares] 10:17 CLOSE Crabel_Stretch            XLE short stop    net=-110.40
[shares] 10:17 ORB_5min                  XLE long  63.19 x158.3sh spread=1.58bp
[shares] 10:20 CLOSE TTM_Squeeze               IWM short bars    net=+18.50
[shares] 10:20 CLOSE TTM_Squeeze               XLP long  bars    net=-3.62
[shares] 10:20 CLOSE Six_Lines                 XLP long  trail   net=-15.66
[shares] 10:20 CLOSE Six_Lines_NoCap           XLP long  trail   net=-15.66
[shares] 10:20 Six_Lines                 XLE long  63.22 x158.2sh spread=1.58bp
[shares] 10:20 Six_Lines_NoCap           XLE long  63.22 x158.2sh spread=1.58bp
[shares] 10:21 ORB_5min                  XLP short 82.83 x120.7sh spread=1.21bp
[shares] 10:22 ORB_15min                 XLY short 110.11 x90.8sh spread=0.91bp
[shares] 10:23 CLOSE PDH_PDL_FailedBreak       XLY long  stop    net=-31.71
[shares] 10:25 Crabel_Stretch            XLP short 82.70 x120.9sh spread=1.21bp
[shares] 10:25 CLOSE TTM_Squeeze               XLE long  bars    net=+41.34
[shares] 10:30 MOMO_CHASE                XLY short 110.09 x90.8sh spread=0.91bp
[shares] 10:30 PDH_PDL_FailedBreak       XLV short 170.93 x58.5sh spread=1.76bp
[shares] 10:31 ORB_5min                  XLY short 110.04 x90.9sh spread=0.91bp
[shares] 10:31 CLOSE PDH_PDL_Breakout          XLV long  stop    net=-33.26
[shares] 10:31 CLOSE ORB_5min                  XLP short target  net=+33.80
[shares] 10:35 ORB_5min                  DIA short 512.40 x19.5sh spread=0.59bp
[shares] 10:35 MOMO_CHASE                XLP short 82.54 x121.2sh spread=1.21bp
[shares] 10:35 MOMO_CHASE                WMT short 108.97 x91.8sh spread=1.84bp
[shares] 10:40 CLOSE Six_Lines                 AAPL long  trail   net=-40.25
[shares] 10:40 CLOSE Six_Lines_NoCap           AAPL long  trail   net=-40.25
[shares] 10:44 CLOSE VWAP_Reclaim              XLY short target  net=+39.86
[shares] 10:44 CLOSE PDH_PDL_Breakout          XLY short target  net=+33.54
[shares] 10:45 MOMO_CHASE                DIA short 511.84 x19.5sh spread=0.39bp
[shares] 10:50 Six_Lines                 IWM short 280.24 x35.7sh spread=0.36bp
[shares] 10:50 Six_Lines_NoCap           IWM short 280.24 x35.7sh spread=0.36bp
[shares] 10:53 CLOSE ORB_15min                 XLI long  stop    net=-34.82
[shares] 10:54 CLOSE VWAP_Reclaim              IWM short target  net=+30.60
[shares] 10:54 CLOSE Gap_Fade                  XLP short target  net=+45.89
[shares] 10:55 MOMO_CHASE                SPY short 764.87 x13.1sh spread=0.39bp
[shares] 10:55 CLOSE MOMO_CHASE                XLY short time    net=+14.53
[shares] 10:55 MOMO_CHASE                XLY short 109.92 x91.0sh spread=0.91bp
[shares] 10:55 MOMO_CHASE                XLI short 168.76 x59.3sh spread=1.19bp
[shares] 10:55 CLOSE IntradayMomentumBoundary  XLV long  trail   net=-4.10
[shares] 10:57 VWAP_Reclaim              XLV short 170.47 x58.7sh spread=1.76bp
[shares] 10:59 CLOSE ORB_15min                 SPY long  stop    net=-9.93
[shares] 11:00 MOMO_CHASE                QQQ short 735.84 x13.6sh spread=0.41bp
[shares] 11:00 MOMO_CHASE                IWM short 279.98 x35.7sh spread=0.36bp
[shares] 11:00 CLOSE MOMO_CHASE                XLP short time    net=+4.85
[shares] 11:00 MOMO_CHASE                XLP short 82.49 x121.2sh spread=1.21bp
[shares] 11:00 Six_Lines                 NVDA short 221.56 x45.1sh spread=0.90bp
[shares] 11:00 Six_Lines_NoCap           NVDA short 221.56 x45.1sh spread=0.90bp
[shares] 11:00 CLOSE MOMO_CHASE                WMT short time    net=+1.84
[shares] 11:01 IntradayMomentumBoundary  IWM short 279.90 x35.7sh spread=0.36bp
[shares] 11:05 CLOSE PDH_PDL_FailedBreak       XLF long  stop    net=-33.03
[shares] 11:06 CLOSE PDH_PDL_Breakout          IWM short target  net=+29.57
[shares] 11:06 CLOSE ORB_15min                 AAPL long  stop    net=-44.19
[shares] 11:06 VWAP_Reclaim              GOOGL short 338.25 x29.6sh spread=0.89bp
[shares] 11:09 CLOSE ORB_15min                 GOOGL long  stop    net=-60.35
[shares] 11:10 CLOSE MOMO_CHASE                DIA short time    net=+8.60
[shares] 11:10 Six_Lines                 DIA short 511.36 x19.6sh spread=0.78bp
[shares] 11:10 Six_Lines_NoCap           DIA short 511.36 x19.6sh spread=0.78bp
[shares] 11:10 CLOSE Six_Lines                 XLE long  target  net=+22.14
[shares] 11:12 CLOSE Crabel_Stretch            XLY long  stop    net=-66.91
[shares] 11:13 CLOSE Six_Lines                 IWM short target  net=+21.77
[shares] 11:14 CLOSE ORB_5min                  SPY long  stop    net=-24.82
[shares] 11:14 CLOSE Gap_Fade                  XLI long  stop    net=-36.09
[shares] 11:14 CLOSE ORB_5min                  XLI long  stop    net=-72.50
[shares] 11:15 MOMO_CHASE                DIA short 510.47 x19.6sh spread=0.39bp
[shares] 11:15 MOMO_CHASE                XLF short 54.26 x184.3sh spread=1.84bp
[shares] 11:20 CLOSE MOMO_CHASE                SPY short time    net=+13.20
[shares] 11:20 MOMO_CHASE                SPY short 763.85 x13.1sh spread=0.13bp
[shares] 11:20 CLOSE MOMO_CHASE                XLY short time    net=+7.28
[shares] 11:20 CLOSE MOMO_CHASE                XLI short time    net=+12.44
[shares] 11:25 CLOSE MOMO_CHASE                QQQ short time    net=-4.21
[shares] 11:25 CLOSE MOMO_CHASE                IWM short time    net=+9.29
[shares] 11:25 CLOSE MOMO_CHASE                XLP short time    net=+3.64
[shares] 11:25 CLOSE VWAP_Reclaim              GOOGL short stop    net=-25.72
[shares] 11:27 CLOSE VWAP_Reclaim              XLV short target  net=+32.85
[shares] 11:30 Six_Lines                 XLI short 168.38 x59.4sh spread=0.59bp
[shares] 11:30 Six_Lines_NoCap           XLI short 168.38 x59.4sh spread=0.59bp
[shares] 11:30 CLOSE Six_Lines_NoCap           XLV long  trail   net=-41.05
[shares] 11:30 MOMO_CHASE                XLV short 169.82 x58.9sh spread=1.18bp
[shares] 11:30 CLOSE Six_Lines                 NVDA short trail   net=-18.05
[shares] 11:30 CLOSE Six_Lines_NoCap           NVDA short trail   net=-18.05
[shares] 11:31 IntradayMomentumBoundary  DIA short 510.76 x19.6sh spread=0.59bp
[shares] 11:33 CLOSE Crabel_Stretch            XLI long  stop    net=-55.53
[shares] 11:33 CLOSE PDH_PDL_FailedBreak       XLV short target  net=+67.86
[shares] 11:35 MOMO_CHASE                XLI short 168.26 x59.4sh spread=0.59bp
[shares] 11:35 MOMO_CHASE                XLP short 82.28 x121.5sh spread=1.22bp
[shares] 11:37 CLOSE ORB_5min                  IWM short target  net=+52.00
[shares] 11:37 CLOSE ORB_15min                 IWM short target  net=+44.91
[shares] 11:40 MOMO_CHASE                IWM short 279.27 x35.8sh spread=0.36bp
[shares] 11:40 CLOSE MOMO_CHASE                DIA short time    net=-7.64
[shares] 11:40 CLOSE MOMO_CHASE                XLF short time    net=-3.69
[shares] 11:45 CLOSE MOMO_CHASE                SPY short time    net=-2.88
[shares] 11:50 PDH_PDL_Breakout          XLP short 82.19 x121.7sh spread=1.22bp
[shares] 11:52 CLOSE IntradayMomentumBoundary  DIA short trail   net=-5.68
[shares] 11:55 CLOSE MOMO_CHASE                XLV short time    net=-4.12
[shares] 11:55 MOMO_CHASE                WMT short 108.77 x91.9sh spread=1.84bp
[shares] 12:00 CLOSE Six_Lines                 XLI short trail   net=-10.69
[shares] 12:00 CLOSE Six_Lines_NoCap           XLI short trail   net=-10.69
[shares] 12:00 CLOSE MOMO_CHASE                XLI short time    net=-17.83
[shares] 12:00 CLOSE MOMO_CHASE                XLP short time    net=+4.86
[shares] 12:00 CLOSE PDH_PDL_Breakout          XLP short stop    net=-6.08
[shares] 12:01 IntradayMomentumBoundary  DIA short 510.71 x19.6sh spread=0.59bp
[shares] 12:01 IntradayMomentumBoundary  XLP short 82.21 x121.6sh spread=1.22bp
[shares] 12:05 CLOSE MOMO_CHASE                IWM short time    net=+0.36
[shares] 12:05 CLOSE IntradayMomentumBoundary  DIA short trail   net=-6.07
[shares] 12:05 MOMO_CHASE                AAPL long  337.11 x29.7sh spread=0.89bp
[shares] 12:15 VWAP_Reclaim              XLK long  193.45 x51.7sh spread=0.52bp
[shares] 12:15 TTM_Squeeze               AAPL long  337.94 x29.6sh spread=0.89bp
[shares] 12:16 VWAP_Reclaim              SPY long  765.94 x13.1sh spread=0.39bp
[shares] 12:16 VWAP_Reclaim              QQQ long  737.84 x13.6sh spread=0.81bp
[shares] 12:16 CLOSE IntradayMomentumBoundary  IWM short trail   net=-14.29
[shares] 12:16 VWAP_Reclaim              XLY long  110.17 x90.8sh spread=0.91bp
[shares] 12:16 CLOSE IntradayMomentumBoundary  XLP short trail   net=-12.16
[shares] 12:16 CLOSE PDH_PDL_Breakout          XLE long  stop    net=-23.76
[shares] 12:16 VWAP_Reclaim              XLE short 62.97 x158.8sh spread=1.59bp
[shares] 12:16 CLOSE PDH_PDL_FailedBreak       GOOGL long  target  net=+108.73
[shares] 12:17 CLOSE EMA_9_20_Pullback         QQQ short stop    net=-33.10
[shares] 12:17 VWAP_Reclaim              DIA long  513.32 x19.5sh spread=1.17bp
[shares] 12:17 CLOSE VWAP_Reclaim              XLK long  target  net=+44.97
[shares] 12:17 CLOSE ORB_15min                 XLY short stop    net=-30.88
[shares] 12:17 CLOSE ORB_15min                 XLE long  stop    net=-60.17
[shares] 12:19 CLOSE ORB_5min                  QQQ long  target  net=+34.88
[shares] 12:19 CLOSE ORB_5min                  DIA short stop    net=-23.61
[shares] 12:20 MOMO_CHASE                SPY long  766.85 x13.0sh spread=0.26bp
[shares] 12:20 PDH_PDL_FailedBreak       SPY long  766.85 x13.0sh spread=0.26bp
[shares] 12:20 MOMO_CHASE                QQQ long  739.18 x13.5sh spread=0.27bp
[shares] 12:20 PDH_PDL_FailedBreak       QQQ long  739.18 x13.5sh spread=0.27bp
[shares] 12:20 CLOSE Six_Lines_NoCap           IWM short trail   net=-28.55
[shares] 12:20 MOMO_CHASE                IWM long  281.04 x35.6sh spread=0.71bp
[shares] 12:20 CLOSE Six_Lines                 DIA short trail   net=-31.48
[shares] 12:20 CLOSE Six_Lines_NoCap           DIA short trail   net=-31.48
[shares] 12:20 MOMO_CHASE                DIA long  512.97 x19.5sh spread=0.97bp
[shares] 12:20 MOMO_CHASE                XLK long  194.27 x51.5sh spread=1.54bp
[shares] 12:20 PDH_PDL_FailedBreak       XLK long  194.27 x51.5sh spread=1.54bp
[shares] 12:20 MOMO_CHASE                XLY long  110.36 x90.6sh spread=0.91bp
[shares] 12:20 MOMO_CHASE                XLI long  169.33 x59.1sh spread=1.77bp
[shares] 12:20 PDH_PDL_FailedBreak       XLP long  82.29 x121.5sh spread=1.22bp
[shares] 12:20 CLOSE Six_Lines_NoCap           XLE long  trail   net=-66.43
[shares] 12:20 MOMO_CHASE                XLE short 62.80 x159.2sh spread=1.59bp
[shares] 12:20 TTM_Squeeze               XLE short 62.80 x159.2sh spread=1.59bp
[shares] 12:20 MOMO_CHASE                XLF long  54.48 x183.6sh spread=1.84bp
[shares] 12:20 MOMO_CHASE                NVDA long  223.55 x44.7sh spread=1.79bp
[shares] 12:20 CLOSE MOMO_CHASE                WMT short time    net=+16.55
[shares] 12:25 MOMO_CHASE                XLV long  170.28 x58.7sh spread=1.76bp
[shares] 12:30 CLOSE MOMO_CHASE                AAPL long  time    net=+21.36
[shares] 12:30 MOMO_CHASE                GOOGL long  340.95 x29.3sh spread=2.35bp
[shares] 12:40 PDH_PDL_FailedBreak       XLI long  169.67 x58.9sh spread=1.18bp
[shares] 12:40 Six_Lines                 GOOGL long  341.75 x29.3sh spread=1.17bp
[shares] 12:40 Six_Lines_NoCap           GOOGL long  341.75 x29.3sh spread=1.17bp
[shares] 12:41 CLOSE Gap_Fade                  QQQ long  target  net=+62.43
[shares] 12:41 CLOSE ORB_5min                  XLK long  target  net=+70.30
[shares] 12:41 CLOSE ORB_5min                  XLY short stop    net=-69.97
[shares] 12:42 CLOSE Crabel_Stretch            IWM short stop    net=-52.74
[shares] 12:43 CLOSE VWAP_Reclaim              QQQ long  target  net=+60.18
[shares] 12:45 CLOSE MOMO_CHASE                SPY long  time    net=+10.04
[shares] 12:45 CLOSE MOMO_CHASE                QQQ long  time    net=+20.83
[shares] 12:45 MOMO_CHASE                QQQ long  740.74 x13.5sh spread=0.27bp
[shares] 12:45 CLOSE MOMO_CHASE                IWM long  time    net=+14.59
[shares] 12:45 CLOSE MOMO_CHASE                DIA long  time    net=+2.73
[shares] 12:45 CLOSE MOMO_CHASE                XLK long  time    net=+21.10
[shares] 12:45 MOMO_CHASE                XLK long  194.70 x51.4sh spread=1.03bp
[shares] 12:45 CLOSE MOMO_CHASE                XLY long  time    net=+22.65
[shares] 12:45 CLOSE MOMO_CHASE                XLI long  time    net=+20.67
[shares] 12:45 CLOSE MOMO_CHASE                XLE short time    net=+35.03
[shares] 12:45 CLOSE MOMO_CHASE                XLF long  time    net=+0.00
[shares] 12:45 CLOSE MOMO_CHASE                NVDA long  time    net=+17.89
[shares] 12:45 MOMO_CHASE                NVDA long  223.97 x44.6sh spread=0.89bp
[shares] 12:50 CLOSE MOMO_CHASE                XLV long  time    net=-34.06
[shares] 12:50 MOMO_CHASE                XLF long  54.61 x183.1sh spread=1.83bp
[shares] 12:50 PDH_PDL_FailedBreak       NVDA long  224.38 x44.6sh spread=0.89bp
[shares] 12:50 MOMO_CHASE                AAPL long  338.47 x29.5sh spread=1.18bp
[shares] 12:51 CLOSE Six_Lines                 GOOGL long  target  net=+12.00
[shares] 12:55 CLOSE MOMO_CHASE                GOOGL long  time    net=+39.60
[shares] 12:55 MOMO_CHASE                GOOGL long  342.37 x29.2sh spread=2.04bp
[shares] 13:00 CLOSE TTM_Squeeze               AAPL long  bars    net=+15.39
[shares] 13:01 CLOSE ORB_15min                 XLV long  stop    net=-58.08
[shares] 13:01 IntradayMomentumBoundary  XLP short 82.21 x121.6sh spread=1.22bp
[shares] 13:01 IntradayMomentumBoundary  GOOGL long  342.28 x29.2sh spread=3.21bp
[shares] 13:05 CLOSE PDH_PDL_FailedBreak       XLP long  stop    net=-17.01
[shares] 13:05 CLOSE TTM_Squeeze               XLE short bars    net=-3.18
[shares] 13:10 CLOSE MOMO_CHASE                QQQ long  time    net=+14.31
[shares] 13:10 CLOSE MOMO_CHASE                XLK long  time    net=+12.33
[shares] 13:10 CLOSE MOMO_CHASE                NVDA long  time    net=+17.41
[shares] 13:11 CLOSE IntradayMomentumBoundary  GOOGL long  trail   net=-7.01
[shares] 13:15 CLOSE MOMO_CHASE                XLF long  time    net=-32.96
[shares] 13:15 CLOSE MOMO_CHASE                AAPL long  time    net=-2.36
[shares] 13:20 CLOSE MOMO_CHASE                GOOGL long  time    net=-12.56
[shares] 13:25 MOMO_CHASE                WMT short 108.21 x92.4sh spread=0.92bp
[shares] 13:25 TTM_Squeeze               WMT short 108.21 x92.4sh spread=0.92bp
[shares] 13:35 MOMO_CHASE                AAPL short 337.25 x29.7sh spread=1.19bp
[shares] 13:35 CLOSE TTM_Squeeze               WMT short stop    net=-30.50
[shares] 13:44 VWAP_Reclaim              XLI short 168.94 x59.2sh spread=1.18bp
[shares] 13:50 CLOSE Six_Lines_NoCap           GOOGL long  trail   net=-18.14
[shares] 13:50 CLOSE MOMO_CHASE                WMT short time    net=-13.86
[shares] 14:00 CLOSE MOMO_CHASE                AAPL short time    net=+1.19
[shares] 14:05 MOMO_CHASE                XLK short 193.60 x51.7sh spread=1.03bp
[shares] 14:05 MOMO_CHASE                NVDA short 223.54 x44.7sh spread=1.34bp
[shares] 14:20 MOMO_CHASE                XLE short 62.82 x159.2sh spread=1.59bp
[shares] 14:26 CLOSE VWAP_Reclaim              XLI short stop    net=-16.57
[shares] 14:27 CLOSE IntradayMomentumBoundary  XLP short trail   net=-10.95
[shares] 14:30 CLOSE MOMO_CHASE                XLK short time    net=-44.94
[shares] 14:30 CLOSE MOMO_CHASE                NVDA short time    net=-18.79
[shares] 14:31 IntradayMomentumBoundary  XLP short 82.27 x121.6sh spread=1.22bp
[shares] 14:31 IntradayMomentumBoundary  GOOGL long  341.96 x29.2sh spread=1.75bp
[shares] 14:32 CLOSE IntradayMomentumBoundary  GOOGL long  trail   net=-3.51
[shares] 14:39 VWAP_Reclaim              XLF long  54.53 x183.4sh spread=1.83bp
[shares] 14:40 PDH_PDL_FailedBreak       IWM long  281.87 x35.5sh spread=0.35bp
[shares] 14:40 CLOSE ORB_5min                  XLE long  stop    net=-96.53
[shares] 14:43 CLOSE VWAP_Reclaim              XLF long  stop    net=-14.67
[shares] 14:45 CLOSE MOMO_CHASE                XLE short time    net=+22.29
[shares] 15:31 IntradayMomentumBoundary  XLV long  170.31 x58.7sh spread=1.17bp
[shares] 15:31 IntradayMomentumBoundary  GOOGL long  342.06 x29.2sh spread=0.29bp
[shares] 15:33 CLOSE IntradayMomentumBoundary  GOOGL long  trail   net=-10.52
[shares] 15:43 CLOSE IntradayMomentumBoundary  XLV long  trail   net=-2.94
[shares] 15:45 VWAP_Reclaim              AAPL short 336.79 x29.7sh spread=0.59bp
[shares] 15:56 CLOSE Crabel_Stretch            SPY long  eod     net=+36.08
[shares] 15:56 CLOSE VWAP_Reclaim              SPY long  eod     net=+23.24
[shares] 15:56 CLOSE PDH_PDL_FailedBreak       SPY long  eod     net=+11.35
[shares] 15:56 CLOSE Crabel_Stretch            QQQ long  eod     net=+64.20
[shares] 15:56 CLOSE PDH_PDL_FailedBreak       QQQ long  eod     net=+31.25
[shares] 15:56 CLOSE PDH_PDL_FailedBreak       IWM long  eod     net=-8.51
[shares] 15:56 CLOSE VWAP_Reclaim              DIA long  eod     net=-7.99
[shares] 15:56 CLOSE Gap_Fade                  XLK long  eod     net=+72.91
[shares] 15:56 CLOSE Crabel_Stretch            XLK long  eod     net=+58.86
[shares] 15:56 CLOSE PDH_PDL_FailedBreak       XLK long  eod     net=+27.80
[shares] 15:56 CLOSE VWAP_Reclaim              XLY long  eod     net=+19.06
[shares] 15:56 CLOSE PDH_PDL_FailedBreak       XLI long  eod     net=-46.56
[shares] 15:56 CLOSE Crabel_Stretch            XLV long  eod     net=+27.13
[shares] 15:56 CLOSE ORB_5min                  XLV long  eod     net=-17.61
[shares] 15:56 CLOSE Crabel_Stretch            XLP short eod     net=+108.83
[shares] 15:56 CLOSE IntradayMomentumBoundary  XLP short eod     net=+57.13
[shares] 15:56 CLOSE VWAP_Reclaim              XLE short eod     net=+55.58
[shares] 15:56 CLOSE ORB_5min                  XLF short eod     net=-25.74
[shares] 15:56 CLOSE Crabel_Stretch            NVDA long  eod     net=+68.99
[shares] 15:56 CLOSE Gap_Fade                  NVDA long  eod     net=+90.24
[shares] 15:56 CLOSE PDH_PDL_FailedBreak       NVDA long  eod     net=+16.49
[shares] 15:56 CLOSE VWAP_Reclaim              AAPL short eod     net=+20.19
[shares] 15:56 CLOSE Crabel_Stretch            GOOGL long  eod     net=+142.53
[shares] 15:56 CLOSE ORB_5min                  GOOGL long  eod     net=+104.88
[shares] 15:56 CLOSE Crabel_Stretch            WMT short eod     net=+205.72
[shares] 15:56 CLOSE ORB_15min                 WMT short target  net=+162.74
[shares] 15:56 CLOSE Six_Lines_NoCap           WMT short eod     net=+162.74
[shares] 15:56 CLOSE IntradayMomentumBoundary  WMT short eod     net=+185.17
[shares] 15:56 CLOSE EMA_9_20_Pullback         WMT short eod     net=+142.01
[shares] 15:56 CLOSE ORB_5min                  WMT short eod     net=+142.91
[shares] daily: 190 trades, net $+554.12
