[replay shares] 2026-09-15 -- config 7c6414fc549315f3 -- history-backed, no outages; NOT the prospective record
[shares] warmup SPY: 24 prior sessions, stretch=0.9824999999999932
[shares] warmup QQQ: 24 prior sessions, stretch=1.7001999999999953
[shares] warmup IWM: 24 prior sessions, stretch=0.6020000000000095
[shares] warmup DIA: 24 prior sessions, stretch=0.7964999999999804
[shares] warmup XLK: 24 prior sessions, stretch=0.6570000000000021
[shares] warmup XLY: 24 prior sessions, stretch=0.26299999999999957
[shares] warmup XLI: 24 prior sessions, stretch=0.5120000000000033
[shares] warmup XLV: 24 prior sessions, stretch=0.40751999999999666
[shares] warmup XLP: 24 prior sessions, stretch=0.21699999999999592
[shares] warmup XLE: 24 prior sessions, stretch=0.24999999999999858
[shares] warmup XLF: 24 prior sessions, stretch=0.15499999999999972
[shares] warmup NVDA: 24 prior sessions, stretch=1.1380000000000023
[shares] warmup AAPL: 24 prior sessions, stretch=1.468999999999994
[shares] warmup GOOGL: 24 prior sessions, stretch=0.8638900000000035
[shares] warmup WMT: 24 prior sessions, stretch=0.43450000000000133
[replay] six-lines SPY: R1=762.34  R2=763.52  R3=766.18  S1=757.93  S2=757.77  S3=756.18
[replay] six-lines QQQ: R1=712.52  R2=712.95  R3=716.12  S1=703.21  S2=702.74  S3=701.15
[replay] six-lines IWM: R1=287.92  R2=288.89  R3=289.84  S1=287.06  S2=286.92  S3=284.80
[replay] six-lines DIA: R1=524.49  R2=525.84  R3=526.78  S1=523.10  S2=522.90  S3=520.50
[replay] six-lines XLK: R1=184.80  R2=185.60  R3=188.24  S1=182.96  S2=182.71  S3=182.08
[replay] six-lines XLY: R1=112.85  R2=112.96  R3=113.28  S1=112.24  S2=112.11  S3=112.11
[replay] six-lines XLI: R1=170.13  R2=171.36  R3=172.37  S1=168.73  S2=168.49  S3=168.34
[replay] six-lines XLV: R1=168.36  R2=168.39  R3=168.77  S1=167.09  S2=167.03  S3=165.33
[replay] six-lines XLP: R1=84.44  R2=84.55  R3=84.89  S1=84.25  S2=83.99  S3=83.33
[replay] six-lines XLE: R1=65.89  R2=66.05  R3=66.33  S1=65.14  S2=64.38  S3=64.18
[replay] six-lines XLF: R1=57.38  R2=57.55  R3=57.57  S1=57.08  S2=56.76  S3=56.61
[replay] six-lines NVDA: R1=212.77  R2=219.78  R3=220.91  S1=211.00  S2=209.64  S3=208.93
[replay] six-lines AAPL: R1=335.21  R2=335.38  R3=335.50  S1=331.34  S2=329.76  S3=328.66
[replay] six-lines GOOGL: R1=346.53  R2=349.39  R3=349.91  S1=343.09  S2=342.14  S3=334.82
[replay] six-lines WMT: R1=108.50  R2=109.48  R3=109.73  S1=108.24  S2=108.00  S3=106.16
[shares] 09:32 Crabel_Stretch            XLY short 112.11 x89.2sh spread=2.68bp
[shares] 09:32 Crabel_Stretch            XLV short 167.09 x59.8sh spread=4.19bp
[shares] 09:32 Crabel_Stretch            XLP short 83.75 x119.4sh spread=1.19bp
[shares] 09:32 Crabel_Stretch            XLE long  65.17 x153.4sh spread=1.53bp
[shares] 09:32 Crabel_Stretch            GOOGL short 345.33 x29.0sh spread=5.79bp
[shares] 09:33 Crabel_Stretch            DIA short 522.11 x19.2sh spread=0.96bp
[shares] 09:33 VWAP_Reclaim              NVDA long  213.77 x46.8sh spread=1.40bp
[shares] 09:34 Crabel_Stretch            SPY short 758.81 x13.2sh spread=0.26bp
[shares] 09:34 Crabel_Stretch            IWM short 285.93 x35.0sh spread=0.35bp
[shares] 09:34 Crabel_Stretch            XLI short 169.76 x58.9sh spread=4.12bp
[shares] 09:34 VWAP_Reclaim              AAPL short 329.95 x30.3sh spread=1.82bp
[shares] 09:35 PDH_PDL_Breakout          IWM short 285.93 x35.0sh spread=1.05bp
[shares] 09:35 TTM_Squeeze               DIA short 521.64 x19.2sh spread=0.96bp
[shares] 09:35 PDH_PDL_Breakout          DIA short 521.64 x19.2sh spread=0.96bp
[shares] 09:35 PDH_PDL_Breakout          XLY short 112.03 x89.3sh spread=2.68bp
[shares] 09:35 TTM_Squeeze               XLV short 166.77 x60.0sh spread=3.60bp
[shares] 09:35 PDH_PDL_Breakout          XLV short 166.77 x60.0sh spread=3.60bp
[shares] 09:35 PDH_PDL_Breakout          XLP short 83.67 x119.5sh spread=1.20bp
[shares] 09:35 VWAP_Reclaim              XLF short 56.82 x176.0sh spread=1.76bp
[shares] 09:40 Six_Lines                 DIA short 521.68 x19.2sh spread=1.15bp
[shares] 09:40 Six_Lines_NoCap           DIA short 521.68 x19.2sh spread=1.15bp
[shares] 09:40 TTM_Squeeze               XLI short 169.20 x59.1sh spread=2.36bp
[shares] 09:40 Six_Lines                 XLV short 166.68 x60.0sh spread=3.00bp
[shares] 09:40 Six_Lines_NoCap           XLV short 166.68 x60.0sh spread=3.00bp
[shares] 09:40 Six_Lines                 XLP short 83.81 x119.3sh spread=1.19bp
[shares] 09:40 Six_Lines_NoCap           XLP short 83.81 x119.3sh spread=1.19bp
[shares] 09:40 CLOSE Crabel_Stretch            GOOGL short stop    net=-54.15
[shares] 09:41 VWAP_Reclaim              GOOGL short 346.05 x28.9sh spread=1.44bp
[shares] 09:42 VWAP_Reclaim              WMT short 108.54 x92.1sh spread=1.84bp
[shares] 09:43 CLOSE TTM_Squeeze               XLI short stop    net=-23.64
[shares] 09:44 ORB_5min                  XLE long  65.29 x153.2sh spread=1.53bp
[shares] 09:45 PDH_PDL_FailedBreak       XLY long  112.35 x89.0sh spread=0.89bp
[shares] 09:45 PDH_PDL_FailedBreak       XLI short 169.36 x59.0sh spread=2.95bp
[shares] 09:45 PDH_PDL_Breakout          AAPL short 330.28 x30.3sh spread=1.51bp
[shares] 09:45 Gap_Fade                  AAPL long  330.33 x30.3sh spread=1.51bp
[shares] 09:45 Gap_Fade                  GOOGL long  347.11 x28.8sh spread=1.73bp
[shares] 09:46 ORB_5min                  QQQ long  709.00 x14.1sh spread=0.42bp
[shares] 09:46 CLOSE Six_Lines                 XLP short target  net=+19.09
[shares] 09:47 ORB_15min                 DIA short 521.34 x19.2sh spread=0.96bp
[shares] 09:47 CLOSE Six_Lines                 XLV short target  net=+24.00
[shares] 09:47 ORB_15min                 XLV short 166.24 x60.2sh spread=2.41bp
[shares] 09:47 ORB_5min                  XLP short 83.62 x119.6sh spread=1.20bp
[shares] 09:47 ORB_15min                 XLP short 83.62 x119.6sh spread=1.20bp
[shares] 09:48 ORB_15min                 IWM short 285.64 x35.0sh spread=0.35bp
[shares] 09:49 CLOSE TTM_Squeeze               XLV short target  net=+34.18
[shares] 09:49 Crabel_Stretch            XLF short 56.81 x176.0sh spread=1.76bp
[shares] 09:50 Six_Lines                 XLK long  184.86 x54.1sh spread=1.62bp
[shares] 09:50 Six_Lines_NoCap           XLK long  184.86 x54.1sh spread=1.62bp
[shares] 09:50 ORB_15min                 XLI short 169.05 x59.2sh spread=1.77bp
[shares] 09:50 ThreeBarPlay              XLP short 83.65 x119.5sh spread=1.20bp
[shares] 09:50 EMA_9_20_Pullback         XLF short 56.83 x176.0sh spread=1.76bp
[shares] 09:52 ORB_5min                  XLV short 166.38 x60.1sh spread=0.60bp
[shares] 09:53 ORB_5min                  IWM short 285.60 x35.0sh spread=0.70bp
[shares] 09:53 CLOSE EMA_9_20_Pullback         XLF short stop    net=-21.12
[shares] 09:54 VWAP_Reclaim              XLY short 112.16 x89.2sh spread=0.89bp
[shares] 09:55 PDH_PDL_Breakout          NVDA long  213.28 x46.9sh spread=1.41bp
[shares] 09:55 Gap_Fade                  NVDA short 213.25 x46.9sh spread=1.41bp
[shares] 09:56 CLOSE PDH_PDL_Breakout          NVDA long  stop    net=-2.34
[shares] 09:58 VWAP_Reclaim              XLP short 83.68 x119.5sh spread=1.20bp
[shares] 09:58 CLOSE PDH_PDL_Breakout          AAPL short stop    net=-32.40
[shares] 09:59 CLOSE VWAP_Reclaim              AAPL short stop    net=-45.16
[shares] 10:00 CLOSE VWAP_Reclaim              XLY short target  net=+14.27
[shares] 10:00 Six_Lines                 XLY short 111.99 x89.3sh spread=0.89bp
[shares] 10:00 Six_Lines_NoCap           XLY short 111.99 x89.3sh spread=0.89bp
[shares] 10:01 IntradayMomentumBoundary  SPY short 759.21 x13.2sh spread=0.26bp
[shares] 10:01 IntradayMomentumBoundary  IWM short 285.79 x35.0sh spread=0.35bp
[shares] 10:01 IntradayMomentumBoundary  DIA short 521.08 x19.2sh spread=0.77bp
[shares] 10:01 CLOSE PDH_PDL_FailedBreak       XLY long  stop    net=-43.61
[shares] 10:01 ORB_5min                  XLY short 111.86 x89.4sh spread=0.89bp
[shares] 10:01 ORB_15min                 XLY short 111.86 x89.4sh spread=0.89bp
[shares] 10:01 IntradayMomentumBoundary  XLY short 111.86 x89.4sh spread=0.89bp
[shares] 10:01 ORB_5min                  XLI short 169.32 x59.1sh spread=0.59bp
[shares] 10:01 IntradayMomentumBoundary  XLV short 166.69 x60.0sh spread=1.80bp
[shares] 10:01 IntradayMomentumBoundary  XLP short 83.61 x119.6sh spread=1.20bp
[shares] 10:01 IntradayMomentumBoundary  XLE long  65.47 x152.7sh spread=1.53bp
[shares] 10:01 CLOSE VWAP_Reclaim              NVDA long  stop    net=-51.46
[shares] 10:01 VWAP_Reclaim              NVDA short 212.67 x47.0sh spread=1.41bp
[shares] 10:02 ORB_5min                  DIA short 520.98 x19.2sh spread=0.96bp
[shares] 10:03 CLOSE IntradayMomentumBoundary  XLV short trail   net=-6.60
[shares] 10:05 CLOSE Six_Lines                 XLY short target  net=+22.32
[shares] 10:05 VWAP_Reclaim              AAPL short 330.21 x30.3sh spread=0.61bp
[shares] 10:07 ORB_15min                 SPY short 758.67 x13.2sh spread=0.13bp
[shares] 10:07 CLOSE Six_Lines                 DIA short target  net=+19.55
[shares] 10:07 ORB_15min                 XLE long  65.47 x152.7sh spread=1.53bp
[shares] 10:08 VWAP_Reclaim              XLV long  166.91 x59.9sh spread=1.20bp
[shares] 10:09 ORB_5min                  SPY short 758.53 x13.2sh spread=0.13bp
[shares] 10:09 ORB_5min                  XLF short 56.76 x176.2sh spread=1.76bp
[shares] 10:09 ORB_15min                 XLF short 56.76 x176.2sh spread=1.76bp
[shares] 10:09 CLOSE VWAP_Reclaim              WMT short stop    net=-26.72
[shares] 10:10 CLOSE Six_Lines                 XLK long  trail   net=-9.74
[shares] 10:10 CLOSE Six_Lines_NoCap           XLK long  trail   net=-9.74
[shares] 10:10 TTM_Squeeze               XLF short 56.80 x176.1sh spread=1.76bp
[shares] 10:10 Six_Lines                 AAPL short 329.72 x30.3sh spread=0.61bp
[shares] 10:10 Six_Lines_NoCap           AAPL short 329.72 x30.3sh spread=0.61bp
[shares] 10:10 CLOSE Gap_Fade                  GOOGL long  stop    net=-67.70
[shares] 10:11 CLOSE ORB_5min                  QQQ long  stop    net=-22.71
[shares] 10:11 ORB_15min                 QQQ short 707.39 x14.1sh spread=0.28bp
[shares] 10:11 CLOSE TTM_Squeeze               DIA short target  net=+22.24
[shares] 10:11 ORB_5min                  GOOGL short 344.45 x29.0sh spread=2.61bp
[shares] 10:11 ORB_15min                 GOOGL short 344.45 x29.0sh spread=2.61bp
[shares] 10:14 Crabel_Stretch            QQQ short 706.85 x14.1sh spread=0.42bp
[shares] 10:14 ORB_15min                 NVDA short 212.50 x47.1sh spread=0.47bp
[shares] 10:15 PDH_PDL_FailedBreak       NVDA short 212.64 x47.0sh spread=0.47bp
[shares] 10:19 CLOSE IntradayMomentumBoundary  XLP short trail   net=-15.55
[shares] 10:20 Six_Lines                 XLF short 56.73 x176.3sh spread=1.76bp
[shares] 10:20 Six_Lines_NoCap           XLF short 56.73 x176.3sh spread=1.76bp
[shares] 10:20 PDH_PDL_Breakout          XLF short 56.73 x176.3sh spread=1.76bp
[shares] 10:20 ORB_15min                 WMT long  108.90 x91.8sh spread=1.84bp
[shares] 10:21 CLOSE VWAP_Reclaim              XLP short stop    net=-10.76
[shares] 10:23 ORB_5min                  XLK short 184.21 x54.3sh spread=0.54bp
[shares] 10:23 ORB_15min                 XLK short 184.21 x54.3sh spread=0.54bp
[shares] 10:23 ORB_5min                  NVDA short 212.13 x47.1sh spread=0.94bp
[shares] 10:23 Crabel_Stretch            NVDA short 212.13 x47.1sh spread=0.94bp
[shares] 10:30 Six_Lines                 SPY short 757.48 x13.2sh spread=0.26bp
[shares] 10:30 Six_Lines_NoCap           SPY short 757.48 x13.2sh spread=0.26bp
[shares] 10:30 PDH_PDL_Breakout          SPY short 757.48 x13.2sh spread=0.26bp
[shares] 10:30 MOMO_CHASE                DIA short 519.57 x19.2sh spread=0.38bp
[shares] 10:30 CLOSE IntradayMomentumBoundary  XLE long  trail   net=-54.99
[shares] 10:30 CLOSE ORB_15min                 XLE long  stop    net=-54.99
[shares] 10:30 VWAP_Reclaim              XLE short 65.11 x153.6sh spread=1.54bp
[shares] 10:30 MOMO_CHASE                XLF short 56.66 x176.5sh spread=1.76bp
[shares] 10:31 IntradayMomentumBoundary  QQQ short 706.16 x14.2sh spread=0.28bp
[shares] 10:31 IntradayMomentumBoundary  XLI short 168.93 x59.2sh spread=1.78bp
[shares] 10:31 IntradayMomentumBoundary  XLP short 83.65 x119.5sh spread=1.20bp
[shares] 10:31 IntradayMomentumBoundary  XLF short 56.65 x176.5sh spread=1.77bp
[shares] 10:31 CLOSE Six_Lines                 AAPL short target  net=+19.11
[shares] 10:33 CLOSE IntradayMomentumBoundary  XLP short trail   net=-10.76
[shares] 10:34 CLOSE Six_Lines                 XLF short target  net=+15.86
[shares] 10:35 MOMO_CHASE                SPY short 757.34 x13.2sh spread=0.40bp
[shares] 10:35 MOMO_CHASE                QQQ short 706.12 x14.2sh spread=0.57bp
[shares] 10:35 MOMO_CHASE                XLK short 184.20 x54.3sh spread=1.09bp
[shares] 10:35 MOMO_CHASE                XLY short 111.41 x89.8sh spread=0.90bp
[shares] 10:35 CLOSE IntradayMomentumBoundary  XLI short trail   net=-11.84
[shares] 10:37 ORB_5min                  WMT long  108.99 x91.8sh spread=2.75bp
[shares] 10:38 CLOSE ORB_15min                 XLP short stop    net=-34.68
[shares] 10:38 CLOSE ThreeBarPlay              XLP short stop    net=-31.08
[shares] 10:38 Crabel_Stretch            WMT long  109.08 x91.7sh spread=0.92bp
[shares] 10:40 Six_Lines                 IWM short 284.78 x35.1sh spread=0.35bp
[shares] 10:40 Six_Lines_NoCap           IWM short 284.78 x35.1sh spread=0.35bp
[shares] 10:40 PDH_PDL_FailedBreak       XLV long  167.05 x59.9sh spread=0.60bp
[shares] 10:41 CLOSE ORB_15min                 SPY short target  net=+22.28
[shares] 10:41 CLOSE PDH_PDL_Breakout          SPY short target  net=+6.60
[shares] 10:41 CLOSE ORB_15min                 QQQ short target  net=+28.84
[shares] 10:49 CLOSE ORB_15min                 XLV short stop    net=-65.57
[shares] 10:49 CLOSE VWAP_Reclaim              XLV long  target  net=+23.37
[shares] 10:50 CLOSE Six_Lines_NoCap           XLV short trail   net=-36.60
[shares] 10:50 MOMO_CHASE                XLV long  167.29 x59.8sh spread=1.20bp
[shares] 10:50 CLOSE Six_Lines_NoCap           XLP short trail   net=-25.06
[shares] 10:51 CLOSE ORB_15min                 IWM short target  net=+46.21
[shares] 10:52 CLOSE Six_Lines                 IWM short target  net=+23.88
[shares] 10:52 Crabel_Stretch            XLK short 183.69 x54.4sh spread=1.63bp
[shares] 10:54 CLOSE ORB_15min                 XLY short target  net=+68.84
[shares] 10:55 CLOSE MOMO_CHASE                DIA short time    net=-2.12
[shares] 10:55 CLOSE TTM_Squeeze               XLF short bars    net=+26.41
[shares] 10:55 CLOSE MOMO_CHASE                XLF short time    net=+1.76
[shares] 11:00 CLOSE MOMO_CHASE                SPY short time    net=+11.75
[shares] 11:00 MOMO_CHASE                SPY short 756.42 x13.2sh spread=0.40bp
[shares] 11:00 CLOSE MOMO_CHASE                QQQ short time    net=+23.08
[shares] 11:00 MOMO_CHASE                QQQ short 704.45 x14.2sh spread=0.57bp
[shares] 11:00 CLOSE MOMO_CHASE                XLK short time    net=+20.63
[shares] 11:00 MOMO_CHASE                XLK short 183.80 x54.4sh spread=1.09bp
[shares] 11:00 CLOSE MOMO_CHASE                XLY short time    net=+26.03
[shares] 11:00 Six_Lines                 XLI short 168.55 x59.3sh spread=1.19bp
[shares] 11:00 Six_Lines_NoCap           XLI short 168.55 x59.3sh spread=1.19bp
[shares] 11:01 IntradayMomentumBoundary  XLI short 168.64 x59.3sh spread=1.78bp
[shares] 11:07 CLOSE PDH_PDL_Breakout          XLF short target  net=+22.92
[shares] 11:08 CLOSE VWAP_Reclaim              XLF short target  net=+44.00
[shares] 11:10 MOMO_CHASE                XLF short 56.54 x176.9sh spread=1.77bp
[shares] 11:15 CLOSE MOMO_CHASE                XLV long  time    net=-4.78
[shares] 11:15 CLOSE VWAP_Reclaim              XLE short stop    net=-58.36
[shares] 11:15 CLOSE ORB_15min                 XLF short target  net=+44.05
[shares] 11:20 MOMO_CHASE                XLV long  167.30 x59.8sh spread=0.60bp
[shares] 11:20 MOMO_CHASE                XLE long  65.56 x152.5sh spread=1.53bp
[shares] 11:20 CLOSE Six_Lines_NoCap           AAPL short trail   net=-14.56
[shares] 11:25 CLOSE MOMO_CHASE                SPY short time    net=-13.62
[shares] 11:25 CLOSE MOMO_CHASE                QQQ short time    net=-16.18
[shares] 11:25 CLOSE MOMO_CHASE                XLK short time    net=-15.23
[shares] 11:27 CLOSE VWAP_Reclaim              GOOGL short target  net=+67.33
[shares] 11:31 IntradayMomentumBoundary  XLE long  65.71 x152.2sh spread=1.52bp
[shares] 11:35 CLOSE MOMO_CHASE                XLF short time    net=-5.31
[shares] 11:35 MOMO_CHASE                WMT short 108.66 x92.0sh spread=1.84bp
[shares] 11:40 CLOSE Six_Lines                 XLI short trail   net=-15.43
[shares] 11:40 CLOSE Six_Lines_NoCap           XLI short trail   net=-15.43
[shares] 11:45 CLOSE MOMO_CHASE                XLV long  time    net=+29.89
[shares] 11:45 MOMO_CHASE                XLV long  167.82 x59.6sh spread=1.19bp
[shares] 11:45 CLOSE MOMO_CHASE                XLE long  time    net=+24.41
[shares] 11:48 CLOSE ORB_15min                 WMT long  stop    net=-31.22
[shares] 11:50 TTM_Squeeze               WMT short 108.43 x92.2sh spread=1.84bp
[shares] 12:00 CLOSE MOMO_CHASE                WMT short time    net=+20.25
[shares] 12:00 MOMO_CHASE                WMT short 108.42 x92.2sh spread=1.84bp
[shares] 12:10 CLOSE MOMO_CHASE                XLV long  time    net=-23.24
[shares] 12:20 TTM_Squeeze               GOOGL long  344.55 x29.0sh spread=1.74bp
[shares] 12:25 CLOSE IntradayMomentumBoundary  IWM short trail   net=+27.64
[shares] 12:25 MOMO_CHASE                XLK long  184.25 x54.3sh spread=1.09bp
[shares] 12:25 CLOSE IntradayMomentumBoundary  XLI short trail   net=-24.31
[shares] 12:25 CLOSE MOMO_CHASE                WMT short time    net=-11.07
[shares] 12:29 CLOSE IntradayMomentumBoundary  DIA short trail   net=+12.28
[shares] 12:30 CLOSE Six_Lines_NoCap           IWM short trail   net=-9.48
[shares] 12:30 MOMO_CHASE                IWM long  285.05 x35.1sh spread=0.35bp
[shares] 12:30 MOMO_CHASE                XLP short 83.66 x119.5sh spread=1.20bp
[shares] 12:30 TTM_Squeeze               AAPL long  330.43 x30.3sh spread=0.91bp
[shares] 12:31 IntradayMomentumBoundary  DIA short 520.33 x19.2sh spread=0.58bp
[shares] 12:31 IntradayMomentumBoundary  XLP short 83.68 x119.5sh spread=1.20bp
[shares] 12:32 CLOSE IntradayMomentumBoundary  DIA short trail   net=-0.77
[shares] 12:35 CLOSE TTM_Squeeze               WMT short bars    net=-11.07
[shares] 12:45 TTM_Squeeze               SPY long  757.61 x13.2sh spread=0.13bp
[shares] 12:50 CLOSE MOMO_CHASE                XLK long  time    net=-7.60
[shares] 12:53 CLOSE IntradayMomentumBoundary  SPY short trail   net=+18.05
[shares] 12:53 CLOSE IntradayMomentumBoundary  XLP short trail   net=-13.15
[shares] 12:55 MOMO_CHASE                SPY long  757.98 x13.2sh spread=0.13bp
[shares] 12:55 PDH_PDL_FailedBreak       SPY long  757.98 x13.2sh spread=0.13bp
[shares] 12:55 CLOSE MOMO_CHASE                IWM long  time    net=+10.88
[shares] 12:55 MOMO_CHASE                IWM long  285.38 x35.0sh spread=0.70bp
[shares] 12:55 MOMO_CHASE                DIA long  520.93 x19.2sh spread=0.38bp
[shares] 12:55 MOMO_CHASE                XLY long  111.50 x89.7sh spread=0.90bp
[shares] 12:55 MOMO_CHASE                XLI long  169.53 x59.0sh spread=1.18bp
[shares] 12:55 CLOSE MOMO_CHASE                XLP short time    net=-22.71
[shares] 12:55 MOMO_CHASE                XLP long  83.85 x119.3sh spread=1.19bp
[shares] 12:58 CLOSE TTM_Squeeze               AAPL long  stop    net=-25.12
[shares] 13:00 Six_Lines                 XLE long  65.91 x151.7sh spread=1.52bp
[shares] 13:00 Six_Lines_NoCap           XLE long  65.91 x151.7sh spread=1.52bp
[shares] 13:01 IntradayMomentumBoundary  SPY short 757.68 x13.2sh spread=0.40bp
[shares] 13:03 VWAP_Reclaim              SPY short 757.38 x13.2sh spread=0.40bp
[shares] 13:04 CLOSE VWAP_Reclaim              NVDA short target  net=+54.07
[shares] 13:05 MOMO_CHASE                NVDA short 211.45 x47.3sh spread=0.47bp
[shares] 13:05 CLOSE TTM_Squeeze               GOOGL long  bars    net=-20.90
[shares] 13:10 TTM_Squeeze               WMT long  108.80 x91.9sh spread=2.76bp
[shares] 13:15 MOMO_CHASE                QQQ short 704.81 x14.2sh spread=0.43bp
[shares] 13:15 TTM_Squeeze               NVDA short 211.42 x47.3sh spread=0.47bp
[shares] 13:20 CLOSE TTM_Squeeze               SPY long  stop    net=-8.05
[shares] 13:20 CLOSE MOMO_CHASE                SPY long  time    net=-12.93
[shares] 13:20 CLOSE MOMO_CHASE                IWM long  time    net=-12.61
[shares] 13:20 CLOSE MOMO_CHASE                DIA long  time    net=-16.32
[shares] 13:20 MOMO_CHASE                DIA short 520.08 x19.2sh spread=0.58bp
[shares] 13:20 CLOSE MOMO_CHASE                XLY long  time    net=-18.83
[shares] 13:20 CLOSE MOMO_CHASE                XLI long  time    net=-27.72
[shares] 13:20 CLOSE MOMO_CHASE                XLP long  time    net=+1.19
[shares] 13:23 CLOSE VWAP_Reclaim              SPY short target  net=+7.66
[shares] 13:23 VWAP_Reclaim              WMT short 108.63 x92.1sh spread=1.84bp
[shares] 13:25 MOMO_CHASE                XLY short 111.18 x89.9sh spread=0.90bp
[shares] 13:25 MOMO_CHASE                XLI short 168.93 x59.2sh spread=1.18bp
[shares] 13:30 CLOSE MOMO_CHASE                NVDA short time    net=+5.20
[shares] 13:30 Six_Lines                 GOOGL short 342.82 x29.2sh spread=2.33bp
[shares] 13:30 Six_Lines_NoCap           GOOGL short 342.82 x29.2sh spread=2.33bp
[shares] 13:31 IntradayMomentumBoundary  IWM short 284.90 x35.1sh spread=0.35bp
[shares] 13:31 IntradayMomentumBoundary  DIA short 520.10 x19.2sh spread=0.58bp
[shares] 13:31 IntradayMomentumBoundary  GOOGL short 342.83 x29.2sh spread=1.75bp
[shares] 13:32 CLOSE IntradayMomentumBoundary  IWM short trail   net=-6.32
[shares] 13:33 CLOSE IntradayMomentumBoundary  DIA short trail   net=-5.58
[shares] 13:36 CLOSE IntradayMomentumBoundary  GOOGL short trail   net=-9.92
[shares] 13:40 CLOSE MOMO_CHASE                QQQ short time    net=-0.14
[shares] 13:40 MOMO_CHASE                XLF long  56.64 x176.6sh spread=1.77bp
[shares] 13:41 CLOSE ORB_5min                  XLE long  target  net=+107.21
[shares] 13:41 CLOSE IntradayMomentumBoundary  XLF short trail   net=+0.00
[shares] 13:44 CLOSE VWAP_Reclaim              WMT short stop    net=-15.65
[shares] 13:45 CLOSE MOMO_CHASE                DIA short time    net=-7.31
[shares] 13:50 TTM_Squeeze               QQQ short 704.67 x14.2sh spread=0.14bp
[shares] 13:50 TTM_Squeeze               XLK short 183.82 x54.4sh spread=0.54bp
[shares] 13:50 CLOSE MOMO_CHASE                XLY short time    net=+8.09
[shares] 13:50 CLOSE MOMO_CHASE                XLI short time    net=-5.33
[shares] 13:50 CLOSE Six_Lines                 GOOGL short trail   net=-12.83
[shares] 13:50 CLOSE Six_Lines_NoCap           GOOGL short trail   net=-12.83
[shares] 13:51 CLOSE Six_Lines                 XLE long  target  net=+19.72
[shares] 13:54 CLOSE TTM_Squeeze               NVDA short stop    net=-26.49
[shares] 13:55 PDH_PDL_Breakout          XLE long  66.08 x151.3sh spread=1.51bp
[shares] 13:55 CLOSE TTM_Squeeze               WMT long  bars    net=-9.19
[shares] 14:00 MOMO_CHASE                NVDA long  211.96 x47.2sh spread=0.47bp
[shares] 14:00 TTM_Squeeze               AAPL long  330.43 x30.3sh spread=0.30bp
[shares] 14:01 IntradayMomentumBoundary  DIA short 520.28 x19.2sh spread=0.38bp
[shares] 14:01 IntradayMomentumBoundary  XLF short 56.60 x176.7sh spread=1.77bp
[shares] 14:02 CLOSE IntradayMomentumBoundary  DIA short trail   net=-4.04
[shares] 14:03 CLOSE PDH_PDL_Breakout          XLE long  stop    net=-9.08
[shares] 14:05 PDH_PDL_FailedBreak       XLE short 66.00 x151.5sh spread=1.52bp
[shares] 14:05 CLOSE MOMO_CHASE                XLF long  time    net=-5.30
[shares] 14:10 TTM_Squeeze               IWM long  285.66 x35.0sh spread=0.35bp
[shares] 14:10 CLOSE IntradayMomentumBoundary  XLF short trail   net=-12.37
[shares] 14:12 CLOSE IntradayMomentumBoundary  SPY short trail   net=-1.19
[shares] 14:12 CLOSE TTM_Squeeze               QQQ short stop    net=-11.35
[shares] 14:15 TTM_Squeeze               XLF long  56.68 x176.4sh spread=1.76bp
[shares] 14:20 MOMO_CHASE                IWM long  285.64 x35.0sh spread=0.35bp
[shares] 14:25 CLOSE MOMO_CHASE                NVDA long  time    net=-0.47
[shares] 14:30 CLOSE Six_Lines_NoCap           XLE long  trail   net=-12.14
[shares] 14:30 MOMO_CHASE                XLE short 65.83 x151.9sh spread=1.52bp
[shares] 14:31 IntradayMomentumBoundary  SPY short 757.43 x13.2sh spread=0.26bp
[shares] 14:31 IntradayMomentumBoundary  XLF short 56.63 x176.6sh spread=1.77bp
[shares] 14:32 CLOSE PDH_PDL_FailedBreak       XLE short target  net=+30.30
[shares] 14:35 CLOSE TTM_Squeeze               XLK short bars    net=+2.18
[shares] 14:37 CLOSE TTM_Squeeze               IWM long  stop    net=-11.90
[shares] 14:37 CLOSE TTM_Squeeze               XLF long  stop    net=-15.88
[shares] 14:45 CLOSE MOMO_CHASE                IWM long  time    net=-12.60
[shares] 14:45 CLOSE TTM_Squeeze               AAPL long  bars    net=-4.24
[shares] 14:51 CLOSE IntradayMomentumBoundary  XLF short trail   net=-3.53
[shares] 14:52 CLOSE PDH_PDL_Breakout          XLY short target  net=+100.87
[shares] 14:55 CLOSE MOMO_CHASE                XLE short time    net=-1.52
[shares] 15:00 CLOSE Six_Lines_NoCap           XLF short trail   net=-22.92
[shares] 15:01 CLOSE IntradayMomentumBoundary  SPY short trail   net=-2.24
[shares] 15:31 IntradayMomentumBoundary  SPY short 756.97 x13.2sh spread=0.26bp
[shares] 15:31 IntradayMomentumBoundary  IWM short 284.85 x35.1sh spread=0.70bp
[shares] 15:36 CLOSE ORB_5min                  WMT long  stop    net=-69.73
[shares] 15:41 CLOSE Crabel_Stretch            WMT long  stop    net=-85.26
[shares] 15:42 CLOSE ORB_5min                  XLY short target  net=+101.91
[shares] 15:50 Six_Lines                 WMT short 108.15 x92.5sh spread=0.92bp
[shares] 15:50 Six_Lines_NoCap           WMT short 108.15 x92.5sh spread=0.92bp
[shares] 15:53 CLOSE Six_Lines                 WMT short target  net=+23.12
[shares] 15:55 CLOSE VWAP_Reclaim              AAPL short stop    net=-44.21
[shares] 15:56 CLOSE Crabel_Stretch            SPY short eod     net=+24.38
[shares] 15:56 CLOSE ORB_5min                  SPY short eod     net=+20.70
[shares] 15:56 CLOSE Six_Lines                 SPY short eod     net=+6.86
[shares] 15:56 CLOSE Six_Lines_NoCap           SPY short eod     net=+6.86
[shares] 15:56 CLOSE PDH_PDL_FailedBreak       SPY long  eod     net=-13.59
[shares] 15:56 CLOSE IntradayMomentumBoundary  SPY short eod     net=+0.13
[shares] 15:56 CLOSE Crabel_Stretch            QQQ short eod     net=+38.48
[shares] 15:56 CLOSE IntradayMomentumBoundary  QQQ short eod     net=+28.75
[shares] 15:56 CLOSE Crabel_Stretch            IWM short eod     net=+40.22
[shares] 15:56 CLOSE PDH_PDL_Breakout          IWM short eod     net=+40.22
[shares] 15:56 CLOSE ORB_5min                  IWM short eod     net=+28.71
[shares] 15:56 CLOSE IntradayMomentumBoundary  IWM short eod     net=+2.46
[shares] 15:56 CLOSE Crabel_Stretch            DIA short eod     net=+22.98
[shares] 15:56 CLOSE PDH_PDL_Breakout          DIA short eod     net=+13.99
[shares] 15:56 CLOSE Six_Lines_NoCap           DIA short eod     net=+14.76
[shares] 15:56 CLOSE ORB_15min                 DIA short eod     net=+8.25
[shares] 15:56 CLOSE ORB_5min                  DIA short eod     net=+1.34
[shares] 15:56 CLOSE ORB_5min                  XLK short eod     net=+29.86
[shares] 15:56 CLOSE ORB_15min                 XLK short eod     net=+29.86
[shares] 15:56 CLOSE Crabel_Stretch            XLK short eod     net=+1.63
[shares] 15:56 CLOSE Crabel_Stretch            XLY short eod     net=+123.99
[shares] 15:56 CLOSE Six_Lines_NoCap           XLY short eod     net=+113.40
[shares] 15:56 CLOSE IntradayMomentumBoundary  XLY short eod     net=+101.91
[shares] 15:56 CLOSE Crabel_Stretch            XLI short eod     net=+64.80
[shares] 15:56 CLOSE PDH_PDL_FailedBreak       XLI short eod     net=+41.33
[shares] 15:56 CLOSE ORB_15min                 XLI short eod     net=+23.07
[shares] 15:56 CLOSE ORB_5min                  XLI short eod     net=+38.98
[shares] 15:56 CLOSE Crabel_Stretch            XLV short eod     net=-21.55
[shares] 15:56 CLOSE PDH_PDL_Breakout          XLV short eod     net=-40.77
[shares] 15:56 CLOSE ORB_5min                  XLV short eod     net=-64.31
[shares] 15:56 CLOSE PDH_PDL_FailedBreak       XLV long  eod     net=+23.35
[shares] 15:56 CLOSE Crabel_Stretch            XLP short eod     net=+4.78
[shares] 15:56 CLOSE PDH_PDL_Breakout          XLP short eod     net=-4.78
[shares] 15:56 CLOSE ORB_5min                  XLP short eod     net=-10.76
[shares] 15:56 CLOSE Crabel_Stretch            XLE long  eod     net=+102.81
[shares] 15:56 CLOSE IntradayMomentumBoundary  XLE long  eod     net=+19.78
[shares] 15:56 CLOSE Crabel_Stretch            XLF short eod     net=-3.52
[shares] 15:56 CLOSE ORB_5min                  XLF short eod     net=-12.33
[shares] 15:56 CLOSE Gap_Fade                  NVDA short eod     net=+50.64
[shares] 15:56 CLOSE ORB_15min                 NVDA short eod     net=+15.53
[shares] 15:56 CLOSE PDH_PDL_FailedBreak       NVDA short eod     net=+22.10
[shares] 15:56 CLOSE ORB_5min                  NVDA short eod     net=-1.89
[shares] 15:56 CLOSE Crabel_Stretch            NVDA short eod     net=-1.89
[shares] 15:56 CLOSE Gap_Fade                  AAPL long  eod     net=+37.54
[shares] 15:56 CLOSE ORB_5min                  GOOGL short eod     net=-18.87
[shares] 15:56 CLOSE ORB_15min                 GOOGL short eod     net=-18.87
[shares] 15:56 CLOSE Six_Lines_NoCap           WMT short eod     net=+12.94
[shares] daily: 176 trades, net $+579.18
