[replay shares] 2026-09-29 -- config 7c6414fc549315f3 -- history-backed, no outages; NOT the prospective record
[shares] warmup SPY: 24 prior sessions, stretch=0.954400000000021
[shares] warmup QQQ: 24 prior sessions, stretch=1.4598999999999933
[shares] warmup IWM: 24 prior sessions, stretch=0.7650000000000035
[shares] warmup DIA: 24 prior sessions, stretch=0.7420799999999872
[shares] warmup XLK: 24 prior sessions, stretch=0.5659999999999996
[shares] warmup XLY: 24 prior sessions, stretch=0.3129999999999981
[shares] warmup XLI: 24 prior sessions, stretch=0.4224999999999966
[shares] warmup XLV: 24 prior sessions, stretch=0.570999999999998
[shares] warmup XLP: 24 prior sessions, stretch=0.2010499999999979
[shares] warmup XLE: 24 prior sessions, stretch=0.16914999999999977
[shares] warmup XLF: 24 prior sessions, stretch=0.11999999999999886
[shares] warmup NVDA: 24 prior sessions, stretch=1.1839999999999946
[shares] warmup AAPL: 24 prior sessions, stretch=1.8
[shares] warmup GOOGL: 24 prior sessions, stretch=1.6389899999999955
[shares] warmup WMT: 24 prior sessions, stretch=0.3635000000000005
[replay] six-lines SPY: R1=767.95  R2=769.54  R3=771.35  S1=766.82  S2=763.72  S3=762.69
[replay] six-lines QQQ: R1=740.40  R2=741.42  R3=745.13  S1=736.03  S2=732.14  S3=731.63
[replay] six-lines IWM: R1=281.32  R2=281.93  R3=281.97  S1=279.88  S2=278.80  S3=278.56
[replay] six-lines DIA: R1=515.78  R2=516.99  R3=517.49  S1=514.03  S2=513.30  S3=512.95
[replay] six-lines XLK: R1=196.12  R2=196.15  R3=196.27  S1=193.52  S2=193.50  S3=192.69
[replay] six-lines XLY: R1=109.75  R2=109.92  R3=111.22  S1=109.56  S2=108.91  S3=108.76
[replay] six-lines XLI: R1=169.94  R2=172.15  R3=173.83  S1=169.09  S2=168.12  S3=167.94
[replay] six-lines XLV: R1=171.48  R2=171.87  R3=172.21  S1=170.74  S2=169.75  S3=169.58
[replay] six-lines XLP: R1=82.50  R2=82.50  R3=82.50  S1=81.64  S2=81.55  S3=81.41
[replay] six-lines XLE: R1=62.29  R2=62.79  R3=63.06  S1=61.83  S2=61.74  S3=61.18
[replay] six-lines XLF: R1=54.51  R2=54.73  R3=54.91  S1=54.50  S2=54.14  S3=54.00
[replay] six-lines NVDA: R1=230.00  R2=232.66  R3=233.21  S1=228.04  S2=226.76  S3=222.75
[replay] six-lines AAPL: R1=340.00  R2=341.49  R3=342.99  S1=338.04  S2=337.91  S3=335.99
[replay] six-lines GOOGL: R1=343.59  R2=343.61  R3=345.24  S1=341.00  S2=340.00  S3=339.56
[replay] six-lines WMT: R1=108.73  R2=108.86  R3=109.42  S1=107.48  S2=107.27  S3=107.06
[shares] 09:32 Crabel_Stretch            XLK short 195.46 x51.2sh spread=2.05bp
[shares] 09:32 Crabel_Stretch            XLY short 109.07 x91.7sh spread=1.83bp
[shares] 09:32 Crabel_Stretch            AAPL short 332.29 x30.1sh spread=3.31bp
[shares] 09:33 Crabel_Stretch            SPY short 765.76 x13.1sh spread=0.52bp
[shares] 09:33 Crabel_Stretch            WMT short 107.06 x93.4sh spread=4.67bp
[shares] 09:34 Crabel_Stretch            QQQ short 738.07 x13.5sh spread=0.27bp
[shares] 09:34 VWAP_Reclaim              DIA short 512.67 x19.5sh spread=1.37bp
[shares] 09:34 Crabel_Stretch            DIA short 512.67 x19.5sh spread=1.37bp
[shares] 09:34 VWAP_Reclaim              XLP short 81.48 x122.7sh spread=3.68bp
[shares] 09:34 VWAP_Reclaim              XLF short 54.06 x185.0sh spread=1.85bp
[shares] 09:34 Crabel_Stretch            NVDA long  232.73 x43.0sh spread=1.29bp
[shares] 09:35 PDH_PDL_Breakout          DIA short 513.06 x19.5sh spread=1.36bp
[shares] 09:35 PDH_PDL_Breakout          XLY short 108.81 x91.9sh spread=2.76bp
[shares] 09:35 TTM_Squeeze               XLE short 61.08 x163.7sh spread=3.27bp
[shares] 09:35 PDH_PDL_Breakout          AAPL short 333.66 x30.0sh spread=3.00bp
[shares] 09:35 TTM_Squeeze               WMT short 106.51 x93.9sh spread=4.69bp
[shares] 09:35 PDH_PDL_Breakout          WMT short 106.51 x93.9sh spread=4.69bp
[shares] 09:36 Crabel_Stretch            XLV long  171.27 x58.4sh spread=3.50bp
[shares] 09:37 CLOSE VWAP_Reclaim              DIA short stop    net=-19.12
[shares] 09:37 CLOSE PDH_PDL_Breakout          DIA short stop    net=-11.50
[shares] 09:37 CLOSE VWAP_Reclaim              XLF short stop    net=-27.75
[shares] 09:38 VWAP_Reclaim              DIA short 513.09 x19.5sh spread=1.17bp
[shares] 09:39 Crabel_Stretch            XLI long  169.62 x59.0sh spread=4.13bp
[shares] 09:39 CLOSE TTM_Squeeze               XLE short stop    net=-27.83
[shares] 09:40 Six_Lines                 SPY short 765.84 x13.1sh spread=0.26bp
[shares] 09:40 Six_Lines_NoCap           SPY short 765.84 x13.1sh spread=0.26bp
[shares] 09:40 Six_Lines                 XLY short 108.85 x91.9sh spread=0.92bp
[shares] 09:40 Six_Lines_NoCap           XLY short 108.85 x91.9sh spread=0.92bp
[shares] 09:40 TTM_Squeeze               XLI long  169.79 x58.9sh spread=1.18bp
[shares] 09:40 Six_Lines                 XLV long  171.48 x58.3sh spread=3.50bp
[shares] 09:40 Six_Lines_NoCap           XLV long  171.48 x58.3sh spread=3.50bp
[shares] 09:40 PDH_PDL_Breakout          XLE short 61.26 x163.2sh spread=1.63bp
[shares] 09:40 Six_Lines                 AAPL short 333.73 x30.0sh spread=0.90bp
[shares] 09:40 Six_Lines_NoCap           AAPL short 333.73 x30.0sh spread=0.90bp
[shares] 09:40 Six_Lines                 GOOGL short 340.82 x29.3sh spread=1.47bp
[shares] 09:40 Six_Lines_NoCap           GOOGL short 340.82 x29.3sh spread=1.47bp
[shares] 09:40 TTM_Squeeze               GOOGL short 340.82 x29.3sh spread=1.47bp
[shares] 09:40 Six_Lines                 WMT short 106.03 x94.3sh spread=6.60bp
[shares] 09:40 Six_Lines_NoCap           WMT short 106.03 x94.3sh spread=6.60bp
[shares] 09:41 CLOSE VWAP_Reclaim              DIA short stop    net=-16.96
[shares] 09:41 CLOSE PDH_PDL_Breakout          XLE short stop    net=-14.69
[shares] 09:41 Crabel_Stretch            XLE long  61.35 x163.0sh spread=1.63bp
[shares] 09:41 CLOSE Six_Lines                 AAPL short target  net=+5.69
[shares] 09:42 ORB_5min                  IWM long  280.90 x35.6sh spread=0.36bp
[shares] 09:42 ORB_5min                  XLV long  171.37 x58.4sh spread=5.25bp
[shares] 09:42 Crabel_Stretch            XLF long  54.31 x184.1sh spread=1.84bp
[shares] 09:42 ORB_5min                  GOOGL short 340.52 x29.4sh spread=2.06bp
[shares] 09:42 CLOSE TTM_Squeeze               WMT short target  net=+67.60
[shares] 09:42 CLOSE Six_Lines                 WMT short target  net=+22.64
[shares] 09:43 CLOSE VWAP_Reclaim              XLP short stop    net=-29.46
[shares] 09:43 CLOSE Crabel_Stretch            NVDA long  stop    net=-122.03
[shares] 09:44 ORB_5min                  XLK short 194.52 x51.4sh spread=1.03bp
[shares] 09:44 VWAP_Reclaim              XLV short 170.70 x58.6sh spread=3.51bp
[shares] 09:45 PDH_PDL_FailedBreak       DIA long  513.48 x19.5sh spread=0.78bp
[shares] 09:45 Gap_Fade                  XLK short 194.66 x51.4sh spread=1.54bp
[shares] 09:45 PDH_PDL_FailedBreak       XLY long  108.93 x91.8sh spread=0.92bp
[shares] 09:45 PDH_PDL_Breakout          XLI long  170.18 x58.8sh spread=2.94bp
[shares] 09:45 PDH_PDL_FailedBreak       XLP long  81.71 x122.4sh spread=1.22bp
[shares] 09:45 Gap_Fade                  XLP long  81.71 x122.4sh spread=1.22bp
[shares] 09:45 Gap_Fade                  XLE long  61.54 x162.5sh spread=1.62bp
[shares] 09:45 PDH_PDL_FailedBreak       XLF long  54.23 x184.4sh spread=1.84bp
[shares] 09:45 Gap_Fade                  NVDA short 229.93 x43.5sh spread=1.30bp
[shares] 09:47 ORB_5min                  QQQ short 736.93 x13.6sh spread=0.68bp
[shares] 09:48 ORB_5min                  SPY short 765.08 x13.1sh spread=0.39bp
[shares] 09:48 ORB_15min                 XLP long  81.79 x122.3sh spread=1.22bp
[shares] 09:49 ORB_15min                 SPY short 764.85 x13.1sh spread=0.39bp
[shares] 09:49 CLOSE ORB_5min                  IWM long  stop    net=-36.31
[shares] 09:50 PDH_PDL_FailedBreak       XLI short 169.89 x58.9sh spread=1.77bp
[shares] 09:50 ORB_5min                  XLE long  61.58 x162.4sh spread=1.62bp
[shares] 09:50 ORB_15min                 XLE long  61.58 x162.4sh spread=1.62bp
[shares] 09:50 CLOSE Six_Lines                 GOOGL short target  net=+13.79
[shares] 09:50 Crabel_Stretch            GOOGL short 340.27 x29.4sh spread=2.35bp
[shares] 09:53 CLOSE ORB_5min                  XLV long  stop    net=-60.10
[shares] 09:55 CLOSE PDH_PDL_Breakout          XLI long  stop    net=-31.73
[shares] 09:58 ORB_15min                 GOOGL short 340.08 x29.4sh spread=1.47bp
[shares] 09:59 CLOSE Crabel_Stretch            XLF long  stop    net=-49.71
[shares] 09:59 CLOSE PDH_PDL_FailedBreak       XLF long  stop    net=-35.04
[shares] 09:59 ORB_15min                 XLF short 54.04 x185.0sh spread=1.85bp
[shares] 10:00 ORB_15min                 IWM short 279.59 x35.8sh spread=2.50bp
[shares] 10:00 Six_Lines                 IWM short 279.59 x35.8sh spread=2.50bp
[shares] 10:00 Six_Lines_NoCap           IWM short 279.59 x35.8sh spread=2.50bp
[shares] 10:00 Six_Lines                 DIA short 512.80 x19.5sh spread=1.56bp
[shares] 10:00 Six_Lines_NoCap           DIA short 512.80 x19.5sh spread=1.56bp
[shares] 10:00 ORB_5min                  XLY short 108.70 x92.0sh spread=2.76bp
[shares] 10:00 VWAP_Reclaim              XLI short 169.57 x59.0sh spread=1.77bp
[shares] 10:00 CLOSE Six_Lines                 XLV long  trail   net=-57.15
[shares] 10:00 CLOSE Six_Lines_NoCap           XLV long  trail   net=-57.15
[shares] 10:00 Six_Lines                 XLF short 54.00 x185.2sh spread=3.70bp
[shares] 10:00 Six_Lines_NoCap           XLF short 54.00 x185.2sh spread=3.70bp
[shares] 10:00 TTM_Squeeze               XLF short 54.00 x185.2sh spread=3.70bp
[shares] 10:00 PDH_PDL_Breakout          XLF short 54.00 x185.2sh spread=3.70bp
[shares] 10:00 ORB_5min                  WMT short 105.58 x94.7sh spread=1.89bp
[shares] 10:00 ORB_15min                 WMT short 105.58 x94.7sh spread=1.89bp
[shares] 10:01 VWAP_Reclaim              QQQ long  738.49 x13.5sh spread=0.54bp
[shares] 10:01 ORB_5min                  XLI long  169.69 x58.9sh spread=2.95bp
[shares] 10:01 IntradayMomentumBoundary  AAPL short 332.98 x30.0sh spread=1.50bp
[shares] 10:01 IntradayMomentumBoundary  WMT short 105.72 x94.6sh spread=2.84bp
[shares] 10:02 ORB_5min                  NVDA short 230.18 x43.4sh spread=0.87bp
[shares] 10:03 CLOSE TTM_Squeeze               XLI long  stop    net=-20.02
[shares] 10:03 ORB_15min                 XLV short 170.23 x58.7sh spread=2.35bp
[shares] 10:03 CLOSE TTM_Squeeze               XLF short stop    net=-18.52
[shares] 10:03 CLOSE PDH_PDL_Breakout          XLF short stop    net=-18.52
[shares] 10:05 TTM_Squeeze               IWM short 279.50 x35.8sh spread=0.36bp
[shares] 10:05 ORB_5min                  XLP long  81.79 x122.3sh spread=1.22bp
[shares] 10:05 Crabel_Stretch            XLP long  81.79 x122.3sh spread=1.22bp
[shares] 10:05 PDH_PDL_FailedBreak       GOOGL long  339.80 x29.4sh spread=2.35bp
[shares] 10:06 CLOSE Crabel_Stretch            XLV long  stop    net=-78.82
[shares] 10:07 ORB_15min                 NVDA short 229.38 x43.6sh spread=0.87bp
[shares] 10:07 CLOSE IntradayMomentumBoundary  WMT short trail   net=-61.48
[shares] 10:08 Crabel_Stretch            IWM short 279.21 x35.8sh spread=0.36bp
[shares] 10:08 CLOSE PDH_PDL_FailedBreak       DIA long  stop    net=-16.55
[shares] 10:08 ORB_15min                 DIA short 512.63 x19.5sh spread=0.98bp
[shares] 10:10 CLOSE Six_Lines                 XLY short trail   net=-32.15
[shares] 10:10 CLOSE Six_Lines_NoCap           XLY short trail   net=-32.15
[shares] 10:12 CLOSE VWAP_Reclaim              QQQ long  stop    net=-13.68
[shares] 10:12 VWAP_Reclaim              QQQ short 737.48 x13.6sh spread=0.27bp
[shares] 10:14 CLOSE VWAP_Reclaim              QQQ short stop    net=-8.41
[shares] 10:15 VWAP_Reclaim              WMT long  106.40 x94.0sh spread=1.88bp
[shares] 10:16 CLOSE PDH_PDL_FailedBreak       GOOGL long  stop    net=-18.25
[shares] 10:17 CLOSE TTM_Squeeze               GOOGL short target  net=+58.98
[shares] 10:20 PDH_PDL_Breakout          GOOGL short 338.80 x29.5sh spread=1.48bp
[shares] 10:20 CLOSE VWAP_Reclaim              WMT long  stop    net=-25.38
[shares] 10:20 EMA_9_20_Pullback         WMT short 106.13 x94.2sh spread=2.83bp
[shares] 10:22 VWAP_Reclaim              XLK long  195.51 x51.1sh spread=1.53bp
[shares] 10:23 CLOSE VWAP_Reclaim              XLV short target  net=+69.71
[shares] 10:25 PDH_PDL_Breakout          XLV short 169.24 x59.1sh spread=2.36bp
[shares] 10:28 ORB_5min                  AAPL short 332.03 x30.1sh spread=0.90bp
[shares] 10:28 ORB_15min                 AAPL short 332.03 x30.1sh spread=0.90bp
[shares] 10:29 CLOSE ORB_15min                 XLP long  stop    net=-26.90
[shares] 10:30 MOMO_CHASE                QQQ long  739.30 x13.5sh spread=0.41bp
[shares] 10:30 MOMO_CHASE                XLK long  195.77 x51.1sh spread=1.53bp
[shares] 10:30 MOMO_CHASE                XLV short 169.36 x59.0sh spread=2.95bp
[shares] 10:30 MOMO_CHASE                XLP short 81.59 x122.6sh spread=1.23bp
[shares] 10:30 MOMO_CHASE                NVDA long  230.50 x43.4sh spread=0.87bp
[shares] 10:30 MOMO_CHASE                AAPL short 332.05 x30.1sh spread=0.60bp
[shares] 10:30 MOMO_CHASE                GOOGL short 338.73 x29.5sh spread=2.36bp
[shares] 10:31 IntradayMomentumBoundary  XLV short 169.30 x59.1sh spread=1.77bp
[shares] 10:31 VWAP_Reclaim              NVDA long  230.66 x43.4sh spread=0.87bp
[shares] 10:31 IntradayMomentumBoundary  WMT short 105.87 x94.5sh spread=0.94bp
[shares] 10:32 ORB_5min                  DIA short 512.52 x19.5sh spread=0.78bp
[shares] 10:33 CLOSE Six_Lines                 IWM short target  net=+17.88
[shares] 10:33 CLOSE VWAP_Reclaim              XLI short target  net=+38.33
[shares] 10:33 CLOSE ORB_5min                  XLI long  stop    net=-47.14
[shares] 10:33 ORB_5min                  XLF short 53.99 x185.2sh spread=1.85bp
[shares] 10:35 MOMO_CHASE                XLI short 169.01 x59.2sh spread=1.18bp
[shares] 10:35 MOMO_CHASE                XLF short 53.99 x185.2sh spread=1.85bp
[shares] 10:38 CLOSE ORB_15min                 XLV short target  net=+64.03
[shares] 10:39 CLOSE PDH_PDL_FailedBreak       XLP long  stop    net=-35.49
[shares] 10:39 CLOSE Gap_Fade                  XLP long  stop    net=-35.49
[shares] 10:39 CLOSE ORB_5min                  XLP long  stop    net=-45.24
[shares] 10:40 Six_Lines                 XLI short 168.94 x59.2sh spread=1.78bp
[shares] 10:40 Six_Lines_NoCap           XLI short 168.94 x59.2sh spread=1.78bp
[shares] 10:40 CLOSE Crabel_Stretch            XLP long  stop    net=-50.13
[shares] 10:40 Six_Lines                 XLP short 81.38 x122.9sh spread=1.23bp
[shares] 10:40 Six_Lines_NoCap           XLP short 81.38 x122.9sh spread=1.23bp
[shares] 10:40 PDH_PDL_Breakout          XLP short 81.38 x122.9sh spread=1.23bp
[shares] 10:41 CLOSE ORB_5min                  XLK short stop    net=-70.94
[shares] 10:41 CLOSE Gap_Fade                  XLK short stop    net=-63.70
[shares] 10:42 CLOSE Crabel_Stretch            XLI long  stop    net=-55.42
[shares] 10:42 CLOSE PDH_PDL_FailedBreak       XLI short target  net=+70.05
[shares] 10:44 CLOSE ORB_15min                 NVDA short stop    net=-75.42
[shares] 10:45 VWAP_Reclaim              XLE short 61.43 x162.8sh spread=1.63bp
[shares] 10:49 CLOSE PDH_PDL_Breakout          GOOGL short stop    net=-15.64
[shares] 10:50 CLOSE TTM_Squeeze               IWM short bars    net=+27.55
[shares] 10:50 MOMO_CHASE                DIA short 511.87 x19.5sh spread=0.78bp
[shares] 10:55 CLOSE MOMO_CHASE                QQQ long  time    net=+7.98
[shares] 10:55 PDH_PDL_FailedBreak       IWM long  279.04 x35.8sh spread=0.36bp
[shares] 10:55 CLOSE MOMO_CHASE                XLK long  time    net=+4.60
[shares] 10:55 CLOSE MOMO_CHASE                XLV short time    net=-3.54
[shares] 10:55 CLOSE MOMO_CHASE                XLP short time    net=+18.38
[shares] 10:55 CLOSE MOMO_CHASE                NVDA long  time    net=+39.05
[shares] 10:55 CLOSE MOMO_CHASE                AAPL short time    net=-16.56
[shares] 10:55 CLOSE MOMO_CHASE                GOOGL short time    net=-32.47
[shares] 11:00 CLOSE MOMO_CHASE                XLI short time    net=+0.00
[shares] 11:00 CLOSE MOMO_CHASE                XLF short time    net=+12.97
[shares] 11:01 CLOSE PDH_PDL_FailedBreak       IWM long  stop    net=-15.05
[shares] 11:01 IntradayMomentumBoundary  IWM short 278.62 x35.9sh spread=0.36bp
[shares] 11:01 CLOSE Six_Lines                 DIA short target  net=+20.28
[shares] 11:01 IntradayMomentumBoundary  DIA short 511.71 x19.5sh spread=0.98bp
[shares] 11:01 IntradayMomentumBoundary  XLP short 81.35 x122.9sh spread=1.23bp
[shares] 11:01 IntradayMomentumBoundary  GOOGL short 338.70 x29.5sh spread=0.30bp
[shares] 11:02 CLOSE IntradayMomentumBoundary  XLP short trail   net=-1.23
[shares] 11:03 CLOSE Six_Lines                 SPY short target  net=+18.28
[shares] 11:05 PDH_PDL_Breakout          IWM short 278.47 x35.9sh spread=0.36bp
[shares] 11:05 MOMO_CHASE                XLP short 81.29 x123.0sh spread=1.23bp
[shares] 11:06 CLOSE Six_Lines                 XLF short target  net=+16.67
[shares] 11:09 CLOSE IntradayMomentumBoundary  GOOGL short trail   net=-12.40
[shares] 11:10 MOMO_CHASE                XLI short 168.77 x59.3sh spread=0.59bp
[shares] 11:10 MOMO_CHASE                XLF short 53.89 x185.6sh spread=1.86bp
[shares] 11:13 CLOSE ORB_15min                 IWM short target  net=+52.58
[shares] 11:15 MOMO_CHASE                IWM short 278.20 x35.9sh spread=0.36bp
[shares] 11:15 CLOSE MOMO_CHASE                DIA short time    net=+14.07
[shares] 11:15 MOMO_CHASE                DIA short 511.12 x19.6sh spread=0.59bp
[shares] 11:15 CLOSE Six_Lines                 XLI short target  net=+18.94
[shares] 11:15 CLOSE VWAP_Reclaim              XLE short stop    net=-32.56
[shares] 11:19 CLOSE ORB_15min                 DIA short target  net=+32.97
[shares] 11:20 TTM_Squeeze               SPY short 763.28 x13.1sh spread=0.26bp
[shares] 11:20 PDH_PDL_Breakout          SPY short 763.28 x13.1sh spread=0.26bp
[shares] 11:20 MOMO_CHASE                QQQ short 737.22 x13.6sh spread=0.27bp
[shares] 11:20 MOMO_CHASE                XLK short 195.04 x51.3sh spread=0.51bp
[shares] 11:21 CLOSE ORB_5min                  DIA short target  net=+32.97
[shares] 11:22 CLOSE VWAP_Reclaim              XLK long  stop    net=-26.09
[shares] 11:24 CLOSE VWAP_Reclaim              NVDA long  stop    net=-34.25
[shares] 11:25 CLOSE ORB_15min                 SPY short target  net=+25.50
[shares] 11:25 MOMO_CHASE                NVDA short 229.79 x43.5sh spread=1.31bp
[shares] 11:30 MOMO_CHASE                SPY short 762.92 x13.1sh spread=0.26bp
[shares] 11:30 CLOSE IntradayMomentumBoundary  XLV short trail   net=-17.72
[shares] 11:30 CLOSE MOMO_CHASE                XLP short time    net=-15.99
[shares] 11:31 IntradayMomentumBoundary  SPY short 762.96 x13.1sh spread=0.39bp
[shares] 11:31 IntradayMomentumBoundary  XLV short 169.54 x59.0sh spread=1.18bp
[shares] 11:31 IntradayMomentumBoundary  GOOGL short 338.72 x29.5sh spread=1.18bp
[shares] 11:32 CLOSE IntradayMomentumBoundary  XLV short trail   net=-3.54
[shares] 11:32 CLOSE IntradayMomentumBoundary  GOOGL short trail   net=-3.84
[shares] 11:35 CLOSE IntradayMomentumBoundary  SPY short trail   net=-11.14
[shares] 11:35 PDH_PDL_FailedBreak       SPY long  763.81 x13.1sh spread=0.39bp
[shares] 11:35 CLOSE MOMO_CHASE                XLI short time    net=+13.04
[shares] 11:35 CLOSE MOMO_CHASE                XLF short time    net=-7.42
[shares] 11:40 CLOSE MOMO_CHASE                IWM short time    net=+3.24
[shares] 11:40 CLOSE MOMO_CHASE                DIA short time    net=-6.85
[shares] 11:40 PDH_PDL_FailedBreak       XLV long  169.63 x59.0sh spread=1.18bp
[shares] 11:45 CLOSE MOMO_CHASE                QQQ short time    net=+1.90
[shares] 11:45 CLOSE MOMO_CHASE                XLK short time    net=-2.56
[shares] 11:48 VWAP_Reclaim              XLE short 61.41 x162.8sh spread=3.26bp
[shares] 11:50 CLOSE MOMO_CHASE                NVDA short time    net=-43.52
[shares] 11:55 CLOSE MOMO_CHASE                SPY short time    net=-2.62
[shares] 11:56 CLOSE VWAP_Reclaim              XLE short stop    net=-39.08
[shares] 12:00 MOMO_CHASE                XLF short 53.75 x186.0sh spread=1.86bp
[shares] 12:01 IntradayMomentumBoundary  SPY short 763.10 x13.1sh spread=0.13bp
[shares] 12:01 VWAP_Reclaim              XLV short 169.41 x59.0sh spread=1.18bp
[shares] 12:01 IntradayMomentumBoundary  XLV short 169.41 x59.0sh spread=1.18bp
[shares] 12:01 IntradayMomentumBoundary  XLF short 53.75 x186.0sh spread=1.86bp
[shares] 12:05 CLOSE TTM_Squeeze               SPY short bars    net=+6.42
[shares] 12:06 CLOSE PDH_PDL_Breakout          XLP short stop    net=-19.66
[shares] 12:07 CLOSE IntradayMomentumBoundary  WMT short trail   net=-20.78
[shares] 12:10 CLOSE Six_Lines                 XLP short trail   net=-23.35
[shares] 12:10 CLOSE Six_Lines_NoCap           XLP short trail   net=-23.35
[shares] 12:10 MOMO_CHASE                XLP long  81.57 x122.6sh spread=1.23bp
[shares] 12:13 CLOSE IntradayMomentumBoundary  XLV short trail   net=-8.26
[shares] 12:25 CLOSE MOMO_CHASE                XLF short time    net=+1.86
[shares] 12:30 MOMO_CHASE                GOOGL long  339.57 x29.4sh spread=0.88bp
[shares] 12:31 CLOSE VWAP_Reclaim              XLV short stop    net=-9.44
[shares] 12:31 IntradayMomentumBoundary  WMT short 105.97 x94.4sh spread=0.94bp
[shares] 12:35 CLOSE MOMO_CHASE                XLP long  time    net=+6.13
[shares] 12:42 CLOSE PDH_PDL_Breakout          IWM short target  net=+28.73
[shares] 12:44 CLOSE IntradayMomentumBoundary  XLF short trail   net=-24.19
[shares] 12:45 MOMO_CHASE                XLK short 194.33 x51.5sh spread=0.51bp
[shares] 12:45 MOMO_CHASE                XLV long  169.74 x58.9sh spread=0.59bp
[shares] 12:46 CLOSE PDH_PDL_FailedBreak       SPY long  stop    net=-17.02
[shares] 12:50 TTM_Squeeze               GOOGL long  339.49 x29.5sh spread=0.88bp
[shares] 12:50 MOMO_CHASE                WMT short 105.70 x94.6sh spread=0.95bp
[shares] 12:55 TTM_Squeeze               XLE long  61.73 x162.0sh spread=1.62bp
[shares] 12:55 TTM_Squeeze               NVDA short 229.54 x43.6sh spread=0.87bp
[shares] 12:55 CLOSE MOMO_CHASE                GOOGL long  time    net=+1.77
[shares] 13:10 Six_Lines                 QQQ short 735.93 x13.6sh spread=0.41bp
[shares] 13:10 Six_Lines_NoCap           QQQ short 735.93 x13.6sh spread=0.41bp
[shares] 13:10 TTM_Squeeze               IWM short 277.46 x36.0sh spread=0.36bp
[shares] 13:10 CLOSE MOMO_CHASE                XLK short time    net=-1.03
[shares] 13:10 CLOSE MOMO_CHASE                XLV long  time    net=+4.12
[shares] 13:12 VWAP_Reclaim              GOOGL short 339.22 x29.5sh spread=2.06bp
[shares] 13:13 CLOSE PDH_PDL_Breakout          XLV short stop    net=-41.36
[shares] 13:15 TTM_Squeeze               XLY short 108.78 x91.9sh spread=0.92bp
[shares] 13:15 CLOSE MOMO_CHASE                WMT short time    net=-12.30
[shares] 13:17 CLOSE ORB_5min                  SPY short target  net=+33.85
[shares] 13:20 CLOSE Gap_Fade                  NVDA short target  net=+43.06
[shares] 13:21 CLOSE TTM_Squeeze               XLE long  stop    net=-22.68
[shares] 13:29 CLOSE IntradayMomentumBoundary  WMT short trail   net=-6.61
[shares] 13:30 CLOSE Six_Lines                 QQQ short trail   net=-12.50
[shares] 13:30 CLOSE Six_Lines_NoCap           QQQ short trail   net=-12.50
[shares] 13:35 TTM_Squeeze               DIA long  511.37 x19.6sh spread=0.39bp
[shares] 13:35 MOMO_CHASE                AAPL long  331.98 x30.1sh spread=0.90bp
[shares] 13:35 TTM_Squeeze               AAPL long  331.98 x30.1sh spread=0.90bp
[shares] 13:35 CLOSE TTM_Squeeze               GOOGL long  bars    net=-3.24
[shares] 13:35 MOMO_CHASE                WMT long  106.23 x94.1sh spread=1.88bp
[shares] 13:36 CLOSE TTM_Squeeze               XLY short stop    net=-12.87
[shares] 13:40 CLOSE TTM_Squeeze               NVDA short bars    net=+24.83
[shares] 13:45 MOMO_CHASE                DIA long  511.62 x19.5sh spread=0.59bp
[shares] 13:45 MOMO_CHASE                NVDA short 228.56 x43.8sh spread=0.88bp
[shares] 13:46 CLOSE TTM_Squeeze               IWM short stop    net=-16.58
[shares] 13:50 MOMO_CHASE                XLE short 61.51 x162.6sh spread=1.63bp
[shares] 13:50 CLOSE TTM_Squeeze               AAPL long  stop    net=-20.78
[shares] 13:57 CLOSE VWAP_Reclaim              GOOGL short target  net=+15.62
[shares] 14:00 Six_Lines                 NVDA short 227.74 x43.9sh spread=1.32bp
[shares] 14:00 Six_Lines_NoCap           NVDA short 227.74 x43.9sh spread=1.32bp
[shares] 14:00 PDH_PDL_Breakout          NVDA short 227.74 x43.9sh spread=1.32bp
[shares] 14:00 CLOSE MOMO_CHASE                AAPL long  time    net=-10.54
[shares] 14:00 CLOSE MOMO_CHASE                WMT long  time    net=-12.24
[shares] 14:01 CLOSE IntradayMomentumBoundary  SPY short trail   net=-6.42
[shares] 14:01 CLOSE IntradayMomentumBoundary  DIA short trail   net=-5.47
[shares] 14:01 VWAP_Reclaim              XLI long  169.05 x59.2sh spread=1.77bp
[shares] 14:01 CLOSE PDH_PDL_Breakout          NVDA short stop    net=-19.32
[shares] 14:05 TTM_Squeeze               XLI long  169.06 x59.2sh spread=1.77bp
[shares] 14:05 MOMO_CHASE                XLV long  170.21 x58.8sh spread=1.76bp
[shares] 14:07 VWAP_Reclaim              GOOGL long  339.84 x29.4sh spread=0.88bp
[shares] 14:10 CLOSE MOMO_CHASE                DIA long  time    net=-4.30
[shares] 14:10 CLOSE TTM_Squeeze               XLI long  stop    net=-18.34
[shares] 14:10 CLOSE MOMO_CHASE                NVDA short time    net=+22.75
[shares] 14:10 MOMO_CHASE                AAPL short 331.08 x30.2sh spread=0.91bp
[shares] 14:12 CLOSE VWAP_Reclaim              GOOGL long  stop    net=-29.13
[shares] 14:15 MOMO_CHASE                XLY long  109.25 x91.5sh spread=0.92bp
[shares] 14:15 CLOSE MOMO_CHASE                XLE short time    net=-8.13
[shares] 14:15 PDH_PDL_FailedBreak       NVDA long  228.30 x43.8sh spread=0.88bp
[shares] 14:15 MOMO_CHASE                WMT long  106.49 x93.9sh spread=1.88bp
[shares] 14:20 TTM_Squeeze               SPY long  763.90 x13.1sh spread=0.26bp
[shares] 14:20 TTM_Squeeze               QQQ long  737.46 x13.6sh spread=0.54bp
[shares] 14:20 CLOSE TTM_Squeeze               DIA long  bars    net=+11.54
[shares] 14:20 CLOSE Six_Lines                 NVDA short trail   net=-14.93
[shares] 14:20 CLOSE Six_Lines_NoCap           NVDA short trail   net=-14.93
[shares] 14:23 CLOSE PDH_PDL_Breakout          SPY short stop    net=-13.23
[shares] 14:28 CLOSE VWAP_Reclaim              XLI long  stop    net=-19.52
[shares] 14:30 CLOSE MOMO_CHASE                XLV long  time    net=+4.70
[shares] 14:35 CLOSE MOMO_CHASE                AAPL short time    net=-6.04
[shares] 14:40 CLOSE IntradayMomentumBoundary  IWM short trail   net=-2.51
[shares] 14:40 TTM_Squeeze               XLK long  194.75 x51.3sh spread=1.03bp
[shares] 14:40 CLOSE PDH_PDL_FailedBreak       XLY long  target  net=+48.66
[shares] 14:40 CLOSE MOMO_CHASE                XLY long  time    net=+19.22
[shares] 14:40 CLOSE Six_Lines_NoCap           XLI short trail   net=-14.21
[shares] 14:40 CLOSE MOMO_CHASE                WMT long  time    net=-15.02
[shares] 14:41 CLOSE PDH_PDL_Breakout          XLY short stop    net=-67.09
[shares] 14:41 CLOSE ORB_5min                  XLY short stop    net=-77.28
[shares] 14:58 CLOSE ORB_15min                 XLE long  stop    net=-53.59
[shares] 15:01 IntradayMomentumBoundary  IWM short 278.58 x35.9sh spread=0.72bp
[shares] 15:02 CLOSE IntradayMomentumBoundary  IWM short trail   net=-3.95
[shares] 15:05 CLOSE TTM_Squeeze               SPY long  bars    net=+14.40
[shares] 15:05 CLOSE TTM_Squeeze               QQQ long  bars    net=+18.17
[shares] 15:11 CLOSE ORB_15min                 WMT short stop    net=-115.55
[shares] 15:25 CLOSE TTM_Squeeze               XLK long  bars    net=-3.59
[shares] 15:47 CLOSE PDH_PDL_FailedBreak       NVDA long  stop    net=-26.72
[shares] 15:48 CLOSE ORB_15min                 GOOGL short stop    net=-46.75
[shares] 15:50 CLOSE Six_Lines_NoCap           GOOGL short trail   net=-25.53
[shares] 15:56 CLOSE Crabel_Stretch            SPY short eod     net=+21.42
[shares] 15:56 CLOSE Six_Lines_NoCap           SPY short eod     net=+22.46
[shares] 15:56 CLOSE Crabel_Stretch            QQQ short eod     net=+3.25
[shares] 15:56 CLOSE ORB_5min                  QQQ short eod     net=-12.21
[shares] 15:56 CLOSE Six_Lines_NoCap           IWM short eod     net=+23.61
[shares] 15:56 CLOSE Crabel_Stretch            IWM short eod     net=+10.03
[shares] 15:56 CLOSE Crabel_Stretch            DIA short eod     net=-3.12
[shares] 15:56 CLOSE Six_Lines_NoCap           DIA short eod     net=-0.59
[shares] 15:56 CLOSE Crabel_Stretch            XLK short eod     net=+54.23
[shares] 15:56 CLOSE Crabel_Stretch            XLY short eod     net=-3.67
[shares] 15:56 CLOSE PDH_PDL_FailedBreak       XLV long  eod     net=+53.06
[shares] 15:56 CLOSE Crabel_Stretch            XLE long  eod     net=+29.34
[shares] 15:56 CLOSE Gap_Fade                  XLE long  eod     net=-1.62
[shares] 15:56 CLOSE ORB_5min                  XLE long  eod     net=-8.12
[shares] 15:56 CLOSE ORB_15min                 XLF short eod     net=+0.00
[shares] 15:56 CLOSE Six_Lines_NoCap           XLF short eod     net=-7.41
[shares] 15:56 CLOSE ORB_5min                  XLF short eod     net=-9.26
[shares] 15:56 CLOSE ORB_5min                  NVDA short eod     net=+124.69
[shares] 15:56 CLOSE Crabel_Stretch            AAPL short eod     net=+93.89
[shares] 15:56 CLOSE PDH_PDL_Breakout          AAPL short eod     net=+134.57
[shares] 15:56 CLOSE Six_Lines_NoCap           AAPL short eod     net=+136.64
[shares] 15:56 CLOSE IntradayMomentumBoundary  AAPL short eod     net=+114.42
[shares] 15:56 CLOSE ORB_5min                  AAPL short eod     net=+86.14
[shares] 15:56 CLOSE ORB_15min                 AAPL short eod     net=+86.14
[shares] 15:56 CLOSE ORB_5min                  GOOGL short eod     net=-19.38
[shares] 15:56 CLOSE Crabel_Stretch            GOOGL short eod     net=-26.74
[shares] 15:56 CLOSE Crabel_Stretch            WMT short eod     net=+32.69
[shares] 15:56 CLOSE PDH_PDL_Breakout          WMT short eod     net=-18.78
[shares] 15:56 CLOSE Six_Lines_NoCap           WMT short eod     net=-64.13
[shares] 15:56 CLOSE ORB_5min                  WMT short eod     net=-107.03
[shares] 15:56 CLOSE EMA_9_20_Pullback         WMT short eod     net=-54.65
[shares] daily: 180 trades, net $-947.94
