[replay shares] 2026-08-31 -- config 7c6414fc549315f3 -- history-backed, no outages; NOT the prospective record
[shares] warmup SPY: 25 prior sessions, stretch=1.4147400000000174
[shares] warmup QQQ: 25 prior sessions, stretch=1.8133699999999862
[shares] warmup IWM: 25 prior sessions, stretch=0.5050499999999942
[shares] warmup DIA: 25 prior sessions, stretch=0.7864999999999895
[shares] warmup XLK: 25 prior sessions, stretch=0.587420000000003
[shares] warmup XLY: 25 prior sessions, stretch=0.2885000000000019
[shares] warmup XLI: 25 prior sessions, stretch=0.2775000000000034
[shares] warmup XLV: 25 prior sessions, stretch=0.4339999999999975
[shares] warmup XLP: 25 prior sessions, stretch=0.17650000000000005
[shares] warmup XLE: 25 prior sessions, stretch=0.34519999999999984
[shares] warmup XLF: 25 prior sessions, stretch=0.16500000000000056
[shares] warmup NVDA: 25 prior sessions, stretch=1.1125
[shares] warmup AAPL: 25 prior sessions, stretch=1.5104400000000056
[shares] warmup GOOGL: 25 prior sessions, stretch=1.15
[shares] warmup WMT: 25 prior sessions, stretch=0.449499999999999
[replay] six-lines SPY: R1=769.35  R2=772.55  R3=775.30  S1=769.55  S2=768.31  S3=766.29
[replay] six-lines QQQ: R1=721.11  R2=723.05  R3=724.12  S1=718.25  S2=715.09  S3=712.68
[replay] six-lines IWM: R1=296.27  R2=300.39  R3=300.46  S1=299.24  S2=295.67  S3=294.53
[replay] six-lines DIA: R1=536.70  R2=537.18  R3=537.73  S1=535.22  S2=534.40  S3=532.90
[replay] six-lines XLK: R1=188.00  R2=188.62  R3=188.67  S1=186.49  S2=185.51  S3=184.40
[replay] six-lines XLY: R1=116.53  R2=117.21  R3=117.57  S1=116.43  S2=116.38  S3=115.88
[replay] six-lines XLI: R1=178.80  R2=179.52  R3=179.68  S1=178.80  S2=176.65  S3=176.00
[replay] six-lines XLV: R1=171.71  R2=172.45  R3=172.87  S1=171.15  S2=170.59  S3=170.08
[replay] six-lines XLP: R1=85.61  R2=85.80  R3=86.00  S1=85.21  S2=85.08  S3=85.00
[replay] six-lines XLE: R1=62.64  R2=62.74  R3=63.80  S1=62.37  S2=62.16  S3=62.12
[replay] six-lines XLF: R1=58.05  R2=58.28  R3=58.41  S1=57.92  S2=57.82  S3=57.81
[replay] six-lines NVDA: R1=225.20  R2=229.26  R3=229.78  S1=222.94  S2=217.30  S3=216.81
[replay] six-lines AAPL: R1=317.09  R2=320.92  R3=322.37  S1=316.96  S2=315.45  S3=314.00
[replay] six-lines GOOGL: R1=342.32  R2=347.46  R3=349.14  S1=343.34  S2=340.27  S3=340.20
[replay] six-lines WMT: R1=103.35  R2=103.39  R3=103.65  S1=102.63  S2=102.60  S3=102.50
[shares] 09:32 Crabel_Stretch            DIA short 532.37 x18.8sh spread=1.50bp
[shares] 09:32 Crabel_Stretch            XLK long  186.49 x53.6sh spread=2.68bp
[shares] 09:32 Crabel_Stretch            GOOGL short 342.11 x29.2sh spread=4.38bp
[shares] 09:32 Crabel_Stretch            WMT long  103.54 x96.6sh spread=6.76bp
[shares] 09:33 VWAP_Reclaim              SPY short 766.73 x13.0sh spread=0.26bp
[shares] 09:33 Crabel_Stretch            IWM short 294.54 x34.0sh spread=0.68bp
[shares] 09:33 Crabel_Stretch            XLV short 169.64 x58.9sh spread=3.54bp
[shares] 09:33 Crabel_Stretch            XLP short 85.15 x117.4sh spread=3.52bp
[shares] 09:33 Crabel_Stretch            NVDA short 217.47 x46.0sh spread=1.84bp
[shares] 09:35 TTM_Squeeze               SPY short 766.36 x13.0sh spread=0.26bp
[shares] 09:35 PDH_PDL_Breakout          SPY short 766.36 x13.0sh spread=0.26bp
[shares] 09:35 TTM_Squeeze               IWM short 294.48 x34.0sh spread=0.34bp
[shares] 09:35 PDH_PDL_Breakout          IWM short 294.48 x34.0sh spread=0.34bp
[shares] 09:35 PDH_PDL_Breakout          DIA short 531.87 x18.8sh spread=1.32bp
[shares] 09:35 VWAP_Reclaim              XLY short 116.41 x85.9sh spread=1.72bp
[shares] 09:35 PDH_PDL_Breakout          XLV short 169.26 x59.1sh spread=2.95bp
[shares] 09:35 TTM_Squeeze               XLP short 84.99 x117.7sh spread=2.35bp
[shares] 09:35 PDH_PDL_Breakout          XLP short 84.99 x117.7sh spread=2.35bp
[shares] 09:35 VWAP_Reclaim              XLE long  63.92 x156.4sh spread=1.56bp
[shares] 09:35 TTM_Squeeze               XLF short 57.73 x173.2sh spread=1.73bp
[shares] 09:35 PDH_PDL_Breakout          XLF short 57.73 x173.2sh spread=1.73bp
[shares] 09:35 Crabel_Stretch            AAPL short 318.05 x31.4sh spread=1.26bp
[shares] 09:35 TTM_Squeeze               WMT long  103.56 x96.6sh spread=1.93bp
[shares] 09:36 Crabel_Stretch            SPY short 765.90 x13.1sh spread=0.26bp
[shares] 09:36 VWAP_Reclaim              QQQ short 714.43 x14.0sh spread=0.70bp
[shares] 09:36 VWAP_Reclaim              GOOGL short 342.34 x29.2sh spread=1.75bp
[shares] 09:37 CLOSE TTM_Squeeze               XLP short stop    net=-14.12
[shares] 09:37 Crabel_Stretch            XLE long  64.24 x155.7sh spread=1.56bp
[shares] 09:38 CLOSE VWAP_Reclaim              XLE long  target  net=+65.71
[shares] 09:38 CLOSE TTM_Squeeze               XLF short stop    net=-8.66
[shares] 09:40 Six_Lines                 SPY short 766.25 x13.1sh spread=0.39bp
[shares] 09:40 Six_Lines_NoCap           SPY short 766.25 x13.1sh spread=0.39bp
[shares] 09:40 Six_Lines                 QQQ short 714.18 x14.0sh spread=0.42bp
[shares] 09:40 Six_Lines_NoCap           QQQ short 714.18 x14.0sh spread=0.42bp
[shares] 09:40 PDH_PDL_Breakout          QQQ short 714.18 x14.0sh spread=0.42bp
[shares] 09:40 Six_Lines                 IWM short 294.41 x34.0sh spread=0.34bp
[shares] 09:40 Six_Lines_NoCap           IWM short 294.41 x34.0sh spread=0.34bp
[shares] 09:40 Six_Lines                 DIA short 532.38 x18.8sh spread=0.56bp
[shares] 09:40 Six_Lines_NoCap           DIA short 532.38 x18.8sh spread=0.56bp
[shares] 09:40 Six_Lines                 XLK short 185.47 x53.9sh spread=2.16bp
[shares] 09:40 Six_Lines_NoCap           XLK short 185.47 x53.9sh spread=2.16bp
[shares] 09:40 Crabel_Stretch            XLI short 175.71 x56.9sh spread=1.71bp
[shares] 09:40 Six_Lines                 XLI short 175.71 x56.9sh spread=1.71bp
[shares] 09:40 Six_Lines_NoCap           XLI short 175.71 x56.9sh spread=1.71bp
[shares] 09:40 PDH_PDL_Breakout          XLI short 175.71 x56.9sh spread=1.71bp
[shares] 09:40 Six_Lines                 XLE long  64.24 x155.7sh spread=1.56bp
[shares] 09:40 Six_Lines_NoCap           XLE long  64.24 x155.7sh spread=1.56bp
[shares] 09:40 PDH_PDL_Breakout          XLE long  64.24 x155.7sh spread=1.56bp
[shares] 09:40 Six_Lines                 NVDA short 216.81 x46.1sh spread=1.38bp
[shares] 09:40 Six_Lines_NoCap           NVDA short 216.81 x46.1sh spread=1.38bp
[shares] 09:40 Six_Lines                 GOOGL short 341.57 x29.3sh spread=4.98bp
[shares] 09:40 Six_Lines_NoCap           GOOGL short 341.57 x29.3sh spread=4.98bp
[shares] 09:40 Six_Lines                 WMT long  103.87 x96.3sh spread=3.85bp
[shares] 09:40 Six_Lines_NoCap           WMT long  103.87 x96.3sh spread=3.85bp
[shares] 09:40 PDH_PDL_Breakout          WMT long  103.87 x96.3sh spread=3.85bp
[shares] 09:42 ORB_5min                  IWM short 294.10 x34.0sh spread=0.68bp
[shares] 09:42 CLOSE Six_Lines                 GOOGL short target  net=+12.59
[shares] 09:44 CLOSE Six_Lines                 XLI short target  net=+16.50
[shares] 09:45 TTM_Squeeze               QQQ short 714.41 x14.0sh spread=0.42bp
[shares] 09:45 PDH_PDL_FailedBreak       XLK long  185.90 x53.8sh spread=1.61bp
[shares] 09:45 PDH_PDL_FailedBreak       NVDA long  218.08 x45.9sh spread=1.83bp
[shares] 09:45 Gap_Fade                  NVDA short 218.04 x45.9sh spread=1.83bp
[shares] 09:45 TTM_Squeeze               AAPL short 317.38 x31.5sh spread=0.32bp
[shares] 09:46 ORB_5min                  AAPL short 316.86 x31.6sh spread=0.63bp
[shares] 09:47 CLOSE Six_Lines                 IWM short target  net=+23.44
[shares] 09:47 ORB_15min                 IWM short 293.71 x34.0sh spread=0.34bp
[shares] 09:47 ORB_15min                 DIA short 531.65 x18.8sh spread=0.75bp
[shares] 09:47 VWAP_Reclaim              XLV short 169.60 x59.0sh spread=1.77bp
[shares] 09:47 ORB_15min                 AAPL short 316.91 x31.6sh spread=0.95bp
[shares] 09:48 CLOSE PDH_PDL_Breakout          QQQ short stop    net=-24.36
[shares] 09:48 CLOSE TTM_Squeeze               QQQ short stop    net=-21.14
[shares] 09:48 CLOSE TTM_Squeeze               IWM short target  net=+17.32
[shares] 09:48 VWAP_Reclaim              XLK long  186.30 x53.7sh spread=1.61bp
[shares] 09:48 CLOSE TTM_Squeeze               WMT long  target  net=+43.45
[shares] 09:48 CLOSE Six_Lines                 WMT long  target  net=+13.48
[shares] 09:48 ORB_5min                  WMT long  104.05 x96.1sh spread=3.84bp
[shares] 09:48 ORB_15min                 WMT long  104.05 x96.1sh spread=3.84bp
[shares] 09:49 VWAP_Reclaim              XLF short 57.76 x173.1sh spread=1.73bp
[shares] 09:50 PDH_PDL_FailedBreak       QQQ long  715.21 x14.0sh spread=0.56bp
[shares] 09:50 PDH_PDL_FailedBreak       XLY long  116.61 x85.8sh spread=0.86bp
[shares] 09:50 Six_Lines                 XLV short 169.40 x59.0sh spread=2.36bp
[shares] 09:50 Six_Lines_NoCap           XLV short 169.40 x59.0sh spread=2.36bp
[shares] 09:50 Six_Lines                 XLP short 85.03 x117.6sh spread=1.18bp
[shares] 09:50 Six_Lines_NoCap           XLP short 85.03 x117.6sh spread=1.18bp
[shares] 09:50 Six_Lines                 XLF short 57.77 x173.1sh spread=1.73bp
[shares] 09:50 Six_Lines_NoCap           XLF short 57.77 x173.1sh spread=1.73bp
[shares] 09:51 ORB_15min                 XLI short 175.29 x57.0sh spread=1.14bp
[shares] 09:53 CLOSE VWAP_Reclaim              XLK long  stop    net=-28.99
[shares] 09:53 VWAP_Reclaim              XLK short 185.76 x53.8sh spread=1.08bp
[shares] 09:53 CLOSE VWAP_Reclaim              XLY short stop    net=-30.07
[shares] 09:53 ORB_15min                 XLY long  116.76 x85.6sh spread=1.71bp
[shares] 09:54 ORB_5min                  XLI short 175.51 x57.0sh spread=1.14bp
[shares] 09:55 Gap_Fade                  XLY long  116.76 x85.6sh spread=0.86bp
[shares] 09:56 ORB_5min                  XLE long  64.15 x155.9sh spread=1.56bp
[shares] 10:00 CLOSE Six_Lines                 QQQ short trail   net=-14.42
[shares] 10:00 CLOSE Six_Lines_NoCap           QQQ short trail   net=-14.42
[shares] 10:00 CLOSE Six_Lines                 XLK short trail   net=-29.12
[shares] 10:00 CLOSE Six_Lines_NoCap           XLK short trail   net=-29.12
[shares] 10:00 CLOSE Six_Lines                 NVDA short trail   net=-95.48
[shares] 10:00 CLOSE Six_Lines_NoCap           NVDA short trail   net=-95.48
[shares] 10:00 TTM_Squeeze               NVDA long  218.88 x45.7sh spread=0.91bp
[shares] 10:00 ORB_15min                 GOOGL short 340.36 x29.4sh spread=1.76bp
[shares] 10:01 IntradayMomentumBoundary  SPY short 766.04 x13.1sh spread=0.26bp
[shares] 10:01 IntradayMomentumBoundary  IWM short 293.37 x34.1sh spread=0.68bp
[shares] 10:01 IntradayMomentumBoundary  DIA short 531.57 x18.8sh spread=0.75bp
[shares] 10:01 VWAP_Reclaim              XLE long  64.10 x156.0sh spread=1.56bp
[shares] 10:01 IntradayMomentumBoundary  XLE long  64.10 x156.0sh spread=1.56bp
[shares] 10:01 IntradayMomentumBoundary  AAPL short 316.89 x31.6sh spread=0.95bp
[shares] 10:01 IntradayMomentumBoundary  GOOGL short 340.02 x29.4sh spread=1.76bp
[shares] 10:01 IntradayMomentumBoundary  WMT long  104.33 x95.8sh spread=2.88bp
[shares] 10:02 CLOSE ORB_15min                 XLY long  stop    net=-17.13
[shares] 10:02 ORB_5min                  GOOGL short 339.68 x29.4sh spread=1.47bp
[shares] 10:03 ORB_5min                  QQQ short 714.29 x14.0sh spread=0.42bp
[shares] 10:03 CLOSE VWAP_Reclaim              XLE long  stop    net=-20.28
[shares] 10:03 CLOSE IntradayMomentumBoundary  XLE long  trail   net=-20.28
[shares] 10:03 CLOSE VWAP_Reclaim              XLF short stop    net=-17.31
[shares] 10:04 CLOSE PDH_PDL_Breakout          XLE long  stop    net=-62.27
[shares] 10:05 TTM_Squeeze               QQQ short 714.29 x14.0sh spread=0.56bp
[shares] 10:05 CLOSE VWAP_Reclaim              GOOGL short target  net=+83.54
[shares] 10:05 PDH_PDL_Breakout          GOOGL short 339.38 x29.5sh spread=2.95bp
[shares] 10:06 CLOSE VWAP_Reclaim              XLV short stop    net=-32.43
[shares] 10:07 ORB_5min                  SPY short 765.49 x13.1sh spread=0.26bp
[shares] 10:07 ORB_15min                 SPY short 765.49 x13.1sh spread=0.26bp
[shares] 10:07 CLOSE PDH_PDL_FailedBreak       QQQ long  stop    net=-20.27
[shares] 10:07 ORB_15min                 QQQ short 713.76 x14.0sh spread=0.42bp
[shares] 10:08 CLOSE Gap_Fade                  NVDA short stop    net=-53.20
[shares] 10:09 ORB_15min                 NVDA long  219.43 x45.6sh spread=2.28bp
[shares] 10:10 CLOSE Six_Lines                 XLV short trail   net=-47.82
[shares] 10:10 CLOSE Six_Lines_NoCap           XLV short trail   net=-47.82
[shares] 10:10 CLOSE Six_Lines                 XLF short trail   net=-10.39
[shares] 10:10 CLOSE Six_Lines_NoCap           XLF short trail   net=-10.39
[shares] 10:10 Six_Lines                 AAPL short 316.34 x31.6sh spread=0.95bp
[shares] 10:10 Six_Lines_NoCap           AAPL short 316.34 x31.6sh spread=0.95bp
[shares] 10:11 CLOSE VWAP_Reclaim              SPY short target  net=+14.74
[shares] 10:11 CLOSE Six_Lines                 DIA short target  net=+17.28
[shares] 10:12 ORB_5min                  NVDA long  219.73 x45.5sh spread=1.37bp
[shares] 10:13 CLOSE PDH_PDL_Breakout          XLV short stop    net=-67.94
[shares] 10:13 ORB_15min                 XLV long  170.41 x58.7sh spread=1.17bp
[shares] 10:14 CLOSE PDH_PDL_Breakout          GOOGL short target  net=+52.74
[shares] 10:15 Gap_Fade                  XLV long  170.51 x58.6sh spread=1.17bp
[shares] 10:15 CLOSE Crabel_Stretch            NVDA short stop    net=-125.07
[shares] 10:17 CLOSE PDH_PDL_Breakout          WMT long  target  net=+74.13
[shares] 10:18 CLOSE PDH_PDL_Breakout          XLI short target  net=+33.01
[shares] 10:20 CLOSE TTM_Squeeze               SPY short bars    net=+5.22
[shares] 10:20 PDH_PDL_FailedBreak       XLV long  170.63 x58.6sh spread=1.17bp
[shares] 10:23 ORB_5min                  XLV long  170.34 x58.7sh spread=0.59bp
[shares] 10:23 CLOSE Six_Lines                 AAPL short target  net=+19.92
[shares] 10:25 ORB_5min                  DIA short 530.95 x18.8sh spread=0.75bp
[shares] 10:26 CLOSE Six_Lines                 SPY short target  net=+18.66
[shares] 10:26 Crabel_Stretch            QQQ short 713.24 x14.0sh spread=0.28bp
[shares] 10:26 CLOSE PDH_PDL_FailedBreak       XLK long  stop    net=-23.67
[shares] 10:26 ORB_15min                 XLK short 185.46 x53.9sh spread=1.08bp
[shares] 10:26 ORB_5min                  XLP short 84.94 x117.7sh spread=1.18bp
[shares] 10:27 ORB_15min                 XLP short 84.93 x117.7sh spread=1.18bp
[shares] 10:30 MOMO_CHASE                SPY short 764.91 x13.1sh spread=0.39bp
[shares] 10:30 MOMO_CHASE                IWM short 293.04 x34.1sh spread=0.34bp
[shares] 10:30 MOMO_CHASE                DIA short 530.80 x18.8sh spread=0.57bp
[shares] 10:30 MOMO_CHASE                XLI short 174.79 x57.2sh spread=1.14bp
[shares] 10:30 CLOSE Six_Lines                 XLE long  trail   net=-77.83
[shares] 10:30 CLOSE Six_Lines_NoCap           XLE long  trail   net=-77.83
[shares] 10:30 Gap_Fade                  XLE short 63.74 x156.9sh spread=1.57bp
[shares] 10:30 MOMO_CHASE                XLF short 57.72 x173.3sh spread=1.73bp
[shares] 10:30 CLOSE TTM_Squeeze               AAPL short bars    net=+52.30
[shares] 10:30 MOMO_CHASE                AAPL short 315.71 x31.7sh spread=0.32bp
[shares] 10:31 IntradayMomentumBoundary  XLI short 174.84 x57.2sh spread=1.14bp
[shares] 10:31 IntradayMomentumBoundary  XLP short 84.97 x117.7sh spread=1.18bp
[shares] 10:35 MOMO_CHASE                XLP short 84.92 x117.8sh spread=1.18bp
[shares] 10:35 PDH_PDL_Breakout          AAPL short 314.41 x31.8sh spread=0.64bp
[shares] 10:36 CLOSE IntradayMomentumBoundary  XLI short trail   net=-10.30
[shares] 10:40 CLOSE IntradayMomentumBoundary  XLP short trail   net=-15.30
[shares] 10:44 CLOSE ORB_15min                 XLP short stop    net=-22.37
[shares] 10:44 CLOSE ORB_5min                  XLE long  stop    net=-82.62
[shares] 10:45 EMA_9_20_Pullback         XLI short 175.05 x57.1sh spread=0.57bp
[shares] 10:45 CLOSE TTM_Squeeze               NVDA long  bars    net=+47.97
[shares] 10:50 CLOSE TTM_Squeeze               QQQ short bars    net=+4.20
[shares] 10:54 CLOSE Crabel_Stretch            XLE long  stop    net=-118.31
[shares] 10:55 CLOSE MOMO_CHASE                SPY short time    net=-12.29
[shares] 10:55 CLOSE MOMO_CHASE                IWM short time    net=-5.80
[shares] 10:55 CLOSE MOMO_CHASE                DIA short time    net=-20.72
[shares] 10:55 CLOSE MOMO_CHASE                XLI short time    net=-30.32
[shares] 10:55 CLOSE MOMO_CHASE                XLF short time    net=-19.06
[shares] 10:55 CLOSE MOMO_CHASE                AAPL short time    net=+22.81
[shares] 10:57 CLOSE IntradayMomentumBoundary  SPY short trail   net=-0.91
[shares] 10:57 CLOSE IntradayMomentumBoundary  DIA short trail   net=-10.35
[shares] 10:58 Crabel_Stretch            XLY long  116.88 x85.6sh spread=0.86bp
[shares] 11:00 CLOSE MOMO_CHASE                XLP short time    net=-29.44
[shares] 11:01 IntradayMomentumBoundary  DIA short 531.91 x18.8sh spread=0.56bp
[shares] 11:02 CLOSE PDH_PDL_Breakout          AAPL short stop    net=-43.26
[shares] 11:05 MOMO_CHASE                XLY long  116.93 x85.5sh spread=1.71bp
[shares] 11:08 VWAP_Reclaim              XLF short 57.77 x173.1sh spread=1.73bp
[shares] 11:10 PDH_PDL_FailedBreak       AAPL long  315.46 x31.7sh spread=0.32bp
[shares] 11:15 MOMO_CHASE                XLE short 63.22 x158.2sh spread=1.58bp
[shares] 11:30 CLOSE MOMO_CHASE                XLY long  time    net=-2.57
[shares] 11:31 IntradayMomentumBoundary  SPY short 765.65 x13.1sh spread=0.39bp
[shares] 11:40 CLOSE MOMO_CHASE                XLE short time    net=-14.24
[shares] 11:43 CLOSE IntradayMomentumBoundary  DIA short trail   net=-0.56
[shares] 11:51 CLOSE IntradayMomentumBoundary  SPY short trail   net=-5.75
[shares] 12:01 IntradayMomentumBoundary  SPY short 765.23 x13.1sh spread=0.39bp
[shares] 12:01 IntradayMomentumBoundary  DIA short 531.67 x18.8sh spread=0.19bp
[shares] 12:05 PDH_PDL_Breakout          XLK short 185.32 x54.0sh spread=1.08bp
[shares] 12:05 PDH_PDL_FailedBreak       XLP long  85.24 x117.3sh spread=1.17bp
[shares] 12:06 CLOSE PDH_PDL_FailedBreak       AAPL long  stop    net=-42.48
[shares] 12:10 MOMO_CHASE                SPY short 765.13 x13.1sh spread=0.13bp
[shares] 12:10 CLOSE Six_Lines                 XLP short trail   net=-23.52
[shares] 12:10 CLOSE Six_Lines_NoCap           XLP short trail   net=-23.52
[shares] 12:11 CLOSE PDH_PDL_Breakout          XLK short stop    net=-9.71
[shares] 12:35 CLOSE MOMO_CHASE                SPY short time    net=-9.02
[shares] 12:40 MOMO_CHASE                AAPL short 313.10 x31.9sh spread=1.92bp
[shares] 12:40 TTM_Squeeze               AAPL short 313.10 x31.9sh spread=1.92bp
[shares] 12:50 TTM_Squeeze               XLP short 85.01 x117.6sh spread=1.18bp
[shares] 12:53 CLOSE IntradayMomentumBoundary  DIA short trail   net=-4.51
[shares] 12:55 TTM_Squeeze               XLK long  185.90 x53.8sh spread=0.54bp
[shares] 12:58 CLOSE IntradayMomentumBoundary  SPY short trail   net=-9.54
[shares] 13:01 IntradayMomentumBoundary  SPY short 765.74 x13.1sh spread=0.26bp
[shares] 13:01 IntradayMomentumBoundary  DIA short 531.69 x18.8sh spread=0.56bp
[shares] 13:01 IntradayMomentumBoundary  XLP short 84.93 x117.7sh spread=1.18bp
[shares] 13:01 IntradayMomentumBoundary  XLF short 57.72 x173.3sh spread=1.73bp
[shares] 13:05 CLOSE MOMO_CHASE                AAPL short time    net=-13.09
[shares] 13:07 CLOSE IntradayMomentumBoundary  XLF short trail   net=-5.20
[shares] 13:11 CLOSE IntradayMomentumBoundary  XLP short trail   net=-4.71
[shares] 13:15 CLOSE IntradayMomentumBoundary  SPY short trail   net=-2.61
[shares] 13:15 TTM_Squeeze               XLE long  63.44 x157.6sh spread=1.58bp
[shares] 13:16 CLOSE Crabel_Stretch            XLV short stop    net=-62.49
[shares] 13:17 CLOSE IntradayMomentumBoundary  DIA short trail   net=-5.27
[shares] 13:21 CLOSE TTM_Squeeze               AAPL short stop    net=-31.94
[shares] 13:26 CLOSE PDH_PDL_Breakout          IWM short target  net=+58.41
[shares] 13:30 MOMO_CHASE                IWM short 292.75 x34.2sh spread=0.34bp
[shares] 13:31 IntradayMomentumBoundary  XLF short 57.73 x173.2sh spread=1.73bp
[shares] 13:33 CLOSE IntradayMomentumBoundary  XLF short trail   net=-6.93
[shares] 13:35 CLOSE TTM_Squeeze               XLK long  stop    net=-20.44
[shares] 13:35 CLOSE TTM_Squeeze               XLP short bars    net=-8.23
[shares] 13:40 TTM_Squeeze               NVDA short 219.34 x45.6sh spread=0.46bp
[shares] 13:45 MOMO_CHASE                XLE long  63.64 x157.1sh spread=1.57bp
[shares] 13:50 CLOSE Six_Lines_NoCap           SPY short trail   net=-1.04
[shares] 13:50 MOMO_CHASE                XLI long  175.26 x57.1sh spread=0.57bp
[shares] 13:51 CLOSE ORB_15min                 QQQ short stop    net=-24.10
[shares] 13:51 CLOSE ORB_15min                 XLK short stop    net=-28.58
[shares] 13:51 CLOSE TTM_Squeeze               NVDA short stop    net=-27.35
[shares] 13:52 CLOSE ORB_15min                 SPY short stop    net=-16.07
[shares] 13:55 TTM_Squeeze               SPY long  766.77 x13.0sh spread=0.26bp
[shares] 13:55 CLOSE MOMO_CHASE                IWM short time    net=-16.40
[shares] 13:55 MOMO_CHASE                IWM long  293.23 x34.1sh spread=0.34bp
[shares] 13:55 TTM_Squeeze               XLI long  175.33 x57.0sh spread=0.57bp
[shares] 13:55 MOMO_CHASE                AAPL long  315.11 x31.7sh spread=0.32bp
[shares] 14:00 TTM_Squeeze               DIA long  532.00 x18.8sh spread=0.56bp
[shares] 14:00 CLOSE TTM_Squeeze               XLE long  bars    net=+26.80
[shares] 14:01 VWAP_Reclaim              XLY short 116.50 x85.8sh spread=0.86bp
[shares] 14:05 TTM_Squeeze               IWM long  293.16 x34.1sh spread=0.34bp
[shares] 14:05 TTM_Squeeze               XLK long  186.20 x53.7sh spread=0.54bp
[shares] 14:10 CLOSE MOMO_CHASE                XLE long  time    net=-7.86
[shares] 14:10 TTM_Squeeze               XLF long  57.80 x173.0sh spread=1.73bp
[shares] 14:10 CLOSE IntradayMomentumBoundary  AAPL short trail   net=+40.71
[shares] 14:10 MOMO_CHASE                WMT long  104.57 x95.6sh spread=1.91bp
[shares] 14:15 CLOSE MOMO_CHASE                XLI long  time    net=+9.70
[shares] 14:15 MOMO_CHASE                XLI long  175.44 x57.0sh spread=0.57bp
[shares] 14:15 CLOSE VWAP_Reclaim              XLF short stop    net=-12.12
[shares] 14:15 MOMO_CHASE                XLF long  57.84 x172.9sh spread=1.73bp
[shares] 14:20 CLOSE MOMO_CHASE                IWM long  time    net=-7.84
[shares] 14:20 TTM_Squeeze               XLY short 116.61 x85.8sh spread=0.86bp
[shares] 14:20 CLOSE MOMO_CHASE                AAPL long  time    net=+10.16
[shares] 14:21 CLOSE VWAP_Reclaim              XLK short stop    net=-30.15
[shares] 14:35 CLOSE TTM_Squeeze               SPY long  stop    net=-9.91
[shares] 14:35 CLOSE MOMO_CHASE                WMT long  time    net=+11.48
[shares] 14:35 TTM_Squeeze               WMT long  104.71 x95.5sh spread=1.91bp
[shares] 14:36 CLOSE TTM_Squeeze               DIA long  stop    net=-7.71
[shares] 14:39 CLOSE TTM_Squeeze               XLK long  stop    net=-20.95
[shares] 14:39 VWAP_Reclaim              AAPL short 315.36 x31.7sh spread=0.32bp
[shares] 14:40 Six_Lines                 XLY short 116.35 x85.9sh spread=0.86bp
[shares] 14:40 Six_Lines_NoCap           XLY short 116.35 x85.9sh spread=0.86bp
[shares] 14:40 CLOSE TTM_Squeeze               XLI long  bars    net=-5.70
[shares] 14:40 CLOSE MOMO_CHASE                XLI long  time    net=-11.97
[shares] 14:40 CLOSE MOMO_CHASE                XLF long  time    net=-12.10
[shares] 14:43 CLOSE TTM_Squeeze               XLF long  stop    net=-10.38
[shares] 14:48 CLOSE ORB_15min                 NVDA long  stop    net=-76.11
[shares] 14:50 CLOSE TTM_Squeeze               IWM long  bars    net=-4.09
[shares] 15:00 CLOSE Six_Lines                 XLY short trail   net=-12.89
[shares] 15:00 CLOSE Six_Lines_NoCap           XLY short trail   net=-12.89
[shares] 15:01 IntradayMomentumBoundary  AAPL short 315.44 x31.7sh spread=0.32bp
[shares] 15:04 CLOSE IntradayMomentumBoundary  AAPL short trail   net=-3.80
[shares] 15:05 CLOSE TTM_Squeeze               XLY short bars    net=+11.15
[shares] 15:13 CLOSE VWAP_Reclaim              AAPL short stop    net=-19.98
[shares] 15:20 CLOSE TTM_Squeeze               WMT long  bars    net=+7.64
[shares] 15:23 CLOSE IntradayMomentumBoundary  IWM short trail   net=-1.02
[shares] 15:31 VWAP_Reclaim              XLI short 175.17 x57.1sh spread=1.14bp
[shares] 15:31 IntradayMomentumBoundary  XLP short 84.91 x117.8sh spread=1.18bp
[shares] 15:38 CLOSE IntradayMomentumBoundary  XLP short trail   net=-14.13
[shares] 15:43 CLOSE IntradayMomentumBoundary  GOOGL short trail   net=+27.94
[shares] 15:51 CLOSE PDH_PDL_Breakout          SPY short stop    net=-10.57
[shares] 15:51 CLOSE ORB_5min                  SPY short stop    net=-21.95
[shares] 15:51 CLOSE VWAP_Reclaim              QQQ short stop    net=-36.25
[shares] 15:51 CLOSE ORB_5min                  QQQ short stop    net=-38.22
[shares] 15:51 CLOSE Crabel_Stretch            QQQ short stop    net=-53.00
[shares] 15:51 CLOSE VWAP_Reclaim              XLI short target  net=+7.99
[shares] 15:51 VWAP_Reclaim              GOOGL long  340.00 x29.4sh spread=1.18bp
[shares] 15:56 CLOSE Crabel_Stretch            SPY short eod     net=-15.93
[shares] 15:56 CLOSE Crabel_Stretch            IWM short eod     net=+17.99
[shares] 15:56 CLOSE Six_Lines_NoCap           IWM short eod     net=+13.59
[shares] 15:56 CLOSE ORB_5min                  IWM short eod     net=+3.06
[shares] 15:56 CLOSE ORB_15min                 IWM short eod     net=-10.21
[shares] 15:56 CLOSE Crabel_Stretch            DIA short eod     net=+9.39
[shares] 15:56 CLOSE PDH_PDL_Breakout          DIA short eod     net=+0.00
[shares] 15:56 CLOSE Six_Lines_NoCap           DIA short eod     net=+9.58
[shares] 15:56 CLOSE ORB_15min                 DIA short eod     net=-4.14
[shares] 15:56 CLOSE ORB_5min                  DIA short eod     net=-17.33
[shares] 15:56 CLOSE Crabel_Stretch            XLK long  eod     net=-7.51
[shares] 15:56 CLOSE PDH_PDL_FailedBreak       XLY long  eod     net=+13.72
[shares] 15:56 CLOSE Gap_Fade                  XLY long  eod     net=+0.86
[shares] 15:56 CLOSE Crabel_Stretch            XLY long  eod     net=-9.41
[shares] 15:56 CLOSE VWAP_Reclaim              XLY short eod     net=-24.03
[shares] 15:56 CLOSE Crabel_Stretch            XLI short eod     net=+27.89
[shares] 15:56 CLOSE Six_Lines_NoCap           XLI short eod     net=+27.89
[shares] 15:56 CLOSE ORB_15min                 XLI short eod     net=+3.99
[shares] 15:56 CLOSE ORB_5min                  XLI short eod     net=+16.52
[shares] 15:56 CLOSE EMA_9_20_Pullback         XLI short eod     net=-9.71
[shares] 15:56 CLOSE ORB_15min                 XLV long  eod     net=+11.15
[shares] 15:56 CLOSE Gap_Fade                  XLV long  eod     net=+5.28
[shares] 15:56 CLOSE PDH_PDL_FailedBreak       XLV long  eod     net=-1.76
[shares] 15:56 CLOSE ORB_5min                  XLV long  eod     net=+15.26
[shares] 15:56 CLOSE Crabel_Stretch            XLP short eod     net=+21.14
[shares] 15:56 CLOSE PDH_PDL_Breakout          XLP short eod     net=+2.35
[shares] 15:56 CLOSE ORB_5min                  XLP short eod     net=-3.53
[shares] 15:56 CLOSE PDH_PDL_FailedBreak       XLP long  eod     net=-32.85
[shares] 15:56 CLOSE Gap_Fade                  XLE short eod     net=-34.52
[shares] 15:56 CLOSE PDH_PDL_Breakout          XLF short eod     net=-1.73
[shares] 15:56 CLOSE PDH_PDL_FailedBreak       NVDA long  eod     net=+111.89
[shares] 15:56 CLOSE ORB_5min                  NVDA long  eod     net=+35.95
[shares] 15:56 CLOSE Crabel_Stretch            AAPL short eod     net=+53.45
[shares] 15:56 CLOSE ORB_5min                  AAPL short eod     net=+16.10
[shares] 15:56 CLOSE ORB_15min                 AAPL short eod     net=+17.67
[shares] 15:56 CLOSE Six_Lines_NoCap           AAPL short eod     net=-0.32
[shares] 15:56 CLOSE Crabel_Stretch            GOOGL short eod     net=+65.77
[shares] 15:56 CLOSE Six_Lines_NoCap           GOOGL short eod     net=+50.06
[shares] 15:56 CLOSE ORB_15min                 GOOGL short eod     net=+14.69
[shares] 15:56 CLOSE ORB_5min                  GOOGL short eod     net=-5.30
[shares] 15:56 CLOSE VWAP_Reclaim              GOOGL long  eod     net=-4.71
[shares] 15:56 CLOSE Crabel_Stretch            WMT long  eod     net=+121.69
[shares] 15:56 CLOSE Six_Lines_NoCap           WMT long  eod     net=+89.53
[shares] 15:56 CLOSE ORB_5min                  WMT long  eod     net=+72.08
[shares] 15:56 CLOSE ORB_15min                 WMT long  eod     net=+72.08
[shares] 15:56 CLOSE IntradayMomentumBoundary  WMT long  eod     net=+45.05
[shares] daily: 170 trades, net $-786.11
