[replay shares] 2026-09-18 -- config 7c6414fc549315f3 -- history-backed, no outages; NOT the prospective record
[shares] warmup SPY: 24 prior sessions, stretch=0.871300000000008
[shares] warmup QQQ: 24 prior sessions, stretch=1.6961999999999988
[shares] warmup IWM: 24 prior sessions, stretch=0.6510000000000105
[shares] warmup DIA: 24 prior sessions, stretch=0.6904999999999859
[shares] warmup XLK: 24 prior sessions, stretch=0.7025000000000035
[shares] warmup XLY: 24 prior sessions, stretch=0.2704999999999984
[shares] warmup XLI: 24 prior sessions, stretch=0.5485000000000042
[shares] warmup XLV: 24 prior sessions, stretch=0.38499999999999657
[shares] warmup XLP: 24 prior sessions, stretch=0.21249999999999575
[shares] warmup XLE: 24 prior sessions, stretch=0.18699999999999833
[shares] warmup XLF: 24 prior sessions, stretch=0.12349999999999994
[shares] warmup NVDA: 24 prior sessions, stretch=1.042999999999998
[shares] warmup AAPL: 24 prior sessions, stretch=1.6314999999999942
[shares] warmup GOOGL: 24 prior sessions, stretch=0.8848900000000015
[shares] warmup WMT: 24 prior sessions, stretch=0.41350000000000053
[replay] six-lines SPY: R1=763.57  R2=764.00  R3=764.16  S1=759.96  S2=759.59  S3=752.34
[replay] six-lines QQQ: R1=716.78  R2=718.04  R3=722.42  S1=715.98  S2=713.32  S3=701.63
[replay] six-lines IWM: R1=286.30  R2=288.19  R3=288.29  S1=285.21  S2=284.18  S3=283.92
[replay] six-lines DIA: R1=518.86  R2=520.67  R3=521.77  S1=516.55  S2=515.22  S3=515.18
[replay] six-lines XLK: R1=187.50  R2=188.53  R3=189.92  S1=187.95  S2=186.73  S3=183.93
[replay] six-lines XLY: R1=111.71  R2=112.10  R3=112.24  S1=111.17  S2=111.09  S3=109.92
[replay] six-lines XLI: R1=169.67  R2=171.51  R3=172.53  S1=168.69  S2=168.66  S3=168.32
[replay] six-lines XLV: R1=169.10  R2=169.24  R3=169.69  S1=167.88  S2=167.77  S3=167.76
[replay] six-lines XLP: R1=83.60  R2=83.72  R3=83.80  S1=83.33  S2=83.03  S3=83.00
[replay] six-lines XLE: R1=64.38  R2=64.52  R3=64.58  S1=63.80  S2=63.46  S3=63.40
[replay] six-lines XLF: R1=56.19  R2=56.40  R3=56.59  S1=55.93  S2=55.56  S3=55.48
[replay] six-lines NVDA: R1=219.05  R2=219.91  R3=222.58  S1=218.06  S2=217.15  S3=207.75
[replay] six-lines AAPL: R1=335.17  R2=338.34  R3=339.10  S1=332.32  S2=330.49  S3=330.18
[replay] six-lines GOOGL: R1=348.98  R2=349.50  R3=357.88  S1=344.43  S2=343.89  S3=342.44
[replay] six-lines WMT: R1=107.73  R2=107.80  R3=108.57  S1=107.31  S2=106.15  S3=106.15
[shares] 09:32 Crabel_Stretch            WMT long  107.22 x93.3sh spread=3.73bp
[shares] 09:33 Crabel_Stretch            XLK short 188.44 x53.1sh spread=2.12bp
[shares] 09:34 Crabel_Stretch            IWM short 284.24 x35.2sh spread=0.70bp
[shares] 09:34 Crabel_Stretch            XLV long  168.93 x59.2sh spread=4.14bp
[shares] 09:35 TTM_Squeeze               SPY short 761.06 x13.1sh spread=0.13bp
[shares] 09:35 PDH_PDL_Breakout          IWM short 284.09 x35.2sh spread=0.35bp
[shares] 09:35 TTM_Squeeze               DIA short 515.95 x19.4sh spread=0.58bp
[shares] 09:35 VWAP_Reclaim              XLY short 111.31 x89.8sh spread=2.70bp
[shares] 09:35 TTM_Squeeze               XLP short 83.00 x120.5sh spread=1.20bp
[shares] 09:35 VWAP_Reclaim              XLE short 64.15 x155.9sh spread=1.56bp
[shares] 09:35 TTM_Squeeze               XLE short 64.15 x155.9sh spread=1.56bp
[shares] 09:35 TTM_Squeeze               NVDA short 218.57 x45.8sh spread=0.46bp
[shares] 09:35 VWAP_Reclaim              GOOGL long  357.37 x28.0sh spread=2.80bp
[shares] 09:36 Crabel_Stretch            DIA short 515.48 x19.4sh spread=0.78bp
[shares] 09:36 Crabel_Stretch            XLF short 55.50 x180.2sh spread=1.80bp
[shares] 09:36 Crabel_Stretch            GOOGL long  358.33 x27.9sh spread=3.07bp
[shares] 09:37 Crabel_Stretch            XLY short 111.19 x89.9sh spread=0.90bp
[shares] 09:37 VWAP_Reclaim              XLP short 82.91 x120.6sh spread=1.21bp
[shares] 09:37 Crabel_Stretch            XLP short 82.91 x120.6sh spread=1.21bp
[shares] 09:37 CLOSE TTM_Squeeze               NVDA short stop    net=-24.25
[shares] 09:40 PDH_PDL_Breakout          QQQ long  719.35 x13.9sh spread=0.28bp
[shares] 09:40 Six_Lines                 IWM short 283.70 x35.2sh spread=0.70bp
[shares] 09:40 Six_Lines_NoCap           IWM short 283.70 x35.2sh spread=0.70bp
[shares] 09:40 TTM_Squeeze               XLK long  188.62 x53.0sh spread=0.53bp
[shares] 09:40 Six_Lines                 XLP short 82.95 x120.6sh spread=1.21bp
[shares] 09:40 Six_Lines_NoCap           XLP short 82.95 x120.6sh spread=1.21bp
[shares] 09:40 Six_Lines                 XLF short 55.46 x180.3sh spread=1.80bp
[shares] 09:40 Six_Lines_NoCap           XLF short 55.46 x180.3sh spread=1.80bp
[shares] 09:40 PDH_PDL_Breakout          XLF short 55.46 x180.3sh spread=1.80bp
[shares] 09:40 Six_Lines                 GOOGL long  357.95 x27.9sh spread=2.23bp
[shares] 09:40 Six_Lines_NoCap           GOOGL long  357.95 x27.9sh spread=2.23bp
[shares] 09:41 ORB_5min                  DIA short 515.61 x19.4sh spread=0.97bp
[shares] 09:41 CLOSE Six_Lines                 GOOGL long  target  net=+32.97
[shares] 09:42 CLOSE TTM_Squeeze               XLE short stop    net=-20.27
[shares] 09:42 Crabel_Stretch            AAPL short 336.13 x29.8sh spread=2.68bp
[shares] 09:43 VWAP_Reclaim              XLV short 168.28 x59.4sh spread=1.78bp
[shares] 09:43 Crabel_Stretch            XLE long  64.41 x155.3sh spread=1.55bp
[shares] 09:43 ORB_5min                  NVDA long  219.93 x45.5sh spread=1.82bp
[shares] 09:43 ORB_5min                  AAPL short 335.47 x29.8sh spread=1.49bp
[shares] 09:44 CLOSE VWAP_Reclaim              XLE short stop    net=-53.00
[shares] 09:44 CLOSE PDH_PDL_Breakout          XLF short stop    net=-32.46
[shares] 09:44 CLOSE Crabel_Stretch            GOOGL long  stop    net=-54.70
[shares] 09:45 Gap_Fade                  XLK short 188.56 x53.0sh spread=0.53bp
[shares] 09:45 PDH_PDL_FailedBreak       XLY long  111.37 x89.8sh spread=0.90bp
[shares] 09:45 PDH_PDL_FailedBreak       XLI long  169.28 x59.1sh spread=2.36bp
[shares] 09:45 TTM_Squeeze               XLV short 168.21 x59.4sh spread=2.97bp
[shares] 09:45 PDH_PDL_FailedBreak       XLF long  55.61 x179.8sh spread=1.80bp
[shares] 09:45 PDH_PDL_FailedBreak       AAPL short 335.74 x29.8sh spread=3.28bp
[shares] 09:45 CLOSE VWAP_Reclaim              GOOGL long  stop    net=-26.30
[shares] 09:45 Gap_Fade                  GOOGL short 356.43 x28.1sh spread=0.56bp
[shares] 09:46 ORB_5min                  XLI long  169.25 x59.1sh spread=1.18bp
[shares] 09:47 ORB_15min                 XLI long  169.41 x59.0sh spread=2.36bp
[shares] 09:48 ORB_15min                 GOOGL short 354.77 x28.2sh spread=3.10bp
[shares] 09:48 ORB_5min                  WMT long  107.53 x93.0sh spread=1.86bp
[shares] 09:48 ORB_15min                 WMT long  107.53 x93.0sh spread=1.86bp
[shares] 09:49 CLOSE PDH_PDL_Breakout          QQQ long  stop    net=-12.93
[shares] 09:49 ORB_15min                 QQQ short 718.42 x13.9sh spread=0.14bp
[shares] 09:50 ORB_15min                 SPY short 760.48 x13.1sh spread=0.39bp
[shares] 09:50 PDH_PDL_FailedBreak       XLK short 188.41 x53.1sh spread=1.06bp
[shares] 09:50 TTM_Squeeze               XLY short 111.32 x89.8sh spread=0.90bp
[shares] 09:50 Six_Lines                 XLE long  64.43 x155.2sh spread=1.55bp
[shares] 09:50 Six_Lines_NoCap           XLE long  64.43 x155.2sh spread=1.55bp
[shares] 09:50 PDH_PDL_FailedBreak       NVDA short 219.48 x45.6sh spread=0.91bp
[shares] 09:50 ORB_15min                 AAPL short 335.20 x29.8sh spread=1.19bp
[shares] 09:50 EMA_9_20_Pullback         AAPL short 335.20 x29.8sh spread=1.19bp
[shares] 09:50 PDH_PDL_Breakout          GOOGL long  354.94 x28.2sh spread=2.54bp
[shares] 09:51 Crabel_Stretch            SPY short 760.30 x13.2sh spread=0.39bp
[shares] 09:51 ORB_15min                 DIA short 515.30 x19.4sh spread=0.78bp
[shares] 09:51 CLOSE Crabel_Stretch            XLV long  stop    net=-61.56
[shares] 09:51 ORB_5min                  XLV short 167.89 x59.6sh spread=1.79bp
[shares] 09:51 ORB_15min                 XLV short 167.89 x59.6sh spread=1.79bp
[shares] 09:52 CLOSE TTM_Squeeze               XLK long  stop    net=-15.90
[shares] 09:52 ORB_5min                  XLK short 188.32 x53.1sh spread=0.53bp
[shares] 09:52 ORB_15min                 XLK short 188.32 x53.1sh spread=0.53bp
[shares] 09:52 CLOSE ORB_15min                 XLI long  stop    net=-27.74
[shares] 09:52 VWAP_Reclaim              XLI short 168.94 x59.2sh spread=1.78bp
[shares] 09:52 CLOSE PDH_PDL_Breakout          GOOGL long  stop    net=+5.63
[shares] 09:54 ORB_5min                  IWM short 283.43 x35.3sh spread=0.35bp
[shares] 09:54 ORB_15min                 IWM short 283.43 x35.3sh spread=0.35bp
[shares] 09:55 PDH_PDL_Breakout          DIA short 515.03 x19.4sh spread=0.58bp
[shares] 09:55 CLOSE ORB_5min                  XLI long  stop    net=-32.50
[shares] 09:55 PDH_PDL_FailedBreak       XLP long  83.04 x120.4sh spread=1.20bp
[shares] 09:55 EMA_9_20_Pullback         NVDA long  219.60 x45.5sh spread=0.91bp
[shares] 09:57 CLOSE TTM_Squeeze               XLP short stop    net=-15.66
[shares] 09:58 CLOSE TTM_Squeeze               DIA short target  net=+18.61
[shares] 09:58 CLOSE Gap_Fade                  XLK short target  net=+21.21
[shares] 09:59 CLOSE Six_Lines                 IWM short target  net=+20.44
[shares] 09:59 ORB_5min                  XLY short 111.13 x90.0sh spread=0.90bp
[shares] 09:59 CLOSE PDH_PDL_FailedBreak       XLI long  stop    net=-38.99
[shares] 10:00 CLOSE TTM_Squeeze               SPY short target  net=+17.48
[shares] 10:00 Six_Lines                 SPY short 759.71 x13.2sh spread=0.26bp
[shares] 10:00 Six_Lines_NoCap           SPY short 759.71 x13.2sh spread=0.26bp
[shares] 10:00 PDH_PDL_FailedBreak       QQQ short 717.89 x13.9sh spread=0.28bp
[shares] 10:00 Six_Lines                 DIA short 514.97 x19.4sh spread=0.58bp
[shares] 10:00 Six_Lines_NoCap           DIA short 514.97 x19.4sh spread=0.58bp
[shares] 10:00 CLOSE PDH_PDL_FailedBreak       XLY long  stop    net=-27.84
[shares] 10:00 ORB_15min                 XLY short 111.06 x90.0sh spread=0.90bp
[shares] 10:00 Six_Lines                 XLY short 111.06 x90.0sh spread=0.90bp
[shares] 10:00 Six_Lines_NoCap           XLY short 111.06 x90.0sh spread=0.90bp
[shares] 10:00 Six_Lines                 XLI short 168.61 x59.3sh spread=0.59bp
[shares] 10:00 Six_Lines_NoCap           XLI short 168.61 x59.3sh spread=0.59bp
[shares] 10:00 TTM_Squeeze               XLI short 168.61 x59.3sh spread=0.59bp
[shares] 10:00 CLOSE Six_Lines                 XLP short trail   net=-21.70
[shares] 10:00 CLOSE Six_Lines_NoCap           XLP short trail   net=-21.70
[shares] 10:00 CLOSE Six_Lines                 XLF short trail   net=-23.44
[shares] 10:00 CLOSE Six_Lines_NoCap           XLF short trail   net=-23.44
[shares] 10:00 CLOSE EMA_9_20_Pullback         NVDA long  stop    net=-17.30
[shares] 10:00 CLOSE Six_Lines_NoCap           GOOGL long  trail   net=-72.64
[shares] 10:01 IntradayMomentumBoundary  SPY short 759.81 x13.2sh spread=0.26bp
[shares] 10:01 IntradayMomentumBoundary  IWM short 283.04 x35.3sh spread=0.35bp
[shares] 10:01 IntradayMomentumBoundary  DIA short 515.07 x19.4sh spread=0.58bp
[shares] 10:01 IntradayMomentumBoundary  XLY short 111.00 x90.1sh spread=0.90bp
[shares] 10:01 ORB_5min                  GOOGL short 354.91 x28.2sh spread=1.97bp
[shares] 10:01 IntradayMomentumBoundary  WMT long  107.65 x92.9sh spread=2.79bp
[shares] 10:03 CLOSE ORB_15min                 SPY short target  net=+18.28
[shares] 10:03 CLOSE ORB_15min                 QQQ short target  net=+21.99
[shares] 10:03 Crabel_Stretch            QQQ short 716.83 x14.0sh spread=0.14bp
[shares] 10:03 CLOSE TTM_Squeeze               XLY short target  net=+34.14
[shares] 10:05 PDH_PDL_Breakout          SPY short 759.07 x13.2sh spread=0.26bp
[shares] 10:05 TTM_Squeeze               XLK short 187.69 x53.3sh spread=1.60bp
[shares] 10:05 PDH_PDL_Breakout          XLY short 110.88 x90.2sh spread=0.90bp
[shares] 10:06 CLOSE Six_Lines                 XLY short target  net=+19.81
[shares] 10:10 Six_Lines                 XLK short 187.83 x53.2sh spread=1.06bp
[shares] 10:10 Six_Lines_NoCap           XLK short 187.83 x53.2sh spread=1.06bp
[shares] 10:10 CLOSE Six_Lines                 XLE long  trail   net=-13.97
[shares] 10:10 CLOSE Six_Lines_NoCap           XLE long  trail   net=-13.97
[shares] 10:10 Six_Lines                 NVDA long  219.92 x45.5sh spread=0.91bp
[shares] 10:10 Six_Lines_NoCap           NVDA long  219.92 x45.5sh spread=0.91bp
[shares] 10:11 CLOSE TTM_Squeeze               XLI short stop    net=-20.16
[shares] 10:11 CLOSE PDH_PDL_FailedBreak       NVDA short stop    net=-31.89
[shares] 10:11 ORB_15min                 NVDA long  220.18 x45.4sh spread=0.45bp
[shares] 10:12 CLOSE Six_Lines                 NVDA long  target  net=+24.55
[shares] 10:12 Crabel_Stretch            NVDA long  220.47 x45.4sh spread=0.45bp
[shares] 10:15 CLOSE VWAP_Reclaim              XLY short target  net=+57.50
[shares] 10:15 EMA_9_20_Pullback         XLV short 168.04 x59.5sh spread=1.79bp
[shares] 10:15 PDH_PDL_Breakout          XLP short 82.95 x120.6sh spread=1.21bp
[shares] 10:15 TTM_Squeeze               NVDA long  220.65 x45.3sh spread=0.45bp
[shares] 10:15 PDH_PDL_Breakout          NVDA long  220.65 x45.3sh spread=0.45bp
[shares] 10:20 CLOSE Six_Lines                 DIA short trail   net=-6.60
[shares] 10:20 CLOSE Six_Lines_NoCap           DIA short trail   net=-6.60
[shares] 10:20 CLOSE Six_Lines                 XLI short trail   net=-31.43
[shares] 10:20 CLOSE Six_Lines_NoCap           XLI short trail   net=-31.43
[shares] 10:20 CLOSE Crabel_Stretch            XLF short stop    net=-52.25
[shares] 10:20 ORB_15min                 XLF long  55.79 x179.2sh spread=1.79bp
[shares] 10:20 CLOSE ORB_5min                  GOOGL short target  net=+122.00
[shares] 10:20 EMA_9_20_Pullback         WMT long  107.51 x93.0sh spread=1.86bp
[shares] 10:27 CLOSE TTM_Squeeze               NVDA long  stop    net=-35.80
[shares] 10:27 CLOSE PDH_PDL_Breakout          NVDA long  stop    net=-35.80
[shares] 10:29 CLOSE PDH_PDL_Breakout          XLP short stop    net=-15.67
[shares] 10:30 CLOSE PDH_PDL_Breakout          XLY short stop    net=-17.14
[shares] 10:30 CLOSE TTM_Squeeze               XLV short bars    net=-4.76
[shares] 10:30 ORB_5min                  XLF long  55.79 x179.2sh spread=1.79bp
[shares] 10:30 CLOSE Six_Lines_NoCap           NVDA long  trail   net=-18.64
[shares] 10:31 IntradayMomentumBoundary  AAPL short 333.13 x30.0sh spread=1.20bp
[shares] 10:33 CLOSE VWAP_Reclaim              XLP short stop    net=-30.15
[shares] 10:35 MOMO_CHASE                NVDA short 219.27 x45.6sh spread=0.91bp
[shares] 10:40 CLOSE IntradayMomentumBoundary  XLY short trail   net=-15.32
[shares] 10:40 ORB_5min                  XLE long  64.56 x154.9sh spread=1.55bp
[shares] 10:40 PDH_PDL_Breakout          XLE long  64.56 x154.9sh spread=1.55bp
[shares] 10:41 VWAP_Reclaim              XLY long  111.23 x89.9sh spread=0.90bp
[shares] 10:42 CLOSE ORB_15min                 NVDA long  stop    net=-49.96
[shares] 10:45 MOMO_CHASE                AAPL short 332.66 x30.1sh spread=1.20bp
[shares] 10:50 CLOSE TTM_Squeeze               XLK short bars    net=-6.39
[shares] 10:50 CLOSE Six_Lines_NoCap           XLY short trail   net=-24.31
[shares] 10:52 CLOSE ORB_15min                 XLY short stop    net=-37.82
[shares] 10:53 CLOSE PDH_PDL_Breakout          SPY short stop    net=-10.93
[shares] 10:53 CLOSE PDH_PDL_Breakout          XLE long  stop    net=-18.59
[shares] 10:54 CLOSE VWAP_Reclaim              XLY long  target  net=+32.37
[shares] 10:55 PDH_PDL_FailedBreak       XLE short 64.39 x155.3sh spread=1.55bp
[shares] 10:55 CLOSE IntradayMomentumBoundary  AAPL short trail   net=-22.21
[shares] 11:00 MOMO_CHASE                XLF long  55.84 x179.1sh spread=1.79bp
[shares] 11:00 CLOSE MOMO_CHASE                NVDA short time    net=+11.40
[shares] 11:03 CLOSE IntradayMomentumBoundary  WMT long  trail   net=-41.80
[shares] 11:04 CLOSE EMA_9_20_Pullback         WMT long  stop    net=-36.28
[shares] 11:05 PDH_PDL_Breakout          XLI short 168.61 x59.3sh spread=1.19bp
[shares] 11:10 CLOSE Six_Lines                 XLK short trail   net=-7.45
[shares] 11:10 CLOSE Six_Lines_NoCap           XLK short trail   net=-7.45
[shares] 11:10 CLOSE MOMO_CHASE                AAPL short time    net=-70.64
[shares] 11:10 MOMO_CHASE                AAPL long  335.01 x29.8sh spread=1.49bp
[shares] 11:15 MOMO_CHASE                GOOGL short 349.57 x28.6sh spread=1.43bp
[shares] 11:16 CLOSE PDH_PDL_FailedBreak       XLE short stop    net=-48.14
[shares] 11:25 CLOSE MOMO_CHASE                XLF long  time    net=-8.95
[shares] 11:27 CLOSE IntradayMomentumBoundary  SPY short trail   net=-1.84
[shares] 11:29 CLOSE PDH_PDL_Breakout          XLI short stop    net=-12.45
[shares] 11:30 CLOSE Six_Lines                 SPY short trail   net=-3.55
[shares] 11:30 CLOSE Six_Lines_NoCap           SPY short trail   net=-3.55
[shares] 11:30 PDH_PDL_FailedBreak       SPY long  759.98 x13.2sh spread=0.13bp
[shares] 11:35 CLOSE MOMO_CHASE                AAPL long  time    net=+0.00
[shares] 11:36 CLOSE EMA_9_20_Pullback         XLV short stop    net=-19.64
[shares] 11:40 CLOSE MOMO_CHASE                GOOGL short time    net=-15.73
[shares] 11:45 TTM_Squeeze               XLI short 168.56 x59.3sh spread=1.19bp
[shares] 11:52 CLOSE ORB_15min                 GOOGL short target  net=+149.67
[shares] 11:55 MOMO_CHASE                XLV short 167.98 x59.5sh spread=0.60bp
[shares] 11:55 PDH_PDL_FailedBreak       GOOGL short 349.33 x28.6sh spread=1.72bp
[shares] 12:00 MOMO_CHASE                XLP short 82.97 x120.5sh spread=1.21bp
[shares] 12:01 CLOSE PDH_PDL_FailedBreak       SPY long  stop    net=-15.40
[shares] 12:01 IntradayMomentumBoundary  SPY short 758.81 x13.2sh spread=0.26bp
[shares] 12:15 TTM_Squeeze               QQQ short 716.29 x14.0sh spread=0.14bp
[shares] 12:20 CLOSE MOMO_CHASE                XLV short time    net=-1.79
[shares] 12:25 MOMO_CHASE                SPY short 758.25 x13.2sh spread=0.26bp
[shares] 12:25 TTM_Squeeze               XLV short 167.97 x59.5sh spread=0.60bp
[shares] 12:25 CLOSE MOMO_CHASE                XLP short time    net=-6.03
[shares] 12:30 CLOSE TTM_Squeeze               XLI short bars    net=-5.93
[shares] 12:40 VWAP_Reclaim              XLE short 64.41 x155.3sh spread=1.55bp
[shares] 12:50 CLOSE MOMO_CHASE                SPY short time    net=-12.27
[shares] 12:50 TTM_Squeeze               XLP long  83.14 x120.3sh spread=1.20bp
[shares] 12:52 CLOSE IntradayMomentumBoundary  SPY short trail   net=-6.46
[shares] 12:53 CLOSE IntradayMomentumBoundary  DIA short trail   net=-3.69
[shares] 12:55 TTM_Squeeze               IWM long  283.18 x35.3sh spread=0.35bp
[shares] 12:55 TTM_Squeeze               DIA long  515.31 x19.4sh spread=0.58bp
[shares] 12:55 TTM_Squeeze               XLF long  55.88 x179.0sh spread=1.79bp
[shares] 12:56 CLOSE TTM_Squeeze               XLV short stop    net=-15.48
[shares] 13:00 CLOSE TTM_Squeeze               QQQ short bars    net=-6.28
[shares] 13:00 CLOSE PDH_PDL_FailedBreak       XLF long  target  net=+48.55
[shares] 13:01 IntradayMomentumBoundary  SPY short 759.23 x13.2sh spread=0.26bp
[shares] 13:01 IntradayMomentumBoundary  DIA short 515.02 x19.4sh spread=0.58bp
[shares] 13:04 CLOSE IntradayMomentumBoundary  DIA short trail   net=-2.14
[shares] 13:13 CLOSE TTM_Squeeze               DIA long  stop    net=-12.03
[shares] 13:14 CLOSE TTM_Squeeze               XLF long  stop    net=-14.32
[shares] 13:15 TTM_Squeeze               QQQ long  717.04 x13.9sh spread=0.14bp
[shares] 13:16 CLOSE IntradayMomentumBoundary  IWM short trail   net=-7.07
[shares] 13:25 CLOSE IntradayMomentumBoundary  SPY short trail   net=-3.69
[shares] 13:25 MOMO_CHASE                IWM long  283.30 x35.3sh spread=0.35bp
[shares] 13:31 IntradayMomentumBoundary  SPY short 759.32 x13.2sh spread=0.26bp
[shares] 13:31 IntradayMomentumBoundary  DIA short 514.84 x19.4sh spread=0.39bp
[shares] 13:35 CLOSE IntradayMomentumBoundary  SPY short trail   net=-1.71
[shares] 13:35 CLOSE TTM_Squeeze               XLP long  bars    net=-7.22
[shares] 13:37 CLOSE IntradayMomentumBoundary  DIA short trail   net=-5.83
[shares] 13:40 CLOSE TTM_Squeeze               IWM long  bars    net=+7.77
[shares] 13:45 TTM_Squeeze               AAPL long  335.43 x29.8sh spread=0.30bp
[shares] 13:50 CLOSE MOMO_CHASE                IWM long  time    net=+2.82
[shares] 14:00 CLOSE TTM_Squeeze               QQQ long  bars    net=+7.67
[shares] 14:01 IntradayMomentumBoundary  XLY short 110.91 x90.2sh spread=0.90bp
[shares] 14:02 CLOSE IntradayMomentumBoundary  XLY short trail   net=-5.41
[shares] 14:03 CLOSE ORB_15min                 XLV short stop    net=-39.91
[shares] 14:21 CLOSE PDH_PDL_Breakout          DIA short stop    net=-12.23
[shares] 14:25 MOMO_CHASE                XLV long  168.63 x59.3sh spread=0.59bp
[shares] 14:25 TTM_Squeeze               GOOGL long  350.88 x28.5sh spread=1.14bp
[shares] 14:30 MOMO_CHASE                IWM long  283.57 x35.3sh spread=0.71bp
[shares] 14:30 MOMO_CHASE                DIA long  516.12 x19.4sh spread=0.58bp
[shares] 14:30 TTM_Squeeze               XLE long  64.46 x155.1sh spread=1.55bp
[shares] 14:30 CLOSE TTM_Squeeze               AAPL long  bars    net=+8.05
[shares] 14:45 CLOSE TTM_Squeeze               XLE long  stop    net=-15.51
[shares] 14:47 CLOSE ORB_15min                 DIA short stop    net=-23.09
[shares] 14:47 CLOSE VWAP_Reclaim              XLI short stop    net=-30.19
[shares] 14:47 CLOSE VWAP_Reclaim              XLV short stop    net=-35.65
[shares] 14:50 TTM_Squeeze               XLY long  111.19 x89.9sh spread=0.90bp
[shares] 14:50 CLOSE MOMO_CHASE                XLV long  time    net=+13.64
[shares] 14:54 CLOSE PDH_PDL_FailedBreak       QQQ short stop    net=-22.15
[shares] 14:55 CLOSE MOMO_CHASE                IWM long  time    net=-1.76
[shares] 14:55 CLOSE MOMO_CHASE                DIA long  time    net=+7.17
[shares] 14:55 PDH_PDL_Breakout          XLK long  188.59 x53.0sh spread=0.53bp
[shares] 15:10 CLOSE TTM_Squeeze               GOOGL long  bars    net=+10.26
[shares] 15:25 CLOSE VWAP_Reclaim              XLE short target  net=+26.39
[shares] 15:31 CLOSE PDH_PDL_Breakout          XLK long  stop    net=-6.36
[shares] 15:35 CLOSE TTM_Squeeze               XLY long  bars    net=-8.99
[shares] 15:48 CLOSE ORB_15min                 XLK short stop    net=-25.49
[shares] 15:51 CLOSE Crabel_Stretch            QQQ short stop    net=-46.59
[shares] 15:51 CLOSE ORB_15min                 AAPL short stop    net=-50.72
[shares] 15:51 CLOSE EMA_9_20_Pullback         AAPL short stop    net=-50.72
[shares] 15:56 CLOSE Crabel_Stretch            SPY short eod     net=-16.97
[shares] 15:56 CLOSE Crabel_Stretch            IWM short eod     net=+13.02
[shares] 15:56 CLOSE PDH_PDL_Breakout          IWM short eod     net=+7.74
[shares] 15:56 CLOSE Six_Lines_NoCap           IWM short eod     net=-5.99
[shares] 15:56 CLOSE ORB_5min                  IWM short eod     net=-15.52
[shares] 15:56 CLOSE ORB_15min                 IWM short eod     net=-15.52
[shares] 15:56 CLOSE Crabel_Stretch            DIA short eod     net=-11.25
[shares] 15:56 CLOSE ORB_5min                  DIA short eod     net=-8.73
[shares] 15:56 CLOSE Crabel_Stretch            XLK short eod     net=-57.84
[shares] 15:56 CLOSE PDH_PDL_FailedBreak       XLK short stop    net=-59.44
[shares] 15:56 CLOSE ORB_5min                  XLK short stop    net=-64.25
[shares] 15:56 CLOSE Crabel_Stretch            XLY short eod     net=+5.40
[shares] 15:56 CLOSE ORB_5min                  XLY short eod     net=+0.00
[shares] 15:56 CLOSE ORB_5min                  XLV short eod     net=-28.59
[shares] 15:56 CLOSE Crabel_Stretch            XLP short eod     net=+0.00
[shares] 15:56 CLOSE PDH_PDL_FailedBreak       XLP long  eod     net=-16.86
[shares] 15:56 CLOSE Crabel_Stretch            XLE long  eod     net=-23.29
[shares] 15:56 CLOSE ORB_5min                  XLE long  eod     net=-46.47
[shares] 15:56 CLOSE ORB_15min                 XLF long  eod     net=+16.13
[shares] 15:56 CLOSE ORB_5min                  XLF long  eod     net=+16.13
[shares] 15:56 CLOSE ORB_5min                  NVDA long  eod     net=+92.76
[shares] 15:56 CLOSE Crabel_Stretch            NVDA long  eod     net=+68.04
[shares] 15:56 CLOSE Crabel_Stretch            AAPL short eod     net=-3.27
[shares] 15:56 CLOSE ORB_5min                  AAPL short eod     net=-22.95
[shares] 15:56 CLOSE PDH_PDL_FailedBreak       AAPL short eod     net=-14.89
[shares] 15:56 CLOSE Gap_Fade                  GOOGL short eod     net=+221.64
[shares] 15:56 CLOSE PDH_PDL_FailedBreak       GOOGL short eod     net=+22.90
[shares] 15:56 CLOSE Crabel_Stretch            WMT long  eod     net=-22.38
[shares] 15:56 CLOSE ORB_5min                  WMT long  eod     net=-51.15
[shares] 15:56 CLOSE ORB_15min                 WMT long  eod     net=-51.15
[shares] 15:56 VWAP_Reclaim              WMT short 106.98 x93.5sh spread=0.93bp
[shares] 15:57 CLOSE VWAP_Reclaim              WMT short eod     net=+7.48
[shares] daily: 146 trades, net $-1,280.64
