[replay shares] 2026-09-10 -- config 7c6414fc549315f3 -- history-backed, no outages; NOT the prospective record
[shares] warmup SPY: 24 prior sessions, stretch=1.1837400000000002
[shares] warmup QQQ: 24 prior sessions, stretch=2.100199999999984
[shares] warmup IWM: 24 prior sessions, stretch=0.5385000000000048
[shares] warmup DIA: 24 prior sessions, stretch=0.7159999999999854
[shares] warmup XLK: 24 prior sessions, stretch=0.5905000000000029
[shares] warmup XLY: 24 prior sessions, stretch=0.21999999999999886
[shares] warmup XLI: 24 prior sessions, stretch=0.3595000000000056
[shares] warmup XLV: 24 prior sessions, stretch=0.3750199999999978
[shares] warmup XLP: 24 prior sessions, stretch=0.1964999999999975
[shares] warmup XLE: 24 prior sessions, stretch=0.30369999999999775
[shares] warmup XLF: 24 prior sessions, stretch=0.13149999999999906
[shares] warmup NVDA: 24 prior sessions, stretch=1.3440000000000025
[shares] warmup AAPL: 24 prior sessions, stretch=1.6709400000000016
[shares] warmup GOOGL: 24 prior sessions, stretch=0.9015000000000043
[shares] warmup WMT: 24 prior sessions, stretch=0.4225000000000009
[replay] six-lines SPY: R1=764.47  R2=764.72  R3=767.79  S1=762.49  S2=760.94  S3=757.67
[replay] six-lines QQQ: R1=717.60  R2=719.70  R3=720.78  S1=714.02  S2=713.45  S3=706.50
[replay] six-lines IWM: R1=291.74  R2=294.15  R3=295.56  S1=292.62  S2=290.31  S3=287.83
[replay] six-lines DIA: R1=525.74  R2=526.63  R3=528.50  S1=524.01  S2=523.25  S3=522.18
[replay] six-lines XLK: R1=188.08  R2=188.62  R3=188.83  S1=187.15  S2=186.52  S3=184.63
[replay] six-lines XLY: R1=112.86  R2=113.27  R3=114.50  S1=112.80  S2=112.27  S3=111.50
[replay] six-lines XLI: R1=173.53  R2=174.16  R3=175.21  S1=173.40  S2=171.71  S3=170.48
[replay] six-lines XLV: R1=167.41  R2=167.70  R3=167.90  S1=167.00  S2=166.39  S3=166.34
[replay] six-lines XLP: R1=83.52  R2=84.06  R3=84.25  S1=83.55  S2=83.05  S3=82.85
[replay] six-lines XLE: R1=65.62  R2=65.92  R3=66.41  S1=65.20  S2=65.01  S3=64.70
[replay] six-lines XLF: R1=57.33  R2=57.40  R3=57.53  S1=57.07  S2=56.91  S3=56.73
[replay] six-lines NVDA: R1=225.35  R2=226.18  R3=228.41  S1=223.90  S2=223.46  S3=220.22
[replay] six-lines AAPL: R1=317.98  R2=319.15  R3=320.00  S1=314.71  S2=312.15  S3=309.90
[replay] six-lines GOOGL: R1=331.85  R2=332.60  R3=339.74  S1=329.72  S2=327.90  S3=327.75
[replay] six-lines WMT: R1=106.14  R2=106.79  R3=107.22  S1=105.41  S2=105.36  S3=105.16
[shares] 09:32 Crabel_Stretch            IWM short 287.92 x34.7sh spread=0.69bp
[shares] 09:32 Crabel_Stretch            DIA short 521.47 x19.2sh spread=1.53bp
[shares] 09:32 Crabel_Stretch            XLY short 111.12 x90.0sh spread=4.50bp
[shares] 09:32 Crabel_Stretch            XLE short 65.82 x151.9sh spread=1.52bp
[shares] 09:32 Crabel_Stretch            AAPL long  319.01 x31.3sh spread=1.57bp
[shares] 09:32 Crabel_Stretch            GOOGL long  329.61 x30.3sh spread=4.85bp
[shares] 09:33 VWAP_Reclaim              QQQ short 707.24 x14.1sh spread=0.42bp
[shares] 09:33 VWAP_Reclaim              XLK short 184.71 x54.1sh spread=2.17bp
[shares] 09:33 VWAP_Reclaim              XLP long  83.62 x119.6sh spread=2.39bp
[shares] 09:33 Crabel_Stretch            XLP long  83.62 x119.6sh spread=2.39bp
[shares] 09:33 Crabel_Stretch            XLF long  57.08 x175.2sh spread=1.75bp
[shares] 09:33 VWAP_Reclaim              NVDA short 218.85 x45.7sh spread=2.28bp
[shares] 09:33 Crabel_Stretch            NVDA short 218.85 x45.7sh spread=2.28bp
[shares] 09:34 CLOSE Crabel_Stretch            XLY short stop    net=-50.40
[shares] 09:34 VWAP_Reclaim              XLI short 170.61 x58.6sh spread=2.34bp
[shares] 09:34 Crabel_Stretch            XLV long  166.93 x59.9sh spread=3.59bp
[shares] 09:34 VWAP_Reclaim              AAPL long  319.80 x31.3sh spread=2.19bp
[shares] 09:34 Crabel_Stretch            WMT long  106.80 x93.6sh spread=5.62bp
[shares] 09:35 TTM_Squeeze               SPY short 757.78 x13.2sh spread=0.26bp
[shares] 09:35 TTM_Squeeze               QQQ short 707.77 x14.1sh spread=0.14bp
[shares] 09:35 TTM_Squeeze               DIA short 522.31 x19.1sh spread=1.34bp
[shares] 09:35 TTM_Squeeze               XLK short 184.83 x54.1sh spread=1.62bp
[shares] 09:35 PDH_PDL_Breakout          XLP long  83.71 x119.5sh spread=1.19bp
[shares] 09:35 TTM_Squeeze               NVDA short 218.76 x45.7sh spread=2.74bp
[shares] 09:35 PDH_PDL_Breakout          NVDA short 218.76 x45.7sh spread=2.74bp
[shares] 09:35 PDH_PDL_Breakout          WMT long  107.02 x93.4sh spread=2.80bp
[shares] 09:36 CLOSE VWAP_Reclaim              QQQ short stop    net=-13.15
[shares] 09:36 VWAP_Reclaim              XLF short 56.95 x175.6sh spread=1.76bp
[shares] 09:37 CLOSE TTM_Squeeze               XLK short stop    net=-20.02
[shares] 09:40 PDH_PDL_Breakout          SPY short 758.42 x13.2sh spread=0.26bp
[shares] 09:40 CLOSE TTM_Squeeze               QQQ short stop    net=-28.12
[shares] 09:40 Crabel_Stretch            QQQ long  709.76 x14.1sh spread=0.56bp
[shares] 09:40 PDH_PDL_Breakout          QQQ short 709.72 x14.1sh spread=0.56bp
[shares] 09:40 Six_Lines                 DIA short 521.99 x19.2sh spread=0.96bp
[shares] 09:40 Six_Lines_NoCap           DIA short 521.99 x19.2sh spread=0.96bp
[shares] 09:40 PDH_PDL_Breakout          XLK short 185.67 x53.9sh spread=1.08bp
[shares] 09:40 PDH_PDL_Breakout          XLY short 111.74 x89.5sh spread=1.79bp
[shares] 09:40 Six_Lines                 XLP long  83.55 x119.7sh spread=1.20bp
[shares] 09:40 Six_Lines_NoCap           XLP long  83.55 x119.7sh spread=1.20bp
[shares] 09:40 Six_Lines                 NVDA short 219.02 x45.7sh spread=2.28bp
[shares] 09:40 Six_Lines_NoCap           NVDA short 219.02 x45.7sh spread=2.28bp
[shares] 09:40 Six_Lines                 AAPL long  320.77 x31.2sh spread=3.74bp
[shares] 09:40 Six_Lines_NoCap           AAPL long  320.77 x31.2sh spread=3.74bp
[shares] 09:40 Six_Lines                 WMT long  106.95 x93.5sh spread=2.81bp
[shares] 09:40 Six_Lines_NoCap           WMT long  106.95 x93.5sh spread=2.81bp
[shares] 09:41 CLOSE TTM_Squeeze               SPY short stop    net=-8.97
[shares] 09:41 CLOSE PDH_PDL_Breakout          SPY short stop    net=-0.53
[shares] 09:41 CLOSE PDH_PDL_Breakout          QQQ short stop    net=-3.24
[shares] 09:41 CLOSE VWAP_Reclaim              XLK short stop    net=-61.72
[shares] 09:41 CLOSE PDH_PDL_Breakout          XLK short stop    net=-9.69
[shares] 09:41 Crabel_Stretch            XLK long  185.85 x53.8sh spread=1.61bp
[shares] 09:41 Crabel_Stretch            XLI short 170.43 x58.7sh spread=1.76bp
[shares] 09:42 CLOSE Six_Lines                 NVDA short target  net=+22.83
[shares] 09:42 VWAP_Reclaim              GOOGL short 328.86 x30.4sh spread=1.52bp
[shares] 09:43 CLOSE PDH_PDL_Breakout          XLY short stop    net=-12.53
[shares] 09:43 CLOSE Six_Lines                 XLP long  target  net=+20.35
[shares] 09:43 CLOSE Six_Lines                 WMT long  target  net=+11.22
[shares] 09:44 ORB_5min                  XLP long  83.78 x119.4sh spread=1.19bp
[shares] 09:44 CLOSE VWAP_Reclaim              XLF short stop    net=-19.32
[shares] 09:44 CLOSE VWAP_Reclaim              GOOGL short stop    net=-14.60
[shares] 09:45 Gap_Fade                  QQQ long  708.78 x14.1sh spread=0.28bp
[shares] 09:45 Gap_Fade                  XLK long  185.44 x53.9sh spread=1.08bp
[shares] 09:45 Gap_Fade                  XLY long  111.93 x89.3sh spread=0.89bp
[shares] 09:45 PDH_PDL_FailedBreak       XLV long  166.99 x59.9sh spread=1.80bp
[shares] 09:45 ORB_5min                  XLE short 65.10 x153.6sh spread=1.54bp
[shares] 09:45 TTM_Squeeze               XLE short 65.10 x153.6sh spread=1.54bp
[shares] 09:45 PDH_PDL_FailedBreak       XLE short 65.10 x153.6sh spread=1.54bp
[shares] 09:45 Gap_Fade                  XLE short 65.10 x153.6sh spread=1.54bp
[shares] 09:45 VWAP_Reclaim              GOOGL short 328.75 x30.4sh spread=1.83bp
[shares] 09:45 TTM_Squeeze               GOOGL short 328.75 x30.4sh spread=1.83bp
[shares] 09:45 PDH_PDL_FailedBreak       GOOGL long  328.81 x30.4sh spread=1.82bp
[shares] 09:45 Gap_Fade                  GOOGL long  328.81 x30.4sh spread=1.82bp
[shares] 09:46 CLOSE Gap_Fade                  XLE short target  net=-9.22
[shares] 09:47 ORB_15min                 SPY long  758.76 x13.2sh spread=0.26bp
[shares] 09:47 ORB_5min                  IWM long  288.66 x34.6sh spread=0.35bp
[shares] 09:47 ORB_15min                 XLY long  111.92 x89.3sh spread=0.89bp
[shares] 09:49 ORB_15min                 NVDA short 218.20 x45.8sh spread=0.92bp
[shares] 09:50 Gap_Fade                  SPY long  758.66 x13.2sh spread=0.40bp
[shares] 09:50 ORB_5min                  QQQ long  709.92 x14.1sh spread=0.28bp
[shares] 09:50 ORB_5min                  XLK long  185.87 x53.8sh spread=1.61bp
[shares] 09:50 PDH_PDL_Breakout          XLI short 170.61 x58.6sh spread=1.76bp
[shares] 09:50 ORB_15min                 XLE short 64.95 x154.0sh spread=1.54bp
[shares] 09:50 Six_Lines                 XLE short 64.95 x154.0sh spread=1.54bp
[shares] 09:50 Six_Lines_NoCap           XLE short 64.95 x154.0sh spread=1.54bp
[shares] 09:50 PDH_PDL_Breakout          XLE short 64.95 x154.0sh spread=1.54bp
[shares] 09:51 CLOSE ORB_15min                 SPY long  stop    net=-10.02
[shares] 09:51 CLOSE PDH_PDL_Breakout          XLI short target  net=+4.69
[shares] 09:51 VWAP_Reclaim              WMT long  106.80 x93.6sh spread=2.81bp
[shares] 09:52 CLOSE Gap_Fade                  SPY long  stop    net=-16.48
[shares] 09:52 VWAP_Reclaim              QQQ short 708.13 x14.1sh spread=0.28bp
[shares] 09:52 VWAP_Reclaim              XLK short 185.06 x54.0sh spread=1.62bp
[shares] 09:52 ORB_15min                 XLI short 170.19 x58.8sh spread=1.76bp
[shares] 09:53 ORB_5min                  XLY long  112.05 x89.2sh spread=0.89bp
[shares] 09:53 CLOSE VWAP_Reclaim              WMT long  stop    net=-20.60
[shares] 09:53 VWAP_Reclaim              WMT short 106.58 x93.8sh spread=1.88bp
[shares] 09:55 PDH_PDL_Breakout          IWM short 288.08 x34.7sh spread=0.35bp
[shares] 09:55 PDH_PDL_Breakout          DIA short 521.30 x19.2sh spread=0.77bp
[shares] 09:55 EMA_9_20_Pullback         XLY short 112.05 x89.2sh spread=0.89bp
[shares] 09:55 PDH_PDL_FailedBreak       AAPL short 319.08 x31.3sh spread=2.19bp
[shares] 09:56 CLOSE TTM_Squeeze               DIA short target  net=+22.40
[shares] 09:58 ORB_5min                  XLI short 170.17 x58.8sh spread=1.76bp
[shares] 09:59 Crabel_Stretch            SPY short 756.80 x13.2sh spread=0.13bp
[shares] 09:59 CLOSE Six_Lines                 DIA short target  net=+21.07
[shares] 09:59 ORB_15min                 DIA short 520.84 x19.2sh spread=0.96bp
[shares] 10:00 Six_Lines                 SPY short 756.76 x13.2sh spread=0.26bp
[shares] 10:00 Six_Lines_NoCap           SPY short 756.76 x13.2sh spread=0.26bp
[shares] 10:00 Six_Lines                 XLI short 170.15 x58.8sh spread=2.35bp
[shares] 10:00 Six_Lines_NoCap           XLI short 170.15 x58.8sh spread=2.35bp
[shares] 10:00 CLOSE Six_Lines                 XLE short target  net=+9.24
[shares] 10:00 CLOSE Six_Lines_NoCap           WMT long  trail   net=-16.83
[shares] 10:01 IntradayMomentumBoundary  SPY short 757.02 x13.2sh spread=0.13bp
[shares] 10:01 ORB_5min                  DIA short 520.96 x19.2sh spread=0.96bp
[shares] 10:01 IntradayMomentumBoundary  DIA short 520.96 x19.2sh spread=0.96bp
[shares] 10:01 IntradayMomentumBoundary  XLE short 64.91 x154.1sh spread=1.54bp
[shares] 10:01 IntradayMomentumBoundary  NVDA short 217.47 x46.0sh spread=0.92bp
[shares] 10:02 CLOSE IntradayMomentumBoundary  SPY short trail   net=-7.00
[shares] 10:05 PDH_PDL_Breakout          XLV short 166.22 x60.2sh spread=2.41bp
[shares] 10:05 PDH_PDL_FailedBreak       XLP short 83.37 x119.9sh spread=1.20bp
[shares] 10:06 ORB_15min                 XLF short 56.86 x175.9sh spread=1.76bp
[shares] 10:08 CLOSE Crabel_Stretch            XLV long  stop    net=-41.33
[shares] 10:10 Six_Lines                 IWM short 287.75 x34.8sh spread=0.70bp
[shares] 10:10 Six_Lines_NoCap           IWM short 287.75 x34.8sh spread=0.70bp
[shares] 10:10 Six_Lines                 XLV short 166.02 x60.2sh spread=1.20bp
[shares] 10:10 Six_Lines_NoCap           XLV short 166.02 x60.2sh spread=1.20bp
[shares] 10:10 TTM_Squeeze               XLV short 166.02 x60.2sh spread=1.20bp
[shares] 10:10 CLOSE Six_Lines_NoCap           XLP long  trail   net=-22.74
[shares] 10:10 CLOSE TTM_Squeeze               XLE short target  net=+56.84
[shares] 10:10 Six_Lines                 XLF short 56.82 x176.0sh spread=1.76bp
[shares] 10:10 Six_Lines_NoCap           XLF short 56.82 x176.0sh spread=1.76bp
[shares] 10:11 CLOSE ORB_5min                  IWM long  stop    net=-32.56
[shares] 10:11 ORB_5min                  XLF short 56.80 x176.1sh spread=1.76bp
[shares] 10:15 CLOSE TTM_Squeeze               XLV short stop    net=-27.71
[shares] 10:17 CLOSE IntradayMomentumBoundary  DIA short trail   net=-12.29
[shares] 10:19 CLOSE ORB_15min                 XLI short stop    net=-34.67
[shares] 10:20 CLOSE Six_Lines                 SPY short trail   net=-16.65
[shares] 10:20 CLOSE Six_Lines_NoCap           SPY short trail   net=-16.65
[shares] 10:20 PDH_PDL_FailedBreak       XLY long  112.30 x89.0sh spread=0.89bp
[shares] 10:20 CLOSE Six_Lines                 XLI short trail   net=-41.73
[shares] 10:20 CLOSE Six_Lines_NoCap           XLI short trail   net=-41.73
[shares] 10:20 CLOSE TTM_Squeeze               NVDA short bars    net=+26.06
[shares] 10:20 CLOSE VWAP_Reclaim              GOOGL short stop    net=-40.76
[shares] 10:20 CLOSE TTM_Squeeze               GOOGL short stop    net=-40.76
[shares] 10:21 CLOSE PDH_PDL_Breakout          IWM short stop    net=-18.40
[shares] 10:23 ORB_15min                 IWM long  288.93 x34.6sh spread=0.35bp
[shares] 10:23 CLOSE ORB_15min                 DIA short stop    net=-21.70
[shares] 10:23 CLOSE EMA_9_20_Pullback         XLY short stop    net=-31.24
[shares] 10:23 CLOSE IntradayMomentumBoundary  NVDA short trail   net=-53.80
[shares] 10:25 CLOSE Crabel_Stretch            SPY short stop    net=-34.22
[shares] 10:25 CLOSE VWAP_Reclaim              QQQ short stop    net=-40.53
[shares] 10:25 ORB_15min                 QQQ long  711.00 x14.1sh spread=0.56bp
[shares] 10:25 CLOSE Crabel_Stretch            IWM short stop    net=-55.22
[shares] 10:25 Gap_Fade                  IWM long  289.51 x34.5sh spread=0.69bp
[shares] 10:25 CLOSE Crabel_Stretch            DIA short stop    net=-18.98
[shares] 10:25 CLOSE PDH_PDL_Breakout          DIA short stop    net=-22.25
[shares] 10:25 CLOSE ORB_5min                  DIA short stop    net=-28.79
[shares] 10:25 VWAP_Reclaim              DIA long  522.46 x19.1sh spread=0.96bp
[shares] 10:25 CLOSE VWAP_Reclaim              XLK short stop    net=-41.61
[shares] 10:25 CLOSE Gap_Fade                  XLY long  target  net=+53.60
[shares] 10:25 CLOSE VWAP_Reclaim              XLI short stop    net=-42.20
[shares] 10:25 CLOSE Crabel_Stretch            XLI short stop    net=-52.81
[shares] 10:25 CLOSE ORB_5min                  XLI short stop    net=-68.17
[shares] 10:25 Gap_Fade                  XLI long  171.33 x58.4sh spread=0.58bp
[shares] 10:25 CLOSE PDH_PDL_Breakout          XLV short stop    net=-25.87
[shares] 10:25 VWAP_Reclaim              XLV long  166.65 x60.0sh spread=1.20bp
[shares] 10:25 CLOSE ORB_15min                 XLF short stop    net=-21.10
[shares] 10:26 ORB_15min                 XLK long  185.94 x53.8sh spread=1.61bp
[shares] 10:26 CLOSE PDH_PDL_Breakout          XLE short target  net=+80.06
[shares] 10:27 ORB_15min                 GOOGL long  330.54 x30.3sh spread=1.82bp
[shares] 10:28 CLOSE VWAP_Reclaim              XLV long  stop    net=-19.80
[shares] 10:28 CLOSE PDH_PDL_FailedBreak       GOOGL long  target  net=+65.39
[shares] 10:28 CLOSE Gap_Fade                  GOOGL long  target  net=+65.39
[shares] 10:28 ORB_5min                  GOOGL long  331.01 x30.2sh spread=1.51bp
[shares] 10:30 CLOSE Six_Lines                 IWM short trail   net=-53.52
[shares] 10:30 CLOSE Six_Lines_NoCap           IWM short trail   net=-53.52
[shares] 10:30 MOMO_CHASE                IWM long  289.29 x34.6sh spread=0.69bp
[shares] 10:30 MOMO_CHASE                XLI long  171.42 x58.3sh spread=2.33bp
[shares] 10:30 MOMO_CHASE                GOOGL long  330.76 x30.2sh spread=1.51bp
[shares] 10:31 IntradayMomentumBoundary  AAPL long  319.77 x31.3sh spread=1.88bp
[shares] 10:32 CLOSE IntradayMomentumBoundary  AAPL long  trail   net=-5.32
[shares] 10:33 ORB_5min                  NVDA short 218.19 x45.8sh spread=0.92bp
[shares] 10:35 MOMO_CHASE                XLV short 166.05 x60.2sh spread=0.60bp
[shares] 10:37 CLOSE PDH_PDL_FailedBreak       XLV long  stop    net=-62.88
[shares] 10:40 PDH_PDL_Breakout          AAPL long  319.85 x31.3sh spread=0.94bp
[shares] 10:46 CLOSE VWAP_Reclaim              DIA long  stop    net=-19.91
[shares] 10:46 CLOSE Six_Lines                 XLV short target  net=+17.47
[shares] 10:48 CLOSE VWAP_Reclaim              XLP long  stop    net=-44.25
[shares] 10:48 CLOSE PDH_PDL_Breakout          XLP long  stop    net=-54.95
[shares] 10:48 CLOSE ORB_5min                  XLP long  stop    net=-63.26
[shares] 10:50 EMA_9_20_Pullback         XLY long  112.45 x88.9sh spread=0.89bp
[shares] 10:53 CLOSE Six_Lines                 AAPL long  target  net=+17.46
[shares] 10:53 ORB_5min                  AAPL long  321.38 x31.1sh spread=1.56bp
[shares] 10:55 CLOSE MOMO_CHASE                IWM long  time    net=-7.95
[shares] 10:55 CLOSE MOMO_CHASE                XLI long  time    net=-16.92
[shares] 10:55 CLOSE PDH_PDL_Breakout          AAPL long  target  net=+63.47
[shares] 10:55 MOMO_CHASE                AAPL long  321.89 x31.1sh spread=0.31bp
[shares] 10:55 CLOSE MOMO_CHASE                GOOGL long  time    net=+7.86
[shares] 10:55 CLOSE VWAP_Reclaim              WMT short target  net=+35.65
[shares] 10:58 ORB_5min                  XLV short 165.71 x60.3sh spread=1.21bp
[shares] 11:00 CLOSE MOMO_CHASE                XLV short time    net=+20.48
[shares] 11:00 CLOSE PDH_PDL_FailedBreak       AAPL short stop    net=-124.11
[shares] 11:01 IntradayMomentumBoundary  XLV short 165.62 x60.4sh spread=1.81bp
[shares] 11:01 IntradayMomentumBoundary  NVDA short 218.24 x45.8sh spread=0.92bp
[shares] 11:01 IntradayMomentumBoundary  AAPL long  322.90 x31.0sh spread=0.62bp
[shares] 11:02 CLOSE EMA_9_20_Pullback         XLY long  stop    net=-10.67
[shares] 11:05 PDH_PDL_FailedBreak       WMT short 106.10 x94.3sh spread=1.89bp
[shares] 11:06 CLOSE IntradayMomentumBoundary  NVDA short trail   net=-9.62
[shares] 11:10 CLOSE IntradayMomentumBoundary  XLV short trail   net=-9.66
[shares] 11:10 CLOSE Six_Lines                 XLF short trail   net=-19.36
[shares] 11:10 CLOSE Six_Lines_NoCap           XLF short trail   net=-19.36
[shares] 11:12 CLOSE PDH_PDL_Breakout          WMT long  stop    net=-102.78
[shares] 11:20 CLOSE MOMO_CHASE                AAPL long  time    net=-5.28
[shares] 11:30 MOMO_CHASE                AAPL long  323.69 x30.9sh spread=1.24bp
[shares] 11:34 CLOSE IntradayMomentumBoundary  XLE short trail   net=-13.87
[shares] 11:49 CLOSE IntradayMomentumBoundary  AAPL long  trail   net=-80.52
[shares] 11:55 CLOSE MOMO_CHASE                AAPL long  time    net=-118.63
[shares] 11:55 MOMO_CHASE                AAPL short 319.85 x31.3sh spread=1.88bp
[shares] 11:56 CLOSE ORB_15min                 IWM long  stop    net=-22.84
[shares] 12:00 MOMO_CHASE                DIA short 520.98 x19.2sh spread=0.58bp
[shares] 12:15 TTM_Squeeze               DIA short 520.68 x19.2sh spread=0.58bp
[shares] 12:20 TTM_Squeeze               XLK short 185.43 x53.9sh spread=1.08bp
[shares] 12:20 CLOSE MOMO_CHASE                AAPL short time    net=-17.20
[shares] 12:25 TTM_Squeeze               SPY short 758.05 x13.2sh spread=0.26bp
[shares] 12:25 TTM_Squeeze               QQQ short 709.76 x14.1sh spread=0.28bp
[shares] 12:25 CLOSE MOMO_CHASE                DIA short time    net=+3.26
[shares] 12:30 MOMO_CHASE                NVDA short 217.74 x45.9sh spread=0.46bp
[shares] 12:31 IntradayMomentumBoundary  AAPL long  321.80 x31.1sh spread=1.24bp
[shares] 12:35 MOMO_CHASE                IWM short 287.89 x34.7sh spread=0.35bp
[shares] 12:35 MOMO_CHASE                DIA short 520.38 x19.2sh spread=0.58bp
[shares] 12:36 CLOSE ORB_15min                 XLK long  stop    net=-37.11
[shares] 12:45 CLOSE VWAP_Reclaim              AAPL long  target  net=+145.72
[shares] 12:46 CLOSE TTM_Squeeze               SPY short stop    net=-13.32
[shares] 12:47 CLOSE TTM_Squeeze               QQQ short stop    net=-19.16
[shares] 12:50 TTM_Squeeze               GOOGL long  331.62 x30.2sh spread=2.11bp
[shares] 12:55 CLOSE TTM_Squeeze               XLK short stop    net=-30.20
[shares] 12:55 TTM_Squeeze               XLF short 56.86 x175.9sh spread=1.76bp
[shares] 12:55 CLOSE MOMO_CHASE                NVDA short time    net=-43.63
[shares] 12:55 PDH_PDL_FailedBreak       GOOGL short 331.45 x30.2sh spread=1.51bp
[shares] 13:00 CLOSE MOMO_CHASE                IWM short time    net=-14.24
[shares] 13:00 CLOSE TTM_Squeeze               DIA short bars    net=-13.44
[shares] 13:00 CLOSE MOMO_CHASE                DIA short time    net=-19.22
[shares] 13:00 CLOSE PDH_PDL_FailedBreak       GOOGL short stop    net=-13.88
[shares] 13:00 Six_Lines                 GOOGL long  331.91 x30.1sh spread=2.11bp
[shares] 13:00 Six_Lines_NoCap           GOOGL long  331.91 x30.1sh spread=2.11bp
[shares] 13:20 CLOSE Six_Lines_NoCap           XLE short trail   net=-46.19
[shares] 13:25 MOMO_CHASE                GOOGL long  332.02 x30.1sh spread=1.51bp
[shares] 13:30 MOMO_CHASE                XLI short 170.09 x58.8sh spread=0.59bp
[shares] 13:30 TTM_Squeeze               XLP short 83.25 x120.1sh spread=1.20bp
[shares] 13:30 CLOSE Six_Lines                 GOOGL long  trail   net=-4.82
[shares] 13:30 CLOSE Six_Lines_NoCap           GOOGL long  trail   net=-4.82
[shares] 13:31 IntradayMomentumBoundary  DIA short 520.64 x19.2sh spread=0.77bp
[shares] 13:31 IntradayMomentumBoundary  XLV short 165.77 x60.3sh spread=1.81bp
[shares] 13:33 CLOSE Gap_Fade                  XLI long  stop    net=-74.13
[shares] 13:35 CLOSE IntradayMomentumBoundary  XLV short trail   net=-6.64
[shares] 13:35 CLOSE TTM_Squeeze               GOOGL long  bars    net=-5.13
[shares] 13:40 TTM_Squeeze               XLY short 112.12 x89.2sh spread=0.89bp
[shares] 13:40 CLOSE TTM_Squeeze               XLF short bars    net=+10.55
[shares] 13:44 CLOSE Crabel_Stretch            XLF long  stop    net=-54.31
[shares] 13:45 PDH_PDL_Breakout          GOOGL long  332.00 x30.1sh spread=0.90bp
[shares] 13:45 MOMO_CHASE                WMT short 105.85 x94.5sh spread=1.89bp
[shares] 13:50 CLOSE MOMO_CHASE                GOOGL long  time    net=-6.93
[shares] 13:55 CLOSE MOMO_CHASE                XLI short time    net=-13.52
[shares] 14:03 CLOSE Gap_Fade                  IWM long  stop    net=-63.90
[shares] 14:05 TTM_Squeeze               IWM short 287.57 x34.8sh spread=0.35bp
[shares] 14:10 MOMO_CHASE                IWM short 287.40 x34.8sh spread=0.70bp
[shares] 14:10 TTM_Squeeze               XLF short 56.76 x176.2sh spread=1.76bp
[shares] 14:10 CLOSE MOMO_CHASE                WMT short time    net=-9.45
[shares] 14:15 CLOSE TTM_Squeeze               XLP short bars    net=+2.40
[shares] 14:25 CLOSE TTM_Squeeze               XLY short bars    net=-0.89
[shares] 14:35 CLOSE MOMO_CHASE                IWM short time    net=-1.74
[shares] 14:40 PDH_PDL_FailedBreak       XLF long  56.78 x176.1sh spread=1.76bp
[shares] 14:47 CLOSE Crabel_Stretch            XLP long  stop    net=-55.01
[shares] 14:50 CLOSE TTM_Squeeze               IWM short bars    net=+2.78
[shares] 14:50 TTM_Squeeze               XLE short 65.05 x153.7sh spread=1.54bp
[shares] 14:52 VWAP_Reclaim              XLE short 64.98 x153.9sh spread=1.54bp
[shares] 14:54 CLOSE Crabel_Stretch            WMT long  stop    net=-103.93
[shares] 14:55 CLOSE TTM_Squeeze               XLF short bars    net=+1.76
[shares] 14:55 TTM_Squeeze               WMT short 105.69 x94.6sh spread=0.95bp
[shares] 15:00 CLOSE VWAP_Reclaim              XLE short stop    net=-21.55
[shares] 15:01 IntradayMomentumBoundary  XLV short 165.58 x60.4sh spread=1.21bp
[shares] 15:01 CLOSE PDH_PDL_FailedBreak       XLF long  stop    net=-10.57
[shares] 15:03 CLOSE TTM_Squeeze               XLE short stop    net=-21.52
[shares] 15:07 CLOSE IntradayMomentumBoundary  XLV short trail   net=-11.47
[shares] 15:31 IntradayMomentumBoundary  XLV short 165.67 x60.4sh spread=0.60bp
[shares] 15:33 CLOSE IntradayMomentumBoundary  XLV short trail   net=-6.04
[shares] 15:40 CLOSE PDH_PDL_Breakout          GOOGL long  target  net=+27.41
[shares] 15:40 CLOSE TTM_Squeeze               WMT short bars    net=-8.52
[shares] 15:53 CLOSE ORB_15min                 QQQ long  stop    net=-36.01
[shares] 15:56 CLOSE Crabel_Stretch            QQQ long  eod     net=-15.64
[shares] 15:56 CLOSE Gap_Fade                  QQQ long  eod     net=-1.83
[shares] 15:56 CLOSE ORB_5min                  QQQ long  eod     net=-17.89
[shares] 15:56 CLOSE Six_Lines_NoCap           DIA short eod     net=+24.33
[shares] 15:56 CLOSE IntradayMomentumBoundary  DIA short eod     net=-1.54
[shares] 15:56 CLOSE Crabel_Stretch            XLK long  eod     net=-29.59
[shares] 15:56 CLOSE Gap_Fade                  XLK long  eod     net=-7.55
[shares] 15:56 CLOSE ORB_5min                  XLK long  eod     net=-30.67
[shares] 15:56 CLOSE ORB_15min                 XLY long  eod     net=-5.36
[shares] 15:56 CLOSE ORB_5min                  XLY long  eod     net=-16.96
[shares] 15:56 CLOSE PDH_PDL_FailedBreak       XLY long  eod     net=-39.18
[shares] 15:56 CLOSE Six_Lines_NoCap           XLV short eod     net=+19.27
[shares] 15:56 CLOSE ORB_5min                  XLV short eod     net=+0.60
[shares] 15:56 CLOSE PDH_PDL_FailedBreak       XLP short eod     net=+32.39
[shares] 15:56 CLOSE Crabel_Stretch            XLE short eod     net=+123.06
[shares] 15:56 CLOSE ORB_5min                  XLE short eod     net=+13.82
[shares] 15:56 CLOSE PDH_PDL_FailedBreak       XLE short eod     net=+13.82
[shares] 15:56 CLOSE ORB_15min                 XLE short eod     net=-9.24
[shares] 15:56 CLOSE ORB_5min                  XLF short eod     net=-14.08
[shares] 15:56 CLOSE VWAP_Reclaim              NVDA short eod     net=+15.08
[shares] 15:56 CLOSE Crabel_Stretch            NVDA short eod     net=+15.08
[shares] 15:56 CLOSE PDH_PDL_Breakout          NVDA short eod     net=+10.97
[shares] 15:56 CLOSE Six_Lines_NoCap           NVDA short eod     net=+22.83
[shares] 15:56 CLOSE ORB_15min                 NVDA short eod     net=-14.67
[shares] 15:56 CLOSE ORB_5min                  NVDA short eod     net=-15.12
[shares] 15:56 CLOSE Crabel_Stretch            AAPL long  eod     net=+221.31
[shares] 15:56 CLOSE Six_Lines_NoCap           AAPL long  eod     net=+165.23
[shares] 15:56 CLOSE ORB_5min                  AAPL long  eod     net=+145.93
[shares] 15:56 CLOSE IntradayMomentumBoundary  AAPL long  eod     net=+132.69
[shares] 15:56 CLOSE Crabel_Stretch            GOOGL long  eod     net=+92.84
[shares] 15:56 CLOSE ORB_15min                 GOOGL long  eod     net=+64.44
[shares] 15:56 CLOSE ORB_5min                  GOOGL long  eod     net=+50.15
[shares] 15:56 CLOSE PDH_PDL_FailedBreak       WMT short eod     net=+34.87
[shares] daily: 160 trades, net $-1,201.52
