[replay shares] 2026-09-11 -- config 7c6414fc549315f3 -- history-backed, no outages; NOT the prospective record
[shares] warmup SPY: 24 prior sessions, stretch=1.242739999999992
[shares] warmup QQQ: 24 prior sessions, stretch=2.1256999999999833
[shares] warmup IWM: 24 prior sessions, stretch=0.6175000000000068
[shares] warmup DIA: 24 prior sessions, stretch=0.7279999999999859
[shares] warmup XLK: 24 prior sessions, stretch=0.6580000000000041
[shares] warmup XLY: 24 prior sessions, stretch=0.25199999999999817
[shares] warmup XLI: 24 prior sessions, stretch=0.44250000000000683
[shares] warmup XLV: 24 prior sessions, stretch=0.38151999999999475
[shares] warmup XLP: 24 prior sessions, stretch=0.22099999999999795
[shares] warmup XLE: 24 prior sessions, stretch=0.29469999999999813
[shares] warmup XLF: 24 prior sessions, stretch=0.1384999999999991
[shares] warmup NVDA: 24 prior sessions, stretch=1.2945000000000022
[shares] warmup AAPL: 24 prior sessions, stretch=1.5369500000000016
[shares] warmup GOOGL: 24 prior sessions, stretch=0.9240000000000066
[shares] warmup WMT: 24 prior sessions, stretch=0.4225000000000009
[replay] six-lines SPY: R1=760.11  R2=764.72  R3=766.56  S1=757.83  S2=757.67  S3=756.64
[replay] six-lines QQQ: R1=712.06  R2=717.60  R3=717.69  S1=706.86  S2=706.56  S3=706.50
[replay] six-lines IWM: R1=289.83  R2=291.33  R3=291.74  S1=287.83  S2=287.45  S3=287.18
[replay] six-lines DIA: R1=523.02  R2=526.63  R3=526.72  S1=522.18  S2=520.75  S3=519.80
[replay] six-lines XLK: R1=186.52  R2=187.97  R3=188.08  S1=184.63  S2=184.61  S3=184.56
[replay] six-lines XLY: R1=112.65  R2=112.86  R3=113.26  S1=111.87  S2=111.50  S3=111.02
[replay] six-lines XLI: R1=171.68  R2=173.17  R3=173.53  S1=170.48  S2=170.23  S3=170.00
[replay] six-lines XLV: R1=167.07  R2=167.11  R3=167.70  S1=166.34  S2=165.66  S3=165.58
[replay] six-lines XLP: R1=83.74  R2=83.81  R3=84.25  S1=83.09  S2=83.06  S3=83.05
[replay] six-lines XLE: R1=65.33  R2=66.17  R3=66.41  S1=65.20  S2=64.35  S3=64.34
[replay] six-lines XLF: R1=57.11  R2=57.40  R3=57.59  S1=56.91  S2=56.80  S3=56.69
[replay] six-lines NVDA: R1=220.99  R2=221.89  R3=225.35  S1=220.22  S2=217.79  S3=217.20
[replay] six-lines AAPL: R1=320.00  R2=326.74  R3=327.77  S1=319.48  S2=316.51  S3=312.15
[replay] six-lines GOOGL: R1=332.60  R2=333.23  R3=335.63  S1=331.03  S2=327.75  S3=327.74
[replay] six-lines WMT: R1=106.56  R2=106.79  R3=107.16  S1=105.73  S2=105.59  S3=105.36
[shares] 09:32 Crabel_Stretch            DIA long  526.32 x19.0sh spread=1.52bp
[shares] 09:32 Crabel_Stretch            XLE long  65.19 x153.4sh spread=3.07bp
[shares] 09:32 Crabel_Stretch            NVDA short 219.32 x45.6sh spread=3.65bp
[shares] 09:32 Crabel_Stretch            GOOGL long  337.44 x29.6sh spread=6.22bp
[shares] 09:33 VWAP_Reclaim              XLV long  166.84 x59.9sh spread=3.00bp
[shares] 09:33 VWAP_Reclaim              XLF long  57.57 x173.7sh spread=1.74bp
[shares] 09:34 VWAP_Reclaim              QQQ long  715.39 x14.0sh spread=0.56bp
[shares] 09:34 VWAP_Reclaim              XLK long  187.36 x53.4sh spread=2.67bp
[shares] 09:34 Crabel_Stretch            AAPL long  330.78 x30.2sh spread=2.42bp
[shares] 09:35 TTM_Squeeze               SPY long  765.77 x13.1sh spread=0.13bp
[shares] 09:35 PDH_PDL_Breakout          SPY long  765.77 x13.1sh spread=0.13bp
[shares] 09:35 TTM_Squeeze               QQQ long  715.69 x14.0sh spread=0.56bp
[shares] 09:35 VWAP_Reclaim              IWM long  291.23 x34.3sh spread=0.69bp
[shares] 09:35 PDH_PDL_Breakout          IWM long  291.23 x34.3sh spread=0.69bp
[shares] 09:35 PDH_PDL_Breakout          DIA long  526.96 x19.0sh spread=1.14bp
[shares] 09:35 TTM_Squeeze               XLK long  187.39 x53.4sh spread=2.67bp
[shares] 09:35 TTM_Squeeze               XLV long  166.93 x59.9sh spread=1.80bp
[shares] 09:35 PDH_PDL_Breakout          AAPL long  332.00 x30.1sh spread=1.20bp
[shares] 09:35 PDH_PDL_Breakout          GOOGL long  340.24 x29.4sh spread=2.35bp
[shares] 09:36 VWAP_Reclaim              XLI long  172.69 x57.9sh spread=1.74bp
[shares] 09:36 VWAP_Reclaim              WMT long  106.30 x94.1sh spread=3.76bp
[shares] 09:37 ORB_5min                  DIA long  527.27 x19.0sh spread=0.76bp
[shares] 09:37 VWAP_Reclaim              XLY long  113.09 x88.4sh spread=0.88bp
[shares] 09:39 CLOSE VWAP_Reclaim              XLF long  stop    net=-39.95
[shares] 09:40 Six_Lines                 DIA long  526.96 x19.0sh spread=0.76bp
[shares] 09:40 Six_Lines_NoCap           DIA long  526.96 x19.0sh spread=0.76bp
[shares] 09:40 PDH_PDL_Breakout          XLI long  172.68 x57.9sh spread=2.90bp
[shares] 09:40 CLOSE TTM_Squeeze               XLV long  stop    net=-33.55
[shares] 09:40 Crabel_Stretch            XLV short 166.37 x60.1sh spread=3.61bp
[shares] 09:40 PDH_PDL_Breakout          XLF long  57.34 x174.4sh spread=1.74bp
[shares] 09:40 Six_Lines                 NVDA short 219.61 x45.5sh spread=0.91bp
[shares] 09:40 Six_Lines_NoCap           NVDA short 219.61 x45.5sh spread=0.91bp
[shares] 09:40 Six_Lines                 AAPL long  334.19 x29.9sh spread=2.09bp
[shares] 09:40 Six_Lines_NoCap           AAPL long  334.19 x29.9sh spread=2.09bp
[shares] 09:40 Six_Lines                 GOOGL long  338.12 x29.6sh spread=1.77bp
[shares] 09:40 Six_Lines_NoCap           GOOGL long  338.12 x29.6sh spread=1.77bp
[shares] 09:41 CLOSE TTM_Squeeze               QQQ long  stop    net=-9.36
[shares] 09:41 CLOSE VWAP_Reclaim              XLV long  stop    net=-43.16
[shares] 09:41 CLOSE PDH_PDL_Breakout          XLF long  target  net=-3.49
[shares] 09:42 Crabel_Stretch            XLF short 57.27 x174.6sh spread=1.75bp
[shares] 09:43 CLOSE VWAP_Reclaim              IWM long  stop    net=-25.41
[shares] 09:43 CLOSE PDH_PDL_Breakout          IWM long  stop    net=-25.41
[shares] 09:43 VWAP_Reclaim              XLE long  65.11 x153.6sh spread=1.54bp
[shares] 09:44 Crabel_Stretch            XLP short 83.28 x120.1sh spread=1.20bp
[shares] 09:44 CLOSE Six_Lines                 GOOGL long  target  net=+17.45
[shares] 09:44 VWAP_Reclaim              GOOGL long  338.81 x29.5sh spread=2.95bp
[shares] 09:45 Gap_Fade                  IWM short 290.43 x34.4sh spread=0.34bp
[shares] 09:45 ORB_5min                  XLK long  187.88 x53.2sh spread=1.60bp
[shares] 09:45 PDH_PDL_FailedBreak       XLV short 165.99 x60.2sh spread=1.81bp
[shares] 09:45 Gap_Fade                  XLV short 165.99 x60.2sh spread=1.81bp
[shares] 09:45 Gap_Fade                  XLF short 57.17 x174.9sh spread=1.75bp
[shares] 09:45 PDH_PDL_FailedBreak       NVDA short 220.06 x45.4sh spread=1.82bp
[shares] 09:45 Gap_Fade                  NVDA short 220.06 x45.4sh spread=1.82bp
[shares] 09:46 Crabel_Stretch            IWM short 290.00 x34.5sh spread=0.69bp
[shares] 09:46 CLOSE VWAP_Reclaim              XLY long  stop    net=-34.49
[shares] 09:46 CLOSE PDH_PDL_Breakout          XLI long  stop    net=-15.64
[shares] 09:47 ORB_5min                  QQQ long  716.20 x14.0sh spread=0.70bp
[shares] 09:47 ORB_15min                 QQQ long  716.20 x14.0sh spread=0.70bp
[shares] 09:47 ORB_5min                  IWM short 290.23 x34.5sh spread=0.34bp
[shares] 09:47 ORB_15min                 IWM short 290.23 x34.5sh spread=0.34bp
[shares] 09:47 CLOSE VWAP_Reclaim              XLK long  target  net=+33.09
[shares] 09:47 ORB_15min                 XLK long  188.00 x53.2sh spread=1.06bp
[shares] 09:47 ORB_5min                  XLY short 112.73 x88.7sh spread=1.77bp
[shares] 09:47 ORB_15min                 XLY short 112.73 x88.7sh spread=1.77bp
[shares] 09:47 ORB_5min                  XLP short 83.33 x120.0sh spread=1.20bp
[shares] 09:47 ORB_5min                  XLF short 57.14 x175.0sh spread=1.75bp
[shares] 09:47 ORB_15min                 XLF short 57.14 x175.0sh spread=1.75bp
[shares] 09:48 ORB_5min                  XLV short 166.07 x60.2sh spread=1.81bp
[shares] 09:50 Crabel_Stretch            XLK long  188.05 x53.2sh spread=1.60bp
[shares] 09:50 Six_Lines                 XLK long  188.05 x53.2sh spread=1.60bp
[shares] 09:50 Six_Lines_NoCap           XLK long  188.05 x53.2sh spread=1.60bp
[shares] 09:50 Six_Lines                 XLV short 166.08 x60.2sh spread=2.41bp
[shares] 09:50 Six_Lines_NoCap           XLV short 166.08 x60.2sh spread=2.41bp
[shares] 09:50 PDH_PDL_FailedBreak       XLF short 57.00 x175.4sh spread=1.75bp
[shares] 09:51 ORB_15min                 XLE long  65.28 x153.2sh spread=1.53bp
[shares] 09:53 CLOSE ORB_15min                 QQQ long  stop    net=-15.64
[shares] 09:54 VWAP_Reclaim              AAPL long  331.95 x30.1sh spread=1.21bp
[shares] 09:55 PDH_PDL_FailedBreak       IWM short 289.80 x34.5sh spread=0.35bp
[shares] 09:55 PDH_PDL_FailedBreak       XLY short 112.64 x88.8sh spread=0.89bp
[shares] 09:55 Gap_Fade                  XLY short 112.64 x88.8sh spread=0.89bp
[shares] 09:55 CLOSE VWAP_Reclaim              XLE long  target  net=+62.97
[shares] 09:55 TTM_Squeeze               XLE long  65.53 x152.6sh spread=1.53bp
[shares] 09:55 PDH_PDL_Breakout          NVDA long  221.18 x45.2sh spread=1.81bp
[shares] 09:55 EMA_9_20_Pullback         WMT long  106.22 x94.1sh spread=1.88bp
[shares] 09:56 CLOSE PDH_PDL_FailedBreak       NVDA short stop    net=-61.35
[shares] 09:56 CLOSE Gap_Fade                  NVDA short stop    net=-61.35
[shares] 09:56 ORB_5min                  NVDA long  221.41 x45.2sh spread=0.90bp
[shares] 09:56 ORB_15min                 NVDA long  221.41 x45.2sh spread=0.90bp
[shares] 09:57 VWAP_Reclaim              DIA long  526.61 x19.0sh spread=0.95bp
[shares] 10:00 ORB_5min                  SPY long  766.31 x13.0sh spread=0.39bp
[shares] 10:00 ORB_15min                 SPY long  766.31 x13.0sh spread=0.39bp
[shares] 10:00 Crabel_Stretch            SPY long  766.31 x13.0sh spread=0.39bp
[shares] 10:00 PDH_PDL_Breakout          QQQ long  717.04 x13.9sh spread=3.21bp
[shares] 10:00 CLOSE TTM_Squeeze               XLK long  target  net=+51.76
[shares] 10:00 CLOSE Six_Lines                 XLK long  target  net=+16.48
[shares] 10:00 PDH_PDL_Breakout          XLK long  188.41 x53.1sh spread=2.65bp
[shares] 10:00 PDH_PDL_Breakout          XLY long  112.92 x88.6sh spread=2.66bp
[shares] 10:00 Six_Lines                 XLE long  65.59 x152.5sh spread=1.52bp
[shares] 10:00 Six_Lines_NoCap           XLE long  65.59 x152.5sh spread=1.52bp
[shares] 10:00 CLOSE Six_Lines                 NVDA short trail   net=-91.53
[shares] 10:00 CLOSE Six_Lines_NoCap           NVDA short trail   net=-91.53
[shares] 10:01 IntradayMomentumBoundary  SPY long  765.88 x13.1sh spread=0.26bp
[shares] 10:01 IntradayMomentumBoundary  DIA long  526.49 x19.0sh spread=0.76bp
[shares] 10:01 IntradayMomentumBoundary  XLK long  188.21 x53.1sh spread=1.59bp
[shares] 10:01 ORB_5min                  XLE long  65.59 x152.5sh spread=1.52bp
[shares] 10:01 IntradayMomentumBoundary  XLE long  65.59 x152.5sh spread=1.52bp
[shares] 10:01 IntradayMomentumBoundary  AAPL long  332.34 x30.1sh spread=1.81bp
[shares] 10:01 IntradayMomentumBoundary  GOOGL long  338.33 x29.6sh spread=2.66bp
[shares] 10:02 CLOSE IntradayMomentumBoundary  XLK long  trail   net=-11.16
[shares] 10:02 CLOSE VWAP_Reclaim              XLI long  stop    net=-26.64
[shares] 10:03 ORB_15min                 XLP short 83.20 x120.2sh spread=1.20bp
[shares] 10:03 CLOSE ORB_15min                 XLE long  target  net=+61.27
[shares] 10:03 CLOSE Six_Lines                 XLE long  target  net=+13.72
[shares] 10:04 CLOSE PDH_PDL_Breakout          QQQ long  stop    net=-22.31
[shares] 10:04 CLOSE PDH_PDL_Breakout          XLK long  stop    net=-27.60
[shares] 10:05 CLOSE IntradayMomentumBoundary  SPY long  trail   net=-5.75
[shares] 10:05 Gap_Fade                  QQQ short 714.99 x14.0sh spread=0.42bp
[shares] 10:05 Gap_Fade                  XLI short 172.31 x58.0sh spread=1.16bp
[shares] 10:05 CLOSE Six_Lines                 XLV short target  net=+18.67
[shares] 10:05 ORB_15min                 XLV short 165.74 x60.3sh spread=1.81bp
[shares] 10:06 CLOSE IntradayMomentumBoundary  DIA long  trail   net=-3.42
[shares] 10:06 ORB_15min                 XLI short 172.09 x58.1sh spread=1.74bp
[shares] 10:06 CLOSE VWAP_Reclaim              WMT long  stop    net=-28.22
[shares] 10:07 CLOSE ORB_15min                 SPY long  stop    net=-16.44
[shares] 10:07 VWAP_Reclaim              XLK short 187.54 x53.3sh spread=1.07bp
[shares] 10:07 CLOSE Gap_Fade                  XLV short target  net=+13.25
[shares] 10:07 CLOSE EMA_9_20_Pullback         WMT long  stop    net=-18.83
[shares] 10:08 ORB_15min                 WMT short 105.98 x94.4sh spread=1.89bp
[shares] 10:10 EMA_9_20_Pullback         QQQ long  715.05 x14.0sh spread=0.42bp
[shares] 10:10 CLOSE Six_Lines_NoCap           XLK long  trail   net=-17.02
[shares] 10:10 ORB_5min                  WMT short 105.72 x94.6sh spread=1.89bp
[shares] 10:10 Crabel_Stretch            WMT short 105.72 x94.6sh spread=1.89bp
[shares] 10:14 CLOSE ORB_15min                 XLI short stop    net=-27.89
[shares] 10:15 CLOSE IntradayMomentumBoundary  AAPL long  trail   net=-19.26
[shares] 10:16 CLOSE PDH_PDL_Breakout          XLY long  stop    net=-22.14
[shares] 10:16 CLOSE TTM_Squeeze               XLE long  stop    net=-35.10
[shares] 10:18 CLOSE ORB_15min                 WMT short stop    net=-25.48
[shares] 10:19 CLOSE ORB_15min                 XLP short stop    net=-31.25
[shares] 10:20 CLOSE TTM_Squeeze               SPY long  bars    net=-0.91
[shares] 10:20 CLOSE Six_Lines                 DIA long  trail   net=-13.09
[shares] 10:20 CLOSE Six_Lines_NoCap           DIA long  trail   net=-13.09
[shares] 10:20 EMA_9_20_Pullback         XLK long  187.97 x53.2sh spread=1.06bp
[shares] 10:20 CLOSE Six_Lines_NoCap           XLE long  trail   net=-60.98
[shares] 10:20 CLOSE IntradayMomentumBoundary  XLE long  trail   net=-60.98
[shares] 10:20 VWAP_Reclaim              XLE short 65.19 x153.4sh spread=1.53bp
[shares] 10:20 EMA_9_20_Pullback         NVDA long  221.28 x45.2sh spread=1.81bp
[shares] 10:22 ORB_5min                  AAPL long  332.80 x30.0sh spread=1.20bp
[shares] 10:24 CLOSE VWAP_Reclaim              AAPL long  target  net=+45.19
[shares] 10:26 CLOSE VWAP_Reclaim              XLK short stop    net=-39.46
[shares] 10:26 Crabel_Stretch            XLY short 112.59 x88.8sh spread=0.89bp
[shares] 10:29 ORB_15min                 AAPL long  334.37 x29.9sh spread=1.20bp
[shares] 10:30 MOMO_CHASE                QQQ long  716.48 x14.0sh spread=0.42bp
[shares] 10:30 CLOSE VWAP_Reclaim              DIA long  stop    net=-19.56
[shares] 10:30 MOMO_CHASE                XLK long  188.32 x53.1sh spread=0.53bp
[shares] 10:30 MOMO_CHASE                AAPL long  334.10 x29.9sh spread=0.90bp
[shares] 10:30 MOMO_CHASE                GOOGL long  340.08 x29.4sh spread=1.47bp
[shares] 10:31 IntradayMomentumBoundary  XLK long  188.25 x53.1sh spread=1.06bp
[shares] 10:31 IntradayMomentumBoundary  AAPL long  333.53 x30.0sh spread=1.20bp
[shares] 10:32 CLOSE IntradayMomentumBoundary  XLK long  trail   net=-11.69
[shares] 10:34 CLOSE PDH_PDL_Breakout          DIA long  stop    net=-33.21
[shares] 10:34 CLOSE ORB_5min                  DIA long  stop    net=-39.07
[shares] 10:35 Gap_Fade                  DIA short 524.97 x19.0sh spread=0.76bp
[shares] 10:35 PDH_PDL_Breakout          XLV short 165.50 x60.4sh spread=0.60bp
[shares] 10:35 VWAP_Reclaim              XLP short 83.30 x120.0sh spread=1.20bp
[shares] 10:35 CLOSE ORB_15min                 NVDA long  stop    net=-57.36
[shares] 10:36 CLOSE EMA_9_20_Pullback         NVDA long  stop    net=-55.13
[shares] 10:37 Crabel_Stretch            XLI short 171.99 x58.1sh spread=1.16bp
[shares] 10:39 CLOSE PDH_PDL_Breakout          SPY long  stop    net=-20.37
[shares] 10:39 CLOSE ORB_5min                  SPY long  stop    net=-27.40
[shares] 10:39 CLOSE ORB_15min                 IWM short target  net=+47.89
[shares] 10:39 CLOSE Crabel_Stretch            DIA long  stop    net=-31.73
[shares] 10:40 Gap_Fade                  SPY short 764.29 x13.1sh spread=0.13bp
[shares] 10:41 CLOSE Six_Lines                 AAPL long  target  net=+15.26
[shares] 10:45 CLOSE PDH_PDL_Breakout          NVDA long  stop    net=-63.75
[shares] 10:48 CLOSE VWAP_Reclaim              QQQ long  stop    net=-21.39
[shares] 10:48 CLOSE ORB_5min                  QQQ long  stop    net=-32.67
[shares] 10:49 ORB_5min                  XLI short 172.14 x58.1sh spread=0.58bp
[shares] 10:49 CLOSE ORB_5min                  XLE long  stop    net=-112.82
[shares] 10:49 CLOSE VWAP_Reclaim              XLE short target  net=+50.62
[shares] 10:50 MOMO_CHASE                XLE short 64.72 x154.5sh spread=1.55bp
[shares] 10:50 EMA_9_20_Pullback         GOOGL long  340.23 x29.4sh spread=2.06bp
[shares] 10:55 CLOSE MOMO_CHASE                QQQ long  time    net=-28.05
[shares] 10:55 CLOSE MOMO_CHASE                XLK long  time    net=-33.45
[shares] 10:55 CLOSE MOMO_CHASE                AAPL long  time    net=+37.11
[shares] 10:55 CLOSE MOMO_CHASE                GOOGL long  time    net=-7.94
[shares] 11:05 CLOSE VWAP_Reclaim              XLP short target  net=+21.61
[shares] 11:05 CLOSE VWAP_Reclaim              GOOGL long  target  net=+70.54
[shares] 11:15 CLOSE MOMO_CHASE                XLE short time    net=-20.09
[shares] 11:16 VWAP_Reclaim              QQQ long  715.87 x14.0sh spread=0.42bp
[shares] 11:19 CLOSE ORB_15min                 XLY short stop    net=-25.73
[shares] 11:20 MOMO_CHASE                XLY long  113.05 x88.5sh spread=0.88bp
[shares] 11:20 PDH_PDL_FailedBreak       XLP long  83.10 x120.3sh spread=1.20bp
[shares] 11:20 MOMO_CHASE                GOOGL long  342.80 x29.2sh spread=1.46bp
[shares] 11:25 MOMO_CHASE                XLF long  57.17 x174.9sh spread=1.75bp
[shares] 11:27 CLOSE Gap_Fade                  QQQ short stop    net=-29.37
[shares] 11:30 MOMO_CHASE                QQQ long  717.28 x13.9sh spread=0.28bp
[shares] 11:31 IntradayMomentumBoundary  XLK long  188.57 x53.0sh spread=1.06bp
[shares] 11:34 CLOSE PDH_PDL_FailedBreak       XLP long  target  net=+14.44
[shares] 11:35 MOMO_CHASE                XLK long  188.57 x53.0sh spread=1.06bp
[shares] 11:45 MOMO_CHASE                DIA long  526.48 x19.0sh spread=0.19bp
[shares] 11:45 CLOSE MOMO_CHASE                XLY long  time    net=-8.85
[shares] 11:45 CLOSE MOMO_CHASE                GOOGL long  time    net=-42.01
[shares] 11:50 CLOSE MOMO_CHASE                XLF long  time    net=+0.00
[shares] 11:55 CLOSE MOMO_CHASE                QQQ long  time    net=-12.55
[shares] 11:56 CLOSE IntradayMomentumBoundary  XLK long  trail   net=-27.05
[shares] 12:00 CLOSE MOMO_CHASE                XLK long  time    net=-23.33
[shares] 12:01 IntradayMomentumBoundary  XLK long  188.20 x53.1sh spread=1.06bp
[shares] 12:10 TTM_Squeeze               IWM long  289.53 x34.5sh spread=0.35bp
[shares] 12:10 CLOSE MOMO_CHASE                DIA long  time    net=-6.46
[shares] 12:13 CLOSE IntradayMomentumBoundary  XLK long  trail   net=-2.13
[shares] 12:15 MOMO_CHASE                WMT long  106.42 x94.0sh spread=0.94bp
[shares] 12:20 CLOSE ORB_5min                  NVDA long  stop    net=-96.65
[shares] 12:26 CLOSE ORB_5min                  WMT short stop    net=-75.67
[shares] 12:30 MOMO_CHASE                GOOGL short 340.13 x29.4sh spread=2.94bp
[shares] 12:34 CLOSE Crabel_Stretch            WMT short stop    net=-87.02
[shares] 12:35 MOMO_CHASE                XLP long  83.60 x119.6sh spread=1.20bp
[shares] 12:35 TTM_Squeeze               NVDA short 219.14 x45.6sh spread=0.46bp
[shares] 12:40 CLOSE MOMO_CHASE                WMT long  time    net=+13.16
[shares] 12:40 Six_Lines                 WMT long  106.57 x93.8sh spread=0.94bp
[shares] 12:40 Six_Lines_NoCap           WMT long  106.57 x93.8sh spread=0.94bp
[shares] 12:55 CLOSE TTM_Squeeze               IWM long  bars    net=+1.04
[shares] 12:55 MOMO_CHASE                DIA long  526.60 x19.0sh spread=0.57bp
[shares] 12:55 CLOSE MOMO_CHASE                GOOGL short time    net=-16.76
[shares] 13:00 CLOSE MOMO_CHASE                XLP long  time    net=-11.96
[shares] 13:00 MOMO_CHASE                XLF long  57.27 x174.6sh spread=1.75bp
[shares] 13:00 CLOSE Six_Lines                 WMT long  trail   net=-2.82
[shares] 13:00 CLOSE Six_Lines_NoCap           WMT long  trail   net=-2.82
[shares] 13:18 CLOSE ORB_5min                  XLY short stop    net=-32.82
[shares] 13:18 CLOSE Crabel_Stretch            XLY short stop    net=-45.30
[shares] 13:20 CLOSE MOMO_CHASE                DIA long  time    net=+3.23
[shares] 13:20 CLOSE TTM_Squeeze               NVDA short bars    net=-8.67
[shares] 13:25 MOMO_CHASE                DIA long  527.00 x19.0sh spread=0.76bp
[shares] 13:25 TTM_Squeeze               DIA long  527.00 x19.0sh spread=0.76bp
[shares] 13:25 CLOSE MOMO_CHASE                XLF long  time    net=-6.98
[shares] 13:31 CLOSE PDH_PDL_FailedBreak       XLY short stop    net=-51.49
[shares] 13:31 CLOSE Gap_Fade                  XLY short stop    net=-51.49
[shares] 13:35 TTM_Squeeze               QQQ long  716.78 x14.0sh spread=0.56bp
[shares] 13:35 MOMO_CHASE                XLY long  113.20 x88.3sh spread=0.88bp
[shares] 13:35 TTM_Squeeze               XLY long  113.20 x88.3sh spread=0.88bp
[shares] 13:41 CLOSE IntradayMomentumBoundary  AAPL long  trail   net=-4.20
[shares] 13:47 CLOSE TTM_Squeeze               XLY long  stop    net=-15.90
[shares] 13:50 CLOSE MOMO_CHASE                DIA long  time    net=-7.02
[shares] 13:50 TTM_Squeeze               AAPL short 333.09 x30.0sh spread=0.90bp
[shares] 13:55 TTM_Squeeze               SPY long  765.86 x13.1sh spread=0.26bp
[shares] 13:55 TTM_Squeeze               XLE short 65.02 x153.8sh spread=1.54bp
[shares] 13:55 TTM_Squeeze               WMT long  106.70 x93.7sh spread=0.94bp
[shares] 14:00 CLOSE MOMO_CHASE                XLY long  time    net=-11.48
[shares] 14:00 MOMO_CHASE                WMT long  106.78 x93.7sh spread=0.94bp
[shares] 14:01 IntradayMomentumBoundary  AAPL long  333.56 x30.0sh spread=1.80bp
[shares] 14:05 CLOSE IntradayMomentumBoundary  AAPL long  trail   net=-6.60
[shares] 14:07 CLOSE Gap_Fade                  XLI short stop    net=-33.08
[shares] 14:07 CLOSE ORB_5min                  XLI short stop    net=-42.99
[shares] 14:08 CLOSE IntradayMomentumBoundary  GOOGL long  trail   net=+49.95
[shares] 14:10 CLOSE TTM_Squeeze               DIA long  bars    net=-7.59
[shares] 14:10 CLOSE Crabel_Stretch            XLI short stop    net=-53.49
[shares] 14:10 TTM_Squeeze               GOOGL short 339.89 x29.4sh spread=1.18bp
[shares] 14:15 TTM_Squeeze               XLI long  172.90 x57.8sh spread=1.16bp
[shares] 14:20 CLOSE TTM_Squeeze               QQQ long  bars    net=-7.53
[shares] 14:21 CLOSE TTM_Squeeze               XLE short stop    net=-24.61
[shares] 14:25 TTM_Squeeze               XLY short 112.93 x88.6sh spread=0.89bp
[shares] 14:25 CLOSE TTM_Squeeze               XLI long  stop    net=-10.99
[shares] 14:25 TTM_Squeeze               XLV short 165.32 x60.5sh spread=0.60bp
[shares] 14:25 CLOSE MOMO_CHASE                WMT long  time    net=+14.05
[shares] 14:30 TTM_Squeeze               DIA short 526.23 x19.0sh spread=0.57bp
[shares] 14:30 MOMO_CHASE                XLP short 83.38 x119.9sh spread=1.20bp
[shares] 14:30 TTM_Squeeze               XLP short 83.38 x119.9sh spread=1.20bp
[shares] 14:35 CLOSE TTM_Squeeze               AAPL short bars    net=+7.81
[shares] 14:40 CLOSE TTM_Squeeze               SPY long  bars    net=-7.57
[shares] 14:40 TTM_Squeeze               NVDA long  219.72 x45.5sh spread=0.46bp
[shares] 14:40 CLOSE TTM_Squeeze               WMT long  bars    net=+11.25
[shares] 14:50 TTM_Squeeze               IWM short 289.34 x34.6sh spread=0.35bp
[shares] 14:55 CLOSE MOMO_CHASE                XLP short time    net=-9.59
[shares] 14:55 CLOSE TTM_Squeeze               GOOGL short bars    net=+27.07
[shares] 15:05 CLOSE TTM_Squeeze               NVDA long  stop    net=-23.21
[shares] 15:10 CLOSE TTM_Squeeze               XLY short bars    net=-0.89
[shares] 15:10 CLOSE TTM_Squeeze               XLV short bars    net=+9.07
[shares] 15:15 CLOSE TTM_Squeeze               DIA short bars    net=+6.27
[shares] 15:15 CLOSE TTM_Squeeze               XLP short bars    net=-3.60
[shares] 15:31 IntradayMomentumBoundary  WMT long  107.13 x93.3sh spread=0.93bp
[shares] 15:35 CLOSE TTM_Squeeze               IWM short bars    net=+2.76
[shares] 15:54 CLOSE IntradayMomentumBoundary  WMT long  trail   net=-10.27
[shares] 15:56 CLOSE Crabel_Stretch            SPY long  eod     net=-22.45
[shares] 15:56 CLOSE Gap_Fade                  SPY short eod     net=-4.19
[shares] 15:56 CLOSE EMA_9_20_Pullback         QQQ long  eod     net=+4.06
[shares] 15:56 CLOSE VWAP_Reclaim              QQQ long  eod     net=-7.40
[shares] 15:56 CLOSE Gap_Fade                  IWM short eod     net=+47.86
[shares] 15:56 CLOSE Crabel_Stretch            IWM short eod     net=+33.10
[shares] 15:56 CLOSE ORB_5min                  IWM short eod     net=+41.00
[shares] 15:56 CLOSE PDH_PDL_FailedBreak       IWM short eod     net=+26.22
[shares] 15:56 CLOSE Gap_Fade                  DIA short eod     net=-17.91
[shares] 15:56 CLOSE ORB_5min                  XLK long  eod     net=-3.73
[shares] 15:56 CLOSE ORB_15min                 XLK long  eod     net=-10.11
[shares] 15:56 CLOSE Crabel_Stretch            XLK long  eod     net=-12.76
[shares] 15:56 CLOSE EMA_9_20_Pullback         XLK long  eod     net=-8.51
[shares] 15:56 CLOSE Crabel_Stretch            XLV short eod     net=+57.10
[shares] 15:56 CLOSE PDH_PDL_FailedBreak       XLV short eod     net=+34.34
[shares] 15:56 CLOSE ORB_5min                  XLV short eod     net=+39.14
[shares] 15:56 CLOSE Six_Lines_NoCap           XLV short eod     net=+39.74
[shares] 15:56 CLOSE ORB_15min                 XLV short eod     net=+19.31
[shares] 15:56 CLOSE PDH_PDL_Breakout          XLV short eod     net=+4.83
[shares] 15:56 CLOSE Crabel_Stretch            XLP short eod     net=-12.01
[shares] 15:56 CLOSE ORB_5min                  XLP short eod     net=-6.00
[shares] 15:56 CLOSE Crabel_Stretch            XLE long  eod     net=-21.48
[shares] 15:56 CLOSE Crabel_Stretch            XLF short eod     net=+3.49
[shares] 15:56 CLOSE Gap_Fade                  XLF short eod     net=-13.99
[shares] 15:56 CLOSE ORB_5min                  XLF short eod     net=-19.25
[shares] 15:56 CLOSE ORB_15min                 XLF short eod     net=-19.25
[shares] 15:56 CLOSE PDH_PDL_FailedBreak       XLF short eod     net=-43.86
[shares] 15:56 CLOSE Crabel_Stretch            NVDA short eod     net=+25.53
[shares] 15:56 CLOSE Crabel_Stretch            AAPL long  eod     net=+60.16
[shares] 15:56 CLOSE PDH_PDL_Breakout          AAPL long  eod     net=+23.19
[shares] 15:56 CLOSE Six_Lines_NoCap           AAPL long  eod     net=-42.49
[shares] 15:56 CLOSE ORB_5min                  AAPL long  eod     net=-0.90
[shares] 15:56 CLOSE ORB_15min                 AAPL long  eod     net=-47.85
[shares] 15:56 CLOSE Crabel_Stretch            GOOGL long  eod     net=+38.23
[shares] 15:56 CLOSE PDH_PDL_Breakout          GOOGL long  eod     net=-44.38
[shares] 15:56 CLOSE Six_Lines_NoCap           GOOGL long  eod     net=+18.04
[shares] 15:56 CLOSE EMA_9_20_Pullback         GOOGL long  eod     net=-44.09
[shares] daily: 159 trades, net $-1,793.31
