[replay shares] 2026-09-23 -- config 7c6414fc549315f3 -- history-backed, no outages; NOT the prospective record
[shares] warmup SPY: 24 prior sessions, stretch=0.879400000000021
[shares] warmup QQQ: 24 prior sessions, stretch=1.5340000000000145
[shares] warmup IWM: 24 prior sessions, stretch=0.7010000000000047
[shares] warmup DIA: 24 prior sessions, stretch=0.5519999999999982
[shares] warmup XLK: 24 prior sessions, stretch=0.6305000000000007
[shares] warmup XLY: 24 prior sessions, stretch=0.30049999999999955
[shares] warmup XLI: 24 prior sessions, stretch=0.47649999999999865
[shares] warmup XLV: 24 prior sessions, stretch=0.5029999999999972
[shares] warmup XLP: 24 prior sessions, stretch=0.17154999999999632
[shares] warmup XLE: 24 prior sessions, stretch=0.16100000000000136
[shares] warmup XLF: 24 prior sessions, stretch=0.13899999999999935
[shares] warmup NVDA: 24 prior sessions, stretch=1.0144999999999953
[shares] warmup AAPL: 24 prior sessions, stretch=1.6929999999999894
[shares] warmup GOOGL: 24 prior sessions, stretch=1.5278900000000022
[shares] warmup WMT: 24 prior sessions, stretch=0.32499999999999857
[replay] six-lines SPY: R1=774.67  R2=774.74  R3=775.14  S1=772.57  S2=772.29  S3=771.38
[replay] six-lines QQQ: R1=743.61  R2=748.35  R3=749.08  S1=744.69  S2=740.93  S3=738.68
[replay] six-lines IWM: R1=287.67  R2=288.24  R3=288.94  S1=286.05  S2=285.45  S3=284.30
[replay] six-lines DIA: R1=519.00  R2=522.55  R3=523.56  S1=518.09  S2=516.51  S3=516.00
[replay] six-lines XLK: R1=195.30  R2=196.50  R3=196.64  S1=195.22  S2=194.47  S3=192.17
[replay] six-lines XLY: R1=112.68  R2=113.15  R3=113.29  S1=111.97  S2=111.70  S3=111.54
[replay] six-lines XLI: R1=170.71  R2=170.98  R3=171.08  S1=169.42  S2=169.13  S3=168.50
[replay] six-lines XLV: R1=169.36  R2=170.72  R3=170.98  S1=168.50  S2=168.12  S3=167.86
[replay] six-lines XLP: R1=82.58  R2=82.90  R3=83.00  S1=82.32  S2=82.29  S3=81.80
[replay] six-lines XLE: R1=62.48  R2=62.67  R3=62.95  S1=61.57  S2=61.53  S3=61.42
[replay] six-lines XLF: R1=55.03  R2=56.05  R3=56.15  S1=55.65  S2=54.55  S3=54.50
[replay] six-lines NVDA: R1=228.43  R2=229.83  R3=229.98  S1=227.28  S2=226.50  S3=223.50
[replay] six-lines AAPL: R1=340.89  R2=344.39  R3=345.34  S1=339.03  S2=338.75  S3=338.31
[replay] six-lines GOOGL: R1=359.13  R2=361.26  R3=364.17  S1=354.70  S2=350.22  S3=348.77
[replay] six-lines WMT: R1=108.50  R2=110.19  R3=110.93  S1=107.86  S2=107.61  S3=107.34
[shares] 09:32 Crabel_Stretch            DIA long  517.23 x19.3sh spread=0.97bp
[shares] 09:32 Crabel_Stretch            XLK short 195.90 x51.0sh spread=2.04bp
[shares] 09:32 Crabel_Stretch            XLY long  112.03 x89.3sh spread=1.79bp
[shares] 09:32 Crabel_Stretch            XLV long  170.51 x58.6sh spread=5.28bp
[shares] 09:32 Crabel_Stretch            XLP long  82.89 x120.6sh spread=2.41bp
[shares] 09:32 Crabel_Stretch            XLF long  54.76 x182.6sh spread=1.83bp
[shares] 09:32 Crabel_Stretch            WMT long  110.90 x90.2sh spread=5.41bp
[shares] 09:33 Crabel_Stretch            QQQ short 745.33 x13.4sh spread=0.54bp
[shares] 09:33 VWAP_Reclaim              XLY short 111.77 x89.5sh spread=0.89bp
[shares] 09:33 VWAP_Reclaim              AAPL long  341.13 x29.3sh spread=3.22bp
[shares] 09:34 Crabel_Stretch            IWM short 285.21 x35.1sh spread=0.35bp
[shares] 09:35 PDH_PDL_Breakout          SPY short 772.43 x12.9sh spread=0.13bp
[shares] 09:35 PDH_PDL_Breakout          IWM short 285.20 x35.1sh spread=0.35bp
[shares] 09:35 TTM_Squeeze               XLV long  170.80 x58.5sh spread=1.76bp
[shares] 09:35 PDH_PDL_Breakout          XLV long  170.80 x58.5sh spread=1.76bp
[shares] 09:35 VWAP_Reclaim              XLP long  82.85 x120.7sh spread=1.21bp
[shares] 09:35 Crabel_Stretch            GOOGL short 347.73 x28.8sh spread=2.30bp
[shares] 09:35 PDH_PDL_Breakout          GOOGL short 347.73 x28.8sh spread=2.30bp
[shares] 09:35 PDH_PDL_Breakout          WMT long  111.10 x90.0sh spread=4.50bp
[shares] 09:36 CLOSE Crabel_Stretch            XLY long  stop    net=-63.38
[shares] 09:36 CLOSE VWAP_Reclaim              XLY short target  net=+38.47
[shares] 09:36 CLOSE VWAP_Reclaim              AAPL long  stop    net=-48.95
[shares] 09:37 VWAP_Reclaim              XLE long  62.33 x160.4sh spread=1.60bp
[shares] 09:39 VWAP_Reclaim              NVDA short 227.80 x43.9sh spread=1.76bp
[shares] 09:39 Crabel_Stretch            AAPL short 338.90 x29.5sh spread=2.66bp
[shares] 09:39 VWAP_Reclaim              WMT long  110.88 x90.2sh spread=3.61bp
[shares] 09:40 Six_Lines                 SPY short 772.15 x13.0sh spread=0.13bp
[shares] 09:40 Six_Lines_NoCap           SPY short 772.15 x13.0sh spread=0.13bp
[shares] 09:40 Six_Lines                 IWM short 284.67 x35.1sh spread=0.35bp
[shares] 09:40 Six_Lines_NoCap           IWM short 284.67 x35.1sh spread=0.35bp
[shares] 09:40 Six_Lines                 XLY short 111.24 x89.9sh spread=0.90bp
[shares] 09:40 Six_Lines_NoCap           XLY short 111.24 x89.9sh spread=0.90bp
[shares] 09:40 PDH_PDL_Breakout          XLY short 111.24 x89.9sh spread=0.90bp
[shares] 09:40 CLOSE TTM_Squeeze               XLV long  stop    net=-18.15
[shares] 09:40 Six_Lines                 NVDA long  228.48 x43.8sh spread=1.75bp
[shares] 09:40 Six_Lines_NoCap           NVDA long  228.48 x43.8sh spread=1.75bp
[shares] 09:40 Six_Lines                 AAPL short 338.81 x29.5sh spread=1.77bp
[shares] 09:40 Six_Lines_NoCap           AAPL short 338.81 x29.5sh spread=1.77bp
[shares] 09:40 TTM_Squeeze               AAPL short 338.81 x29.5sh spread=1.77bp
[shares] 09:40 Six_Lines                 GOOGL short 346.78 x28.8sh spread=3.17bp
[shares] 09:40 Six_Lines_NoCap           GOOGL short 346.78 x28.8sh spread=3.17bp
[shares] 09:41 ORB_5min                  QQQ short 744.69 x13.4sh spread=0.54bp
[shares] 09:42 Crabel_Stretch            XLE long  62.34 x160.4sh spread=1.60bp
[shares] 09:42 CLOSE Six_Lines                 GOOGL short target  net=+3.75
[shares] 09:43 CLOSE Six_Lines                 AAPL short target  net=+37.19
[shares] 09:44 CLOSE VWAP_Reclaim              XLP long  stop    net=-25.35
[shares] 09:45 PDH_PDL_FailedBreak       DIA long  516.76 x19.4sh spread=2.71bp
[shares] 09:45 PDH_PDL_FailedBreak       XLK short 195.76 x51.1sh spread=1.53bp
[shares] 09:45 PDH_PDL_FailedBreak       XLV short 170.14 x58.8sh spread=4.11bp
[shares] 09:45 PDH_PDL_FailedBreak       XLP short 82.65 x121.0sh spread=1.21bp
[shares] 09:45 PDH_PDL_FailedBreak       XLF long  54.83 x182.4sh spread=1.82bp
[shares] 09:45 Gap_Fade                  XLF long  54.83 x182.4sh spread=1.82bp
[shares] 09:45 PDH_PDL_Breakout          AAPL short 337.31 x29.6sh spread=1.19bp
[shares] 09:46 Crabel_Stretch            SPY short 771.62 x13.0sh spread=0.13bp
[shares] 09:46 ORB_5min                  IWM short 284.29 x35.2sh spread=0.70bp
[shares] 09:46 Crabel_Stretch            XLI long  170.21 x58.8sh spread=1.18bp
[shares] 09:46 ORB_5min                  XLE long  62.48 x160.1sh spread=1.60bp
[shares] 09:46 CLOSE Gap_Fade                  XLF long  target  net=-5.47
[shares] 09:47 ORB_15min                 SPY short 771.33 x13.0sh spread=0.39bp
[shares] 09:47 ORB_15min                 QQQ short 743.86 x13.4sh spread=0.40bp
[shares] 09:47 ORB_15min                 IWM short 284.13 x35.2sh spread=0.70bp
[shares] 09:47 ORB_15min                 XLK short 195.38 x51.2sh spread=1.02bp
[shares] 09:47 ORB_15min                 XLE long  62.51 x160.0sh spread=1.60bp
[shares] 09:48 CLOSE PDH_PDL_Breakout          SPY short target  net=+14.76
[shares] 09:48 CLOSE Six_Lines                 IWM short target  net=+22.83
[shares] 09:48 ORB_15min                 XLY short 111.14 x90.0sh spread=0.90bp
[shares] 09:48 VWAP_Reclaim              XLI short 169.81 x58.9sh spread=2.36bp
[shares] 09:48 CLOSE PDH_PDL_Breakout          XLV long  stop    net=-53.28
[shares] 09:48 ORB_15min                 XLV short 169.89 x58.9sh spread=1.18bp
[shares] 09:48 ORB_15min                 XLP short 82.59 x121.1sh spread=1.21bp
[shares] 09:48 CLOSE VWAP_Reclaim              XLE long  target  net=+46.53
[shares] 09:50 Six_Lines                 QQQ short 743.91 x13.4sh spread=0.40bp
[shares] 09:50 Six_Lines_NoCap           QQQ short 743.91 x13.4sh spread=0.40bp
[shares] 09:50 Six_Lines                 DIA short 515.88 x19.4sh spread=0.58bp
[shares] 09:50 Six_Lines_NoCap           DIA short 515.88 x19.4sh spread=0.58bp
[shares] 09:50 PDH_PDL_Breakout          DIA short 515.88 x19.4sh spread=0.58bp
[shares] 09:50 Six_Lines                 XLE long  62.66 x159.6sh spread=1.60bp
[shares] 09:50 Six_Lines_NoCap           XLE long  62.66 x159.6sh spread=1.60bp
[shares] 09:50 EMA_9_20_Pullback         NVDA short 228.06 x43.8sh spread=1.32bp
[shares] 09:52 CLOSE Crabel_Stretch            XLP long  stop    net=-51.88
[shares] 09:52 CLOSE Six_Lines                 XLE long  target  net=+14.36
[shares] 09:52 ORB_15min                 GOOGL short 345.78 x28.9sh spread=0.87bp
[shares] 09:54 CLOSE Six_Lines                 XLY short target  net=+18.88
[shares] 09:55 CLOSE VWAP_Reclaim              XLI short stop    net=-23.56
[shares] 09:55 PDH_PDL_Breakout          XLE long  62.74 x159.4sh spread=1.59bp
[shares] 09:55 ORB_5min                  GOOGL short 345.02 x29.0sh spread=0.58bp
[shares] 09:56 CLOSE Six_Lines                 SPY short target  net=+19.56
[shares] 09:56 ORB_5min                  XLI long  170.36 x58.7sh spread=2.93bp
[shares] 09:56 ORB_15min                 XLI long  170.36 x58.7sh spread=2.93bp
[shares] 09:56 CLOSE VWAP_Reclaim              WMT long  stop    net=-23.45
[shares] 09:57 ORB_5min                  XLK short 195.23 x51.2sh spread=1.02bp
[shares] 10:00 CLOSE PDH_PDL_Breakout          XLE long  stop    net=-15.94
[shares] 10:00 PDH_PDL_FailedBreak       XLE short 62.64 x159.6sh spread=1.60bp
[shares] 10:00 CLOSE Six_Lines                 NVDA long  trail   net=-33.70
[shares] 10:00 CLOSE Six_Lines_NoCap           NVDA long  trail   net=-33.70
[shares] 10:01 IntradayMomentumBoundary  SPY short 770.98 x13.0sh spread=0.13bp
[shares] 10:01 IntradayMomentumBoundary  QQQ short 743.61 x13.4sh spread=0.27bp
[shares] 10:01 IntradayMomentumBoundary  IWM short 283.97 x35.2sh spread=0.35bp
[shares] 10:01 ORB_5min                  XLY short 110.92 x90.2sh spread=0.90bp
[shares] 10:01 IntradayMomentumBoundary  XLY short 110.92 x90.2sh spread=0.90bp
[shares] 10:01 ORB_5min                  XLV short 169.70 x58.9sh spread=2.95bp
[shares] 10:01 ORB_5min                  XLP short 82.38 x121.4sh spread=1.21bp
[shares] 10:01 IntradayMomentumBoundary  XLP short 82.38 x121.4sh spread=1.21bp
[shares] 10:01 IntradayMomentumBoundary  XLE long  62.58 x159.8sh spread=1.60bp
[shares] 10:01 ORB_5min                  AAPL short 337.65 x29.6sh spread=1.48bp
[shares] 10:01 IntradayMomentumBoundary  AAPL short 337.65 x29.6sh spread=1.48bp
[shares] 10:01 IntradayMomentumBoundary  GOOGL short 343.66 x29.1sh spread=0.58bp
[shares] 10:02 CLOSE IntradayMomentumBoundary  AAPL short trail   net=-4.15
[shares] 10:02 CLOSE PDH_PDL_Breakout          GOOGL short target  net=+134.30
[shares] 10:03 ORB_5min                  XLF long  54.86 x182.3sh spread=1.82bp
[shares] 10:07 CLOSE Six_Lines                 QQQ short target  net=+22.18
[shares] 10:07 CLOSE PDH_PDL_Breakout          DIA short stop    net=-16.48
[shares] 10:08 ORB_15min                 NVDA short 227.55 x43.9sh spread=0.88bp
[shares] 10:10 CLOSE Six_Lines                 DIA short trail   net=-19.58
[shares] 10:10 CLOSE Six_Lines_NoCap           DIA short trail   net=-19.58
[shares] 10:10 Six_Lines                 XLK short 194.96 x51.3sh spread=1.03bp
[shares] 10:10 Six_Lines_NoCap           XLK short 194.96 x51.3sh spread=1.03bp
[shares] 10:10 Six_Lines                 XLI long  170.84 x58.5sh spread=1.17bp
[shares] 10:10 Six_Lines_NoCap           XLI long  170.84 x58.5sh spread=1.17bp
[shares] 10:10 CLOSE IntradayMomentumBoundary  XLP short trail   net=-16.99
[shares] 10:10 ORB_15min                 XLF long  54.93 x182.0sh spread=1.82bp
[shares] 10:11 CLOSE ORB_5min                  QQQ short target  net=+52.37
[shares] 10:11 VWAP_Reclaim              XLV long  170.32 x58.7sh spread=2.35bp
[shares] 10:11 ORB_5min                  NVDA short 226.79 x44.1sh spread=0.44bp
[shares] 10:11 Crabel_Stretch            NVDA short 226.79 x44.1sh spread=0.44bp
[shares] 10:11 CLOSE ORB_15min                 GOOGL short target  net=+107.29
[shares] 10:12 CLOSE ORB_15min                 QQQ short target  net=+45.57
[shares] 10:12 CLOSE Six_Lines                 XLK short target  net=+12.82
[shares] 10:14 ORB_15min                 DIA long  517.56 x19.3sh spread=0.77bp
[shares] 10:15 PDH_PDL_Breakout          QQQ short 740.02 x13.5sh spread=0.14bp
[shares] 10:15 CLOSE ORB_15min                 XLI long  target  net=+36.39
[shares] 10:15 CLOSE ORB_15min                 XLV short stop    net=-38.26
[shares] 10:15 CLOSE PDH_PDL_FailedBreak       XLE short stop    net=-25.54
[shares] 10:15 CLOSE VWAP_Reclaim              NVDA short target  net=+75.50
[shares] 10:15 CLOSE ORB_15min                 NVDA short target  net=+64.60
[shares] 10:15 PDH_PDL_Breakout          NVDA short 226.06 x44.2sh spread=0.88bp
[shares] 10:17 ORB_15min                 AAPL short 336.90 x29.7sh spread=1.19bp
[shares] 10:18 CLOSE ORB_15min                 XLP short stop    net=-29.06
[shares] 10:19 CLOSE TTM_Squeeze               AAPL short target  net=+51.65
[shares] 10:20 PDH_PDL_Breakout          XLK short 194.01 x51.5sh spread=1.03bp
[shares] 10:20 CLOSE PDH_PDL_FailedBreak       XLP short stop    net=-39.93
[shares] 10:20 CLOSE ORB_5min                  XLP short stop    net=-72.83
[shares] 10:20 Six_Lines                 XLP long  82.98 x120.5sh spread=1.21bp
[shares] 10:20 Six_Lines_NoCap           XLP long  82.98 x120.5sh spread=1.21bp
[shares] 10:20 PDH_PDL_Breakout          XLP long  82.98 x120.5sh spread=1.21bp
[shares] 10:20 Six_Lines                 XLF long  55.08 x181.6sh spread=1.82bp
[shares] 10:20 Six_Lines_NoCap           XLF long  55.08 x181.6sh spread=1.82bp
[shares] 10:20 Six_Lines                 WMT long  111.22 x89.9sh spread=0.90bp
[shares] 10:20 Six_Lines_NoCap           WMT long  111.22 x89.9sh spread=0.90bp
[shares] 10:21 CLOSE ORB_15min                 SPY short target  net=+28.00
[shares] 10:21 CLOSE PDH_PDL_FailedBreak       XLK short target  net=+81.73
[shares] 10:21 CLOSE EMA_9_20_Pullback         NVDA short target  net=+120.14
[shares] 10:23 CLOSE ORB_15min                 XLK short target  net=+76.26
[shares] 10:25 PDH_PDL_FailedBreak       XLI short 170.61 x58.6sh spread=1.17bp
[shares] 10:27 VWAP_Reclaim              WMT short 110.65 x90.4sh spread=1.81bp
[shares] 10:28 CLOSE ORB_15min                 DIA long  stop    net=-18.55
[shares] 10:29 CLOSE PDH_PDL_Breakout          XLP long  stop    net=-40.97
[shares] 10:30 MOMO_CHASE                SPY short 768.85 x13.0sh spread=0.26bp
[shares] 10:30 MOMO_CHASE                QQQ short 739.06 x13.5sh spread=0.41bp
[shares] 10:30 MOMO_CHASE                IWM short 283.38 x35.3sh spread=0.71bp
[shares] 10:30 MOMO_CHASE                XLK short 194.11 x51.5sh spread=0.52bp
[shares] 10:30 CLOSE Six_Lines                 XLI long  trail   net=-16.39
[shares] 10:30 CLOSE Six_Lines_NoCap           XLI long  trail   net=-16.39
[shares] 10:31 IntradayMomentumBoundary  XLK short 194.09 x51.5sh spread=1.03bp
[shares] 10:31 IntradayMomentumBoundary  NVDA short 225.46 x44.4sh spread=0.89bp
[shares] 10:35 PDH_PDL_Breakout          XLI long  170.83 x58.5sh spread=0.59bp
[shares] 10:39 CLOSE PDH_PDL_Breakout          IWM short target  net=+71.18
[shares] 10:40 EMA_9_20_Pullback         SPY short 768.86 x13.0sh spread=0.26bp
[shares] 10:40 CLOSE Six_Lines                 XLP long  trail   net=-34.95
[shares] 10:40 CLOSE Six_Lines_NoCap           XLP long  trail   net=-34.95
[shares] 10:40 CLOSE Six_Lines                 XLF long  trail   net=-21.79
[shares] 10:40 CLOSE Six_Lines_NoCap           XLF long  trail   net=-21.79
[shares] 10:40 CLOSE Six_Lines                 WMT long  trail   net=-73.73
[shares] 10:40 CLOSE Six_Lines_NoCap           WMT long  trail   net=-73.73
[shares] 10:45 PDH_PDL_FailedBreak       XLK long  194.48 x51.4sh spread=1.03bp
[shares] 10:46 CLOSE PDH_PDL_Breakout          XLK short stop    net=-32.47
[shares] 10:46 CLOSE PDH_PDL_Breakout          XLI long  stop    net=-28.10
[shares] 10:46 VWAP_Reclaim              XLI short 170.35 x58.7sh spread=1.17bp
[shares] 10:47 CLOSE VWAP_Reclaim              XLV long  stop    net=-41.69
[shares] 10:48 CLOSE IntradayMomentumBoundary  XLE long  trail   net=-7.99
[shares] 10:50 MOMO_CHASE                DIA short 516.30 x19.4sh spread=0.77bp
[shares] 10:50 CLOSE PDH_PDL_Breakout          WMT long  stop    net=-90.91
[shares] 10:50 PDH_PDL_FailedBreak       WMT short 110.09 x90.8sh spread=0.91bp
[shares] 10:51 VWAP_Reclaim              XLE short 62.48 x160.1sh spread=1.60bp
[shares] 10:53 CLOSE VWAP_Reclaim              WMT short target  net=+53.32
[shares] 10:54 CLOSE IntradayMomentumBoundary  SPY short trail   net=+7.00
[shares] 10:54 CLOSE IntradayMomentumBoundary  QQQ short trail   net=+16.54
[shares] 10:54 CLOSE PDH_PDL_Breakout          QQQ short stop    net=-31.89
[shares] 10:54 VWAP_Reclaim              QQQ long  742.38 x13.5sh spread=0.40bp
[shares] 10:54 CLOSE IntradayMomentumBoundary  XLK short trail   net=-67.49
[shares] 10:54 VWAP_Reclaim              XLK long  195.40 x51.2sh spread=0.51bp
[shares] 10:54 VWAP_Reclaim              XLP short 82.57 x121.1sh spread=1.21bp
[shares] 10:54 CLOSE IntradayMomentumBoundary  NVDA short trail   net=-50.12
[shares] 10:54 CLOSE Crabel_Stretch            WMT long  stop    net=-91.97
[shares] 10:54 ORB_5min                  WMT short 109.88 x91.0sh spread=1.82bp
[shares] 10:55 CLOSE MOMO_CHASE                SPY short time    net=-19.90
[shares] 10:55 CLOSE MOMO_CHASE                QQQ short time    net=-43.84
[shares] 10:55 PDH_PDL_FailedBreak       QQQ long  742.30 x13.5sh spread=0.27bp
[shares] 10:55 CLOSE MOMO_CHASE                IWM short time    net=+3.88
[shares] 10:55 CLOSE MOMO_CHASE                XLK short time    net=-64.91
[shares] 10:55 MOMO_CHASE                XLK long  195.37 x51.2sh spread=1.02bp
[shares] 10:55 CLOSE VWAP_Reclaim              XLI short stop    net=-25.83
[shares] 10:55 CLOSE Crabel_Stretch            XLV long  stop    net=-61.58
[shares] 10:55 MOMO_CHASE                XLE short 62.33 x160.4sh spread=1.60bp
[shares] 10:55 MOMO_CHASE                WMT short 109.90 x91.0sh spread=0.91bp
[shares] 10:56 CLOSE ORB_15min                 XLE long  stop    net=-44.79
[shares] 11:00 CLOSE Six_Lines_NoCap           XLK short trail   net=-23.59
[shares] 11:00 CLOSE Six_Lines_NoCap           XLE long  trail   net=-47.88
[shares] 11:01 IntradayMomentumBoundary  SPY short 770.07 x13.0sh spread=0.39bp
[shares] 11:01 IntradayMomentumBoundary  NVDA short 226.04 x44.2sh spread=1.33bp
[shares] 11:02 CLOSE IntradayMomentumBoundary  NVDA short trail   net=-8.85
[shares] 11:15 CLOSE MOMO_CHASE                DIA short time    net=+5.42
[shares] 11:17 CLOSE VWAP_Reclaim              XLE short stop    net=-24.01
[shares] 11:19 CLOSE IntradayMomentumBoundary  IWM short trail   net=+0.00
[shares] 11:20 CLOSE MOMO_CHASE                XLK long  time    net=-13.31
[shares] 11:20 CLOSE MOMO_CHASE                XLE short time    net=-44.92
[shares] 11:20 CLOSE MOMO_CHASE                WMT short time    net=+1.82
[shares] 11:27 CLOSE VWAP_Reclaim              XLP short target  net=+31.49
[shares] 11:28 CLOSE PDH_PDL_FailedBreak       DIA long  stop    net=-22.83
[shares] 11:29 CLOSE Crabel_Stretch            DIA long  stop    net=-37.51
[shares] 11:30 MOMO_CHASE                DIA short 515.21 x19.4sh spread=0.39bp
[shares] 11:30 MOMO_CHASE                XLE long  62.79 x159.3sh spread=1.59bp
[shares] 11:30 MOMO_CHASE                AAPL short 336.17 x29.7sh spread=0.30bp
[shares] 11:31 IntradayMomentumBoundary  QQQ short 741.27 x13.5sh spread=0.27bp
[shares] 11:31 IntradayMomentumBoundary  IWM short 283.49 x35.3sh spread=0.71bp
[shares] 11:31 IntradayMomentumBoundary  XLK short 195.07 x51.3sh spread=1.03bp
[shares] 11:31 IntradayMomentumBoundary  XLP short 82.32 x121.5sh spread=1.21bp
[shares] 11:31 IntradayMomentumBoundary  XLE long  62.75 x159.4sh spread=1.59bp
[shares] 11:31 IntradayMomentumBoundary  NVDA short 225.38 x44.4sh spread=0.44bp
[shares] 11:31 IntradayMomentumBoundary  AAPL short 336.29 x29.7sh spread=0.59bp
[shares] 11:35 MOMO_CHASE                XLV short 168.97 x59.2sh spread=1.78bp
[shares] 11:37 CLOSE IntradayMomentumBoundary  AAPL short trail   net=-4.16
[shares] 11:38 CLOSE IntradayMomentumBoundary  XLE long  trail   net=-19.12
[shares] 11:49 CLOSE IntradayMomentumBoundary  XLP short trail   net=-15.79
[shares] 11:55 CLOSE MOMO_CHASE                DIA short time    net=+10.09
[shares] 11:55 CLOSE MOMO_CHASE                XLE long  time    net=-1.59
[shares] 11:55 MOMO_CHASE                XLE long  62.79 x159.3sh spread=1.59bp
[shares] 11:55 CLOSE MOMO_CHASE                AAPL short time    net=-22.91
[shares] 12:00 CLOSE MOMO_CHASE                XLV short time    net=+8.29
[shares] 12:00 MOMO_CHASE                XLV short 168.81 x59.2sh spread=1.18bp
[shares] 12:01 IntradayMomentumBoundary  XLV short 168.76 x59.3sh spread=0.59bp
[shares] 12:01 IntradayMomentumBoundary  XLP short 82.34 x121.4sh spread=1.21bp
[shares] 12:01 IntradayMomentumBoundary  AAPL short 336.94 x29.7sh spread=0.30bp
[shares] 12:12 CLOSE IntradayMomentumBoundary  AAPL short trail   net=-5.94
[shares] 12:20 CLOSE MOMO_CHASE                XLE long  time    net=-3.19
[shares] 12:25 CLOSE MOMO_CHASE                XLV short time    net=+6.52
[shares] 12:25 PDH_PDL_FailedBreak       XLP long  82.30 x121.5sh spread=1.22bp
[shares] 12:31 CLOSE PDH_PDL_FailedBreak       XLP long  target  net=+8.51
[shares] 12:31 IntradayMomentumBoundary  XLE long  62.86 x159.1sh spread=1.59bp
[shares] 12:31 IntradayMomentumBoundary  AAPL short 336.69 x29.7sh spread=1.19bp
[shares] 12:33 CLOSE IntradayMomentumBoundary  AAPL short trail   net=-3.56
[shares] 12:35 MOMO_CHASE                GOOGL short 339.08 x29.5sh spread=1.18bp
[shares] 12:42 CLOSE VWAP_Reclaim              QQQ long  stop    net=-33.68
[shares] 12:45 MOMO_CHASE                QQQ short 739.45 x13.5sh spread=0.27bp
[shares] 12:45 MOMO_CHASE                XLK short 194.52 x51.4sh spread=1.03bp
[shares] 12:45 CLOSE IntradayMomentumBoundary  XLP short trail   net=-14.57
[shares] 12:46 CLOSE VWAP_Reclaim              XLK long  stop    net=-44.01
[shares] 12:47 CLOSE IntradayMomentumBoundary  XLE long  trail   net=-33.41
[shares] 12:50 MOMO_CHASE                SPY short 767.57 x13.0sh spread=0.13bp
[shares] 12:50 Six_Lines                 XLV short 168.49 x59.4sh spread=1.19bp
[shares] 12:50 Six_Lines_NoCap           XLV short 168.49 x59.4sh spread=1.19bp
[shares] 12:55 MOMO_CHASE                IWM short 282.30 x35.4sh spread=0.35bp
[shares] 12:55 MOMO_CHASE                XLY short 110.59 x90.4sh spread=0.90bp
[shares] 12:55 CLOSE PDH_PDL_FailedBreak       XLV short target  net=+100.51
[shares] 13:00 CLOSE MOMO_CHASE                GOOGL short time    net=+32.44
[shares] 13:01 IntradayMomentumBoundary  XLP short 82.43 x121.3sh spread=1.21bp
[shares] 13:03 CLOSE PDH_PDL_Breakout          XLY short target  net=+75.51
[shares] 13:05 CLOSE ORB_15min                 IWM short target  net=+73.21
[shares] 13:05 TTM_Squeeze               XLY short 110.40 x90.6sh spread=0.91bp
[shares] 13:05 MOMO_CHASE                WMT long  110.60 x90.4sh spread=0.90bp
[shares] 13:10 CLOSE MOMO_CHASE                QQQ short time    net=+6.49
[shares] 13:10 CLOSE MOMO_CHASE                XLK short time    net=+2.06
[shares] 13:15 CLOSE MOMO_CHASE                SPY short time    net=+5.86
[shares] 13:20 CLOSE MOMO_CHASE                IWM short time    net=-6.73
[shares] 13:20 CLOSE MOMO_CHASE                XLY short time    net=-3.62
[shares] 13:20 CLOSE TTM_Squeeze               XLY short stop    net=-20.83
[shares] 13:20 TTM_Squeeze               AAPL long  337.93 x29.6sh spread=0.89bp
[shares] 13:25 CLOSE TTM_Squeeze               AAPL long  stop    net=-24.27
[shares] 13:30 CLOSE MOMO_CHASE                WMT long  time    net=-11.75
[shares] 13:42 CLOSE IntradayMomentumBoundary  XLP short trail   net=-3.64
[shares] 13:44 CLOSE IntradayMomentumBoundary  XLK short trail   net=-0.51
[shares] 13:45 MOMO_CHASE                SPY long  768.50 x13.0sh spread=0.39bp
[shares] 13:45 MOMO_CHASE                QQQ long  740.69 x13.5sh spread=0.27bp
[shares] 13:45 MOMO_CHASE                DIA long  515.17 x19.4sh spread=0.78bp
[shares] 13:45 TTM_Squeeze               XLP long  82.49 x121.2sh spread=1.21bp
[shares] 13:45 MOMO_CHASE                NVDA long  225.19 x44.4sh spread=0.89bp
[shares] 13:50 TTM_Squeeze               DIA long  515.30 x19.4sh spread=0.97bp
[shares] 13:50 MOMO_CHASE                XLY long  110.78 x90.3sh spread=0.90bp
[shares] 13:50 CLOSE Six_Lines                 XLV short trail   net=-2.97
[shares] 13:50 CLOSE Six_Lines_NoCap           XLV short trail   net=-2.97
[shares] 13:58 CLOSE IntradayMomentumBoundary  QQQ short trail   net=+1.89
[shares] 13:59 CLOSE IntradayMomentumBoundary  XLY short trail   net=+0.00
[shares] 14:00 MOMO_CHASE                IWM long  282.99 x35.3sh spread=0.35bp
[shares] 14:01 IntradayMomentumBoundary  XLY short 110.90 x90.2sh spread=0.90bp
[shares] 14:02 CLOSE IntradayMomentumBoundary  XLY short trail   net=-0.90
[shares] 14:10 CLOSE MOMO_CHASE                SPY long  time    net=-1.30
[shares] 14:10 CLOSE MOMO_CHASE                QQQ long  time    net=-2.43
[shares] 14:10 CLOSE MOMO_CHASE                DIA long  time    net=+0.58
[shares] 14:10 CLOSE MOMO_CHASE                NVDA long  time    net=-0.44
[shares] 14:15 CLOSE MOMO_CHASE                XLY long  time    net=+9.93
[shares] 14:17 CLOSE TTM_Squeeze               XLP long  stop    net=-20.61
[shares] 14:20 MOMO_CHASE                NVDA long  225.53 x44.3sh spread=0.44bp
[shares] 14:20 MOMO_CHASE                GOOGL long  339.72 x29.4sh spread=0.29bp
[shares] 14:25 CLOSE MOMO_CHASE                IWM long  time    net=-14.84
[shares] 14:30 MOMO_CHASE                XLV short 168.22 x59.4sh spread=0.59bp
[shares] 14:30 TTM_Squeeze               XLP short 82.34 x121.4sh spread=1.21bp
[shares] 14:31 IntradayMomentumBoundary  QQQ short 740.70 x13.5sh spread=0.41bp
[shares] 14:31 IntradayMomentumBoundary  XLY short 110.83 x90.2sh spread=0.90bp
[shares] 14:32 CLOSE ORB_15min                 XLF long  stop    net=-45.51
[shares] 14:35 CLOSE TTM_Squeeze               DIA long  bars    net=-10.29
[shares] 14:35 TTM_Squeeze               XLF short 54.69 x182.8sh spread=1.83bp
[shares] 14:45 CLOSE MOMO_CHASE                NVDA long  time    net=-7.09
[shares] 14:45 CLOSE MOMO_CHASE                GOOGL long  time    net=-10.60
[shares] 14:50 CLOSE IntradayMomentumBoundary  QQQ short trail   net=-4.86
[shares] 14:55 CLOSE MOMO_CHASE                XLV short time    net=-13.67
[shares] 15:15 CLOSE TTM_Squeeze               XLP short bars    net=+2.43
[shares] 15:20 CLOSE TTM_Squeeze               XLF short bars    net=+9.14
[shares] 15:31 IntradayMomentumBoundary  QQQ short 740.80 x13.5sh spread=0.13bp
[shares] 15:34 CLOSE IntradayMomentumBoundary  QQQ short trail   net=-5.13
[shares] 15:51 VWAP_Reclaim              QQQ short 740.35 x13.5sh spread=0.27bp
[shares] 15:51 CLOSE ORB_5min                  GOOGL short target  net=+202.60
[shares] 15:56 CLOSE Six_Lines_NoCap           SPY short eod     net=+62.81
[shares] 15:56 CLOSE Crabel_Stretch            SPY short eod     net=+55.99
[shares] 15:56 CLOSE EMA_9_20_Pullback         SPY short eod     net=+20.29
[shares] 15:56 CLOSE IntradayMomentumBoundary  SPY short eod     net=+35.97
[shares] 15:56 CLOSE Crabel_Stretch            QQQ short eod     net=+63.46
[shares] 15:56 CLOSE Six_Lines_NoCap           QQQ short eod     net=+44.49
[shares] 15:56 CLOSE PDH_PDL_FailedBreak       QQQ long  eod     net=-23.17
[shares] 15:56 CLOSE VWAP_Reclaim              QQQ short eod     net=-3.38
[shares] 15:56 CLOSE Crabel_Stretch            IWM short eod     net=+114.30
[shares] 15:56 CLOSE Six_Lines_NoCap           IWM short eod     net=+95.55
[shares] 15:56 CLOSE ORB_5min                  IWM short eod     net=+82.31
[shares] 15:56 CLOSE IntradayMomentumBoundary  IWM short eod     net=+54.32
[shares] 15:56 CLOSE Crabel_Stretch            XLK short eod     net=+41.86
[shares] 15:56 CLOSE ORB_5min                  XLK short eod     net=+7.68
[shares] 15:56 CLOSE PDH_PDL_FailedBreak       XLK long  eod     net=+29.82
[shares] 15:56 CLOSE Six_Lines_NoCap           XLY short eod     net=+54.84
[shares] 15:56 CLOSE ORB_15min                 XLY short eod     net=+45.89
[shares] 15:56 CLOSE ORB_5min                  XLY short eod     net=+26.14
[shares] 15:56 CLOSE IntradayMomentumBoundary  XLY short eod     net=+18.05
[shares] 15:56 CLOSE Crabel_Stretch            XLI long  eod     net=-5.88
[shares] 15:56 CLOSE ORB_5min                  XLI long  eod     net=-14.67
[shares] 15:56 CLOSE PDH_PDL_FailedBreak       XLI short eod     net=+28.72
[shares] 15:56 CLOSE ORB_5min                  XLV short eod     net=+51.86
[shares] 15:56 CLOSE IntradayMomentumBoundary  XLV short eod     net=-3.56
[shares] 15:56 CLOSE Crabel_Stretch            XLE long  eod     net=-9.62
[shares] 15:56 CLOSE ORB_5min                  XLE long  eod     net=-32.01
[shares] 15:56 CLOSE Crabel_Stretch            XLF long  eod     net=-40.18
[shares] 15:56 CLOSE PDH_PDL_FailedBreak       XLF long  eod     net=-52.89
[shares] 15:56 CLOSE ORB_5min                  XLF long  eod     net=-58.33
[shares] 15:56 CLOSE ORB_5min                  NVDA short eod     net=+75.40
[shares] 15:56 CLOSE Crabel_Stretch            NVDA short eod     net=+75.40
[shares] 15:56 CLOSE PDH_PDL_Breakout          NVDA short eod     net=+43.35
[shares] 15:56 CLOSE IntradayMomentumBoundary  NVDA short eod     net=+13.31
[shares] 15:56 CLOSE Crabel_Stretch            AAPL short eod     net=+65.80
[shares] 15:56 CLOSE Six_Lines_NoCap           AAPL short eod     net=+63.16
[shares] 15:56 CLOSE PDH_PDL_Breakout          AAPL short eod     net=+18.97
[shares] 15:56 CLOSE ORB_5min                  AAPL short eod     net=+29.02
[shares] 15:56 CLOSE ORB_15min                 AAPL short eod     net=+6.83
[shares] 15:56 CLOSE Crabel_Stretch            GOOGL short eod     net=+284.13
[shares] 15:56 CLOSE Six_Lines_NoCap           GOOGL short eod     net=+257.51
[shares] 15:56 CLOSE IntradayMomentumBoundary  GOOGL short eod     net=+169.06
[shares] 15:56 CLOSE PDH_PDL_FailedBreak       WMT short eod     net=-39.97
[shares] 15:56 CLOSE ORB_5min                  WMT short eod     net=-59.16
[shares] 15:58 VWAP_Reclaim              XLK long  195.19 x51.2sh spread=0.51bp
[shares] 15:59 CLOSE VWAP_Reclaim              XLK long  eod     net=+0.51
[shares] daily: 183 trades, net $+1,190.17
