[replay shares] 2026-09-16 -- config 7c6414fc549315f3 -- history-backed, no outages; NOT the prospective record
[shares] warmup SPY: 24 prior sessions, stretch=0.9393000000000029
[shares] warmup QQQ: 24 prior sessions, stretch=1.5721900000000004
[shares] warmup IWM: 24 prior sessions, stretch=0.607000000000005
[shares] warmup DIA: 24 prior sessions, stretch=0.842499999999984
[shares] warmup XLK: 24 prior sessions, stretch=0.664500000000001
[shares] warmup XLY: 24 prior sessions, stretch=0.24599999999999939
[shares] warmup XLI: 24 prior sessions, stretch=0.5515000000000043
[shares] warmup XLV: 24 prior sessions, stretch=0.37551999999999736
[shares] warmup XLP: 24 prior sessions, stretch=0.22449999999999476
[shares] warmup XLE: 24 prior sessions, stretch=0.19299999999999784
[shares] warmup XLF: 24 prior sessions, stretch=0.15050000000000024
[shares] warmup NVDA: 24 prior sessions, stretch=0.9515000000000015
[shares] warmup AAPL: 24 prior sessions, stretch=1.469999999999993
[shares] warmup GOOGL: 24 prior sessions, stretch=0.914390000000003
[shares] warmup WMT: 24 prior sessions, stretch=0.47350000000000136
[replay] six-lines SPY: R1=760.35  R2=760.55  R3=762.34  S1=756.69  S2=756.18  S3=756.15
[replay] six-lines QQQ: R1=709.48  R2=709.53  R3=712.52  S1=703.97  S2=703.63  S3=703.21
[replay] six-lines IWM: R1=286.21  R2=286.93  R3=287.92  S1=284.96  S2=284.80  S3=284.08
[replay] six-lines DIA: R1=523.26  R2=523.64  R3=524.49  S1=521.23  S2=520.50  S3=519.21
[replay] six-lines XLK: R1=184.80  R2=185.07  R3=190.56  S1=183.74  S2=183.46  S3=182.96
[replay] six-lines XLY: R1=111.31  R2=112.63  R3=112.85  S1=112.24  S2=110.85  S3=110.56
[replay] six-lines XLI: R1=169.85  R2=171.03  R3=171.36  S1=168.73  S2=168.64  S3=168.42
[replay] six-lines XLV: R1=168.15  R2=168.20  R3=168.36  S1=167.09  S2=166.78  S3=166.18
[replay] six-lines XLP: R1=84.07  R2=84.08  R3=84.44  S1=83.99  S2=83.56  S3=83.54
[replay] six-lines XLE: R1=65.89  R2=65.94  R3=66.11  S1=65.00  S2=64.81  S3=64.38
[replay] six-lines XLF: R1=56.99  R2=57.00  R3=57.38  S1=56.70  S2=56.61  S3=56.46
[replay] six-lines NVDA: R1=213.94  R2=214.89  R3=220.91  S1=211.16  S2=209.64  S3=208.58
[replay] six-lines AAPL: R1=331.78  R2=333.85  R3=335.21  S1=329.76  S2=329.47  S3=328.35
[replay] six-lines GOOGL: R1=347.30  R2=348.07  R3=349.39  S1=343.52  S2=343.09  S3=342.70
[replay] six-lines WMT: R1=108.86  R2=109.24  R3=109.48  S1=108.24  S2=107.88  S3=107.86
[shares] 09:32 Crabel_Stretch            XLE short 64.90 x154.1sh spread=1.54bp
[shares] 09:33 VWAP_Reclaim              XLE short 64.82 x154.3sh spread=1.54bp
[shares] 09:33 VWAP_Reclaim              AAPL long  333.38 x30.0sh spread=1.20bp
[shares] 09:33 Crabel_Stretch            GOOGL short 345.69 x28.9sh spread=4.92bp
[shares] 09:34 Crabel_Stretch            XLY short 110.72 x90.3sh spread=3.61bp
[shares] 09:34 Crabel_Stretch            XLV long  168.40 x59.4sh spread=3.56bp
[shares] 09:34 Crabel_Stretch            AAPL long  334.39 x29.9sh spread=3.59bp
[shares] 09:35 TTM_Squeeze               SPY long  759.22 x13.2sh spread=0.26bp
[shares] 09:35 Crabel_Stretch            DIA short 520.82 x19.2sh spread=0.96bp
[shares] 09:35 TTM_Squeeze               XLK long  185.18 x54.0sh spread=2.16bp
[shares] 09:35 PDH_PDL_Breakout          XLK long  185.18 x54.0sh spread=2.16bp
[shares] 09:35 TTM_Squeeze               XLE short 64.90 x154.1sh spread=1.54bp
[shares] 09:35 Crabel_Stretch            XLF short 56.51 x177.0sh spread=1.77bp
[shares] 09:35 TTM_Squeeze               NVDA long  213.84 x46.8sh spread=1.87bp
[shares] 09:35 PDH_PDL_Breakout          AAPL long  334.27 x29.9sh spread=2.69bp
[shares] 09:36 Crabel_Stretch            IWM long  286.26 x34.9sh spread=0.35bp
[shares] 09:36 Crabel_Stretch            XLP long  83.91 x119.2sh spread=1.19bp
[shares] 09:40 Six_Lines                 DIA short 520.46 x19.2sh spread=1.34bp
[shares] 09:40 Six_Lines_NoCap           DIA short 520.46 x19.2sh spread=1.34bp
[shares] 09:40 Six_Lines                 XLK long  185.09 x54.0sh spread=1.62bp
[shares] 09:40 Six_Lines_NoCap           XLK long  185.09 x54.0sh spread=1.62bp
[shares] 09:40 Six_Lines                 XLY short 110.66 x90.4sh spread=0.90bp
[shares] 09:40 Six_Lines_NoCap           XLY short 110.66 x90.4sh spread=0.90bp
[shares] 09:40 Six_Lines                 XLV long  168.23 x59.4sh spread=2.97bp
[shares] 09:40 Six_Lines_NoCap           XLV long  168.23 x59.4sh spread=2.97bp
[shares] 09:40 Six_Lines                 XLE short 64.71 x154.5sh spread=1.55bp
[shares] 09:40 Six_Lines_NoCap           XLE short 64.71 x154.5sh spread=1.55bp
[shares] 09:40 PDH_PDL_Breakout          XLE short 64.71 x154.5sh spread=1.55bp
[shares] 09:40 Six_Lines                 XLF short 56.42 x177.2sh spread=1.77bp
[shares] 09:40 Six_Lines_NoCap           XLF short 56.42 x177.2sh spread=1.77bp
[shares] 09:40 PDH_PDL_Breakout          XLF short 56.42 x177.2sh spread=1.77bp
[shares] 09:40 CLOSE VWAP_Reclaim              AAPL long  target  net=+36.29
[shares] 09:40 Six_Lines                 AAPL long  334.65 x29.9sh spread=1.79bp
[shares] 09:40 Six_Lines_NoCap           AAPL long  334.65 x29.9sh spread=1.79bp
[shares] 09:40 Six_Lines                 WMT short 108.12 x92.5sh spread=3.70bp
[shares] 09:40 Six_Lines_NoCap           WMT short 108.12 x92.5sh spread=3.70bp
[shares] 09:42 CLOSE Six_Lines                 XLE short target  net=+20.09
[shares] 09:42 VWAP_Reclaim              NVDA long  213.99 x46.7sh spread=1.87bp
[shares] 09:42 CLOSE Six_Lines                 WMT short target  net=+16.65
[shares] 09:42 ORB_5min                  WMT short 107.91 x92.7sh spread=2.78bp
[shares] 09:43 Crabel_Stretch            XLI short 168.93 x59.2sh spread=2.37bp
[shares] 09:43 ORB_5min                  XLF short 56.49 x177.0sh spread=1.77bp
[shares] 09:44 CLOSE TTM_Squeeze               XLE short target  net=+57.01
[shares] 09:44 CLOSE PDH_PDL_Breakout          XLF short stop    net=-24.81
[shares] 09:45 PDH_PDL_FailedBreak       XLF long  56.59 x176.7sh spread=1.77bp
[shares] 09:45 PDH_PDL_FailedBreak       NVDA short 213.45 x46.8sh spread=1.41bp
[shares] 09:45 Gap_Fade                  NVDA short 213.45 x46.8sh spread=1.41bp
[shares] 09:45 PDH_PDL_FailedBreak       GOOGL short 344.42 x29.0sh spread=3.48bp
[shares] 09:45 Gap_Fade                  GOOGL short 344.42 x29.0sh spread=3.48bp
[shares] 09:46 ORB_5min                  IWM long  286.76 x34.9sh spread=0.70bp
[shares] 09:46 ORB_5min                  DIA short 520.69 x19.2sh spread=0.77bp
[shares] 09:46 ORB_5min                  XLK long  185.39 x53.9sh spread=1.08bp
[shares] 09:46 VWAP_Reclaim              XLK long  185.39 x53.9sh spread=1.08bp
[shares] 09:46 ORB_5min                  XLI short 169.33 x59.1sh spread=2.36bp
[shares] 09:46 ORB_5min                  XLV long  168.46 x59.4sh spread=2.37bp
[shares] 09:46 CLOSE Gap_Fade                  GOOGL short target  net=-30.49
[shares] 09:47 ORB_15min                 QQQ long  709.38 x14.1sh spread=0.28bp
[shares] 09:47 ORB_15min                 IWM long  286.60 x34.9sh spread=0.35bp
[shares] 09:47 CLOSE Six_Lines                 XLK long  target  net=+23.23
[shares] 09:47 ORB_15min                 XLK long  185.55 x53.9sh spread=1.62bp
[shares] 09:48 ORB_15min                 SPY long  759.90 x13.2sh spread=0.13bp
[shares] 09:48 VWAP_Reclaim              XLY long  110.91 x90.2sh spread=0.90bp
[shares] 09:48 CLOSE PDH_PDL_FailedBreak       NVDA short stop    net=-47.32
[shares] 09:48 CLOSE Gap_Fade                  NVDA short stop    net=-47.32
[shares] 09:48 ORB_15min                 NVDA long  214.46 x46.6sh spread=1.40bp
[shares] 09:49 ORB_5min                  XLE short 64.73 x154.5sh spread=1.54bp
[shares] 09:50 Crabel_Stretch            QQQ long  709.79 x14.1sh spread=0.42bp
[shares] 09:50 Six_Lines                 QQQ long  709.79 x14.1sh spread=0.42bp
[shares] 09:50 Six_Lines_NoCap           QQQ long  709.79 x14.1sh spread=0.42bp
[shares] 09:50 PDH_PDL_Breakout          QQQ long  709.79 x14.1sh spread=0.42bp
[shares] 09:50 Six_Lines                 IWM long  286.49 x34.9sh spread=0.35bp
[shares] 09:50 Six_Lines_NoCap           IWM long  286.49 x34.9sh spread=0.35bp
[shares] 09:50 Crabel_Stretch            XLK long  185.62 x53.9sh spread=0.54bp
[shares] 09:50 PDH_PDL_FailedBreak       XLV short 168.13 x59.5sh spread=2.38bp
[shares] 09:50 PDH_PDL_Breakout          NVDA long  214.67 x46.6sh spread=2.33bp
[shares] 09:51 CLOSE TTM_Squeeze               NVDA long  target  net=+39.75
[shares] 09:51 CLOSE VWAP_Reclaim              NVDA long  target  net=+32.71
[shares] 09:51 ORB_5min                  NVDA long  214.72 x46.6sh spread=1.40bp
[shares] 09:52 ORB_15min                 WMT short 107.87 x92.7sh spread=2.78bp
[shares] 09:53 Crabel_Stretch            NVDA long  215.12 x46.5sh spread=0.93bp
[shares] 09:54 VWAP_Reclaim              XLI long  169.57 x59.0sh spread=1.18bp
[shares] 09:54 Crabel_Stretch            WMT short 107.73 x92.8sh spread=2.78bp
[shares] 09:55 PDH_PDL_FailedBreak       IWM short 286.82 x34.9sh spread=0.35bp
[shares] 09:55 PDH_PDL_Breakout          XLV long  168.33 x59.4sh spread=2.97bp
[shares] 09:55 PDH_PDL_Breakout          WMT short 107.72 x92.8sh spread=2.78bp
[shares] 09:58 ORB_15min                 XLV long  168.45 x59.4sh spread=1.19bp
[shares] 09:59 VWAP_Reclaim              XLP short 83.74 x119.4sh spread=1.19bp
[shares] 10:00 PDH_PDL_FailedBreak       SPY short 760.20 x13.2sh spread=0.26bp
[shares] 10:00 CLOSE Six_Lines                 XLY short trail   net=-24.40
[shares] 10:00 CLOSE Six_Lines_NoCap           XLY short trail   net=-24.40
[shares] 10:00 CLOSE Six_Lines                 XLV long  trail   net=-10.70
[shares] 10:00 CLOSE Six_Lines_NoCap           XLV long  trail   net=-10.70
[shares] 10:00 CLOSE PDH_PDL_Breakout          XLV long  stop    net=-16.63
[shares] 10:01 IntradayMomentumBoundary  QQQ long  710.12 x14.1sh spread=0.14bp
[shares] 10:01 CLOSE PDH_PDL_FailedBreak       IWM short target  net=+11.16
[shares] 10:01 IntradayMomentumBoundary  IWM long  286.50 x34.9sh spread=0.35bp
[shares] 10:01 IntradayMomentumBoundary  XLK long  185.72 x53.8sh spread=1.62bp
[shares] 10:01 IntradayMomentumBoundary  XLE short 64.67 x154.6sh spread=1.55bp
[shares] 10:01 IntradayMomentumBoundary  WMT short 107.56 x93.0sh spread=1.86bp
[shares] 10:02 CLOSE IntradayMomentumBoundary  XLK long  trail   net=-11.85
[shares] 10:03 CLOSE IntradayMomentumBoundary  QQQ long  trail   net=-12.81
[shares] 10:03 CLOSE IntradayMomentumBoundary  XLE short trail   net=-23.19
[shares] 10:04 CLOSE PDH_PDL_FailedBreak       SPY short target  net=+5.66
[shares] 10:04 CLOSE IntradayMomentumBoundary  IWM long  trail   net=-6.63
[shares] 10:05 PDH_PDL_FailedBreak       QQQ short 709.13 x14.1sh spread=0.28bp
[shares] 10:05 CLOSE VWAP_Reclaim              XLP short target  net=+17.91
[shares] 10:05 ORB_15min                 XLP short 83.58 x119.6sh spread=1.20bp
[shares] 10:05 CLOSE IntradayMomentumBoundary  WMT short trail   net=-8.37
[shares] 10:06 ORB_5min                  XLP short 83.56 x119.7sh spread=1.20bp
[shares] 10:07 CLOSE VWAP_Reclaim              XLI long  stop    net=-20.05
[shares] 10:07 VWAP_Reclaim              XLF short 56.57 x176.8sh spread=1.77bp
[shares] 10:08 CLOSE ORB_15min                 IWM long  stop    net=-17.45
[shares] 10:09 CLOSE ORB_15min                 XLV long  stop    net=-31.46
[shares] 10:10 EMA_9_20_Pullback         IWM long  286.25 x34.9sh spread=0.35bp
[shares] 10:10 TTM_Squeeze               DIA short 520.21 x19.2sh spread=0.77bp
[shares] 10:10 Six_Lines                 NVDA long  215.15 x46.5sh spread=0.46bp
[shares] 10:10 Six_Lines_NoCap           NVDA long  215.15 x46.5sh spread=0.46bp
[shares] 10:11 VWAP_Reclaim              GOOGL short 345.73 x28.9sh spread=1.45bp
[shares] 10:12 ORB_5min                  GOOGL short 345.02 x29.0sh spread=2.61bp
[shares] 10:14 CLOSE ORB_15min                 SPY long  stop    net=-7.90
[shares] 10:14 CLOSE VWAP_Reclaim              GOOGL short target  net=+37.02
[shares] 10:15 PDH_PDL_FailedBreak       XLP long  83.73 x119.4sh spread=1.19bp
[shares] 10:15 VWAP_Reclaim              AAPL short 333.50 x30.0sh spread=0.90bp
[shares] 10:18 ORB_15min                 DIA short 519.94 x19.2sh spread=0.58bp
[shares] 10:20 CLOSE TTM_Squeeze               SPY long  bars    net=+0.79
[shares] 10:20 CLOSE Six_Lines                 IWM long  trail   net=-16.06
[shares] 10:20 CLOSE Six_Lines_NoCap           IWM long  trail   net=-16.06
[shares] 10:20 CLOSE TTM_Squeeze               XLK long  bars    net=+24.84
[shares] 10:20 VWAP_Reclaim              XLI short 169.29 x59.1sh spread=1.77bp
[shares] 10:20 CLOSE Six_Lines                 AAPL long  trail   net=-35.86
[shares] 10:20 CLOSE Six_Lines_NoCap           AAPL long  trail   net=-35.86
[shares] 10:20 PDH_PDL_FailedBreak       WMT long  108.01 x92.6sh spread=0.93bp
[shares] 10:23 ORB_15min                 XLE short 64.46 x155.1sh spread=1.55bp
[shares] 10:24 CLOSE Six_Lines                 DIA short target  net=+21.14
[shares] 10:25 CLOSE PDH_PDL_FailedBreak       XLF long  stop    net=-37.11
[shares] 10:25 CLOSE VWAP_Reclaim              XLF short target  net=+31.82
[shares] 10:25 ORB_15min                 XLF short 56.38 x177.4sh spread=1.77bp
[shares] 10:25 CLOSE PDH_PDL_Breakout          WMT short stop    net=-35.28
[shares] 10:26 CLOSE EMA_9_20_Pullback         IWM long  stop    net=-17.47
[shares] 10:30 MOMO_CHASE                XLE short 64.46 x155.1sh spread=1.55bp
[shares] 10:31 IntradayMomentumBoundary  XLE short 64.47 x155.1sh spread=1.55bp
[shares] 10:31 IntradayMomentumBoundary  XLF short 56.48 x177.1sh spread=1.77bp
[shares] 10:33 CLOSE ORB_5min                  IWM long  stop    net=-38.36
[shares] 10:36 CLOSE VWAP_Reclaim              AAPL short stop    net=-12.29
[shares] 10:38 CLOSE ORB_15min                 XLF short stop    net=-46.12
[shares] 10:38 CLOSE IntradayMomentumBoundary  XLF short trail   net=-28.33
[shares] 10:38 VWAP_Reclaim              XLF long  56.64 x176.6sh spread=1.77bp
[shares] 10:40 CLOSE Six_Lines                 QQQ long  trail   net=-8.03
[shares] 10:40 CLOSE Six_Lines_NoCap           QQQ long  trail   net=-8.03
[shares] 10:45 MOMO_CHASE                XLF long  56.69 x176.4sh spread=1.76bp
[shares] 10:46 VWAP_Reclaim              GOOGL long  346.33 x28.9sh spread=3.46bp
[shares] 10:47 CLOSE VWAP_Reclaim              XLI short stop    net=-30.72
[shares] 10:48 CLOSE ORB_5min                  XLI short stop    net=-31.89
[shares] 10:49 CLOSE ORB_15min                 WMT short stop    net=-23.18
[shares] 10:50 CLOSE ORB_15min                 XLP short stop    net=-28.72
[shares] 10:50 MOMO_CHASE                WMT long  108.13 x92.5sh spread=0.92bp
[shares] 10:55 CLOSE TTM_Squeeze               DIA short bars    net=-6.54
[shares] 10:55 CLOSE MOMO_CHASE                XLE short time    net=+17.06
[shares] 10:59 CLOSE VWAP_Reclaim              XLE short target  net=+100.28
[shares] 11:00 CLOSE PDH_PDL_FailedBreak       QQQ short stop    net=-21.86
[shares] 11:00 Six_Lines                 XLI long  170.00 x58.8sh spread=1.76bp
[shares] 11:00 Six_Lines_NoCap           XLI long  170.00 x58.8sh spread=1.76bp
[shares] 11:00 CLOSE PDH_PDL_Breakout          XLE short target  net=+92.72
[shares] 11:00 MOMO_CHASE                GOOGL long  346.72 x28.8sh spread=2.60bp
[shares] 11:01 Crabel_Stretch            SPY long  760.53 x13.1sh spread=0.13bp
[shares] 11:01 IntradayMomentumBoundary  QQQ long  710.97 x14.1sh spread=0.28bp
[shares] 11:01 CLOSE ORB_15min                 DIA short stop    net=-25.20
[shares] 11:01 CLOSE ORB_15min                 NVDA long  target  net=+60.62
[shares] 11:01 CLOSE Six_Lines                 NVDA long  target  net=+28.35
[shares] 11:02 CLOSE VWAP_Reclaim              XLY long  target  net=+31.56
[shares] 11:02 CLOSE Crabel_Stretch            XLI short stop    net=-70.44
[shares] 11:05 MOMO_CHASE                SPY long  760.52 x13.1sh spread=0.26bp
[shares] 11:05 PDH_PDL_Breakout          SPY long  760.52 x13.1sh spread=0.26bp
[shares] 11:05 MOMO_CHASE                XLY long  111.25 x89.9sh spread=0.90bp
[shares] 11:05 MOMO_CHASE                XLI long  170.09 x58.8sh spread=1.76bp
[shares] 11:05 MOMO_CHASE                XLV long  168.29 x59.4sh spread=1.19bp
[shares] 11:08 CLOSE Crabel_Stretch            XLY short stop    net=-58.71
[shares] 11:08 CLOSE ORB_5min                  XLE short target  net=+112.78
[shares] 11:10 Six_Lines                 SPY long  760.91 x13.1sh spread=0.13bp
[shares] 11:10 Six_Lines_NoCap           SPY long  760.91 x13.1sh spread=0.13bp
[shares] 11:10 MOMO_CHASE                IWM long  286.51 x34.9sh spread=0.70bp
[shares] 11:10 CLOSE Six_Lines_NoCap           DIA short trail   net=-23.44
[shares] 11:10 MOMO_CHASE                XLE short 63.91 x156.5sh spread=1.56bp
[shares] 11:10 CLOSE MOMO_CHASE                XLF long  time    net=-1.76
[shares] 11:10 MOMO_CHASE                NVDA long  216.28 x46.2sh spread=0.92bp
[shares] 11:10 CLOSE Six_Lines_NoCap           WMT short trail   net=-18.50
[shares] 11:15 MOMO_CHASE                QQQ long  711.29 x14.1sh spread=0.28bp
[shares] 11:15 CLOSE MOMO_CHASE                WMT long  time    net=+19.42
[shares] 11:18 CLOSE ORB_5min                  WMT short stop    net=-51.90
[shares] 11:25 CLOSE MOMO_CHASE                GOOGL long  time    net=-28.55
[shares] 11:25 MOMO_CHASE                WMT long  108.59 x92.1sh spread=0.92bp
[shares] 11:26 CLOSE VWAP_Reclaim              XLK long  target  net=+28.05
[shares] 11:26 CLOSE Six_Lines                 XLI long  target  net=+16.47
[shares] 11:30 CLOSE MOMO_CHASE                SPY long  time    net=-2.37
[shares] 11:30 CLOSE Six_Lines                 SPY long  trail   net=-7.49
[shares] 11:30 CLOSE Six_Lines_NoCap           SPY long  trail   net=-7.49
[shares] 11:30 CLOSE MOMO_CHASE                XLY long  time    net=-4.49
[shares] 11:30 CLOSE MOMO_CHASE                XLI long  time    net=+5.29
[shares] 11:30 CLOSE MOMO_CHASE                XLV long  time    net=+4.16
[shares] 11:30 MOMO_CHASE                AAPL short 332.67 x30.1sh spread=1.80bp
[shares] 11:31 IntradayMomentumBoundary  XLK long  185.73 x53.8sh spread=0.54bp
[shares] 11:31 IntradayMomentumBoundary  XLF short 56.51 x177.0sh spread=1.77bp
[shares] 11:32 CLOSE PDH_PDL_Breakout          SPY long  stop    net=-4.21
[shares] 11:34 CLOSE IntradayMomentumBoundary  XLK long  trail   net=-4.85
[shares] 11:35 CLOSE MOMO_CHASE                IWM long  time    net=-8.38
[shares] 11:35 TTM_Squeeze               XLV long  168.46 x59.4sh spread=1.19bp
[shares] 11:35 CLOSE MOMO_CHASE                XLE short time    net=-79.80
[shares] 11:35 CLOSE MOMO_CHASE                NVDA long  time    net=-20.34
[shares] 11:35 TTM_Squeeze               AAPL short 332.71 x30.1sh spread=1.20bp
[shares] 11:37 CLOSE PDH_PDL_FailedBreak       XLV short stop    net=-23.79
[shares] 11:38 CLOSE VWAP_Reclaim              XLF long  stop    net=-31.78
[shares] 11:40 CLOSE MOMO_CHASE                QQQ long  time    net=-10.54
[shares] 11:40 MOMO_CHASE                XLV long  168.56 x59.3sh spread=1.19bp
[shares] 11:43 CLOSE IntradayMomentumBoundary  XLE short trail   net=-12.41
[shares] 11:48 CLOSE ORB_15min                 QQQ long  target  net=+28.48
[shares] 11:48 CLOSE PDH_PDL_Breakout          XLK long  target  net=+42.12
[shares] 11:48 VWAP_Reclaim              XLE short 64.24 x155.7sh spread=1.56bp
[shares] 11:50 MOMO_CHASE                IWM long  286.66 x34.9sh spread=0.35bp
[shares] 11:50 MOMO_CHASE                DIA long  521.69 x19.2sh spread=0.77bp
[shares] 11:50 MOMO_CHASE                XLI long  170.56 x58.6sh spread=1.17bp
[shares] 11:50 CLOSE MOMO_CHASE                WMT long  time    net=-17.50
[shares] 11:53 CLOSE ORB_5min                  XLP short stop    net=-43.08
[shares] 11:55 MOMO_CHASE                XLY long  111.41 x89.8sh spread=0.00bp
[shares] 11:55 CLOSE VWAP_Reclaim              XLE short stop    net=-40.47
[shares] 11:55 CLOSE MOMO_CHASE                AAPL short time    net=-3.91
[shares] 12:01 IntradayMomentumBoundary  XLV long  168.79 x59.2sh spread=1.18bp
[shares] 12:01 IntradayMomentumBoundary  XLE short 64.49 x155.1sh spread=1.55bp
[shares] 12:02 CLOSE IntradayMomentumBoundary  XLE short trail   net=-4.65
[shares] 12:04 CLOSE IntradayMomentumBoundary  QQQ long  trail   net=-10.69
[shares] 12:05 CLOSE MOMO_CHASE                XLV long  time    net=+8.31
[shares] 12:09 CLOSE IntradayMomentumBoundary  XLF short trail   net=-15.93
[shares] 12:15 CLOSE MOMO_CHASE                IWM long  time    net=-3.84
[shares] 12:15 CLOSE MOMO_CHASE                DIA long  time    net=-5.75
[shares] 12:15 CLOSE MOMO_CHASE                XLI long  time    net=-12.90
[shares] 12:20 CLOSE MOMO_CHASE                XLY long  time    net=-12.57
[shares] 12:20 CLOSE TTM_Squeeze               XLV long  bars    net=+10.09
[shares] 12:20 CLOSE TTM_Squeeze               AAPL short bars    net=+4.21
[shares] 12:30 TTM_Squeeze               GOOGL short 345.57 x28.9sh spread=1.74bp
[shares] 12:31 IntradayMomentumBoundary  QQQ long  710.33 x14.1sh spread=0.28bp
[shares] 12:31 IntradayMomentumBoundary  XLF short 56.44 x177.2sh spread=1.77bp
[shares] 12:32 CLOSE IntradayMomentumBoundary  QQQ long  trail   net=-2.67
[shares] 12:34 CLOSE IntradayMomentumBoundary  XLV long  trail   net=-23.11
[shares] 13:05 MOMO_CHASE                SPY short 759.39 x13.2sh spread=0.26bp
[shares] 13:05 MOMO_CHASE                QQQ short 709.45 x14.1sh spread=0.42bp
[shares] 13:05 MOMO_CHASE                XLK short 185.24 x54.0sh spread=0.54bp
[shares] 13:05 MOMO_CHASE                XLV short 168.23 x59.4sh spread=0.59bp
[shares] 13:05 CLOSE VWAP_Reclaim              GOOGL long  stop    net=-32.34
[shares] 13:15 CLOSE TTM_Squeeze               GOOGL short bars    net=+13.31
[shares] 13:25 MOMO_CHASE                NVDA short 215.27 x46.5sh spread=0.46bp
[shares] 13:30 CLOSE MOMO_CHASE                SPY short time    net=-7.24
[shares] 13:30 CLOSE MOMO_CHASE                QQQ short time    net=-3.52
[shares] 13:30 CLOSE MOMO_CHASE                XLK short time    net=-5.40
[shares] 13:30 CLOSE MOMO_CHASE                XLV short time    net=-17.83
[shares] 13:31 IntradayMomentumBoundary  XLV long  168.49 x59.4sh spread=0.59bp
[shares] 13:31 IntradayMomentumBoundary  XLP long  83.97 x119.1sh spread=1.19bp
[shares] 13:35 TTM_Squeeze               XLP long  83.97 x119.1sh spread=1.19bp
[shares] 13:40 VWAP_Reclaim              NVDA short 215.09 x46.5sh spread=0.46bp
[shares] 13:45 TTM_Squeeze               AAPL long  333.16 x30.0sh spread=0.60bp
[shares] 13:47 CLOSE IntradayMomentumBoundary  XLF short trail   net=-24.81
[shares] 13:50 CLOSE MOMO_CHASE                NVDA short time    net=+15.79
[shares] 13:50 MOMO_CHASE                NVDA short 214.91 x46.5sh spread=0.93bp
[shares] 13:55 TTM_Squeeze               GOOGL short 344.53 x29.0sh spread=1.45bp
[shares] 14:01 IntradayMomentumBoundary  XLF short 56.51 x177.0sh spread=1.77bp
[shares] 14:01 CLOSE VWAP_Reclaim              NVDA short stop    net=-12.55
[shares] 14:01 CLOSE TTM_Squeeze               GOOGL short stop    net=-18.58
[shares] 14:02 VWAP_Reclaim              XLY short 110.98 x90.1sh spread=1.80bp
[shares] 14:05 VWAP_2sigma_Fade          SPY long  760.22 x13.2sh spread=0.39bp
[shares] 14:05 VWAP_Reclaim              XLK long  185.88 x53.8sh spread=2.15bp
[shares] 14:05 MOMO_CHASE                XLI short 169.84 x58.9sh spread=2.94bp
[shares] 14:05 CLOSE IntradayMomentumBoundary  XLP long  trail   net=-8.34
[shares] 14:06 CLOSE VWAP_2sigma_Fade          SPY long  target  net=+3.16
[shares] 14:06 CLOSE TTM_Squeeze               XLP long  stop    net=-8.34
[shares] 14:09 CLOSE VWAP_Reclaim              XLY short stop    net=-36.04
[shares] 14:10 MOMO_CHASE                XLK long  185.77 x53.8sh spread=1.61bp
[shares] 14:10 VWAP_2sigma_Fade          XLK short 185.74 x53.8sh spread=1.62bp
[shares] 14:15 MOMO_CHASE                IWM short 285.81 x35.0sh spread=0.35bp
[shares] 14:15 MOMO_CHASE                XLY short 111.11 x90.0sh spread=0.90bp
[shares] 14:15 CLOSE MOMO_CHASE                NVDA short time    net=-36.76
[shares] 14:16 CLOSE VWAP_2sigma_Fade          XLK short target  net=+16.69
[shares] 14:17 CLOSE TTM_Squeeze               AAPL long  target  net=+40.22
[shares] 14:20 TTM_Squeeze               IWM short 285.66 x35.0sh spread=0.35bp
[shares] 14:20 CLOSE Six_Lines_NoCap           XLI long  trail   net=-12.94
[shares] 14:20 TTM_Squeeze               XLI short 169.78 x58.9sh spread=0.59bp
[shares] 14:27 VWAP_Reclaim              DIA short 520.32 x19.2sh spread=0.96bp
[shares] 14:28 CLOSE ORB_15min                 XLK long  stop    net=-31.80
[shares] 14:28 CLOSE VWAP_Reclaim              XLK long  stop    net=-49.49
[shares] 14:30 MOMO_CHASE                DIA short 520.41 x19.2sh spread=1.35bp
[shares] 14:30 CLOSE MOMO_CHASE                XLI short time    net=+10.01
[shares] 14:30 MOMO_CHASE                AAPL long  334.63 x29.9sh spread=2.39bp
[shares] 14:31 IntradayMomentumBoundary  XLP long  83.98 x119.1sh spread=1.19bp
[shares] 14:32 CLOSE IntradayMomentumBoundary  XLP long  trail   net=-9.53
[shares] 14:33 CLOSE Crabel_Stretch            SPY long  stop    net=-32.74
[shares] 14:33 CLOSE PDH_PDL_Breakout          QQQ long  stop    net=-25.92
[shares] 14:34 CLOSE IntradayMomentumBoundary  XLV long  trail   net=-14.24
[shares] 14:34 VWAP_Reclaim              XLP short 83.74 x119.4sh spread=1.19bp
[shares] 14:35 TTM_Squeeze               SPY short 757.64 x13.2sh spread=0.26bp
[shares] 14:35 CLOSE MOMO_CHASE                XLK long  time    net=-50.60
[shares] 14:35 PDH_PDL_FailedBreak       XLK short 184.83 x54.1sh spread=1.62bp
[shares] 14:35 TTM_Squeeze               XLY short 110.81 x90.2sh spread=0.90bp
[shares] 14:35 CLOSE Six_Lines                 XLF short target  net=+14.18
[shares] 14:36 CLOSE Crabel_Stretch            IWM long  stop    net=-50.30
[shares] 14:36 CLOSE VWAP_Reclaim              DIA short target  net=+30.37
[shares] 14:36 CLOSE ORB_5min                  XLK long  stop    net=-43.15
[shares] 14:36 CLOSE TTM_Squeeze               XLI short target  net=+43.00
[shares] 14:37 CLOSE Crabel_Stretch            QQQ long  stop    net=-54.10
[shares] 14:37 CLOSE TTM_Squeeze               IWM short target  net=+40.96
[shares] 14:37 CLOSE ORB_5min                  DIA short target  net=+46.86
[shares] 14:40 CLOSE MOMO_CHASE                IWM short time    net=+17.84
[shares] 14:40 PDH_PDL_FailedBreak       DIA long  519.44 x19.3sh spread=0.96bp
[shares] 14:40 CLOSE Six_Lines_NoCap           XLK long  trail   net=-8.10
[shares] 14:40 CLOSE MOMO_CHASE                XLY short time    net=+24.30
[shares] 14:40 TTM_Squeeze               XLE short 64.43 x155.2sh spread=1.55bp
[shares] 14:42 CLOSE TTM_Squeeze               SPY short stop    net=-17.95
[shares] 14:43 VWAP_Reclaim              QQQ long  710.40 x14.1sh spread=0.70bp
[shares] 14:43 CLOSE TTM_Squeeze               XLY short stop    net=-27.98
[shares] 14:50 PDH_PDL_Breakout          DIA short 518.74 x19.3sh spread=0.39bp
[shares] 14:50 CLOSE Six_Lines_NoCap           NVDA long  trail   net=-17.20
[shares] 14:51 VWAP_Reclaim              WMT short 108.09 x92.5sh spread=0.93bp
[shares] 14:53 CLOSE PDH_PDL_FailedBreak       DIA long  stop    net=-33.50
[shares] 14:53 VWAP_Reclaim              XLV short 168.16 x59.5sh spread=1.19bp
[shares] 14:55 PDH_PDL_Breakout          SPY short 755.16 x13.2sh spread=0.40bp
[shares] 14:55 CLOSE VWAP_Reclaim              QQQ long  stop    net=-64.75
[shares] 14:55 PDH_PDL_Breakout          IWM short 283.86 x35.2sh spread=0.70bp
[shares] 14:55 CLOSE MOMO_CHASE                DIA short time    net=+65.33
[shares] 14:55 CLOSE Crabel_Stretch            XLK long  stop    net=-74.35
[shares] 14:55 PDH_PDL_Breakout          XLY short 110.39 x90.6sh spread=0.91bp
[shares] 14:55 TTM_Squeeze               XLV short 167.87 x59.6sh spread=1.19bp
[shares] 14:55 CLOSE PDH_PDL_FailedBreak       XLP long  stop    net=-23.89
[shares] 14:55 PDH_PDL_Breakout          XLP short 83.53 x119.7sh spread=1.20bp
[shares] 14:55 CLOSE MOMO_CHASE                AAPL long  time    net=-49.91
[shares] 14:59 CLOSE ORB_5min                  XLF short target  net=+93.82
[shares] 15:00 Six_Lines                 XLP short 83.49 x119.8sh spread=1.20bp
[shares] 15:00 Six_Lines_NoCap           XLP short 83.49 x119.8sh spread=1.20bp
[shares] 15:00 Six_Lines                 GOOGL short 342.43 x29.2sh spread=2.92bp
[shares] 15:00 Six_Lines_NoCap           GOOGL short 342.43 x29.2sh spread=2.92bp
[shares] 15:01 IntradayMomentumBoundary  SPY short 754.89 x13.2sh spread=0.40bp
[shares] 15:01 IntradayMomentumBoundary  DIA short 516.54 x19.4sh spread=0.58bp
[shares] 15:01 IntradayMomentumBoundary  XLY short 110.33 x90.6sh spread=0.91bp
[shares] 15:01 IntradayMomentumBoundary  XLE short 64.31 x155.5sh spread=1.55bp
[shares] 15:04 CLOSE IntradayMomentumBoundary  XLY short trail   net=-9.97
[shares] 15:06 CLOSE PDH_PDL_Breakout          DIA short target  net=+55.52
[shares] 15:06 CLOSE TTM_Squeeze               XLE short target  net=+45.01
[shares] 15:09 CLOSE VWAP_Reclaim              WMT short stop    net=-22.20
[shares] 15:10 CLOSE PDH_PDL_Breakout          NVDA long  stop    net=-49.84
[shares] 15:10 CLOSE PDH_PDL_Breakout          AAPL long  stop    net=-74.19
[shares] 15:12 CLOSE ORB_5min                  NVDA long  stop    net=-74.98
[shares] 15:12 CLOSE Crabel_Stretch            NVDA long  stop    net=-93.44
[shares] 15:12 CLOSE Crabel_Stretch            AAPL long  stop    net=-101.98
[shares] 15:13 CLOSE Six_Lines                 GOOGL short target  net=+21.03
[shares] 15:16 CLOSE VWAP_Reclaim              XLV short target  net=+29.73
[shares] 15:19 CLOSE Crabel_Stretch            XLP long  stop    net=-57.20
[shares] 15:20 CLOSE ORB_5min                  XLV long  stop    net=-54.02
[shares] 15:23 CLOSE ORB_15min                 XLE short target  net=+119.45
[shares] 15:26 CLOSE PDH_PDL_Breakout          SPY short target  net=+71.11
[shares] 15:31 IntradayMomentumBoundary  IWM short 282.01 x35.5sh spread=0.71bp
[shares] 15:31 IntradayMomentumBoundary  XLY short 109.84 x91.0sh spread=0.91bp
[shares] 15:31 IntradayMomentumBoundary  XLP short 83.40 x119.9sh spread=1.20bp
[shares] 15:31 IntradayMomentumBoundary  GOOGL short 341.32 x29.3sh spread=1.46bp
[shares] 15:33 CLOSE IntradayMomentumBoundary  GOOGL short trail   net=-11.43
[shares] 15:36 CLOSE VWAP_Reclaim              XLP short target  net=+44.18
[shares] 15:36 CLOSE Six_Lines                 XLP short target  net=+14.37
[shares] 15:40 CLOSE TTM_Squeeze               XLV short bars    net=+17.28
[shares] 15:52 CLOSE PDH_PDL_FailedBreak       WMT long  stop    net=-47.22
[shares] 15:55 CLOSE IntradayMomentumBoundary  IWM short trail   net=-59.22
[shares] 15:56 CLOSE IntradayMomentumBoundary  SPY short eod     net=+10.07
[shares] 15:56 CLOSE PDH_PDL_Breakout          IWM short eod     net=-2.82
[shares] 15:56 CLOSE Crabel_Stretch            DIA short eod     net=+105.60
[shares] 15:56 CLOSE IntradayMomentumBoundary  DIA short eod     net=+23.62
[shares] 15:56 CLOSE PDH_PDL_FailedBreak       XLK short eod     net=+55.73
[shares] 15:56 CLOSE PDH_PDL_Breakout          XLY short eod     net=+14.49
[shares] 15:56 CLOSE IntradayMomentumBoundary  XLY short eod     net=-35.51
[shares] 15:56 CLOSE Crabel_Stretch            XLV long  eod     net=-27.91
[shares] 15:56 CLOSE PDH_PDL_Breakout          XLP short eod     net=+1.20
[shares] 15:56 CLOSE Six_Lines_NoCap           XLP short eod     net=-3.59
[shares] 15:56 CLOSE IntradayMomentumBoundary  XLP short trail   net=-14.39
[shares] 15:56 CLOSE Crabel_Stretch            XLE short eod     net=+121.73
[shares] 15:56 CLOSE Six_Lines_NoCap           XLE short eod     net=+92.72
[shares] 15:56 CLOSE IntradayMomentumBoundary  XLE short eod     net=+31.10
[shares] 15:56 CLOSE Crabel_Stretch            XLF short eod     net=+100.87
[shares] 15:56 CLOSE Six_Lines_NoCap           XLF short eod     net=+85.08
[shares] 15:56 CLOSE IntradayMomentumBoundary  XLF short eod     net=+100.87
[shares] 15:56 CLOSE Crabel_Stretch            GOOGL short eod     net=+77.24
[shares] 15:56 CLOSE PDH_PDL_FailedBreak       GOOGL short eod     net=+40.65
[shares] 15:56 CLOSE ORB_5min                  GOOGL short eod     net=+57.97
[shares] 15:56 CLOSE Six_Lines_NoCap           GOOGL short eod     net=-17.23
[shares] 15:56 CLOSE Crabel_Stretch            WMT short eod     net=+6.50
[shares] daily: 193 trades, net $-404.05
