[replay shares] 2026-09-03 -- config 7c6414fc549315f3 -- history-backed, no outages; NOT the prospective record
[shares] warmup SPY: 25 prior sessions, stretch=1.4557400000000142
[shares] warmup QQQ: 25 prior sessions, stretch=2.0213799999999877
[shares] warmup IWM: 25 prior sessions, stretch=0.5019999999999982
[shares] warmup DIA: 25 prior sessions, stretch=0.6729999999999905
[shares] warmup XLK: 25 prior sessions, stretch=0.5344200000000001
[shares] warmup XLY: 25 prior sessions, stretch=0.2670000000000002
[shares] warmup XLI: 25 prior sessions, stretch=0.3085000000000065
[shares] warmup XLV: 25 prior sessions, stretch=0.4985199999999992
[shares] warmup XLP: 25 prior sessions, stretch=0.17750000000000057
[shares] warmup XLE: 25 prior sessions, stretch=0.3066999999999993
[shares] warmup XLF: 25 prior sessions, stretch=0.1355000000000004
[shares] warmup NVDA: 25 prior sessions, stretch=1.2000000000000028
[shares] warmup AAPL: 25 prior sessions, stretch=1.669440000000003
[shares] warmup GOOGL: 25 prior sessions, stretch=0.9710000000000036
[shares] warmup WMT: 25 prior sessions, stretch=0.4069999999999993
[replay] six-lines SPY: R1=763.26  R2=766.43  R3=768.00  S1=762.35  S2=761.73  S3=759.26
[replay] six-lines QQQ: R1=709.80  R2=710.74  R3=711.87  S1=705.90  S2=705.10  S3=702.95
[replay] six-lines IWM: R1=291.75  R2=294.35  R3=296.44  S1=292.98  S2=291.19  S3=289.58
[replay] six-lines DIA: R1=529.64  R2=532.17  R3=534.28  S1=530.53  S2=529.24  S3=526.61
[replay] six-lines XLK: R1=183.78  R2=184.21  R3=184.82  S1=182.27  S2=182.19  S3=181.50
[replay] six-lines XLY: R1=115.11  R2=115.12  R3=115.85  S1=114.73  S2=114.28  S3=114.25
[replay] six-lines XLI: R1=173.34  R2=173.73  R3=174.07  S1=172.37  S2=172.27  S3=171.62
[replay] six-lines XLV: R1=172.94  R2=174.01  R3=174.48  S1=172.81  S2=172.09  S3=171.07
[replay] six-lines XLP: R1=85.76  R2=85.95  R3=86.08  S1=85.25  S2=85.12  S3=85.04
[replay] six-lines XLE: R1=65.09  R2=65.34  R3=65.60  S1=64.36  S2=64.25  S3=64.22
[replay] six-lines XLF: R1=57.43  R2=58.07  R3=58.23  S1=57.64  S2=57.32  S3=57.15
[replay] six-lines NVDA: R1=218.98  R2=227.44  R3=227.95  S1=218.48  S2=217.44  S3=216.07
[replay] six-lines AAPL: R1=326.88  R2=327.52  R3=328.40  S1=323.53  S2=323.33  S3=322.17
[replay] six-lines GOOGL: R1=338.69  R2=340.00  R3=341.04  S1=333.93  S2=333.51  S3=332.82
[replay] six-lines WMT: R1=106.50  R2=106.59  R3=106.78  S1=105.81  S2=105.46  S3=105.44
[shares] 09:32 Crabel_Stretch            XLY long  116.45 x85.9sh spread=2.58bp
[shares] 09:32 Crabel_Stretch            XLI short 173.37 x57.7sh spread=1.15bp
[shares] 09:32 Crabel_Stretch            XLF long  58.15 x172.0sh spread=1.72bp
[shares] 09:32 Crabel_Stretch            GOOGL long  342.72 x29.2sh spread=1.75bp
[shares] 09:33 Crabel_Stretch            XLK short 182.90 x54.7sh spread=1.64bp
[shares] 09:33 Crabel_Stretch            AAPL long  327.44 x30.5sh spread=2.14bp
[shares] 09:34 Crabel_Stretch            DIA long  534.95 x18.7sh spread=0.93bp
[shares] 09:35 TTM_Squeeze               SPY long  768.97 x13.0sh spread=0.13bp
[shares] 09:35 PDH_PDL_Breakout          SPY long  768.97 x13.0sh spread=0.13bp
[shares] 09:35 PDH_PDL_Breakout          XLY long  116.61 x85.8sh spread=2.57bp
[shares] 09:35 Crabel_Stretch            XLV short 173.50 x57.6sh spread=1.15bp
[shares] 09:35 TTM_Squeeze               XLF long  58.38 x171.3sh spread=1.71bp
[shares] 09:35 PDH_PDL_Breakout          XLF long  58.38 x171.3sh spread=1.71bp
[shares] 09:35 TTM_Squeeze               NVDA long  227.06 x44.0sh spread=1.76bp
[shares] 09:35 TTM_Squeeze               GOOGL long  342.60 x29.2sh spread=4.09bp
[shares] 09:35 PDH_PDL_Breakout          GOOGL long  342.60 x29.2sh spread=4.09bp
[shares] 09:36 VWAP_Reclaim              IWM long  295.89 x33.8sh spread=0.34bp
[shares] 09:36 VWAP_Reclaim              XLI long  173.87 x57.5sh spread=3.45bp
[shares] 09:36 VWAP_Reclaim              AAPL short 324.32 x30.8sh spread=2.78bp
[shares] 09:37 ORB_5min                  XLK short 182.71 x54.7sh spread=1.64bp
[shares] 09:37 CLOSE TTM_Squeeze               NVDA long  stop    net=-50.65
[shares] 09:37 Crabel_Stretch            WMT long  106.87 x93.6sh spread=4.68bp
[shares] 09:38 VWAP_Reclaim              NVDA long  226.71 x44.1sh spread=0.44bp
[shares] 09:39 Crabel_Stretch            SPY long  769.47 x13.0sh spread=0.26bp
[shares] 09:39 CLOSE VWAP_Reclaim              IWM long  stop    net=-19.60
[shares] 09:39 Crabel_Stretch            XLP short 85.12 x117.5sh spread=1.17bp
[shares] 09:40 Six_Lines                 SPY long  769.74 x13.0sh spread=0.26bp
[shares] 09:40 Six_Lines_NoCap           SPY long  769.74 x13.0sh spread=0.26bp
[shares] 09:40 Six_Lines                 QQQ long  712.78 x14.0sh spread=0.56bp
[shares] 09:40 Six_Lines_NoCap           QQQ long  712.78 x14.0sh spread=0.56bp
[shares] 09:40 PDH_PDL_Breakout          QQQ long  712.78 x14.0sh spread=0.56bp
[shares] 09:40 Crabel_Stretch            IWM short 294.92 x33.9sh spread=0.34bp
[shares] 09:40 PDH_PDL_Breakout          IWM long  294.93 x33.9sh spread=0.34bp
[shares] 09:40 Six_Lines                 DIA long  534.52 x18.7sh spread=0.56bp
[shares] 09:40 Six_Lines_NoCap           DIA long  534.52 x18.7sh spread=0.56bp
[shares] 09:40 CLOSE ORB_5min                  XLK short stop    net=-70.60
[shares] 09:40 Six_Lines                 XLK long  184.00 x54.3sh spread=1.63bp
[shares] 09:40 Six_Lines_NoCap           XLK long  184.00 x54.3sh spread=1.63bp
[shares] 09:40 PDH_PDL_Breakout          XLK long  184.00 x54.3sh spread=1.63bp
[shares] 09:40 Six_Lines                 XLV short 172.47 x58.0sh spread=2.32bp
[shares] 09:40 Six_Lines_NoCap           XLV short 172.47 x58.0sh spread=2.32bp
[shares] 09:40 Six_Lines                 XLP short 84.98 x117.7sh spread=1.18bp
[shares] 09:40 Six_Lines_NoCap           XLP short 84.98 x117.7sh spread=1.18bp
[shares] 09:40 PDH_PDL_Breakout          XLP short 84.98 x117.7sh spread=1.18bp
[shares] 09:40 Six_Lines                 XLF long  58.31 x171.5sh spread=1.71bp
[shares] 09:40 Six_Lines_NoCap           XLF long  58.31 x171.5sh spread=1.71bp
[shares] 09:40 Crabel_Stretch            NVDA long  227.57 x43.9sh spread=2.20bp
[shares] 09:40 Six_Lines                 NVDA long  227.57 x43.9sh spread=2.20bp
[shares] 09:40 Six_Lines_NoCap           NVDA long  227.57 x43.9sh spread=2.20bp
[shares] 09:40 Six_Lines                 GOOGL long  344.36 x29.0sh spread=2.90bp
[shares] 09:40 Six_Lines_NoCap           GOOGL long  344.36 x29.0sh spread=2.90bp
[shares] 09:41 CLOSE PDH_PDL_Breakout          IWM long  stop    net=-0.34
[shares] 09:41 CLOSE Crabel_Stretch            XLK short stop    net=-61.24
[shares] 09:41 CLOSE TTM_Squeeze               XLF long  stop    net=-32.55
[shares] 09:42 Crabel_Stretch            QQQ long  713.36 x14.0sh spread=0.28bp
[shares] 09:42 VWAP_Reclaim              DIA long  534.80 x18.7sh spread=1.12bp
[shares] 09:42 CLOSE Six_Lines                 NVDA long  target  net=+7.03
[shares] 09:42 ORB_5min                  NVDA long  227.75 x43.9sh spread=0.88bp
[shares] 09:43 ORB_5min                  DIA long  535.05 x18.7sh spread=1.50bp
[shares] 09:43 VWAP_Reclaim              XLF long  58.31 x171.5sh spread=1.71bp
[shares] 09:44 VWAP_Reclaim              XLE short 65.02 x153.8sh spread=1.54bp
[shares] 09:45 Gap_Fade                  IWM short 295.06 x33.9sh spread=1.36bp
[shares] 09:45 PDH_PDL_Breakout          DIA long  535.35 x18.7sh spread=2.62bp
[shares] 09:45 TTM_Squeeze               XLK long  183.90 x54.4sh spread=1.09bp
[shares] 09:45 CLOSE Six_Lines                 XLV short target  net=+17.97
[shares] 09:45 ORB_5min                  XLV short 172.10 x58.1sh spread=3.49bp
[shares] 09:45 TTM_Squeeze               XLV short 172.10 x58.1sh spread=3.49bp
[shares] 09:45 Gap_Fade                  XLV short 172.10 x58.1sh spread=3.49bp
[shares] 09:45 CLOSE Six_Lines                 XLF long  target  net=+12.00
[shares] 09:45 PDH_PDL_FailedBreak       WMT short 106.71 x93.7sh spread=4.69bp
[shares] 09:46 CLOSE Gap_Fade                  XLV short target  net=+10.46
[shares] 09:47 ORB_15min                 XLV short 171.65 x58.3sh spread=2.33bp
[shares] 09:47 ORB_5min                  XLP short 84.90 x117.8sh spread=1.18bp
[shares] 09:47 CLOSE VWAP_Reclaim              XLE short stop    net=-32.30
[shares] 09:48 CLOSE Six_Lines                 XLP short target  net=+21.18
[shares] 09:48 ORB_15min                 XLP short 84.79 x117.9sh spread=1.18bp
[shares] 09:48 ORB_15min                 XLE long  65.31 x153.1sh spread=1.53bp
[shares] 09:49 CLOSE VWAP_Reclaim              NVDA long  target  net=+86.01
[shares] 09:49 ORB_15min                 NVDA long  228.68 x43.7sh spread=0.87bp
[shares] 09:50 ORB_5min                  SPY long  769.65 x13.0sh spread=0.26bp
[shares] 09:50 ORB_15min                 XLK long  184.23 x54.3sh spread=1.09bp
[shares] 09:50 EMA_9_20_Pullback         XLK long  184.23 x54.3sh spread=1.09bp
[shares] 09:50 PDH_PDL_Breakout          XLI long  173.51 x57.6sh spread=1.15bp
[shares] 09:50 Gap_Fade                  XLI short 173.49 x57.6sh spread=1.15bp
[shares] 09:50 PDH_PDL_Breakout          XLV short 171.59 x58.3sh spread=2.33bp
[shares] 09:50 PDH_PDL_Breakout          NVDA long  228.81 x43.7sh spread=1.31bp
[shares] 09:50 TTM_Squeeze               AAPL long  326.61 x30.6sh spread=1.22bp
[shares] 09:50 Six_Lines                 WMT long  106.75 x93.7sh spread=2.81bp
[shares] 09:50 Six_Lines_NoCap           WMT long  106.75 x93.7sh spread=2.81bp
[shares] 09:51 ORB_15min                 SPY long  769.93 x13.0sh spread=0.39bp
[shares] 09:51 ORB_5min                  QQQ long  713.55 x14.0sh spread=0.28bp
[shares] 09:51 ORB_15min                 QQQ long  713.55 x14.0sh spread=0.28bp
[shares] 09:51 CLOSE PDH_PDL_Breakout          XLI long  target  net=+19.60
[shares] 09:53 CLOSE Six_Lines                 DIA long  target  net=+17.02
[shares] 09:53 ORB_15min                 DIA long  535.47 x18.7sh spread=0.75bp
[shares] 09:53 CLOSE ORB_15min                 XLE long  stop    net=-16.84
[shares] 09:53 VWAP_Reclaim              XLE long  65.21 x153.4sh spread=1.53bp
[shares] 09:54 ORB_5min                  IWM short 294.90 x33.9sh spread=1.02bp
[shares] 09:55 PDH_PDL_FailedBreak       XLV long  172.16 x58.1sh spread=0.58bp
[shares] 09:57 ORB_15min                 IWM short 294.75 x33.9sh spread=0.68bp
[shares] 09:57 CLOSE PDH_PDL_Breakout          XLV short stop    net=-41.38
[shares] 09:57 ORB_5min                  XLF long  58.41 x171.2sh spread=1.71bp
[shares] 09:57 CLOSE PDH_PDL_Breakout          NVDA long  stop    net=-59.00
[shares] 10:00 EMA_9_20_Pullback         IWM long  294.85 x33.9sh spread=1.36bp
[shares] 10:00 PDH_PDL_FailedBreak       XLI short 173.28 x57.7sh spread=1.73bp
[shares] 10:00 CLOSE VWAP_Reclaim              XLE long  stop    net=-21.47
[shares] 10:00 EMA_9_20_Pullback         AAPL long  326.73 x30.6sh spread=1.53bp
[shares] 10:01 CLOSE ORB_15min                 SPY long  stop    net=-15.07
[shares] 10:01 VWAP_Reclaim              SPY short 768.77 x13.0sh spread=0.39bp
[shares] 10:01 CLOSE EMA_9_20_Pullback         IWM long  stop    net=-16.96
[shares] 10:01 CLOSE ORB_15min                 DIA long  stop    net=-18.11
[shares] 10:01 CLOSE VWAP_Reclaim              XLI long  stop    net=-47.74
[shares] 10:01 ORB_15min                 XLI short 173.04 x57.8sh spread=1.73bp
[shares] 10:01 IntradayMomentumBoundary  XLP short 84.98 x117.7sh spread=1.18bp
[shares] 10:01 IntradayMomentumBoundary  XLF long  58.39 x171.3sh spread=1.71bp
[shares] 10:01 IntradayMomentumBoundary  NVDA long  228.30 x43.8sh spread=0.44bp
[shares] 10:01 ORB_5min                  WMT long  106.91 x93.5sh spread=1.87bp
[shares] 10:02 CLOSE ORB_15min                 QQQ long  stop    net=-32.79
[shares] 10:02 CLOSE VWAP_Reclaim              DIA long  stop    net=-13.46
[shares] 10:02 CLOSE PDH_PDL_Breakout          DIA long  stop    net=-23.72
[shares] 10:02 CLOSE Gap_Fade                  XLI short target  net=+45.54
[shares] 10:02 ORB_5min                  XLI short 172.68 x57.9sh spread=1.16bp
[shares] 10:02 CLOSE PDH_PDL_FailedBreak       WMT short stop    net=-23.43
[shares] 10:02 CLOSE Six_Lines                 WMT long  target  net=+17.80
[shares] 10:03 CLOSE Gap_Fade                  IWM short target  net=+32.87
[shares] 10:03 CLOSE ORB_5min                  DIA long  stop    net=-21.49
[shares] 10:03 CLOSE IntradayMomentumBoundary  XLF long  trail   net=-22.26
[shares] 10:05 PDH_PDL_FailedBreak       IWM short 294.11 x34.0sh spread=0.34bp
[shares] 10:05 Gap_Fade                  DIA short 533.62 x18.7sh spread=0.75bp
[shares] 10:05 CLOSE IntradayMomentumBoundary  XLP short trail   net=-15.30
[shares] 10:05 PDH_PDL_FailedBreak       XLP long  85.11 x117.5sh spread=1.17bp
[shares] 10:06 CLOSE TTM_Squeeze               SPY long  stop    net=-8.71
[shares] 10:07 ORB_15min                 WMT long  107.03 x93.4sh spread=2.80bp
[shares] 10:08 CLOSE PDH_PDL_Breakout          SPY long  stop    net=-15.87
[shares] 10:08 CLOSE ORB_5min                  SPY long  stop    net=-24.69
[shares] 10:08 CLOSE Crabel_Stretch            DIA long  stop    net=-30.66
[shares] 10:09 CLOSE EMA_9_20_Pullback         XLK long  stop    net=-29.85
[shares] 10:10 CLOSE Six_Lines                 SPY long  trail   net=-25.20
[shares] 10:10 CLOSE Six_Lines_NoCap           SPY long  trail   net=-25.20
[shares] 10:10 CLOSE Six_Lines                 QQQ long  trail   net=-21.47
[shares] 10:10 CLOSE Six_Lines_NoCap           QQQ long  trail   net=-21.47
[shares] 10:10 CLOSE Six_Lines_NoCap           DIA long  trail   net=-26.38
[shares] 10:10 CLOSE Six_Lines                 XLK long  trail   net=-14.67
[shares] 10:10 CLOSE Six_Lines_NoCap           XLK long  trail   net=-14.67
[shares] 10:10 PDH_PDL_FailedBreak       XLK short 183.73 x54.4sh spread=1.63bp
[shares] 10:10 Six_Lines                 XLI short 172.15 x58.1sh spread=0.58bp
[shares] 10:10 Six_Lines_NoCap           XLI short 172.15 x58.1sh spread=0.58bp
[shares] 10:10 PDH_PDL_FailedBreak       XLF short 58.19 x171.9sh spread=1.72bp
[shares] 10:10 Six_Lines                 AAPL long  327.08 x30.6sh spread=0.92bp
[shares] 10:10 Six_Lines_NoCap           AAPL long  327.08 x30.6sh spread=0.92bp
[shares] 10:11 CLOSE VWAP_Reclaim              XLF long  stop    net=-22.29
[shares] 10:14 CLOSE VWAP_Reclaim              AAPL short stop    net=-99.90
[shares] 10:14 ORB_15min                 AAPL long  327.56 x30.5sh spread=1.53bp
[shares] 10:14 CLOSE TTM_Squeeze               GOOGL long  stop    net=-30.06
[shares] 10:15 CLOSE Six_Lines                 AAPL long  target  net=+31.49
[shares] 10:15 ORB_5min                  AAPL long  328.15 x30.5sh spread=1.22bp
[shares] 10:15 PDH_PDL_Breakout          WMT long  107.46 x93.1sh spread=1.86bp
[shares] 10:19 CLOSE PDH_PDL_FailedBreak       XLK short stop    net=-31.57
[shares] 10:20 PDH_PDL_Breakout          AAPL long  328.71 x30.4sh spread=0.61bp
[shares] 10:22 CLOSE TTM_Squeeze               AAPL long  target  net=+67.66
[shares] 10:24 CLOSE TTM_Squeeze               XLK long  target  net=+38.61
[shares] 10:28 CLOSE EMA_9_20_Pullback         AAPL long  target  net=+104.06
[shares] 10:28 CLOSE PDH_PDL_Breakout          AAPL long  target  net=+43.20
[shares] 10:29 CLOSE IntradayMomentumBoundary  NVDA long  trail   net=-31.98
[shares] 10:30 CLOSE Six_Lines                 XLI short trail   net=-17.43
[shares] 10:30 CLOSE Six_Lines_NoCap           XLI short trail   net=-17.43
[shares] 10:30 CLOSE TTM_Squeeze               XLV short bars    net=+13.36
[shares] 10:30 CLOSE Six_Lines_NoCap           NVDA long  trail   net=-9.67
[shares] 10:30 VWAP_Reclaim              NVDA short 227.35 x44.0sh spread=2.64bp
[shares] 10:30 PDH_PDL_FailedBreak       NVDA short 227.35 x44.0sh spread=2.64bp
[shares] 10:30 MOMO_CHASE                AAPL long  329.73 x30.3sh spread=0.91bp
[shares] 10:31 IntradayMomentumBoundary  QQQ long  713.38 x14.0sh spread=0.42bp
[shares] 10:31 IntradayMomentumBoundary  XLK long  184.50 x54.2sh spread=1.08bp
[shares] 10:31 IntradayMomentumBoundary  XLV short 171.83 x58.2sh spread=2.33bp
[shares] 10:31 IntradayMomentumBoundary  XLP short 85.00 x117.6sh spread=1.18bp
[shares] 10:31 IntradayMomentumBoundary  AAPL long  330.32 x30.3sh spread=0.30bp
[shares] 10:31 IntradayMomentumBoundary  WMT long  107.61 x92.9sh spread=1.86bp
[shares] 10:32 CLOSE IntradayMomentumBoundary  QQQ long  trail   net=-9.81
[shares] 10:32 CLOSE IntradayMomentumBoundary  XLK long  trail   net=-14.09
[shares] 10:32 ORB_5min                  XLE long  65.29 x153.2sh spread=1.53bp
[shares] 10:35 VWAP_Reclaim              QQQ short 711.73 x14.1sh spread=0.42bp
[shares] 10:35 MOMO_CHASE                IWM short 293.46 x34.1sh spread=0.68bp
[shares] 10:35 CLOSE ORB_15min                 NVDA long  stop    net=-102.76
[shares] 10:35 MOMO_CHASE                WMT long  107.77 x92.8sh spread=1.86bp
[shares] 10:37 CLOSE IntradayMomentumBoundary  XLV short trail   net=-15.71
[shares] 10:38 Crabel_Stretch            XLE long  65.43 x152.8sh spread=1.53bp
[shares] 10:38 CLOSE VWAP_Reclaim              NVDA short target  net=+46.62
[shares] 10:40 Six_Lines                 XLE long  65.45 x152.8sh spread=1.53bp
[shares] 10:40 Six_Lines_NoCap           XLE long  65.45 x152.8sh spread=1.53bp
[shares] 10:40 PDH_PDL_Breakout          XLE long  65.45 x152.8sh spread=1.53bp
[shares] 10:40 PDH_PDL_FailedBreak       AAPL short 328.35 x30.5sh spread=1.52bp
[shares] 10:45 MOMO_CHASE                XLE long  65.45 x152.8sh spread=1.53bp
[shares] 10:46 CLOSE IntradayMomentumBoundary  XLP short trail   net=-14.12
[shares] 10:46 CLOSE ORB_15min                 WMT long  target  net=+98.10
[shares] 10:48 VWAP_Reclaim              DIA long  534.80 x18.7sh spread=0.56bp
[shares] 10:48 VWAP_Reclaim              XLV long  172.47 x58.0sh spread=1.74bp
[shares] 10:49 CLOSE ORB_15min                 XLP short stop    net=-48.35
[shares] 10:50 MOMO_CHASE                XLI long  172.89 x57.8sh spread=1.74bp
[shares] 10:51 CLOSE PDH_PDL_Breakout          XLE long  stop    net=-16.81
[shares] 10:54 CLOSE ORB_5min                  WMT long  target  net=+128.15
[shares] 10:55 VWAP_Reclaim              XLI long  173.18 x57.7sh spread=1.73bp
[shares] 10:55 MOMO_CHASE                NVDA short 225.81 x44.3sh spread=1.33bp
[shares] 10:55 Gap_Fade                  NVDA short 225.81 x44.3sh spread=1.33bp
[shares] 10:55 CLOSE MOMO_CHASE                AAPL long  time    net=-50.04
[shares] 10:57 CLOSE VWAP_Reclaim              DIA long  stop    net=-6.17
[shares] 11:00 CLOSE VWAP_Reclaim              QQQ short stop    net=-25.57
[shares] 11:00 CLOSE MOMO_CHASE                IWM short time    net=-29.99
[shares] 11:00 CLOSE Six_Lines                 XLE long  trail   net=-33.61
[shares] 11:00 CLOSE Six_Lines_NoCap           XLE long  trail   net=-33.61
[shares] 11:00 PDH_PDL_FailedBreak       XLE short 65.23 x153.3sh spread=1.53bp
[shares] 11:00 CLOSE MOMO_CHASE                WMT long  time    net=+59.39
[shares] 11:00 MOMO_CHASE                WMT long  108.42 x92.2sh spread=0.92bp
[shares] 11:01 IntradayMomentumBoundary  SPY long  769.47 x13.0sh spread=0.39bp
[shares] 11:01 IntradayMomentumBoundary  QQQ long  713.99 x14.0sh spread=0.28bp
[shares] 11:01 IntradayMomentumBoundary  XLK long  184.70 x54.1sh spread=1.08bp
[shares] 11:02 CLOSE VWAP_Reclaim              SPY short stop    net=-10.15
[shares] 11:02 CLOSE PDH_PDL_Breakout          WMT long  target  net=+103.29
[shares] 11:03 VWAP_Reclaim              IWM long  294.76 x33.9sh spread=0.34bp
[shares] 11:05 MOMO_CHASE                SPY long  770.47 x13.0sh spread=0.39bp
[shares] 11:05 MOMO_CHASE                QQQ long  715.34 x14.0sh spread=0.28bp
[shares] 11:05 MOMO_CHASE                DIA long  535.50 x18.7sh spread=0.37bp
[shares] 11:06 CLOSE Gap_Fade                  DIA short stop    net=-38.04
[shares] 11:06 CLOSE ORB_15min                 XLI short stop    net=-30.63
[shares] 11:10 CLOSE Six_Lines_NoCap           XLP short trail   net=-48.25
[shares] 11:10 MOMO_CHASE                XLP long  85.39 x117.1sh spread=1.17bp
[shares] 11:10 CLOSE MOMO_CHASE                XLE long  time    net=-13.75
[shares] 11:10 MOMO_CHASE                AAPL long  330.06 x30.3sh spread=0.91bp
[shares] 11:12 CLOSE PDH_PDL_FailedBreak       AAPL short stop    net=-68.83
[shares] 11:14 CLOSE PDH_PDL_Breakout          XLP short stop    net=-51.78
[shares] 11:15 CLOSE MOMO_CHASE                XLI long  time    net=+36.44
[shares] 11:20 CLOSE PDH_PDL_FailedBreak       XLE short stop    net=-38.33
[shares] 11:20 MOMO_CHASE                XLE long  65.48 x152.7sh spread=1.53bp
[shares] 11:20 MOMO_CHASE                XLF long  58.40 x171.2sh spread=1.71bp
[shares] 11:20 CLOSE MOMO_CHASE                NVDA short time    net=-54.47
[shares] 11:23 CLOSE VWAP_Reclaim              XLI long  target  net=+36.96
[shares] 11:25 CLOSE ORB_5min                  XLI short stop    net=-72.39
[shares] 11:25 MOMO_CHASE                XLI long  173.93 x57.5sh spread=1.15bp
[shares] 11:25 CLOSE MOMO_CHASE                WMT long  time    net=+39.66
[shares] 11:29 CLOSE Crabel_Stretch            XLI short stop    net=-40.38
[shares] 11:29 CLOSE PDH_PDL_FailedBreak       XLI short stop    net=-45.59
[shares] 11:30 CLOSE MOMO_CHASE                SPY long  time    net=+31.80
[shares] 11:30 MOMO_CHASE                SPY long  772.94 x12.9sh spread=0.26bp
[shares] 11:30 CLOSE MOMO_CHASE                QQQ long  time    net=+33.27
[shares] 11:30 MOMO_CHASE                QQQ long  717.73 x13.9sh spread=0.14bp
[shares] 11:30 CLOSE MOMO_CHASE                DIA long  time    net=+33.05
[shares] 11:30 MOMO_CHASE                DIA long  537.30 x18.6sh spread=0.56bp
[shares] 11:30 MOMO_CHASE                XLK long  185.71 x53.8sh spread=1.62bp
[shares] 11:30 MOMO_CHASE                XLY long  116.77 x85.6sh spread=0.86bp
[shares] 11:30 MOMO_CHASE                NVDA long  227.82 x43.9sh spread=0.44bp
[shares] 11:31 IntradayMomentumBoundary  DIA long  537.60 x18.6sh spread=0.37bp
[shares] 11:31 IntradayMomentumBoundary  XLY long  116.79 x85.6sh spread=0.86bp
[shares] 11:31 IntradayMomentumBoundary  XLF long  58.47 x171.0sh spread=1.71bp
[shares] 11:34 CLOSE ORB_5min                  XLP short stop    net=-71.85
[shares] 11:35 CLOSE MOMO_CHASE                XLP long  time    net=+11.71
[shares] 11:35 MOMO_CHASE                XLP long  85.50 x117.0sh spread=1.17bp
[shares] 11:35 CLOSE MOMO_CHASE                AAPL long  time    net=+1.51
[shares] 11:45 CLOSE MOMO_CHASE                XLE long  time    net=-27.49
[shares] 11:45 CLOSE MOMO_CHASE                XLF long  time    net=-1.71
[shares] 11:47 CLOSE Crabel_Stretch            XLP short stop    net=-51.69
[shares] 11:50 CLOSE MOMO_CHASE                XLI long  time    net=+8.62
[shares] 11:50 CLOSE Six_Lines_NoCap           XLV short trail   net=-27.25
[shares] 11:53 VWAP_Reclaim              GOOGL short 342.36 x29.2sh spread=1.46bp
[shares] 11:55 CLOSE MOMO_CHASE                SPY long  time    net=+2.59
[shares] 11:55 MOMO_CHASE                SPY long  773.15 x12.9sh spread=0.13bp
[shares] 11:55 CLOSE MOMO_CHASE                QQQ long  time    net=-2.65
[shares] 11:55 CLOSE MOMO_CHASE                DIA long  time    net=-1.12
[shares] 11:55 CLOSE MOMO_CHASE                XLK long  time    net=-0.54
[shares] 11:55 CLOSE MOMO_CHASE                XLY long  time    net=+14.56
[shares] 11:55 CLOSE MOMO_CHASE                NVDA long  time    net=-11.41
[shares] 12:00 MOMO_CHASE                XLY long  117.03 x85.4sh spread=0.85bp
[shares] 12:00 CLOSE MOMO_CHASE                XLP long  time    net=+7.02
[shares] 12:13 CLOSE VWAP_Reclaim              GOOGL short target  net=+26.29
[shares] 12:15 MOMO_CHASE                XLP short 85.37 x117.1sh spread=1.17bp
[shares] 12:15 MOMO_CHASE                GOOGL short 341.29 x29.3sh spread=0.88bp
[shares] 12:15 TTM_Squeeze               GOOGL short 341.29 x29.3sh spread=0.88bp
[shares] 12:20 CLOSE MOMO_CHASE                SPY long  time    net=-5.69
[shares] 12:20 MOMO_CHASE                NVDA long  227.88 x43.9sh spread=1.32bp
[shares] 12:25 CLOSE MOMO_CHASE                XLY long  time    net=-17.94
[shares] 12:40 CLOSE MOMO_CHASE                XLP short time    net=-24.60
[shares] 12:40 CLOSE MOMO_CHASE                GOOGL short time    net=-13.48
[shares] 12:42 CLOSE ORB_15min                 XLK long  target  net=+95.53
[shares] 12:45 CLOSE MOMO_CHASE                NVDA long  time    net=-3.95
[shares] 12:48 CLOSE VWAP_Reclaim              XLV long  target  net=+36.53
[shares] 13:00 MOMO_CHASE                AAPL short 328.94 x30.4sh spread=0.61bp
[shares] 13:00 CLOSE TTM_Squeeze               GOOGL short bars    net=-14.65
[shares] 13:03 CLOSE IntradayMomentumBoundary  AAPL long  trail   net=-55.70
[shares] 13:05 TTM_Squeeze               AAPL short 328.68 x30.4sh spread=1.22bp
[shares] 13:11 CLOSE ORB_15min                 XLV short stop    net=-85.64
[shares] 13:25 TTM_Squeeze               XLV long  173.15 x57.8sh spread=1.16bp
[shares] 13:25 CLOSE MOMO_CHASE                AAPL short time    net=+38.30
[shares] 13:35 MOMO_CHASE                XLI long  174.31 x57.4sh spread=0.57bp
[shares] 13:40 MOMO_CHASE                XLF long  58.50 x170.9sh spread=1.71bp
[shares] 13:40 TTM_Squeeze               NVDA long  228.81 x43.7sh spread=0.87bp
[shares] 13:41 CLOSE PDH_PDL_FailedBreak       NVDA short stop    net=-101.17
[shares] 13:41 CLOSE Gap_Fade                  NVDA short stop    net=-170.05
[shares] 13:43 CLOSE ORB_5min                  XLE long  stop    net=-50.54
[shares] 13:45 TTM_Squeeze               XLE short 64.96 x153.9sh spread=1.54bp
[shares] 13:47 CLOSE TTM_Squeeze               AAPL short target  net=+57.50
[shares] 13:55 MOMO_CHASE                XLK long  185.90 x53.8sh spread=1.08bp
[shares] 13:55 MOMO_CHASE                XLE short 64.93 x154.0sh spread=1.54bp
[shares] 14:00 CLOSE MOMO_CHASE                XLI long  time    net=-0.57
[shares] 14:01 IntradayMomentumBoundary  NVDA long  230.08 x43.5sh spread=0.43bp
[shares] 14:02 CLOSE ORB_5min                  QQQ long  target  net=+70.21
[shares] 14:05 MOMO_CHASE                QQQ long  718.67 x13.9sh spread=0.28bp
[shares] 14:05 TTM_Squeeze               IWM long  295.20 x33.9sh spread=0.34bp
[shares] 14:05 CLOSE MOMO_CHASE                XLF long  time    net=-5.13
[shares] 14:10 CLOSE TTM_Squeeze               XLV long  bars    net=-6.35
[shares] 14:20 CLOSE MOMO_CHASE                XLK long  time    net=+13.99
[shares] 14:20 CLOSE MOMO_CHASE                XLE short time    net=+4.62
[shares] 14:25 CLOSE TTM_Squeeze               NVDA long  bars    net=+38.02
[shares] 14:30 CLOSE MOMO_CHASE                QQQ long  time    net=-1.39
[shares] 14:30 CLOSE TTM_Squeeze               XLE short bars    net=+15.39
[shares] 14:35 TTM_Squeeze               DIA long  536.98 x18.6sh spread=0.74bp
[shares] 14:43 CLOSE TTM_Squeeze               IWM long  stop    net=-11.86
[shares] 14:50 CLOSE Six_Lines_NoCap           AAPL long  trail   net=-9.17
[shares] 15:06 CLOSE PDH_PDL_FailedBreak       XLF short stop    net=-56.71
[shares] 15:13 CLOSE Crabel_Stretch            XLE long  stop    net=-94.76
[shares] 15:20 CLOSE TTM_Squeeze               DIA long  bars    net=-3.72
[shares] 15:54 CLOSE IntradayMomentumBoundary  NVDA long  trail   net=-55.63
[shares] 15:55 VWAP_Reclaim              AAPL long  328.65 x30.4sh spread=0.91bp
[shares] 15:56 CLOSE Crabel_Stretch            SPY long  eod     net=+44.97
[shares] 15:56 CLOSE IntradayMomentumBoundary  SPY long  eod     net=+44.97
[shares] 15:56 CLOSE PDH_PDL_Breakout          QQQ long  eod     net=+63.13
[shares] 15:56 CLOSE Crabel_Stretch            QQQ long  eod     net=+54.95
[shares] 15:56 CLOSE IntradayMomentumBoundary  QQQ long  eod     net=+46.08
[shares] 15:56 CLOSE Crabel_Stretch            IWM short eod     net=-13.56
[shares] 15:56 CLOSE ORB_5min                  IWM short eod     net=-14.24
[shares] 15:56 CLOSE ORB_15min                 IWM short eod     net=-19.34
[shares] 15:56 CLOSE PDH_PDL_FailedBreak       IWM short eod     net=-41.14
[shares] 15:56 CLOSE VWAP_Reclaim              IWM long  eod     net=+18.66
[shares] 15:56 CLOSE IntradayMomentumBoundary  DIA long  eod     net=-15.81
[shares] 15:56 CLOSE PDH_PDL_Breakout          XLK long  eod     net=+101.63
[shares] 15:56 CLOSE IntradayMomentumBoundary  XLK long  eod     net=+63.35
[shares] 15:56 CLOSE Crabel_Stretch            XLY long  eod     net=+6.01
[shares] 15:56 CLOSE PDH_PDL_Breakout          XLY long  eod     net=-7.72
[shares] 15:56 CLOSE IntradayMomentumBoundary  XLY long  eod     net=-23.12
[shares] 15:56 CLOSE Crabel_Stretch            XLV short eod     net=+14.41
[shares] 15:56 CLOSE ORB_5min                  XLV short eod     net=-66.82
[shares] 15:56 CLOSE PDH_PDL_FailedBreak       XLV long  eod     net=+62.73
[shares] 15:56 CLOSE PDH_PDL_FailedBreak       XLP long  eod     net=+10.57
[shares] 15:56 VWAP_Reclaim              XLP short 85.20 x117.4sh spread=1.17bp
[shares] 15:56 CLOSE Crabel_Stretch            XLF long  eod     net=+61.91
[shares] 15:56 CLOSE PDH_PDL_Breakout          XLF long  eod     net=+22.27
[shares] 15:56 CLOSE Six_Lines_NoCap           XLF long  eod     net=+34.30
[shares] 15:56 CLOSE ORB_5min                  XLF long  eod     net=+17.12
[shares] 15:56 CLOSE IntradayMomentumBoundary  XLF long  eod     net=+6.84
[shares] 15:56 CLOSE Crabel_Stretch            NVDA long  eod     net=+49.22
[shares] 15:56 CLOSE ORB_5min                  NVDA long  eod     net=+41.27
[shares] 15:56 CLOSE Crabel_Stretch            AAPL long  eod     net=+31.46
[shares] 15:56 CLOSE ORB_15min                 AAPL long  eod     net=+27.78
[shares] 15:56 CLOSE ORB_5min                  AAPL long  eod     net=+9.75
[shares] 15:56 CLOSE VWAP_Reclaim              AAPL long  eod     net=-5.48
[shares] 15:56 CLOSE Crabel_Stretch            GOOGL long  eod     net=-12.55
[shares] 15:56 CLOSE PDH_PDL_Breakout          GOOGL long  eod     net=-9.05
[shares] 15:56 CLOSE Six_Lines                 GOOGL long  eod     net=-60.11
[shares] 15:56 CLOSE Six_Lines_NoCap           GOOGL long  eod     net=-60.11
[shares] 15:56 VWAP_Reclaim              GOOGL short 342.29 x29.2sh spread=0.88bp
[shares] 15:56 CLOSE Crabel_Stretch            WMT long  eod     net=+144.10
[shares] 15:56 CLOSE Six_Lines_NoCap           WMT long  eod     net=+155.50
[shares] 15:56 CLOSE IntradayMomentumBoundary  WMT long  eod     net=+74.34
[shares] 15:57 VWAP_Reclaim              XLY short 116.44 x85.9sh spread=0.86bp
[shares] 15:57 CLOSE VWAP_Reclaim              XLP short eod     net=-1.17
[shares] 15:57 CLOSE VWAP_Reclaim              GOOGL short eod     net=-4.38
[shares] 15:58 CLOSE VWAP_Reclaim              XLY short eod     net=-5.15
[shares] daily: 182 trades, net $-550.54
