[replay shares] 2026-09-25 -- config 7c6414fc549315f3 -- history-backed, no outages; NOT the prospective record
[shares] warmup SPY: 24 prior sessions, stretch=0.8094000000000279
[shares] warmup QQQ: 24 prior sessions, stretch=1.3094000000000166
[shares] warmup IWM: 24 prior sessions, stretch=0.6115000000000066
[shares] warmup DIA: 24 prior sessions, stretch=0.7619999999999891
[shares] warmup XLK: 24 prior sessions, stretch=0.5659999999999996
[shares] warmup XLY: 24 prior sessions, stretch=0.3139999999999986
[shares] warmup XLI: 24 prior sessions, stretch=0.3939999999999969
[shares] warmup XLV: 24 prior sessions, stretch=0.5579999999999984
[shares] warmup XLP: 24 prior sessions, stretch=0.18804999999999694
[shares] warmup XLE: 24 prior sessions, stretch=0.16900000000000048
[shares] warmup XLF: 24 prior sessions, stretch=0.12349999999999924
[shares] warmup NVDA: 24 prior sessions, stretch=1.0684999999999945
[shares] warmup AAPL: 24 prior sessions, stretch=1.6019999999999925
[shares] warmup GOOGL: 24 prior sessions, stretch=1.4933799999999962
[shares] warmup WMT: 24 prior sessions, stretch=0.29399999999999976
[replay] six-lines SPY: R1=768.95  R2=769.20  R3=771.01  S1=764.48  S2=763.25  S3=761.57
[replay] six-lines QQQ: R1=742.29  R2=742.66  R3=747.06  S1=737.11  S2=734.62  S3=731.67
[replay] six-lines IWM: R1=282.24  R2=282.45  R3=283.19  S1=280.44  S2=279.30  S3=279.05
[replay] six-lines DIA: R1=514.14  R2=514.68  R3=515.10  S1=511.56  S2=510.88  S3=510.42
[replay] six-lines XLK: R1=195.20  R2=195.34  R3=196.60  S1=193.29  S2=192.61  S3=192.26
[replay] six-lines XLY: R1=110.89  R2=111.03  R3=111.29  S1=110.32  S2=109.62  S3=109.25
[replay] six-lines XLI: R1=170.04  R2=170.12  R3=170.83  S1=168.44  S2=168.44  S3=168.25
[replay] six-lines XLV: R1=170.00  R2=170.70  R3=171.53  S1=169.50  S2=168.72  S3=167.84
[replay] six-lines XLP: R1=82.21  R2=83.08  R3=83.10  S1=82.41  S2=81.71  S3=81.34
[replay] six-lines XLE: R1=62.63  R2=63.14  R3=63.41  S1=62.45  S2=62.16  S3=61.88
[replay] six-lines XLF: R1=54.74  R2=54.81  R3=54.83  S1=54.45  S2=54.31  S3=54.25
[replay] six-lines NVDA: R1=224.94  R2=225.90  R3=226.50  S1=222.12  S2=221.68  S3=221.09
[replay] six-lines AAPL: R1=337.25  R2=337.39  R3=338.91  S1=334.91  S2=334.87  S3=334.30
[replay] six-lines GOOGL: R1=341.32  R2=343.09  R3=344.33  S1=336.71  S2=336.02  S3=335.07
[replay] six-lines WMT: R1=109.18  R2=111.17  R3=111.35  S1=109.64  S2=107.51  S3=106.50
[shares] 09:33 VWAP_Reclaim              XLY short 110.01 x90.9sh spread=4.55bp
[shares] 09:33 Crabel_Stretch            XLY short 110.01 x90.9sh spread=4.55bp
[shares] 09:33 VWAP_Reclaim              XLP short 81.39 x122.9sh spread=1.23bp
[shares] 09:33 Crabel_Stretch            NVDA long  226.33 x44.2sh spread=0.88bp
[shares] 09:33 Crabel_Stretch            GOOGL long  345.60 x28.9sh spread=4.63bp
[shares] 09:33 VWAP_Reclaim              WMT short 106.72 x93.7sh spread=5.62bp
[shares] 09:33 Crabel_Stretch            WMT short 106.72 x93.7sh spread=5.62bp
[shares] 09:35 TTM_Squeeze               QQQ long  743.62 x13.4sh spread=0.40bp
[shares] 09:35 Crabel_Stretch            XLK long  196.26 x51.0sh spread=1.53bp
[shares] 09:35 TTM_Squeeze               XLK long  196.26 x51.0sh spread=1.53bp
[shares] 09:35 PDH_PDL_Breakout          XLK long  196.26 x51.0sh spread=1.53bp
[shares] 09:35 TTM_Squeeze               XLY short 110.07 x90.9sh spread=1.82bp
[shares] 09:35 VWAP_Reclaim              XLV short 169.82 x58.9sh spread=8.24bp
[shares] 09:35 PDH_PDL_Breakout          NVDA long  226.59 x44.1sh spread=1.77bp
[shares] 09:35 TTM_Squeeze               GOOGL long  346.26 x28.9sh spread=4.04bp
[shares] 09:35 PDH_PDL_Breakout          GOOGL long  346.26 x28.9sh spread=4.04bp
[shares] 09:37 Crabel_Stretch            XLE long  62.09 x161.1sh spread=1.61bp
[shares] 09:37 CLOSE TTM_Squeeze               GOOGL long  stop    net=-36.97
[shares] 09:38 Crabel_Stretch            XLI long  169.94 x58.8sh spread=4.71bp
[shares] 09:38 CLOSE VWAP_Reclaim              WMT short stop    net=-60.91
[shares] 09:38 CLOSE Crabel_Stretch            WMT short stop    net=-60.91
[shares] 09:39 Crabel_Stretch            SPY long  769.64 x13.0sh spread=0.26bp
[shares] 09:39 Crabel_Stretch            XLV short 169.53 x59.0sh spread=5.31bp
[shares] 09:40 Six_Lines                 SPY long  769.75 x13.0sh spread=0.39bp
[shares] 09:40 Six_Lines_NoCap           SPY long  769.75 x13.0sh spread=0.39bp
[shares] 09:40 TTM_Squeeze               SPY long  769.75 x13.0sh spread=0.39bp
[shares] 09:40 PDH_PDL_Breakout          SPY long  769.75 x13.0sh spread=0.39bp
[shares] 09:40 PDH_PDL_Breakout          QQQ long  744.09 x13.4sh spread=0.40bp
[shares] 09:40 Crabel_Stretch            DIA long  514.80 x19.4sh spread=0.97bp
[shares] 09:40 Six_Lines                 DIA long  514.80 x19.4sh spread=0.97bp
[shares] 09:40 Six_Lines_NoCap           DIA long  514.80 x19.4sh spread=0.97bp
[shares] 09:40 TTM_Squeeze               DIA long  514.80 x19.4sh spread=0.97bp
[shares] 09:40 PDH_PDL_Breakout          DIA long  514.80 x19.4sh spread=0.97bp
[shares] 09:40 Six_Lines                 XLY short 110.12 x90.8sh spread=0.91bp
[shares] 09:40 Six_Lines_NoCap           XLY short 110.12 x90.8sh spread=0.91bp
[shares] 09:40 Six_Lines                 XLI long  170.13 x58.8sh spread=4.11bp
[shares] 09:40 Six_Lines_NoCap           XLI long  170.13 x58.8sh spread=4.11bp
[shares] 09:40 TTM_Squeeze               XLI long  170.13 x58.8sh spread=4.11bp
[shares] 09:40 CLOSE VWAP_Reclaim              XLP short stop    net=-14.74
[shares] 09:40 PDH_PDL_Breakout          XLP short 81.49 x122.7sh spread=2.45bp
[shares] 09:40 VWAP_Reclaim              XLF long  54.67 x182.9sh spread=1.83bp
[shares] 09:40 TTM_Squeeze               XLF long  54.67 x182.9sh spread=1.83bp
[shares] 09:40 Six_Lines                 GOOGL long  345.21 x29.0sh spread=2.32bp
[shares] 09:40 Six_Lines_NoCap           GOOGL long  345.21 x29.0sh spread=2.32bp
[shares] 09:40 PDH_PDL_Breakout          WMT short 107.43 x93.1sh spread=2.79bp
[shares] 09:41 Crabel_Stretch            QQQ long  744.30 x13.4sh spread=0.54bp
[shares] 09:41 ORB_5min                  XLI long  170.06 x58.8sh spread=2.94bp
[shares] 09:41 CLOSE PDH_PDL_Breakout          XLP short target  net=+4.91
[shares] 09:41 CLOSE PDH_PDL_Breakout          WMT short target  net=+19.55
[shares] 09:44 CLOSE Six_Lines                 XLI long  target  net=+2.35
[shares] 09:44 CLOSE VWAP_Reclaim              XLV short target  net=+28.27
[shares] 09:44 VWAP_Reclaim              AAPL short 335.21 x29.8sh spread=1.79bp
[shares] 09:45 PDH_PDL_FailedBreak       IWM short 281.96 x35.5sh spread=0.35bp
[shares] 09:45 PDH_PDL_FailedBreak       XLI short 169.94 x58.8sh spread=2.35bp
[shares] 09:45 PDH_PDL_Breakout          XLE short 61.94 x161.4sh spread=1.61bp
[shares] 09:45 Gap_Fade                  XLE long  61.95 x161.4sh spread=1.61bp
[shares] 09:45 EMA_9_20_Pullback         AAPL short 335.72 x29.8sh spread=1.79bp
[shares] 09:46 CLOSE VWAP_Reclaim              XLF long  stop    net=-14.63
[shares] 09:46 CLOSE TTM_Squeeze               XLF long  stop    net=-14.63
[shares] 09:47 CLOSE PDH_PDL_Breakout          SPY long  stop    net=-3.90
[shares] 09:47 Crabel_Stretch            IWM short 281.69 x35.5sh spread=0.36bp
[shares] 09:48 ORB_15min                 IWM short 281.59 x35.5sh spread=0.71bp
[shares] 09:48 ORB_15min                 XLV short 169.22 x59.1sh spread=2.95bp
[shares] 09:49 ORB_15min                 XLF short 54.52 x183.4sh spread=1.83bp
[shares] 09:50 Six_Lines                 XLV short 169.37 x59.0sh spread=4.13bp
[shares] 09:50 Six_Lines_NoCap           XLV short 169.37 x59.0sh spread=4.13bp
[shares] 09:50 PDH_PDL_FailedBreak       NVDA short 224.92 x44.5sh spread=0.89bp
[shares] 09:50 EMA_9_20_Pullback         GOOGL long  344.23 x29.1sh spread=1.74bp
[shares] 09:50 ORB_15min                 WMT long  107.49 x93.0sh spread=1.86bp
[shares] 09:51 ORB_5min                  SPY long  769.59 x13.0sh spread=0.39bp
[shares] 09:51 ORB_15min                 XLP long  81.63 x122.5sh spread=1.23bp
[shares] 09:51 Crabel_Stretch            XLP long  81.63 x122.5sh spread=1.23bp
[shares] 09:52 ORB_5min                  XLV short 169.39 x59.0sh spread=2.36bp
[shares] 09:52 ORB_5min                  XLP long  81.73 x122.4sh spread=1.22bp
[shares] 09:53 ORB_15min                 QQQ long  744.70 x13.4sh spread=0.40bp
[shares] 09:53 VWAP_Reclaim              XLE short 61.93 x161.5sh spread=1.61bp
[shares] 09:54 ORB_15min                 XLK long  196.69 x50.8sh spread=0.51bp
[shares] 09:55 ORB_15min                 SPY long  770.11 x13.0sh spread=0.26bp
[shares] 09:55 ORB_5min                  QQQ long  745.06 x13.4sh spread=0.27bp
[shares] 09:55 EMA_9_20_Pullback         NVDA long  225.30 x44.4sh spread=0.44bp
[shares] 09:55 PDH_PDL_FailedBreak       WMT long  107.63 x92.9sh spread=0.93bp
[shares] 09:56 CLOSE PDH_PDL_Breakout          QQQ long  target  net=+15.99
[shares] 09:56 CLOSE TTM_Squeeze               XLY short stop    net=-30.89
[shares] 09:57 ORB_5min                  DIA long  515.19 x19.4sh spread=0.58bp
[shares] 09:57 ORB_5min                  XLK long  196.82 x50.8sh spread=1.02bp
[shares] 09:57 ORB_5min                  XLF short 54.51 x183.5sh spread=3.67bp
[shares] 09:58 CLOSE ORB_15min                 IWM short stop    net=-18.82
[shares] 09:59 Crabel_Stretch            XLF short 54.50 x183.5sh spread=1.83bp
[shares] 10:00 Six_Lines                 XLK long  196.77 x50.8sh spread=1.52bp
[shares] 10:00 Six_Lines_NoCap           XLK long  196.77 x50.8sh spread=1.52bp
[shares] 10:01 ORB_5min                  IWM short 281.62 x35.5sh spread=0.71bp
[shares] 10:01 IntradayMomentumBoundary  XLK long  196.57 x50.9sh spread=1.53bp
[shares] 10:01 IntradayMomentumBoundary  XLV short 169.10 x59.1sh spread=2.96bp
[shares] 10:01 CLOSE PDH_PDL_Breakout          XLE short stop    net=-37.13
[shares] 10:01 CLOSE VWAP_Reclaim              XLE short stop    net=-38.75
[shares] 10:01 ORB_5min                  WMT long  107.53 x93.0sh spread=3.72bp
[shares] 10:02 CLOSE TTM_Squeeze               SPY long  stop    net=-14.29
[shares] 10:02 CLOSE ORB_15min                 SPY long  stop    net=-18.96
[shares] 10:02 VWAP_Reclaim              DIA short 514.06 x19.5sh spread=0.97bp
[shares] 10:02 CLOSE Six_Lines                 XLY short target  net=+18.16
[shares] 10:02 CLOSE Six_Lines                 XLV short target  net=+16.53
[shares] 10:03 CLOSE ORB_15min                 QQQ long  stop    net=-17.86
[shares] 10:03 CLOSE TTM_Squeeze               DIA long  stop    net=-18.84
[shares] 10:03 CLOSE PDH_PDL_Breakout          DIA long  stop    net=-18.84
[shares] 10:03 CLOSE EMA_9_20_Pullback         GOOGL long  stop    net=-39.80
[shares] 10:04 CLOSE IntradayMomentumBoundary  XLK long  trail   net=-14.75
[shares] 10:05 CLOSE Crabel_Stretch            SPY long  stop    net=-26.77
[shares] 10:05 CLOSE ORB_5min                  SPY long  stop    net=-26.12
[shares] 10:05 PDH_PDL_FailedBreak       SPY short 767.58 x13.0sh spread=0.39bp
[shares] 10:05 PDH_PDL_FailedBreak       QQQ short 742.49 x13.5sh spread=0.40bp
[shares] 10:05 PDH_PDL_FailedBreak       DIA short 513.26 x19.5sh spread=0.78bp
[shares] 10:05 ORB_15min                 XLY short 109.75 x91.1sh spread=1.82bp
[shares] 10:05 CLOSE TTM_Squeeze               XLI long  stop    net=-29.98
[shares] 10:05 CLOSE PDH_PDL_Breakout          NVDA long  stop    net=-87.38
[shares] 10:05 ORB_15min                 NVDA short 224.61 x44.5sh spread=0.89bp
[shares] 10:05 PDH_PDL_FailedBreak       GOOGL short 342.63 x29.2sh spread=2.04bp
[shares] 10:06 CLOSE TTM_Squeeze               QQQ long  stop    net=-30.39
[shares] 10:06 CLOSE Crabel_Stretch            QQQ long  stop    net=-39.50
[shares] 10:06 CLOSE ORB_5min                  QQQ long  stop    net=-49.66
[shares] 10:06 CLOSE PDH_PDL_FailedBreak       IWM short target  net=+51.43
[shares] 10:06 CLOSE ORB_5min                  IWM short target  net=+39.41
[shares] 10:06 CLOSE Crabel_Stretch            DIA long  stop    net=-42.74
[shares] 10:06 CLOSE ORB_5min                  DIA long  stop    net=-50.27
[shares] 10:06 ORB_15min                 DIA short 512.60 x19.5sh spread=1.17bp
[shares] 10:06 CLOSE TTM_Squeeze               XLK long  stop    net=-36.18
[shares] 10:06 CLOSE ORB_15min                 XLK long  stop    net=-57.96
[shares] 10:06 CLOSE ORB_15min                 XLP long  stop    net=-15.93
[shares] 10:06 CLOSE Crabel_Stretch            NVDA long  stop    net=-96.32
[shares] 10:06 CLOSE EMA_9_20_Pullback         NVDA long  stop    net=-51.04
[shares] 10:06 ORB_5min                  NVDA short 224.15 x44.6sh spread=0.45bp
[shares] 10:06 CLOSE PDH_PDL_Breakout          GOOGL long  stop    net=-121.58
[shares] 10:08 VWAP_Reclaim              XLE short 61.96 x161.4sh spread=3.23bp
[shares] 10:09 ORB_5min                  XLY short 109.89 x91.0sh spread=0.91bp
[shares] 10:10 CLOSE Six_Lines                 SPY long  trail   net=-27.15
[shares] 10:10 CLOSE Six_Lines_NoCap           SPY long  trail   net=-27.15
[shares] 10:10 TTM_Squeeze               IWM short 281.02 x35.6sh spread=0.71bp
[shares] 10:10 CLOSE Six_Lines                 DIA long  trail   net=-24.86
[shares] 10:10 CLOSE Six_Lines_NoCap           DIA long  trail   net=-24.86
[shares] 10:10 CLOSE Six_Lines_NoCap           XLI long  trail   net=-40.56
[shares] 10:10 Six_Lines                 XLF short 54.40 x183.8sh spread=1.84bp
[shares] 10:10 Six_Lines_NoCap           XLF short 54.40 x183.8sh spread=1.84bp
[shares] 10:10 CLOSE Six_Lines                 GOOGL long  trail   net=-83.43
[shares] 10:10 CLOSE Six_Lines_NoCap           GOOGL long  trail   net=-83.43
[shares] 10:12 VWAP_Reclaim              WMT short 107.05 x93.4sh spread=1.87bp
[shares] 10:14 ORB_5min                  GOOGL short 341.71 x29.3sh spread=2.63bp
[shares] 10:14 ORB_15min                 GOOGL short 341.71 x29.3sh spread=2.63bp
[shares] 10:15 PDH_PDL_FailedBreak       XLV long  169.01 x59.2sh spread=1.78bp
[shares] 10:18 CLOSE PDH_PDL_Breakout          XLK long  stop    net=-58.60
[shares] 10:18 CLOSE ORB_5min                  XLK long  stop    net=-86.88
[shares] 10:18 CLOSE VWAP_Reclaim              XLE short stop    net=-25.82
[shares] 10:20 CLOSE Six_Lines                 XLK long  trail   net=-73.18
[shares] 10:20 CLOSE Six_Lines_NoCap           XLK long  trail   net=-73.18
[shares] 10:30 CLOSE ORB_15min                 DIA short stop    net=-30.82
[shares] 10:30 CLOSE Six_Lines                 XLF short trail   net=-29.41
[shares] 10:30 CLOSE Six_Lines_NoCap           XLF short trail   net=-29.41
[shares] 10:30 MOMO_CHASE                NVDA short 223.26 x44.8sh spread=0.90bp
[shares] 10:30 CLOSE VWAP_Reclaim              AAPL short stop    net=-34.90
[shares] 10:31 IntradayMomentumBoundary  XLY short 109.92 x91.0sh spread=0.91bp
[shares] 10:33 CLOSE EMA_9_20_Pullback         AAPL short stop    net=-36.64
[shares] 10:33 ORB_5min                  AAPL long  336.95 x29.7sh spread=1.19bp
[shares] 10:37 CLOSE IntradayMomentumBoundary  XLV short trail   net=-16.56
[shares] 10:38 VWAP_Reclaim              XLV long  169.48 x59.0sh spread=1.77bp
[shares] 10:40 CLOSE IntradayMomentumBoundary  XLY short trail   net=-3.64
[shares] 10:40 CLOSE Six_Lines_NoCap           XLV short trail   net=-10.04
[shares] 10:40 MOMO_CHASE                XLV long  169.54 x59.0sh spread=1.77bp
[shares] 10:40 Six_Lines                 AAPL long  337.35 x29.6sh spread=1.19bp
[shares] 10:40 Six_Lines_NoCap           AAPL long  337.35 x29.6sh spread=1.19bp
[shares] 10:40 MOMO_CHASE                AAPL long  337.35 x29.6sh spread=1.19bp
[shares] 10:41 CLOSE PDH_PDL_FailedBreak       XLV long  target  net=+33.73
[shares] 10:43 ORB_5min                  XLE long  62.09 x161.1sh spread=1.61bp
[shares] 10:49 VWAP_Reclaim              XLP short 81.46 x122.8sh spread=1.23bp
[shares] 10:49 VWAP_Reclaim              XLF short 54.48 x183.6sh spread=3.67bp
[shares] 10:50 VWAP_Reclaim              XLK long  196.11 x51.0sh spread=1.02bp
[shares] 10:55 CLOSE TTM_Squeeze               IWM short bars    net=+5.69
[shares] 10:55 CLOSE MOMO_CHASE                NVDA short time    net=-34.49
[shares] 11:00 MOMO_CHASE                QQQ long  742.97 x13.5sh spread=0.40bp
[shares] 11:04 VWAP_Reclaim              XLI long  169.82 x58.9sh spread=1.18bp
[shares] 11:04 CLOSE ORB_15min                 XLV short stop    net=-32.50
[shares] 11:05 MOMO_CHASE                IWM long  281.56 x35.5sh spread=0.71bp
[shares] 11:05 MOMO_CHASE                XLK long  196.49 x50.9sh spread=0.51bp
[shares] 11:05 CLOSE MOMO_CHASE                XLV long  time    net=+12.98
[shares] 11:05 MOMO_CHASE                XLV long  169.77 x58.9sh spread=0.59bp
[shares] 11:05 CLOSE MOMO_CHASE                AAPL long  time    net=+0.00
[shares] 11:08 CLOSE VWAP_Reclaim              XLP short stop    net=-22.10
[shares] 11:11 CLOSE VWAP_Reclaim              XLI long  stop    net=-26.50
[shares] 11:15 CLOSE VWAP_Reclaim              XLV long  target  net=+26.55
[shares] 11:15 MOMO_CHASE                XLE long  62.21 x160.7sh spread=1.61bp
[shares] 11:15 TTM_Squeeze               XLE long  62.21 x160.7sh spread=1.61bp
[shares] 11:18 CLOSE Six_Lines                 AAPL long  target  net=+21.64
[shares] 11:25 CLOSE MOMO_CHASE                QQQ long  time    net=-3.90
[shares] 11:25 TTM_Squeeze               WMT short 107.28 x93.2sh spread=0.93bp
[shares] 11:30 CLOSE MOMO_CHASE                IWM long  time    net=-5.33
[shares] 11:30 CLOSE MOMO_CHASE                XLK long  time    net=-19.34
[shares] 11:30 CLOSE MOMO_CHASE                XLV long  time    net=-1.18
[shares] 11:31 CLOSE VWAP_Reclaim              XLF short stop    net=-18.36
[shares] 11:31 CLOSE ORB_15min                 GOOGL short stop    net=-81.65
[shares] 11:32 CLOSE VWAP_Reclaim              WMT short stop    net=-43.90
[shares] 11:40 CLOSE MOMO_CHASE                XLE long  time    net=+4.82
[shares] 11:40 MOMO_CHASE                XLE long  62.25 x160.6sh spread=1.61bp
[shares] 11:40 PDH_PDL_FailedBreak       AAPL short 338.35 x29.6sh spread=0.89bp
[shares] 11:45 CLOSE VWAP_Reclaim              XLK long  stop    net=-29.07
[shares] 11:55 TTM_Squeeze               NVDA long  224.38 x44.6sh spread=0.45bp
[shares] 11:57 CLOSE PDH_PDL_FailedBreak       AAPL short stop    net=-21.58
[shares] 11:59 CLOSE VWAP_Reclaim              DIA short stop    net=-29.18
[shares] 11:59 CLOSE PDH_PDL_FailedBreak       DIA short stop    net=-44.81
[shares] 11:59 VWAP_Reclaim              XLK long  196.21 x51.0sh spread=1.02bp
[shares] 11:59 CLOSE ORB_15min                 XLY short stop    net=-56.49
[shares] 11:59 CLOSE TTM_Squeeze               XLE long  stop    net=-36.97
[shares] 11:59 CLOSE TTM_Squeeze               WMT short stop    net=-34.49
[shares] 12:00 TTM_Squeeze               IWM long  282.17 x35.4sh spread=0.71bp
[shares] 12:00 MOMO_CHASE                DIA long  515.83 x19.4sh spread=0.58bp
[shares] 12:00 CLOSE Six_Lines_NoCap           XLY short trail   net=-27.24
[shares] 12:00 TTM_Squeeze               XLY long  110.42 x90.6sh spread=0.91bp
[shares] 12:00 PDH_PDL_Breakout          XLI long  170.16 x58.8sh spread=1.18bp
[shares] 12:00 MOMO_CHASE                XLP long  81.70 x122.4sh spread=1.22bp
[shares] 12:00 Six_Lines                 XLE short 61.87 x161.6sh spread=1.62bp
[shares] 12:00 Six_Lines_NoCap           XLE short 61.87 x161.6sh spread=1.62bp
[shares] 12:00 CLOSE ORB_15min                 XLF short stop    net=-22.01
[shares] 12:00 MOMO_CHASE                AAPL long  339.53 x29.5sh spread=0.88bp
[shares] 12:00 PDH_PDL_Breakout          AAPL long  339.53 x29.5sh spread=0.88bp
[shares] 12:00 MOMO_CHASE                WMT long  107.61 x92.9sh spread=2.79bp
[shares] 12:01 CLOSE PDH_PDL_FailedBreak       SPY short stop    net=-38.17
[shares] 12:01 IntradayMomentumBoundary  DIA long  516.23 x19.4sh spread=0.77bp
[shares] 12:01 IntradayMomentumBoundary  XLK long  196.50 x50.9sh spread=1.02bp
[shares] 12:01 IntradayMomentumBoundary  XLI long  170.33 x58.7sh spread=0.59bp
[shares] 12:01 IntradayMomentumBoundary  AAPL long  339.70 x29.4sh spread=0.59bp
[shares] 12:03 CLOSE PDH_PDL_FailedBreak       XLI short stop    net=-35.90
[shares] 12:04 CLOSE Crabel_Stretch            IWM short stop    net=-54.32
[shares] 12:04 CLOSE ORB_5min                  XLF short stop    net=-40.36
[shares] 12:05 TTM_Squeeze               QQQ long  745.08 x13.4sh spread=0.27bp
[shares] 12:05 MOMO_CHASE                IWM long  283.12 x35.3sh spread=0.71bp
[shares] 12:05 PDH_PDL_Breakout          IWM long  283.12 x35.3sh spread=0.71bp
[shares] 12:05 TTM_Squeeze               DIA long  517.07 x19.3sh spread=0.97bp
[shares] 12:05 TTM_Squeeze               XLI long  170.66 x58.6sh spread=1.76bp
[shares] 12:05 TTM_Squeeze               XLP long  81.84 x122.2sh spread=1.22bp
[shares] 12:05 PDH_PDL_FailedBreak       XLP long  81.84 x122.2sh spread=1.22bp
[shares] 12:05 CLOSE MOMO_CHASE                XLE long  time    net=-53.01
[shares] 12:05 MOMO_CHASE                XLE short 61.92 x161.5sh spread=1.61bp
[shares] 12:05 TTM_Squeeze               XLF long  54.74 x182.7sh spread=1.83bp
[shares] 12:05 MOMO_CHASE                GOOGL long  344.97 x29.0sh spread=2.61bp
[shares] 12:06 CLOSE PDH_PDL_FailedBreak       QQQ short stop    net=-41.48
[shares] 12:06 CLOSE ORB_15min                 NVDA short stop    net=-53.43
[shares] 12:07 CLOSE Crabel_Stretch            XLF short stop    net=-47.71
[shares] 12:08 CLOSE VWAP_Reclaim              XLY short stop    net=-71.81
[shares] 12:08 CLOSE ORB_5min                  XLY short stop    net=-82.81
[shares] 12:08 CLOSE Gap_Fade                  XLE long  stop    net=-14.53
[shares] 12:08 CLOSE ORB_5min                  XLE long  stop    net=-37.04
[shares] 12:10 Six_Lines                 IWM long  283.39 x35.3sh spread=0.35bp
[shares] 12:10 Six_Lines_NoCap           IWM long  283.39 x35.3sh spread=0.35bp
[shares] 12:10 CLOSE PDH_PDL_Breakout          XLI long  target  net=+44.66
[shares] 12:10 CLOSE Crabel_Stretch            XLE long  stop    net=-49.93
[shares] 12:10 CLOSE Six_Lines                 XLE short target  net=+12.93
[shares] 12:11 CLOSE TTM_Squeeze               IWM long  target  net=+40.05
[shares] 12:15 MOMO_CHASE                SPY long  771.53 x13.0sh spread=0.39bp
[shares] 12:15 MOMO_CHASE                XLI long  170.91 x58.5sh spread=1.76bp
[shares] 12:20 PDH_PDL_FailedBreak       XLF short 54.77 x182.6sh spread=1.83bp
[shares] 12:21 CLOSE IntradayMomentumBoundary  XLK long  trail   net=-7.12
[shares] 12:24 CLOSE TTM_Squeeze               QQQ long  stop    net=-17.72
[shares] 12:25 CLOSE MOMO_CHASE                DIA long  time    net=+17.25
[shares] 12:25 CLOSE MOMO_CHASE                XLP long  time    net=+14.69
[shares] 12:25 CLOSE MOMO_CHASE                AAPL long  time    net=-5.89
[shares] 12:25 CLOSE MOMO_CHASE                WMT long  time    net=+8.36
[shares] 12:30 CLOSE MOMO_CHASE                IWM long  time    net=-4.24
[shares] 12:30 CLOSE MOMO_CHASE                XLE short time    net=+20.99
[shares] 12:30 CLOSE MOMO_CHASE                GOOGL long  time    net=-7.54
[shares] 12:31 IntradayMomentumBoundary  SPY long  771.50 x13.0sh spread=0.26bp
[shares] 12:31 IntradayMomentumBoundary  XLK long  196.79 x50.8sh spread=1.02bp
[shares] 12:35 CLOSE IntradayMomentumBoundary  SPY long  trail   net=-11.15
[shares] 12:40 CLOSE MOMO_CHASE                SPY long  time    net=-7.52
[shares] 12:40 PDH_PDL_FailedBreak       XLY short 110.76 x90.3sh spread=0.90bp
[shares] 12:40 CLOSE MOMO_CHASE                XLI long  time    net=-15.21
[shares] 12:40 CLOSE TTM_Squeeze               NVDA long  bars    net=+23.62
[shares] 12:45 CLOSE TTM_Squeeze               XLY long  bars    net=+27.17
[shares] 12:45 CLOSE PDH_PDL_FailedBreak       XLF short stop    net=-10.95
[shares] 12:45 PDH_PDL_Breakout          XLF long  54.83 x182.4sh spread=1.82bp
[shares] 12:46 CLOSE PDH_PDL_Breakout          XLF long  stop    net=-9.12
[shares] 12:50 CLOSE Six_Lines                 IWM long  trail   net=-34.23
[shares] 12:50 CLOSE Six_Lines_NoCap           IWM long  trail   net=-34.23
[shares] 12:50 CLOSE TTM_Squeeze               DIA long  bars    net=-7.35
[shares] 12:50 CLOSE TTM_Squeeze               XLI long  bars    net=-10.55
[shares] 12:50 CLOSE TTM_Squeeze               XLP long  bars    net=-4.89
[shares] 12:50 CLOSE TTM_Squeeze               XLF long  bars    net=+5.48
[shares] 13:00 CLOSE IntradayMomentumBoundary  XLI long  trail   net=-5.87
[shares] 13:01 CLOSE IntradayMomentumBoundary  XLK long  trail   net=-16.26
[shares] 13:05 MOMO_CHASE                XLP long  81.93 x122.1sh spread=1.22bp
[shares] 13:30 CLOSE MOMO_CHASE                XLP long  time    net=-1.22
[shares] 13:31 IntradayMomentumBoundary  SPY long  771.31 x13.0sh spread=0.13bp
[shares] 13:31 IntradayMomentumBoundary  XLK long  196.76 x50.8sh spread=1.02bp
[shares] 13:31 IntradayMomentumBoundary  XLI long  170.43 x58.7sh spread=0.59bp
[shares] 13:31 IntradayMomentumBoundary  XLP long  81.95 x122.0sh spread=1.22bp
[shares] 13:32 CLOSE IntradayMomentumBoundary  SPY long  trail   net=-4.93
[shares] 13:32 CLOSE PDH_PDL_Breakout          IWM long  stop    net=-42.03
[shares] 13:32 CLOSE IntradayMomentumBoundary  XLI long  trail   net=-8.21
[shares] 13:32 CLOSE IntradayMomentumBoundary  XLP long  trail   net=-3.66
[shares] 13:37 CLOSE IntradayMomentumBoundary  XLK long  trail   net=-9.15
[shares] 13:45 MOMO_CHASE                WMT long  108.00 x92.6sh spread=1.85bp
[shares] 14:01 IntradayMomentumBoundary  SPY long  771.10 x13.0sh spread=0.26bp
[shares] 14:01 IntradayMomentumBoundary  XLP long  81.96 x122.0sh spread=1.22bp
[shares] 14:10 TTM_Squeeze               XLV long  170.15 x58.8sh spread=1.18bp
[shares] 14:10 CLOSE MOMO_CHASE                WMT long  time    net=-8.33
[shares] 14:19 CLOSE IntradayMomentumBoundary  XLP long  trail   net=-9.76
[shares] 14:27 VWAP_Reclaim              NVDA short 224.60 x44.5sh spread=0.89bp
[shares] 14:28 CLOSE IntradayMomentumBoundary  SPY long  trail   net=-7.00
[shares] 14:28 CLOSE PDH_PDL_FailedBreak       XLY short target  net=+28.89
[shares] 14:31 IntradayMomentumBoundary  SPY long  771.17 x13.0sh spread=0.39bp
[shares] 14:31 IntradayMomentumBoundary  XLI long  170.27 x58.7sh spread=1.17bp
[shares] 14:31 CLOSE ORB_5min                  XLV short stop    net=-63.76
[shares] 14:33 CLOSE IntradayMomentumBoundary  XLI long  trail   net=-5.29
[shares] 14:38 CLOSE IntradayMomentumBoundary  SPY long  trail   net=-5.58
[shares] 14:40 TTM_Squeeze               NVDA short 224.20 x44.6sh spread=0.89bp
[shares] 14:50 CLOSE Six_Lines_NoCap           XLE short trail   net=-8.08
[shares] 14:50 TTM_Squeeze               XLE long  61.92 x161.5sh spread=1.61bp
[shares] 14:55 TTM_Squeeze               XLK short 196.32 x50.9sh spread=1.02bp
[shares] 14:55 CLOSE TTM_Squeeze               XLV long  bars    net=+19.98
[shares] 15:01 IntradayMomentumBoundary  XLP long  81.95 x122.0sh spread=1.22bp
[shares] 15:02 CLOSE IntradayMomentumBoundary  XLP long  trail   net=-3.66
[shares] 15:02 CLOSE VWAP_Reclaim              NVDA short target  net=+26.27
[shares] 15:25 CLOSE TTM_Squeeze               NVDA short bars    net=+16.95
[shares] 15:35 CLOSE TTM_Squeeze               XLE long  bars    net=+24.22
[shares] 15:40 CLOSE TTM_Squeeze               XLK short bars    net=+7.13
[shares] 15:40 CLOSE ORB_5min                  AAPL long  target  net=+108.32
[shares] 15:46 CLOSE Crabel_Stretch            XLV short stop    net=-72.55
[shares] 15:51 CLOSE PDH_PDL_Breakout          AAPL long  target  net=+62.14
[shares] 15:55 VWAP_Reclaim              GOOGL short 343.66 x29.1sh spread=0.58bp
[shares] 15:56 CLOSE IntradayMomentumBoundary  DIA long  eod     net=+23.63
[shares] 15:56 CLOSE Crabel_Stretch            XLK long  eod     net=+4.08
[shares] 15:56 CLOSE VWAP_Reclaim              XLK long  eod     net=+6.63
[shares] 15:56 CLOSE Crabel_Stretch            XLY short eod     net=-50.90
[shares] 15:56 CLOSE Crabel_Stretch            XLI long  eod     net=+28.83
[shares] 15:56 CLOSE ORB_5min                  XLI long  eod     net=+21.76
[shares] 15:56 CLOSE Crabel_Stretch            XLP long  eod     net=+55.13
[shares] 15:56 CLOSE ORB_5min                  XLP long  eod     net=+42.82
[shares] 15:56 CLOSE PDH_PDL_FailedBreak       XLP long  eod     net=+29.33
[shares] 15:56 CLOSE PDH_PDL_FailedBreak       NVDA short eod     net=-21.34
[shares] 15:56 CLOSE ORB_5min                  NVDA short eod     net=-55.77
[shares] 15:56 CLOSE Six_Lines_NoCap           AAPL long  eod     net=+99.30
[shares] 15:56 CLOSE IntradayMomentumBoundary  AAPL long  eod     net=+29.44
[shares] 15:56 CLOSE Crabel_Stretch            GOOGL long  eod     net=-42.25
[shares] 15:56 CLOSE PDH_PDL_FailedBreak       GOOGL short eod     net=-44.65
[shares] 15:56 CLOSE ORB_5min                  GOOGL short eod     net=-71.70
[shares] 15:56 CLOSE VWAP_Reclaim              GOOGL short eod     net=-14.55
[shares] 15:56 VWAP_Reclaim              GOOGL long  344.16 x29.1sh spread=0.58bp
[shares] 15:56 CLOSE ORB_15min                 WMT long  eod     net=+39.07
[shares] 15:56 CLOSE PDH_PDL_FailedBreak       WMT long  eod     net=+26.02
[shares] 15:56 CLOSE ORB_5min                  WMT long  eod     net=+35.34
[shares] 15:57 CLOSE VWAP_Reclaim              GOOGL long  eod     net=-6.97
[shares] daily: 173 trades, net $-2,788.21
