[replay shares] 2026-09-17 -- config 7c6414fc549315f3 -- history-backed, no outages; NOT the prospective record
[shares] warmup SPY: 24 prior sessions, stretch=0.9013000000000033
[shares] warmup QQQ: 24 prior sessions, stretch=1.6871899999999982
[shares] warmup IWM: 24 prior sessions, stretch=0.6520000000000096
[shares] warmup DIA: 24 prior sessions, stretch=0.6994999999999891
[shares] warmup XLK: 24 prior sessions, stretch=0.6775000000000005
[shares] warmup XLY: 24 prior sessions, stretch=0.2625
[shares] warmup XLI: 24 prior sessions, stretch=0.5485000000000042
[shares] warmup XLV: 24 prior sessions, stretch=0.31899999999999695
[shares] warmup XLP: 24 prior sessions, stretch=0.22499999999999573
[shares] warmup XLE: 24 prior sessions, stretch=0.184999999999998
[shares] warmup XLF: 24 prior sessions, stretch=0.11650000000000063
[shares] warmup NVDA: 24 prior sessions, stretch=0.9504999999999996
[shares] warmup AAPL: 24 prior sessions, stretch=1.4279999999999915
[shares] warmup GOOGL: 24 prior sessions, stretch=0.9263900000000035
[shares] warmup WMT: 24 prior sessions, stretch=0.464500000000001
[replay] six-lines SPY: R1=760.55  R2=761.65  R3=764.00  S1=756.69  S2=752.34  S3=749.60
[replay] six-lines QQQ: R1=709.48  R2=711.88  R3=716.78  S1=703.97  S2=701.63  S3=700.00
[replay] six-lines IWM: R1=286.21  R2=287.04  R3=288.19  S1=284.96  S2=283.92  S3=281.03
[replay] six-lines DIA: R1=521.77  R2=522.30  R3=523.26  S1=521.23  S2=515.22  S3=512.29
[replay] six-lines XLK: R1=186.13  R2=187.50  R3=190.56  S1=183.93  S2=183.74  S3=182.42
[replay] six-lines XLY: R1=111.31  R2=111.46  R3=112.10  S1=110.85  S2=109.92  S3=109.62
[replay] six-lines XLI: R1=169.85  R2=170.68  R3=172.53  S1=168.69  S2=168.64  S3=167.49
[replay] six-lines XLV: R1=168.15  R2=168.80  R3=169.24  S1=167.77  S2=167.41  S3=166.78
[replay] six-lines XLP: R1=83.80  R2=84.06  R3=84.08  S1=83.54  S2=83.33  S3=83.31
[replay] six-lines XLE: R1=64.38  R2=65.22  R3=65.94  S1=65.00  S2=63.68  S3=63.40
[replay] six-lines XLF: R1=56.59  R2=56.85  R3=57.00  S1=56.70  S2=55.93  S3=55.44
[replay] six-lines NVDA: R1=214.89  R2=216.76  R3=219.05  S1=212.50  S2=208.58  S3=207.75
[replay] six-lines AAPL: R1=333.85  R2=335.17  R3=335.48  S1=332.32  S2=330.70  S3=329.47
[replay] six-lines GOOGL: R1=347.30  R2=348.40  R3=348.98  S1=343.52  S2=342.44  S3=340.64
[replay] six-lines WMT: R1=108.57  R2=108.67  R3=108.86  S1=107.88  S2=107.45  S3=107.31
[shares] 09:32 Crabel_Stretch            SPY short 762.11 x13.1sh spread=0.52bp
[shares] 09:32 Crabel_Stretch            DIA short 518.70 x19.3sh spread=1.16bp
[shares] 09:32 Crabel_Stretch            XLE long  63.86 x156.6sh spread=1.57bp
[shares] 09:32 Crabel_Stretch            XLF short 56.11 x178.2sh spread=1.78bp
[shares] 09:32 Crabel_Stretch            AAPL short 333.28 x30.0sh spread=3.60bp
[shares] 09:33 Crabel_Stretch            XLI short 170.76 x58.6sh spread=1.17bp
[shares] 09:33 VWAP_Reclaim              WMT short 107.14 x93.3sh spread=3.73bp
[shares] 09:33 Crabel_Stretch            WMT short 107.14 x93.3sh spread=3.73bp
[shares] 09:34 Crabel_Stretch            GOOGL short 347.11 x28.8sh spread=3.17bp
[shares] 09:35 Crabel_Stretch            QQQ short 714.10 x14.0sh spread=0.14bp
[shares] 09:35 PDH_PDL_Breakout          QQQ long  714.11 x14.0sh spread=0.14bp
[shares] 09:35 Crabel_Stretch            IWM short 287.19 x34.8sh spread=0.70bp
[shares] 09:35 PDH_PDL_Breakout          XLK long  186.75 x53.5sh spread=1.61bp
[shares] 09:35 Crabel_Stretch            NVDA short 217.27 x46.0sh spread=0.92bp
[shares] 09:35 PDH_PDL_Breakout          NVDA long  217.29 x46.0sh spread=0.92bp
[shares] 09:35 PDH_PDL_Breakout          WMT short 106.86 x93.6sh spread=2.81bp
[shares] 09:36 CLOSE PDH_PDL_Breakout          QQQ long  target  net=+4.20
[shares] 09:36 CLOSE PDH_PDL_Breakout          XLK long  target  net=+5.35
[shares] 09:36 Crabel_Stretch            XLY short 111.73 x89.5sh spread=0.90bp
[shares] 09:36 CLOSE PDH_PDL_Breakout          NVDA long  target  net=+18.87
[shares] 09:38 VWAP_Reclaim              NVDA long  218.09 x45.9sh spread=0.92bp
[shares] 09:40 VWAP_Reclaim              XLV long  168.60 x59.3sh spread=2.97bp
[shares] 09:40 Six_Lines                 WMT short 106.93 x93.5sh spread=3.74bp
[shares] 09:40 Six_Lines_NoCap           WMT short 106.93 x93.5sh spread=3.74bp
[shares] 09:41 VWAP_Reclaim              XLK long  187.12 x53.4sh spread=1.60bp
[shares] 09:42 CLOSE Six_Lines                 WMT short target  net=+19.64
[shares] 09:44 ORB_5min                  XLK long  187.43 x53.4sh spread=1.60bp
[shares] 09:45 PDH_PDL_FailedBreak       SPY short 760.93 x13.1sh spread=0.13bp
[shares] 09:45 Gap_Fade                  SPY short 760.93 x13.1sh spread=0.13bp
[shares] 09:45 Gap_Fade                  QQQ short 714.21 x14.0sh spread=0.28bp
[shares] 09:45 ORB_5min                  IWM short 286.91 x34.9sh spread=0.70bp
[shares] 09:45 PDH_PDL_FailedBreak       IWM short 286.91 x34.9sh spread=0.70bp
[shares] 09:45 Gap_Fade                  IWM short 286.91 x34.9sh spread=0.70bp
[shares] 09:45 Gap_Fade                  DIA short 517.11 x19.3sh spread=0.97bp
[shares] 09:45 PDH_PDL_FailedBreak       XLY short 111.27 x89.9sh spread=0.90bp
[shares] 09:45 Gap_Fade                  XLY short 111.27 x89.9sh spread=0.90bp
[shares] 09:45 PDH_PDL_FailedBreak       XLI short 170.47 x58.7sh spread=1.17bp
[shares] 09:45 Gap_Fade                  XLI short 170.47 x58.7sh spread=1.17bp
[shares] 09:45 PDH_PDL_FailedBreak       XLE long  64.11 x156.0sh spread=1.56bp
[shares] 09:45 Gap_Fade                  XLE long  64.11 x156.0sh spread=1.56bp
[shares] 09:45 Gap_Fade                  XLF short 55.79 x179.2sh spread=1.79bp
[shares] 09:45 Gap_Fade                  NVDA short 217.81 x45.9sh spread=1.38bp
[shares] 09:45 PDH_PDL_FailedBreak       AAPL short 331.97 x30.1sh spread=2.41bp
[shares] 09:45 Gap_Fade                  AAPL short 331.97 x30.1sh spread=2.41bp
[shares] 09:45 PDH_PDL_FailedBreak       GOOGL short 345.79 x28.9sh spread=2.31bp
[shares] 09:45 Gap_Fade                  GOOGL short 345.79 x28.9sh spread=2.31bp
[shares] 09:46 ORB_5min                  SPY short 760.81 x13.1sh spread=0.26bp
[shares] 09:46 CLOSE VWAP_Reclaim              XLK long  target  net=+17.10
[shares] 09:46 ORB_5min                  XLI short 170.42 x58.7sh spread=2.35bp
[shares] 09:46 ORB_5min                  XLP short 83.42 x119.9sh spread=1.20bp
[shares] 09:46 CLOSE Gap_Fade                  XLE long  target  net=+14.04
[shares] 09:46 CLOSE Gap_Fade                  XLF short target  net=+1.79
[shares] 09:46 CLOSE Gap_Fade                  AAPL short target  net=+0.90
[shares] 09:47 ORB_15min                 XLK long  187.67 x53.3sh spread=0.53bp
[shares] 09:47 Crabel_Stretch            XLV long  168.80 x59.2sh spread=2.96bp
[shares] 09:47 ORB_15min                 XLE long  64.20 x155.8sh spread=1.56bp
[shares] 09:47 ORB_15min                 XLF short 55.71 x179.5sh spread=1.80bp
[shares] 09:47 ORB_15min                 GOOGL short 345.04 x29.0sh spread=2.90bp
[shares] 09:48 ORB_15min                 XLV long  168.87 x59.2sh spread=2.37bp
[shares] 09:49 ORB_15min                 AAPL short 331.12 x30.2sh spread=1.81bp
[shares] 09:50 PDH_PDL_Breakout          IWM long  287.32 x34.8sh spread=0.35bp
[shares] 09:50 Six_Lines                 XLK long  187.75 x53.3sh spread=1.07bp
[shares] 09:50 Six_Lines_NoCap           XLK long  187.75 x53.3sh spread=1.07bp
[shares] 09:50 Six_Lines                 XLV long  169.06 x59.2sh spread=2.96bp
[shares] 09:50 Six_Lines_NoCap           XLV long  169.06 x59.2sh spread=2.96bp
[shares] 09:50 PDH_PDL_Breakout          XLV long  169.06 x59.2sh spread=2.96bp
[shares] 09:50 Six_Lines                 XLF short 55.77 x179.3sh spread=1.79bp
[shares] 09:50 Six_Lines_NoCap           XLF short 55.77 x179.3sh spread=1.79bp
[shares] 09:50 Six_Lines                 AAPL short 330.94 x30.2sh spread=1.51bp
[shares] 09:50 Six_Lines_NoCap           AAPL short 330.94 x30.2sh spread=1.51bp
[shares] 09:51 VWAP_Reclaim              XLI long  170.85 x58.5sh spread=2.34bp
[shares] 09:51 CLOSE Six_Lines                 AAPL short target  net=+18.73
[shares] 09:51 ORB_5min                  AAPL short 330.28 x30.3sh spread=1.21bp
[shares] 09:53 CLOSE VWAP_Reclaim              XLI long  stop    net=-28.68
[shares] 09:55 CLOSE PDH_PDL_Breakout          IWM long  stop    net=-16.36
[shares] 09:55 ORB_15min                 XLI short 170.13 x58.8sh spread=1.18bp
[shares] 09:55 PDH_PDL_FailedBreak       XLV short 168.74 x59.3sh spread=2.37bp
[shares] 09:55 ORB_5min                  XLF short 55.71 x179.5sh spread=1.80bp
[shares] 09:55 CLOSE Gap_Fade                  NVDA short stop    net=-39.48
[shares] 09:56 ORB_5min                  DIA short 517.37 x19.3sh spread=0.77bp
[shares] 09:57 ORB_5min                  XLE long  64.11 x156.0sh spread=1.56bp
[shares] 09:57 ORB_15min                 NVDA long  218.78 x45.7sh spread=1.37bp
[shares] 09:59 ORB_5min                  NVDA long  219.06 x45.6sh spread=0.46bp
[shares] 09:59 ORB_5min                  GOOGL short 345.19 x29.0sh spread=1.74bp
[shares] 10:00 PDH_PDL_Breakout          XLY long  111.74 x89.5sh spread=0.89bp
[shares] 10:01 ORB_5min                  XLY short 111.55 x89.6sh spread=0.90bp
[shares] 10:01 IntradayMomentumBoundary  XLF short 55.73 x179.4sh spread=1.79bp
[shares] 10:01 IntradayMomentumBoundary  WMT short 106.92 x93.5sh spread=1.87bp
[shares] 10:02 CLOSE IntradayMomentumBoundary  WMT short trail   net=-14.03
[shares] 10:03 ORB_15min                 IWM short 286.53 x34.9sh spread=0.70bp
[shares] 10:03 ORB_15min                 DIA short 516.81 x19.3sh spread=0.39bp
[shares] 10:03 CLOSE ORB_15min                 XLV long  stop    net=-26.65
[shares] 10:03 CLOSE PDH_PDL_Breakout          XLV long  stop    net=-37.86
[shares] 10:03 VWAP_Reclaim              XLE short 63.86 x156.6sh spread=1.57bp
[shares] 10:05 CLOSE Six_Lines                 XLF short target  net=+21.52
[shares] 10:06 ORB_15min                 XLP short 83.32 x120.0sh spread=1.20bp
[shares] 10:07 CLOSE VWAP_Reclaim              XLV long  stop    net=-23.72
[shares] 10:07 CLOSE ORB_15min                 XLE long  stop    net=-62.31
[shares] 10:07 VWAP_Reclaim              AAPL long  332.37 x30.1sh spread=1.50bp
[shares] 10:08 ORB_15min                 SPY short 760.10 x13.2sh spread=0.13bp
[shares] 10:08 CLOSE Crabel_Stretch            XLV long  stop    net=-45.02
[shares] 10:09 CLOSE PDH_PDL_FailedBreak       XLV short target  net=+50.97
[shares] 10:10 CLOSE Six_Lines                 XLK long  trail   net=-15.98
[shares] 10:10 CLOSE Six_Lines_NoCap           XLK long  trail   net=-15.98
[shares] 10:10 CLOSE Six_Lines                 XLV long  trail   net=-63.88
[shares] 10:10 CLOSE Six_Lines_NoCap           XLV long  trail   net=-63.88
[shares] 10:10 Six_Lines                 NVDA long  219.14 x45.6sh spread=0.91bp
[shares] 10:10 Six_Lines_NoCap           NVDA long  219.14 x45.6sh spread=0.91bp
[shares] 10:10 CLOSE Six_Lines_NoCap           AAPL short trail   net=-55.30
[shares] 10:11 CLOSE Crabel_Stretch            NVDA short stop    net=-95.27
[shares] 10:11 CLOSE VWAP_Reclaim              NVDA long  target  net=+56.40
[shares] 10:13 ORB_5min                  XLV short 167.88 x59.6sh spread=2.38bp
[shares] 10:13 CLOSE Six_Lines                 NVDA long  target  net=+18.71
[shares] 10:16 CLOSE ORB_15min                 AAPL short stop    net=-70.37
[shares] 10:19 Crabel_Stretch            XLK long  188.00 x53.2sh spread=1.06bp
[shares] 10:20 PDH_PDL_FailedBreak       XLP long  83.41 x119.9sh spread=1.20bp
[shares] 10:22 CLOSE IntradayMomentumBoundary  XLF short trail   net=-14.35
[shares] 10:23 CLOSE ORB_15min                 SPY short stop    net=-22.50
[shares] 10:25 PDH_PDL_Breakout          SPY long  761.97 x13.1sh spread=0.26bp
[shares] 10:25 EMA_9_20_Pullback         XLE short 63.79 x156.8sh spread=1.57bp
[shares] 10:27 Crabel_Stretch            XLP short 83.28 x120.1sh spread=1.20bp
[shares] 10:28 CLOSE Gap_Fade                  QQQ short stop    net=-32.34
[shares] 10:28 ORB_15min                 QQQ long  716.52 x14.0sh spread=0.14bp
[shares] 10:28 CLOSE ORB_15min                 IWM short stop    net=-32.81
[shares] 10:28 CLOSE PDH_PDL_FailedBreak       XLP long  stop    net=-15.59
[shares] 10:29 ORB_15min                 WMT short 106.65 x93.8sh spread=0.94bp
[shares] 10:30 Six_Lines                 XLP short 83.23 x120.1sh spread=1.20bp
[shares] 10:30 Six_Lines_NoCap           XLP short 83.23 x120.1sh spread=1.20bp
[shares] 10:30 PDH_PDL_Breakout          XLP short 83.23 x120.1sh spread=1.20bp
[shares] 10:30 ORB_5min                  WMT short 106.59 x93.8sh spread=1.88bp
[shares] 10:31 IntradayMomentumBoundary  XLK long  188.05 x53.2sh spread=0.53bp
[shares] 10:31 IntradayMomentumBoundary  XLF short 55.72 x179.5sh spread=1.79bp
[shares] 10:31 CLOSE ORB_15min                 GOOGL short stop    net=-67.82
[shares] 10:31 IntradayMomentumBoundary  WMT short 106.60 x93.8sh spread=0.94bp
[shares] 10:35 MOMO_CHASE                XLP short 83.14 x120.3sh spread=1.20bp
[shares] 10:35 TTM_Squeeze               XLP short 83.14 x120.3sh spread=1.20bp
[shares] 10:35 MOMO_CHASE                NVDA long  219.81 x45.5sh spread=0.45bp
[shares] 10:35 MOMO_CHASE                GOOGL long  347.93 x28.7sh spread=1.72bp
[shares] 10:35 MOMO_CHASE                WMT short 106.47 x93.9sh spread=1.88bp
[shares] 10:36 ORB_5min                  QQQ long  716.44 x14.0sh spread=0.28bp
[shares] 10:43 CLOSE EMA_9_20_Pullback         XLE short stop    net=-28.22
[shares] 10:45 CLOSE IntradayMomentumBoundary  XLF short trail   net=-10.77
[shares] 10:48 CLOSE PDH_PDL_Breakout          SPY long  stop    net=-10.11
[shares] 10:52 CLOSE Six_Lines                 XLP short target  net=+18.02
[shares] 10:53 CLOSE ORB_5min                  XLI short target  net=+91.54
[shares] 10:55 CLOSE IntradayMomentumBoundary  XLK long  trail   net=-13.83
[shares] 10:55 CLOSE ORB_15min                 XLI short target  net=+76.41
[shares] 10:55 MOMO_CHASE                XLI short 168.80 x59.2sh spread=1.78bp
[shares] 10:56 CLOSE Gap_Fade                  XLI short target  net=+104.42
[shares] 10:57 CLOSE PDH_PDL_Breakout          XLP short target  net=+25.23
[shares] 10:58 CLOSE ORB_5min                  XLP short target  net=+46.75
[shares] 11:00 CLOSE MOMO_CHASE                XLP short time    net=+10.83
[shares] 11:00 MOMO_CHASE                XLP short 83.04 x120.4sh spread=1.20bp
[shares] 11:00 CLOSE MOMO_CHASE                NVDA long  time    net=-31.39
[shares] 11:00 CLOSE MOMO_CHASE                GOOGL long  time    net=-45.70
[shares] 11:00 CLOSE MOMO_CHASE                WMT short time    net=+3.76
[shares] 11:01 IntradayMomentumBoundary  XLP short 83.03 x120.4sh spread=1.20bp
[shares] 11:01 IntradayMomentumBoundary  XLF short 55.69 x179.6sh spread=1.80bp
[shares] 11:04 CLOSE IntradayMomentumBoundary  XLF short trail   net=-10.77
[shares] 11:06 CLOSE ORB_15min                 QQQ long  stop    net=-24.70
[shares] 11:14 CLOSE IntradayMomentumBoundary  XLP short trail   net=-19.27
[shares] 11:20 CLOSE MOMO_CHASE                XLI short time    net=-16.59
[shares] 11:20 CLOSE TTM_Squeeze               XLP short bars    net=+1.20
[shares] 11:20 CLOSE Six_Lines_NoCap           NVDA long  trail   net=-12.32
[shares] 11:25 CLOSE MOMO_CHASE                XLP short time    net=-3.61
[shares] 11:31 IntradayMomentumBoundary  XLK long  187.99 x53.2sh spread=1.06bp
[shares] 11:31 IntradayMomentumBoundary  XLP short 83.09 x120.4sh spread=1.20bp
[shares] 11:32 CLOSE VWAP_Reclaim              WMT short target  net=+84.94
[shares] 11:34 CLOSE IntradayMomentumBoundary  XLK long  trail   net=-2.13
[shares] 11:34 CLOSE IntradayMomentumBoundary  XLP short trail   net=-3.61
[shares] 11:40 MOMO_CHASE                DIA long  518.23 x19.3sh spread=0.39bp
[shares] 11:45 TTM_Squeeze               XLV long  168.67 x59.3sh spread=0.59bp
[shares] 11:50 CLOSE Six_Lines_NoCap           XLF short trail   net=-32.28
[shares] 11:50 TTM_Squeeze               AAPL long  334.16 x29.9sh spread=1.20bp
[shares] 11:52 CLOSE VWAP_Reclaim              AAPL long  target  net=+62.28
[shares] 11:54 VWAP_Reclaim              GOOGL short 346.25 x28.9sh spread=2.02bp
[shares] 11:55 MOMO_CHASE                GOOGL short 346.20 x28.9sh spread=3.47bp
[shares] 11:59 CLOSE VWAP_Reclaim              GOOGL short target  net=+31.48
[shares] 12:00 MOMO_CHASE                XLP long  83.31 x120.0sh spread=1.20bp
[shares] 12:00 MOMO_CHASE                AAPL long  334.90 x29.9sh spread=0.60bp
[shares] 12:02 CLOSE PDH_PDL_FailedBreak       AAPL short stop    net=-106.03
[shares] 12:02 CLOSE ORB_5min                  AAPL short stop    net=-157.74
[shares] 12:04 CLOSE ORB_15min                 DIA short stop    net=-40.25
[shares] 12:05 CLOSE MOMO_CHASE                DIA long  time    net=+9.46
[shares] 12:05 MOMO_CHASE                DIA long  518.76 x19.3sh spread=0.77bp
[shares] 12:05 TTM_Squeeze               DIA long  518.76 x19.3sh spread=0.77bp
[shares] 12:05 MOMO_CHASE                XLF long  56.03 x178.5sh spread=1.78bp
[shares] 12:05 PDH_PDL_Breakout          AAPL long  335.65 x29.8sh spread=1.19bp
[shares] 12:17 CLOSE VWAP_Reclaim              XLE short stop    net=-40.71
[shares] 12:20 TTM_Squeeze               XLI long  169.31 x59.1sh spread=1.18bp
[shares] 12:20 CLOSE MOMO_CHASE                GOOGL short time    net=+28.89
[shares] 12:24 CLOSE Crabel_Stretch            AAPL short stop    net=-87.91
[shares] 12:24 CLOSE TTM_Squeeze               AAPL long  target  net=+60.45
[shares] 12:25 CLOSE MOMO_CHASE                XLP long  time    net=-4.80
[shares] 12:25 CLOSE MOMO_CHASE                AAPL long  time    net=+35.23
[shares] 12:30 Six_Lines                 QQQ long  716.82 x14.0sh spread=0.14bp
[shares] 12:30 Six_Lines_NoCap           QQQ long  716.82 x14.0sh spread=0.14bp
[shares] 12:30 CLOSE MOMO_CHASE                DIA long  time    net=+2.12
[shares] 12:30 MOMO_CHASE                DIA long  518.90 x19.3sh spread=0.58bp
[shares] 12:30 CLOSE TTM_Squeeze               XLV long  bars    net=-13.64
[shares] 12:30 CLOSE MOMO_CHASE                XLF long  time    net=+1.78
[shares] 12:30 MOMO_CHASE                WMT long  106.59 x93.8sh spread=0.94bp
[shares] 12:31 IntradayMomentumBoundary  XLK long  188.24 x53.1sh spread=0.53bp
[shares] 12:34 CLOSE IntradayMomentumBoundary  XLK long  trail   net=-11.16
[shares] 12:41 CLOSE IntradayMomentumBoundary  WMT short trail   net=-8.44
[shares] 12:50 CLOSE Six_Lines                 QQQ long  trail   net=-1.53
[shares] 12:50 CLOSE Six_Lines_NoCap           QQQ long  trail   net=-1.53
[shares] 12:50 CLOSE TTM_Squeeze               DIA long  bars    net=-1.73
[shares] 12:50 CLOSE Six_Lines_NoCap           XLP short trail   net=-16.82
[shares] 12:55 CLOSE MOMO_CHASE                DIA long  time    net=-6.94
[shares] 12:55 CLOSE MOMO_CHASE                WMT long  time    net=+16.89
[shares] 12:56 VWAP_Reclaim              NVDA short 218.62 x45.7sh spread=1.37bp
[shares] 13:01 IntradayMomentumBoundary  XLK long  188.22 x53.1sh spread=1.06bp
[shares] 13:02 CLOSE VWAP_Reclaim              NVDA short stop    net=-16.92
[shares] 13:03 CLOSE IntradayMomentumBoundary  XLK long  trail   net=-4.25
[shares] 13:05 CLOSE TTM_Squeeze               XLI long  bars    net=+1.77
[shares] 13:15 MOMO_CHASE                IWM short 286.58 x34.9sh spread=0.70bp
[shares] 13:15 TTM_Squeeze               IWM short 286.58 x34.9sh spread=0.70bp
[shares] 13:20 TTM_Squeeze               XLV short 168.45 x59.4sh spread=1.19bp
[shares] 13:20 MOMO_CHASE                XLE long  64.34 x155.4sh spread=1.55bp
[shares] 13:25 MOMO_CHASE                QQQ short 716.28 x14.0sh spread=0.42bp
[shares] 13:25 MOMO_CHASE                XLK short 187.95 x53.2sh spread=0.53bp
[shares] 13:35 MOMO_CHASE                NVDA long  219.23 x45.6sh spread=1.37bp
[shares] 13:40 CLOSE MOMO_CHASE                IWM short time    net=+3.49
[shares] 13:45 TTM_Squeeze               XLI short 169.04 x59.2sh spread=1.18bp
[shares] 13:45 CLOSE MOMO_CHASE                XLE long  time    net=-7.77
[shares] 13:50 CLOSE MOMO_CHASE                QQQ short time    net=-4.61
[shares] 13:50 CLOSE MOMO_CHASE                XLK short time    net=-8.51
[shares] 13:58 CLOSE TTM_Squeeze               XLV short stop    net=-16.03
[shares] 14:00 CLOSE TTM_Squeeze               IWM short bars    net=-2.79
[shares] 14:00 Six_Lines                 XLE long  64.39 x155.3sh spread=1.55bp
[shares] 14:00 Six_Lines_NoCap           XLE long  64.39 x155.3sh spread=1.55bp
[shares] 14:00 CLOSE MOMO_CHASE                NVDA long  time    net=+0.46
[shares] 14:02 CLOSE ORB_5min                  XLV short stop    net=-54.80
[shares] 14:05 MOMO_CHASE                XLE long  64.44 x155.2sh spread=1.55bp
[shares] 14:06 CLOSE ORB_15min                 XLP short stop    net=-27.60
[shares] 14:15 TTM_Squeeze               NVDA long  219.41 x45.6sh spread=0.46bp
[shares] 14:20 MOMO_CHASE                XLV long  168.96 x59.2sh spread=1.18bp
[shares] 14:25 TTM_Squeeze               WMT short 106.52 x93.9sh spread=0.94bp
[shares] 14:30 CLOSE TTM_Squeeze               XLI short bars    net=-12.42
[shares] 14:30 CLOSE Six_Lines                 XLE long  target  net=+18.64
[shares] 14:30 CLOSE MOMO_CHASE                XLE long  time    net=+10.86
[shares] 14:31 IntradayMomentumBoundary  XLE long  64.51 x155.0sh spread=1.55bp
[shares] 14:31 IntradayMomentumBoundary  WMT short 106.57 x93.8sh spread=0.94bp
[shares] 14:34 CLOSE IntradayMomentumBoundary  XLE long  trail   net=-9.30
[shares] 14:40 TTM_Squeeze               XLY short 111.53 x89.7sh spread=0.90bp
[shares] 14:45 CLOSE MOMO_CHASE                XLV long  time    net=-8.88
[shares] 14:50 TTM_Squeeze               GOOGL long  346.24 x28.9sh spread=0.58bp
[shares] 15:00 CLOSE TTM_Squeeze               NVDA long  bars    net=-2.28
[shares] 15:04 CLOSE TTM_Squeeze               WMT short stop    net=-22.53
[shares] 15:04 CLOSE IntradayMomentumBoundary  WMT short trail   net=-17.83
[shares] 15:04 VWAP_Reclaim              WMT long  106.76 x93.7sh spread=0.94bp
[shares] 15:05 CLOSE TTM_Squeeze               XLY short stop    net=-12.55
[shares] 15:10 CLOSE VWAP_Reclaim              WMT long  stop    net=-17.80
[shares] 15:13 CLOSE PDH_PDL_Breakout          AAPL long  target  net=+48.56
[shares] 15:15 VWAP_Reclaim              GOOGL long  346.40 x28.9sh spread=1.15bp
[shares] 15:30 CLOSE VWAP_Reclaim              GOOGL long  target  net=+9.82
[shares] 15:31 IntradayMomentumBoundary  WMT short 106.59 x93.8sh spread=0.94bp
[shares] 15:35 CLOSE TTM_Squeeze               GOOGL long  bars    net=+23.68
[shares] 15:52 CLOSE Crabel_Stretch            QQQ short stop    net=-50.97
[shares] 15:52 CLOSE IntradayMomentumBoundary  WMT short trail   net=-8.44
[shares] 15:54 CLOSE PDH_PDL_FailedBreak       SPY short stop    net=-33.51
[shares] 15:54 CLOSE Gap_Fade                  SPY short stop    net=-33.51
[shares] 15:54 CLOSE ORB_5min                  SPY short stop    net=-35.09
[shares] 15:54 CLOSE ORB_5min                  XLK long  target  net=+56.02
[shares] 15:56 CLOSE Crabel_Stretch            SPY short eod     net=-12.99
[shares] 15:56 CLOSE ORB_5min                  QQQ long  eod     net=+13.96
[shares] 15:56 CLOSE Crabel_Stretch            IWM short eod     net=+50.14
[shares] 15:56 CLOSE ORB_5min                  IWM short eod     net=+40.43
[shares] 15:56 CLOSE PDH_PDL_FailedBreak       IWM short eod     net=+40.43
[shares] 15:56 CLOSE Gap_Fade                  IWM short eod     net=+40.43
[shares] 15:56 CLOSE Crabel_Stretch            DIA short eod     net=+5.21
[shares] 15:56 CLOSE Gap_Fade                  DIA short eod     net=-25.53
[shares] 15:56 CLOSE ORB_5min                  DIA short eod     net=-20.49
[shares] 15:56 CLOSE ORB_15min                 XLK long  eod     net=+28.77
[shares] 15:56 CLOSE Crabel_Stretch            XLK long  eod     net=+11.17
[shares] 15:56 CLOSE Crabel_Stretch            XLY short eod     net=+17.90
[shares] 15:56 CLOSE PDH_PDL_FailedBreak       XLY short eod     net=-23.37
[shares] 15:56 CLOSE Gap_Fade                  XLY short eod     net=-23.37
[shares] 15:56 CLOSE PDH_PDL_Breakout          XLY long  eod     net=-19.69
[shares] 15:56 CLOSE ORB_5min                  XLY short eod     net=+1.79
[shares] 15:56 CLOSE Crabel_Stretch            XLI short eod     net=+96.04
[shares] 15:56 CLOSE PDH_PDL_FailedBreak       XLI short eod     net=+79.19
[shares] 15:56 CLOSE Crabel_Stretch            XLP short eod     net=-28.82
[shares] 15:56 CLOSE Crabel_Stretch            XLE long  eod     net=+90.82
[shares] 15:56 CLOSE PDH_PDL_FailedBreak       XLE long  eod     net=+51.47
[shares] 15:56 CLOSE ORB_5min                  XLE long  eod     net=+51.47
[shares] 15:56 CLOSE Six_Lines_NoCap           XLE long  eod     net=+7.77
[shares] 15:56 CLOSE Crabel_Stretch            XLF short eod     net=+40.99
[shares] 15:56 CLOSE ORB_15min                 XLF short eod     net=-30.52
[shares] 15:56 CLOSE ORB_5min                  XLF short eod     net=-30.52
[shares] 15:56 CLOSE ORB_15min                 NVDA long  eod     net=+26.97
[shares] 15:56 CLOSE ORB_5min                  NVDA long  eod     net=+14.15
[shares] 15:56 CLOSE Crabel_Stretch            GOOGL short eod     net=-7.20
[shares] 15:56 CLOSE PDH_PDL_FailedBreak       GOOGL short eod     net=-45.40
[shares] 15:56 CLOSE Gap_Fade                  GOOGL short eod     net=-45.40
[shares] 15:56 CLOSE ORB_5min                  GOOGL short eod     net=-62.86
[shares] 15:56 CLOSE Crabel_Stretch            WMT short eod     net=+29.87
[shares] 15:56 CLOSE PDH_PDL_Breakout          WMT short eod     net=+3.74
[shares] 15:56 CLOSE Six_Lines_NoCap           WMT short eod     net=+10.29
[shares] 15:56 CLOSE ORB_15min                 WMT short eod     net=-15.94
[shares] 15:56 CLOSE ORB_5min                  WMT short eod     net=-21.58
[shares] daily: 151 trades, net $-560.59
