[replay shares] 2026-09-01 -- config 7c6414fc549315f3 -- history-backed, no outages; NOT the prospective record
[shares] warmup SPY: 25 prior sessions, stretch=1.421740000000011
[shares] warmup QQQ: 25 prior sessions, stretch=1.8513699999999857
[shares] warmup IWM: 25 prior sessions, stretch=0.4940499999999986
[shares] warmup DIA: 25 prior sessions, stretch=0.68599999999999
[shares] warmup XLK: 25 prior sessions, stretch=0.5684200000000033
[shares] warmup XLY: 25 prior sessions, stretch=0.31550000000000156
[shares] warmup XLI: 25 prior sessions, stretch=0.2730000000000047
[shares] warmup XLV: 25 prior sessions, stretch=0.44799999999999895
[shares] warmup XLP: 25 prior sessions, stretch=0.15150000000000005
[shares] warmup XLE: 25 prior sessions, stretch=0.3661999999999992
[shares] warmup XLF: 25 prior sessions, stretch=0.14100000000000038
[shares] warmup NVDA: 25 prior sessions, stretch=1.2435000000000032
[shares] warmup AAPL: 25 prior sessions, stretch=1.52894
[shares] warmup GOOGL: 25 prior sessions, stretch=1.1279999999999972
[shares] warmup WMT: 25 prior sessions, stretch=0.43199999999999933
[replay] six-lines SPY: R1=767.86  R2=768.00  R3=769.35  S1=766.29  S2=764.72  S3=761.41
[replay] six-lines QQQ: R1=717.58  R2=718.38  R3=723.05  S1=713.16  S2=712.68  S3=706.69
[replay] six-lines IWM: R1=294.50  R2=295.35  R3=296.27  S1=294.53  S2=292.70  S3=291.77
[replay] six-lines DIA: R1=532.25  R2=533.56  R3=537.18  S1=532.90  S2=530.78  S3=528.01
[replay] six-lines XLK: R1=186.65  R2=186.81  R3=188.00  S1=185.28  S2=184.40  S3=183.24
[replay] six-lines XLY: R1=116.82  R2=117.14  R3=117.21  S1=116.43  S2=116.29  S3=115.30
[replay] six-lines XLI: R1=175.35  R2=176.25  R3=178.80  S1=176.00  S2=174.73  S3=173.56
[replay] six-lines XLV: R1=170.98  R2=172.45  R3=172.67  S1=170.44  S2=170.08  S3=169.20
[replay] six-lines XLP: R1=85.35  R2=85.78  R3=86.00  S1=85.00  S2=84.90  S3=84.87
[replay] six-lines XLE: R1=63.80  R2=64.44  R3=64.99  S1=63.28  S2=63.14  S3=62.37
[replay] six-lines XLF: R1=57.78  R2=57.92  R3=58.28  S1=57.81  S2=57.69  S3=57.57
[replay] six-lines NVDA: R1=220.89  R2=221.30  R3=225.20  S1=217.30  S2=216.64  S3=216.21
[replay] six-lines AAPL: R1=319.54  R2=320.92  R3=321.24  S1=316.96  S2=313.98  S3=312.80
[replay] six-lines GOOGL: R1=339.92  R2=344.59  R3=347.46  S1=343.34  S2=337.16  S3=335.02
[replay] six-lines WMT: R1=103.35  R2=104.99  R3=105.80  S1=103.08  S2=102.84  S3=102.60
[shares] 09:32 Crabel_Stretch            IWM long  292.89 x34.1sh spread=0.34bp
[shares] 09:32 Crabel_Stretch            XLY short 114.98 x87.0sh spread=2.61bp
[shares] 09:32 Crabel_Stretch            XLI long  175.38 x57.0sh spread=1.14bp
[shares] 09:32 Crabel_Stretch            XLV long  173.25 x57.7sh spread=5.19bp
[shares] 09:32 Crabel_Stretch            XLP long  85.91 x116.4sh spread=2.33bp
[shares] 09:32 Crabel_Stretch            GOOGL short 334.60 x29.9sh spread=5.68bp
[shares] 09:32 Crabel_Stretch            WMT long  105.91 x94.4sh spread=1.89bp
[shares] 09:33 Crabel_Stretch            NVDA short 215.40 x46.4sh spread=1.86bp
[shares] 09:33 VWAP_Reclaim              GOOGL short 333.76 x30.0sh spread=5.99bp
[shares] 09:34 Crabel_Stretch            XLE short 64.47 x155.1sh spread=3.10bp
[shares] 09:34 Crabel_Stretch            AAPL short 315.00 x31.7sh spread=2.54bp
[shares] 09:35 PDH_PDL_Breakout          XLK short 183.38 x54.5sh spread=1.64bp
[shares] 09:35 VWAP_Reclaim              XLI short 174.78 x57.2sh spread=3.43bp
[shares] 09:35 PDH_PDL_Breakout          XLV long  173.31 x57.7sh spread=2.31bp
[shares] 09:35 PDH_PDL_Breakout          XLE long  64.60 x154.8sh spread=3.10bp
[shares] 09:35 PDH_PDL_Breakout          GOOGL short 334.32 x29.9sh spread=2.39bp
[shares] 09:35 TTM_Squeeze               WMT long  105.63 x94.7sh spread=4.73bp
[shares] 09:36 Crabel_Stretch            DIA long  529.42 x18.9sh spread=0.57bp
[shares] 09:37 VWAP_Reclaim              XLK short 183.42 x54.5sh spread=1.64bp
[shares] 09:38 CLOSE Crabel_Stretch            IWM long  stop    net=-46.78
[shares] 09:39 VWAP_Reclaim              QQQ short 706.33 x14.2sh spread=0.71bp
[shares] 09:39 Crabel_Stretch            XLK short 183.08 x54.6sh spread=1.64bp
[shares] 09:40 Six_Lines                 QQQ short 706.37 x14.2sh spread=0.57bp
[shares] 09:40 Six_Lines_NoCap           QQQ short 706.37 x14.2sh spread=0.57bp
[shares] 09:40 Six_Lines                 IWM short 291.64 x34.3sh spread=0.69bp
[shares] 09:40 Six_Lines_NoCap           IWM short 291.64 x34.3sh spread=0.69bp
[shares] 09:40 PDH_PDL_Breakout          IWM short 291.64 x34.3sh spread=0.69bp
[shares] 09:40 PDH_PDL_Breakout          DIA short 529.50 x18.9sh spread=0.76bp
[shares] 09:40 Six_Lines                 XLK short 183.16 x54.6sh spread=2.18bp
[shares] 09:40 Six_Lines_NoCap           XLK short 183.16 x54.6sh spread=2.18bp
[shares] 09:40 Six_Lines                 XLY short 115.06 x86.9sh spread=0.87bp
[shares] 09:40 Six_Lines_NoCap           XLY short 115.06 x86.9sh spread=0.87bp
[shares] 09:40 PDH_PDL_Breakout          XLY short 115.06 x86.9sh spread=0.87bp
[shares] 09:40 TTM_Squeeze               XLI short 174.38 x57.3sh spread=2.87bp
[shares] 09:40 PDH_PDL_Breakout          XLI short 174.38 x57.3sh spread=2.87bp
[shares] 09:40 Six_Lines                 NVDA short 216.27 x46.2sh spread=2.31bp
[shares] 09:40 Six_Lines_NoCap           NVDA short 216.27 x46.2sh spread=2.31bp
[shares] 09:40 Six_Lines                 GOOGL short 334.73 x29.9sh spread=3.58bp
[shares] 09:40 Six_Lines_NoCap           GOOGL short 334.73 x29.9sh spread=3.58bp
[shares] 09:41 ORB_5min                  QQQ short 706.14 x14.2sh spread=0.42bp
[shares] 09:41 CLOSE PDH_PDL_Breakout          DIA short stop    net=-4.91
[shares] 09:41 VWAP_Reclaim              XLY short 114.95 x87.0sh spread=0.87bp
[shares] 09:41 VWAP_Reclaim              NVDA short 216.00 x46.3sh spread=1.39bp
[shares] 09:42 VWAP_Reclaim              XLP long  85.80 x116.6sh spread=1.17bp
[shares] 09:42 CLOSE Six_Lines                 NVDA short target  net=+24.04
[shares] 09:42 CLOSE Crabel_Stretch            AAPL short stop    net=-121.90
[shares] 09:43 CLOSE Crabel_Stretch            XLI long  stop    net=-72.98
[shares] 09:44 CLOSE VWAP_Reclaim              XLI short target  net=+41.77
[shares] 09:44 CLOSE PDH_PDL_Breakout          XLE long  stop    net=-23.22
[shares] 09:45 Gap_Fade                  DIA long  529.72 x18.9sh spread=1.13bp
[shares] 09:45 Gap_Fade                  XLE short 64.51 x155.0sh spread=1.55bp
[shares] 09:45 PDH_PDL_FailedBreak       XLF long  57.73 x173.2sh spread=1.73bp
[shares] 09:45 PDH_PDL_Breakout          NVDA short 215.61 x46.4sh spread=2.32bp
[shares] 09:45 CLOSE VWAP_Reclaim              GOOGL short stop    net=-65.02
[shares] 09:45 CLOSE PDH_PDL_Breakout          GOOGL short stop    net=-48.16
[shares] 09:46 CLOSE TTM_Squeeze               XLI short target  net=+38.42
[shares] 09:46 ORB_5min                  XLI short 173.69 x57.6sh spread=1.15bp
[shares] 09:46 CLOSE PDH_PDL_Breakout          XLV long  stop    net=-56.55
[shares] 09:47 CLOSE ORB_5min                  QQQ short stop    net=-17.99
[shares] 09:47 ORB_15min                 IWM short 291.27 x34.3sh spread=0.34bp
[shares] 09:47 ORB_15min                 XLI short 173.62 x57.6sh spread=2.30bp
[shares] 09:47 CLOSE Crabel_Stretch            XLV long  stop    net=-67.53
[shares] 09:47 ORB_15min                 XLV short 172.08 x58.1sh spread=2.32bp
[shares] 09:47 ORB_15min                 XLE short 64.37 x155.4sh spread=1.55bp
[shares] 09:47 VWAP_Reclaim              XLF short 57.54 x173.8sh spread=1.74bp
[shares] 09:47 ORB_5min                  AAPL long  320.21 x31.2sh spread=1.87bp
[shares] 09:47 ORB_15min                 AAPL long  320.21 x31.2sh spread=1.87bp
[shares] 09:48 CLOSE VWAP_Reclaim              QQQ short stop    net=-19.25
[shares] 09:48 CLOSE PDH_PDL_Breakout          XLY short stop    net=-9.56
[shares] 09:48 CLOSE VWAP_Reclaim              XLY short stop    net=-19.14
[shares] 09:48 CLOSE VWAP_Reclaim              XLP long  stop    net=-9.32
[shares] 09:48 ORB_5min                  XLE short 64.29 x155.5sh spread=0.00bp
[shares] 09:48 CLOSE PDH_PDL_Breakout          NVDA short stop    net=-30.61
[shares] 09:48 ORB_15min                 GOOGL long  336.67 x29.7sh spread=2.08bp
[shares] 09:48 CLOSE TTM_Squeeze               WMT long  stop    net=-20.83
[shares] 09:50 ORB_15min                 QQQ long  708.13 x14.1sh spread=0.28bp
[shares] 09:50 PDH_PDL_Breakout          QQQ short 708.11 x14.1sh spread=0.28bp
[shares] 09:50 Gap_Fade                  QQQ long  708.13 x14.1sh spread=0.28bp
[shares] 09:50 ThreeBarPlay              XLV short 171.84 x58.2sh spread=2.33bp
[shares] 09:50 Gap_Fade                  XLV short 171.84 x58.2sh spread=2.33bp
[shares] 09:50 PDH_PDL_Breakout          XLP long  85.64 x116.8sh spread=1.17bp
[shares] 09:50 Six_Lines                 XLF short 57.52 x173.9sh spread=1.74bp
[shares] 09:50 Six_Lines_NoCap           XLF short 57.52 x173.9sh spread=1.74bp
[shares] 09:50 TTM_Squeeze               XLF short 57.52 x173.9sh spread=1.74bp
[shares] 09:50 PDH_PDL_Breakout          XLF short 57.52 x173.9sh spread=1.74bp
[shares] 09:50 PDH_PDL_FailedBreak       NVDA long  216.37 x46.2sh spread=0.92bp
[shares] 09:50 Six_Lines                 AAPL long  320.69 x31.2sh spread=1.25bp
[shares] 09:50 Six_Lines_NoCap           AAPL long  320.69 x31.2sh spread=1.25bp
[shares] 09:50 Gap_Fade                  GOOGL long  336.78 x29.7sh spread=1.48bp
[shares] 09:50 PDH_PDL_Breakout          WMT long  105.36 x94.9sh spread=2.85bp
[shares] 09:51 CLOSE PDH_PDL_Breakout          QQQ short stop    net=-1.13
[shares] 09:51 ORB_5min                  IWM short 291.68 x34.3sh spread=0.69bp
[shares] 09:51 CLOSE PDH_PDL_Breakout          XLP long  target  net=+10.51
[shares] 09:51 CLOSE VWAP_Reclaim              NVDA short stop    net=-29.63
[shares] 09:52 CLOSE Six_Lines                 AAPL long  target  net=+27.75
[shares] 09:53 CLOSE PDH_PDL_Breakout          WMT long  target  net=+16.14
[shares] 09:54 ORB_5min                  XLV short 171.37 x58.4sh spread=1.75bp
[shares] 09:55 PDH_PDL_Breakout          AAPL long  321.78 x31.1sh spread=2.18bp
[shares] 09:55 EMA_9_20_Pullback         GOOGL short 336.61 x29.7sh spread=2.38bp
[shares] 10:00 CLOSE Six_Lines                 QQQ short trail   net=-12.74
[shares] 10:00 CLOSE Six_Lines_NoCap           QQQ short trail   net=-12.74
[shares] 10:00 CLOSE Six_Lines                 XLK short trail   net=-10.37
[shares] 10:00 CLOSE Six_Lines_NoCap           XLK short trail   net=-10.37
[shares] 10:00 PDH_PDL_FailedBreak       XLE short 64.43 x155.2sh spread=1.55bp
[shares] 10:00 CLOSE Six_Lines_NoCap           NVDA short trail   net=-32.37
[shares] 10:00 Gap_Fade                  NVDA long  216.97 x46.1sh spread=2.30bp
[shares] 10:00 CLOSE Six_Lines                 GOOGL short trail   net=-49.59
[shares] 10:00 CLOSE Six_Lines_NoCap           GOOGL short trail   net=-49.59
[shares] 10:00 VWAP_Reclaim              WMT long  105.57 x94.7sh spread=3.79bp
[shares] 10:01 IntradayMomentumBoundary  XLY short 115.00 x87.0sh spread=0.87bp
[shares] 10:01 IntradayMomentumBoundary  AAPL long  323.07 x31.0sh spread=1.24bp
[shares] 10:02 ORB_15min                 SPY long  762.57 x13.1sh spread=0.13bp
[shares] 10:02 CLOSE IntradayMomentumBoundary  XLY short trail   net=-7.83
[shares] 10:03 CLOSE ORB_15min                 QQQ long  stop    net=-15.53
[shares] 10:04 VWAP_Reclaim              XLE long  64.61 x154.8sh spread=1.55bp
[shares] 10:05 CLOSE ORB_15min                 XLE short stop    net=-49.71
[shares] 10:07 ORB_5min                  NVDA long  217.97 x45.9sh spread=0.92bp
[shares] 10:07 ORB_15min                 NVDA long  217.97 x45.9sh spread=0.92bp
[shares] 10:08 CLOSE VWAP_Reclaim              XLK short stop    net=-19.08
[shares] 10:08 CLOSE TTM_Squeeze               XLF short stop    net=-20.86
[shares] 10:08 CLOSE Crabel_Stretch            NVDA short stop    net=-118.85
[shares] 10:08 CLOSE VWAP_Reclaim              WMT long  stop    net=-18.94
[shares] 10:08 VWAP_Reclaim              WMT short 105.37 x94.9sh spread=0.95bp
[shares] 10:09 ORB_15min                 DIA long  529.90 x18.9sh spread=0.94bp
[shares] 10:09 CLOSE VWAP_Reclaim              XLE long  stop    net=-40.24
[shares] 10:10 PDH_PDL_Breakout          SPY short 762.91 x13.1sh spread=0.26bp
[shares] 10:10 Gap_Fade                  SPY long  762.93 x13.1sh spread=0.26bp
[shares] 10:10 CLOSE Six_Lines                 IWM short trail   net=-6.17
[shares] 10:10 CLOSE Six_Lines_NoCap           IWM short trail   net=-6.17
[shares] 10:10 CLOSE Six_Lines                 XLF short trail   net=-27.82
[shares] 10:10 CLOSE Six_Lines_NoCap           XLF short trail   net=-27.82
[shares] 10:10 ORB_5min                  XLF long  57.68 x173.4sh spread=1.73bp
[shares] 10:10 CLOSE VWAP_Reclaim              WMT short stop    net=-25.62
[shares] 10:10 EMA_9_20_Pullback         WMT long  105.64 x94.7sh spread=0.95bp
[shares] 10:11 CLOSE PDH_PDL_Breakout          SPY short stop    net=+0.39
[shares] 10:12 ORB_5min                  DIA long  529.94 x18.9sh spread=0.75bp
[shares] 10:13 CLOSE PDH_PDL_Breakout          XLI short target  net=+54.48
[shares] 10:13 CLOSE VWAP_Reclaim              XLF short stop    net=-31.28
[shares] 10:13 CLOSE PDH_PDL_Breakout          XLF short stop    net=-34.77
[shares] 10:13 ORB_5min                  GOOGL long  336.57 x29.7sh spread=2.08bp
[shares] 10:14 ORB_15min                 XLF long  57.78 x173.1sh spread=1.73bp
[shares] 10:14 Crabel_Stretch            XLF long  57.78 x173.1sh spread=1.73bp
[shares] 10:15 VWAP_Reclaim              IWM long  292.00 x34.2sh spread=0.68bp
[shares] 10:16 CLOSE PDH_PDL_Breakout          IWM short stop    net=-18.17
[shares] 10:16 CLOSE ORB_15min                 IWM short stop    net=-30.90
[shares] 10:16 ORB_15min                 XLP long  85.93 x116.4sh spread=1.16bp
[shares] 10:16 ORB_5min                  WMT long  106.10 x94.3sh spread=1.89bp
[shares] 10:16 ORB_15min                 WMT long  106.10 x94.3sh spread=1.89bp
[shares] 10:17 Crabel_Stretch            SPY long  763.47 x13.1sh spread=0.39bp
[shares] 10:20 PDH_PDL_FailedBreak       DIA long  531.07 x18.8sh spread=0.56bp
[shares] 10:20 EMA_9_20_Pullback         XLK short 183.42 x54.5sh spread=1.09bp
[shares] 10:20 Six_Lines                 XLP long  86.02 x116.3sh spread=1.16bp
[shares] 10:20 Six_Lines_NoCap           XLP long  86.02 x116.3sh spread=1.16bp
[shares] 10:20 Six_Lines                 WMT long  106.28 x94.1sh spread=0.94bp
[shares] 10:20 Six_Lines_NoCap           WMT long  106.28 x94.1sh spread=0.94bp
[shares] 10:21 CLOSE Crabel_Stretch            GOOGL short stop    net=-67.24
[shares] 10:23 CLOSE PDH_PDL_Breakout          AAPL long  target  net=+100.38
[shares] 10:25 Gap_Fade                  IWM long  292.37 x34.2sh spread=0.68bp
[shares] 10:25 CLOSE Gap_Fade                  DIA long  target  net=+31.53
[shares] 10:30 MOMO_CHASE                DIA long  531.29 x18.8sh spread=0.75bp
[shares] 10:30 CLOSE Six_Lines                 XLY short trail   net=-36.50
[shares] 10:30 CLOSE Six_Lines_NoCap           XLY short trail   net=-36.50
[shares] 10:30 ORB_5min                  XLP long  86.11 x116.1sh spread=1.16bp
[shares] 10:30 MOMO_CHASE                XLP long  86.11 x116.1sh spread=1.16bp
[shares] 10:30 MOMO_CHASE                AAPL long  325.37 x30.7sh spread=0.92bp
[shares] 10:31 CLOSE ORB_15min                 SPY long  target  net=+21.11
[shares] 10:31 IntradayMomentumBoundary  XLP long  86.13 x116.1sh spread=1.16bp
[shares] 10:31 IntradayMomentumBoundary  XLF long  57.92 x172.7sh spread=1.73bp
[shares] 10:31 IntradayMomentumBoundary  WMT long  106.20 x94.2sh spread=2.82bp
[shares] 10:32 Crabel_Stretch            QQQ long  709.46 x14.1sh spread=0.14bp
[shares] 10:33 CLOSE PDH_PDL_Breakout          XLK short stop    net=-26.72
[shares] 10:35 MOMO_CHASE                SPY long  764.46 x13.1sh spread=0.13bp
[shares] 10:35 CLOSE VWAP_Reclaim              IWM long  target  net=+25.00
[shares] 10:35 MOMO_CHASE                IWM long  292.74 x34.2sh spread=0.34bp
[shares] 10:35 PDH_PDL_FailedBreak       IWM long  292.74 x34.2sh spread=0.34bp
[shares] 10:35 Gap_Fade                  XLK long  183.95 x54.4sh spread=1.09bp
[shares] 10:35 Gap_Fade                  XLY long  115.60 x86.5sh spread=0.87bp
[shares] 10:36 ORB_5min                  XLY long  115.56 x86.5sh spread=0.87bp
[shares] 10:37 ORB_5min                  XLK long  183.91 x54.4sh spread=1.09bp
[shares] 10:42 CLOSE IntradayMomentumBoundary  XLF long  trail   net=-27.62
[shares] 10:48 CLOSE Crabel_Stretch            XLK short stop    net=-71.01
[shares] 10:49 CLOSE EMA_9_20_Pullback         XLK short stop    net=-53.97
[shares] 10:49 CLOSE IntradayMomentumBoundary  XLP long  trail   net=-39.48
[shares] 10:50 MOMO_CHASE                QQQ long  710.60 x14.1sh spread=0.28bp
[shares] 10:50 MOMO_CHASE                XLK long  184.34 x54.2sh spread=1.63bp
[shares] 10:50 MOMO_CHASE                XLF short 57.61 x173.6sh spread=1.74bp
[shares] 10:51 CLOSE ORB_15min                 XLF long  stop    net=-31.15
[shares] 10:54 VWAP_Reclaim              XLP short 85.75 x116.6sh spread=1.17bp
[shares] 10:55 CLOSE MOMO_CHASE                DIA long  time    net=-25.79
[shares] 10:55 CLOSE MOMO_CHASE                XLP long  time    net=-39.48
[shares] 10:55 CLOSE MOMO_CHASE                AAPL long  time    net=-17.52
[shares] 10:55 CLOSE Six_Lines                 WMT long  target  net=+21.64
[shares] 10:58 VWAP_Reclaim              XLY short 115.09 x86.9sh spread=0.87bp
[shares] 11:00 CLOSE MOMO_CHASE                SPY long  time    net=-12.17
[shares] 11:00 CLOSE MOMO_CHASE                IWM long  time    net=-20.84
[shares] 11:00 MOMO_CHASE                DIA short 529.73 x18.9sh spread=0.76bp
[shares] 11:00 CLOSE Six_Lines                 XLP long  trail   net=-32.55
[shares] 11:00 CLOSE Six_Lines_NoCap           XLP long  trail   net=-32.55
[shares] 11:07 CLOSE VWAP_Reclaim              XLP short stop    net=-10.50
[shares] 11:14 CLOSE IntradayMomentumBoundary  WMT long  trail   net=-16.01
[shares] 11:15 CLOSE MOMO_CHASE                QQQ long  time    net=-21.39
[shares] 11:15 CLOSE MOMO_CHASE                XLK long  time    net=-34.72
[shares] 11:15 CLOSE MOMO_CHASE                XLF short time    net=+3.47
[shares] 11:20 Six_Lines                 XLI short 173.29 x57.7sh spread=1.73bp
[shares] 11:20 Six_Lines_NoCap           XLI short 173.29 x57.7sh spread=1.73bp
[shares] 11:25 CLOSE MOMO_CHASE                DIA short time    net=+3.02
[shares] 11:31 IntradayMomentumBoundary  XLI short 173.14 x57.8sh spread=0.58bp
[shares] 11:31 CLOSE PDH_PDL_FailedBreak       NVDA long  target  net=+124.32
[shares] 11:42 CLOSE Crabel_Stretch            XLF long  stop    net=-53.65
[shares] 11:45 CLOSE IntradayMomentumBoundary  XLI short trail   net=-6.35
[shares] 11:50 CLOSE ORB_5min                  XLK long  target  net=+50.02
[shares] 11:50 MOMO_CHASE                XLK long  184.85 x54.1sh spread=1.08bp
[shares] 11:52 CLOSE ORB_15min                 AAPL long  target  net=+197.37
[shares] 11:55 MOMO_CHASE                NVDA long  220.15 x45.4sh spread=0.91bp
[shares] 11:55 MOMO_CHASE                AAPL long  326.90 x30.6sh spread=1.22bp
[shares] 12:00 MOMO_CHASE                XLE short 64.17 x155.8sh spread=1.56bp
[shares] 12:01 CLOSE VWAP_Reclaim              XLY short stop    net=-12.16
[shares] 12:01 IntradayMomentumBoundary  XLI short 173.08 x57.8sh spread=0.58bp
[shares] 12:01 IntradayMomentumBoundary  WMT long  106.38 x94.0sh spread=0.94bp
[shares] 12:06 CLOSE IntradayMomentumBoundary  XLI short trail   net=-13.29
[shares] 12:15 CLOSE MOMO_CHASE                XLK long  time    net=-28.13
[shares] 12:15 MOMO_CHASE                XLP short 85.60 x116.8sh spread=1.17bp
[shares] 12:18 CLOSE ORB_15min                 XLP long  stop    net=-38.40
[shares] 12:18 CLOSE IntradayMomentumBoundary  WMT long  trail   net=-24.44
[shares] 12:20 TTM_Squeeze               IWM short 291.41 x34.3sh spread=0.34bp
[shares] 12:20 MOMO_CHASE                DIA short 529.07 x18.9sh spread=0.38bp
[shares] 12:20 CLOSE MOMO_CHASE                NVDA long  time    net=-28.16
[shares] 12:20 CLOSE MOMO_CHASE                AAPL long  time    net=-44.05
[shares] 12:21 CLOSE Gap_Fade                  IWM long  stop    net=-42.41
[shares] 12:21 CLOSE PDH_PDL_FailedBreak       IWM long  stop    net=-55.00
[shares] 12:21 CLOSE ORB_15min                 DIA long  stop    net=-21.51
[shares] 12:21 CLOSE Six_Lines                 XLI short target  net=+19.04
[shares] 12:23 CLOSE Gap_Fade                  XLY long  stop    net=-66.61
[shares] 12:23 CLOSE ORB_5min                  XLY long  stop    net=-63.17
[shares] 12:25 MOMO_CHASE                XLY short 114.85 x87.1sh spread=0.87bp
[shares] 12:25 CLOSE MOMO_CHASE                XLE short time    net=-48.31
[shares] 12:25 VWAP_Reclaim              XLE long  64.48 x155.1sh spread=1.55bp
[shares] 12:28 CLOSE PDH_PDL_FailedBreak       XLF long  stop    net=-58.89
[shares] 12:28 CLOSE ORB_5min                  XLF long  stop    net=-50.28
[shares] 12:30 MOMO_CHASE                XLI short 172.62 x57.9sh spread=1.16bp
[shares] 12:30 MOMO_CHASE                XLE long  64.36 x155.4sh spread=1.55bp
[shares] 12:30 MOMO_CHASE                XLF short 57.38 x174.3sh spread=1.74bp
[shares] 12:31 VWAP_Reclaim              QQQ short 708.27 x14.1sh spread=0.28bp
[shares] 12:31 CLOSE TTM_Squeeze               IWM short target  net=+29.85
[shares] 12:31 IntradayMomentumBoundary  IWM short 290.53 x34.4sh spread=0.34bp
[shares] 12:31 CLOSE Crabel_Stretch            DIA long  stop    net=-33.62
[shares] 12:31 CLOSE ORB_5min                  DIA long  stop    net=-43.40
[shares] 12:31 CLOSE PDH_PDL_FailedBreak       DIA long  stop    net=-64.59
[shares] 12:31 VWAP_Reclaim              XLK short 183.68 x54.4sh spread=1.09bp
[shares] 12:31 IntradayMomentumBoundary  XLY short 114.68 x87.2sh spread=0.87bp
[shares] 12:31 IntradayMomentumBoundary  XLI short 172.43 x58.0sh spread=1.16bp
[shares] 12:31 IntradayMomentumBoundary  XLF short 57.35 x174.4sh spread=1.74bp
[shares] 12:31 IntradayMomentumBoundary  WMT long  106.18 x94.2sh spread=1.88bp
[shares] 12:35 MOMO_CHASE                IWM short 290.40 x34.4sh spread=0.34bp
[shares] 12:40 MOMO_CHASE                QQQ short 708.62 x14.1sh spread=0.28bp
[shares] 12:40 Six_Lines                 DIA short 527.78 x18.9sh spread=0.38bp
[shares] 12:40 Six_Lines_NoCap           DIA short 527.78 x18.9sh spread=0.38bp
[shares] 12:40 CLOSE MOMO_CHASE                XLP short time    net=+12.85
[shares] 12:42 CLOSE IntradayMomentumBoundary  IWM short trail   net=-14.46
[shares] 12:45 MOMO_CHASE                SPY short 761.69 x13.1sh spread=0.26bp
[shares] 12:45 CLOSE MOMO_CHASE                DIA short time    net=+27.78
[shares] 12:45 MOMO_CHASE                XLK short 183.57 x54.5sh spread=1.09bp
[shares] 12:50 CLOSE MOMO_CHASE                XLY short time    net=+6.97
[shares] 12:55 MOMO_CHASE                XLY short 114.75 x87.1sh spread=0.87bp
[shares] 12:55 CLOSE MOMO_CHASE                XLI short time    net=+14.48
[shares] 12:55 CLOSE MOMO_CHASE                XLE long  time    net=-1.55
[shares] 12:55 CLOSE MOMO_CHASE                XLF short time    net=+22.66
[shares] 12:55 MOMO_CHASE                XLF short 57.24 x174.7sh spread=1.75bp
[shares] 12:58 CLOSE VWAP_Reclaim              XLK short stop    net=-25.04
[shares] 13:00 CLOSE MOMO_CHASE                IWM short time    net=-18.60
[shares] 13:05 CLOSE MOMO_CHASE                QQQ short time    net=+4.37
[shares] 13:05 MOMO_CHASE                XLE long  64.55 x154.9sh spread=1.55bp
[shares] 13:10 CLOSE MOMO_CHASE                SPY short time    net=-0.26
[shares] 13:10 CLOSE MOMO_CHASE                XLK short time    net=-8.17
[shares] 13:15 MOMO_CHASE                QQQ short 708.39 x14.1sh spread=0.42bp
[shares] 13:20 CLOSE MOMO_CHASE                XLY short time    net=+0.00
[shares] 13:20 CLOSE MOMO_CHASE                XLF short time    net=-3.49
[shares] 13:26 CLOSE Gap_Fade                  SPY long  stop    net=-19.79
[shares] 13:30 CLOSE MOMO_CHASE                XLE long  time    net=+7.75
[shares] 13:40 CLOSE MOMO_CHASE                QQQ short time    net=+4.09
[shares] 13:50 MOMO_CHASE                WMT short 106.08 x94.3sh spread=1.89bp
[shares] 13:52 CLOSE IntradayMomentumBoundary  WMT long  trail   net=-17.89
[shares] 13:55 CLOSE ORB_15min                 GOOGL long  stop    net=-57.62
[shares] 14:01 IntradayMomentumBoundary  IWM short 290.64 x34.4sh spread=0.34bp
[shares] 14:01 IntradayMomentumBoundary  WMT long  106.20 x94.2sh spread=1.88bp
[shares] 14:10 CLOSE IntradayMomentumBoundary  WMT long  trail   net=-13.18
[shares] 14:15 MOMO_CHASE                GOOGL short 334.52 x29.9sh spread=0.30bp
[shares] 14:15 CLOSE MOMO_CHASE                WMT short time    net=-5.66
[shares] 14:25 TTM_Squeeze               GOOGL short 334.72 x29.9sh spread=1.20bp
[shares] 14:29 CLOSE Crabel_Stretch            XLP long  stop    net=-65.18
[shares] 14:30 Six_Lines                 SPY short 761.19 x13.1sh spread=0.39bp
[shares] 14:30 Six_Lines_NoCap           SPY short 761.19 x13.1sh spread=0.39bp
[shares] 14:32 CLOSE EMA_9_20_Pullback         GOOGL short target  net=+76.94
[shares] 14:35 CLOSE VWAP_Reclaim              QQQ short target  net=+26.68
[shares] 14:40 CLOSE Crabel_Stretch            SPY long  stop    net=-38.64
[shares] 14:40 TTM_Squeeze               SPY short 760.52 x13.1sh spread=0.26bp
[shares] 14:40 TTM_Squeeze               XLP short 85.36 x117.2sh spread=1.17bp
[shares] 14:40 CLOSE MOMO_CHASE                GOOGL short time    net=+19.13
[shares] 14:40 TTM_Squeeze               WMT short 105.98 x94.4sh spread=0.94bp
[shares] 14:42 CLOSE Gap_Fade                  XLK long  stop    net=-57.08
[shares] 14:43 CLOSE Gap_Fade                  QQQ long  stop    net=-39.54
[shares] 14:43 CLOSE Crabel_Stretch            QQQ long  stop    net=-58.21
[shares] 14:45 TTM_Squeeze               IWM short 290.16 x34.5sh spread=0.34bp
[shares] 14:45 TTM_Squeeze               XLY short 114.40 x87.4sh spread=0.87bp
[shares] 14:46 CLOSE Six_Lines                 SPY short target  net=+22.07
[shares] 14:48 CLOSE ORB_5min                  XLP long  stop    net=-98.71
[shares] 14:50 PDH_PDL_FailedBreak       XLP short 85.25 x117.3sh spread=1.17bp
[shares] 14:59 CLOSE TTM_Squeeze               IWM short stop    net=-11.03
[shares] 15:10 CLOSE TTM_Squeeze               GOOGL short bars    net=+4.18
[shares] 15:12 CLOSE TTM_Squeeze               SPY short stop    net=-9.86
[shares] 15:12 CLOSE TTM_Squeeze               XLY short stop    net=-12.24
[shares] 15:15 CLOSE IntradayMomentumBoundary  IWM short trail   net=-5.51
[shares] 15:25 CLOSE TTM_Squeeze               XLP short bars    net=+12.89
[shares] 15:25 CLOSE TTM_Squeeze               WMT short bars    net=+10.38
[shares] 15:31 IntradayMomentumBoundary  IWM short 290.55 x34.4sh spread=0.34bp
[shares] 15:31 IntradayMomentumBoundary  DIA short 527.38 x19.0sh spread=0.38bp
[shares] 15:35 CLOSE IntradayMomentumBoundary  DIA short trail   net=-2.28
[shares] 15:56 CLOSE Six_Lines_NoCap           SPY short eod     net=+4.20
[shares] 15:56 CLOSE ORB_5min                  IWM short eod     net=+48.68
[shares] 15:56 CLOSE IntradayMomentumBoundary  IWM short eod     net=+9.98
[shares] 15:56 CLOSE Six_Lines                 DIA short eod     net=+10.80
[shares] 15:56 CLOSE Six_Lines_NoCap           DIA short eod     net=+10.80
[shares] 15:56 CLOSE Crabel_Stretch            XLY short eod     net=+41.75
[shares] 15:56 CLOSE IntradayMomentumBoundary  XLY short eod     net=+15.70
[shares] 15:56 CLOSE ORB_5min                  XLI short eod     net=+61.60
[shares] 15:56 CLOSE ORB_15min                 XLI short eod     net=+57.60
[shares] 15:56 CLOSE Six_Lines_NoCap           XLI short eod     net=+38.66
[shares] 15:56 CLOSE IntradayMomentumBoundary  XLI short eod     net=-11.02
[shares] 15:56 CLOSE ORB_15min                 XLV short eod     net=+37.19
[shares] 15:56 CLOSE ThreeBarPlay              XLV short eod     net=+23.28
[shares] 15:56 CLOSE Gap_Fade                  XLV short eod     net=+23.28
[shares] 15:56 CLOSE ORB_5min                  XLV short eod     net=-4.08
[shares] 15:56 CLOSE PDH_PDL_FailedBreak       XLP short eod     net=+9.38
[shares] 15:56 CLOSE Crabel_Stretch            XLE short eod     net=-44.98
[shares] 15:56 CLOSE Gap_Fade                  XLE short eod     net=-38.75
[shares] 15:56 CLOSE ORB_5min                  XLE short eod     net=-73.11
[shares] 15:56 CLOSE PDH_PDL_FailedBreak       XLE short eod     net=-51.22
[shares] 15:56 CLOSE VWAP_Reclaim              XLE long  eod     net=+41.87
[shares] 15:56 CLOSE IntradayMomentumBoundary  XLF short eod     net=+33.13
[shares] 15:56 CLOSE Gap_Fade                  NVDA long  eod     net=+4.61
[shares] 15:56 CLOSE ORB_5min                  NVDA long  eod     net=-41.29
[shares] 15:56 CLOSE ORB_15min                 NVDA long  eod     net=-41.29
[shares] 15:56 CLOSE ORB_5min                  AAPL long  eod     net=+132.10
[shares] 15:56 CLOSE Six_Lines_NoCap           AAPL long  eod     net=+116.94
[shares] 15:56 CLOSE IntradayMomentumBoundary  AAPL long  eod     net=+42.41
[shares] 15:56 CLOSE Gap_Fade                  GOOGL long  eod     net=-61.46
[shares] 15:56 CLOSE ORB_5min                  GOOGL long  eod     net=-55.26
[shares] 15:56 CLOSE Crabel_Stretch            WMT long  eod     net=-6.61
[shares] 15:56 CLOSE EMA_9_20_Pullback         WMT long  eod     net=+18.93
[shares] 15:56 CLOSE ORB_5min                  WMT long  eod     net=-24.51
[shares] 15:56 CLOSE ORB_15min                 WMT long  eod     net=-24.51
[shares] 15:56 CLOSE Six_Lines_NoCap           WMT long  eod     net=-41.40
[shares] daily: 176 trades, net $-1,999.31
